[INFO] [launch]: All log files can be found below /root/.ros/log/2026-10-04-12-40-32-819794-vm-9187
[INFO] [launch]: Default logging verbosity is set to INFO

[mower_sim] Controller: DWB
[mower_sim] Params: /opt/ws/install/mower_sim/share/mower_sim/config/nav2_dwb_fair.yaml

[INFO] [gzserver-1]: process started with pid [9194]
[INFO] [robot_state_publisher-2]: process started with pid [9196]
[INFO] [spawn_entity.py-3]: process started with pid [9198]
[INFO] [ground_truth_tf_publisher-4]: process started with pid [9200]
[robot_state_publisher-2] [INFO] [1791117632.975605222] [robot_state_publisher]: got segment base_footprint
[robot_state_publisher-2] [INFO] [1791117632.976857908] [robot_state_publisher]: got segment base_link
[robot_state_publisher-2] [INFO] [1791117632.976876398] [robot_state_publisher]: got segment base_scan
[robot_state_publisher-2] [INFO] [1791117632.976885090] [robot_state_publisher]: got segment front_left_caster
[robot_state_publisher-2] [INFO] [1791117632.976939324] [robot_state_publisher]: got segment front_right_caster
[robot_state_publisher-2] [INFO] [1791117632.976954011] [robot_state_publisher]: got segment left_wheel
[robot_state_publisher-2] [INFO] [1791117632.976962850] [robot_state_publisher]: got segment right_wheel
[spawn_entity.py-3] [INFO] [1791117633.342158780] [spawn_entity]: Spawn Entity started
[spawn_entity.py-3] [INFO] [1791117633.342781955] [spawn_entity]: Loading entity published on topic robot_description
[spawn_entity.py-3] /opt/mm/root/envs/ros/lib/python3.11/site-packages/rclpy/qos.py:307: UserWarning: DurabilityPolicy.RMW_QOS_POLICY_DURABILITY_TRANSIENT_LOCAL is deprecated. Use DurabilityPolicy.TRANSIENT_LOCAL instead.
[spawn_entity.py-3]   warnings.warn(
[spawn_entity.py-3] [INFO] [1791117633.346229207] [spawn_entity]: Waiting for entity xml on robot_description
[spawn_entity.py-3] [INFO] [1791117633.363261509] [spawn_entity]: Waiting for service /spawn_entity, timeout = 120
[spawn_entity.py-3] [INFO] [1791117633.363680767] [spawn_entity]: Waiting for service /spawn_entity
[ground_truth_tf_publisher-4] [INFO] [1791117633.378516607] [ground_truth_tf_publisher]: Ground truth TF publisher started for "mower": map -> odom
[gzserver-1] Gazebo multi-robot simulator, version 11.15.1
[gzserver-1] Copyright (C) 2012 Open Source Robotics Foundation.
[gzserver-1] Released under the Apache 2 License.
[gzserver-1] http://gazebosim.org
[gzserver-1] 
[gzserver-1] [1;33m
[gzserver-1] #     # ####### ####### ###  #####  #######
[gzserver-1] ##    # #     #    #     #  #     # #
[gzserver-1] # #   # #     #    #     #  #       #
[gzserver-1] #  #  # #     #    #     #  #       #####
[gzserver-1] #   # # #     #    #     #  #       #
[gzserver-1] #    ## #     #    #     #  #     # #
[gzserver-1] #     # #######    #    ###  #####  #######
[gzserver-1] 
[gzserver-1] This version of Gazebo, now called Gazebo classic, reaches end-of-life
[gzserver-1] in January 2025. Users are highly encouraged to migrate to the new Gazebo
[gzserver-1] using our migration guides (https://gazebosim.org/docs/latest/gazebo_classic_migration/)
[gzserver-1] 
[gzserver-1] 
[gzserver-1] [1;32m[Msg] [0m[1;32mWaiting for master.[0m[1;32m
[gzserver-1] [0m[1;32m[0m[1;32m[0m[1;32m[Msg] [0m[1;32mConnected to gazebo master @ [0m[1;32mhttp://127.0.0.1:11345[0m[1;32m
[gzserver-1] [0m[1;32m[0m[1;32m[0m[1;32m[Msg] [0m[1;32mPublicized address: [0m[1;32m192.0.2.2[0m[1;32m
[gzserver-1] [0m[1;31m[Err] [RenderEngine.cc:749] [0m[1;31mCan't open display: [0m[1;31m[0m[1;31m
[gzserver-1] [0m[1;33m[Wrn] [RenderEngine.cc:89] [0m[1;33mUnable to create X window. Rendering will be disabled
[gzserver-1] [0m[1;33m[Wrn] [RenderEngine.cc:292] [0m[1;33mCannot initialize render engine since [0m[1;33mrender path type is NONE. Ignore this warning if [0m[1;33mrendering has been turned off on purpose.
[gzserver-1] [0m[INFO] [1791117634.022349620] [gazebo.gazebo_ros_state]: Publishing states of gazebo models at [/gazebo/model_states]
[gzserver-1] [INFO] [1791117634.023117193] [gazebo.gazebo_ros_state]: Publishing states of gazebo links at [/gazebo/link_states]
[spawn_entity.py-3] [INFO] [1791117634.120741497] [spawn_entity]: Calling service /spawn_entity
[spawn_entity.py-3] [INFO] [1791117634.230840066] [spawn_entity]: Spawn status: SpawnEntity: Successfully spawned entity [mower]
[gzserver-1] [INFO] [1791117634.247406044] [diff_drive]: Wheel pair 1 separation set to [0.700000m]
[gzserver-1] [INFO] [1791117634.247459510] [diff_drive]: Wheel pair 1 diameter set to [0.300000m]
[gzserver-1] [INFO] [1791117634.248238145] [diff_drive]: Subscribed to [/cmd_vel]
[gzserver-1] [INFO] [1791117634.251001560] [diff_drive]: Advertise odometry on [/odom]
[gzserver-1] [INFO] [1791117634.253878337] [diff_drive]: Publishing odom transforms between [odom] and [base_footprint]
[gzserver-1] [INFO] [1791117634.263220038] [joint_states]: Going to publish joint [left_wheel_joint]
[gzserver-1] [INFO] [1791117634.263277928] [joint_states]: Going to publish joint [right_wheel_joint]
[INFO] [spawn_entity.py-3]: process has finished cleanly [pid 9198]
[INFO] [map_server-5]: process started with pid [9314]
[INFO] [lifecycle_manager-6]: process started with pid [9316]
[INFO] [controller_server-7]: process started with pid [9318]
[INFO] [smoother_server-8]: process started with pid [9320]
[INFO] [planner_server-9]: process started with pid [9322]
[INFO] [behavior_server-10]: process started with pid [9324]
[INFO] [bt_navigator-11]: process started with pid [9330]
[INFO] [waypoint_follower-12]: process started with pid [9336]
[INFO] [velocity_smoother-13]: process started with pid [9339]
[INFO] [lifecycle_manager-14]: process started with pid [9341]
[map_server-5] [INFO] [1791117653.211502590] [map_server]: 
[map_server-5] 	map_server lifecycle node launched. 
[map_server-5] 	Waiting on external lifecycle transitions to activate
[map_server-5] 	See https://design.ros2.org/articles/node_lifecycle.html for more information.
[map_server-5] [INFO] [1791117653.211605124] [map_server]: Creating
[controller_server-7] [INFO] [1791117653.249076762] [controller_server]: 
[controller_server-7] 	controller_server lifecycle node launched. 
[controller_server-7] 	Waiting on external lifecycle transitions to activate
[controller_server-7] 	See https://design.ros2.org/articles/node_lifecycle.html for more information.
[controller_server-7] [INFO] [1791117653.265309190] [controller_server]: Creating controller server
[lifecycle_manager-14] [INFO] [1791117653.314465771] [lifecycle_manager_navigation]: Creating
[lifecycle_manager-14] [INFO] [1791117653.345591368] [lifecycle_manager_navigation]: [34m[1mCreating and initializing lifecycle service clients[0m[0m
[lifecycle_manager-6] [INFO] [1791117653.378391267] [lifecycle_manager_map_server]: Creating
[lifecycle_manager-6] [INFO] [1791117653.406842894] [lifecycle_manager_map_server]: [34m[1mCreating and initializing lifecycle service clients[0m[0m
[lifecycle_manager-6] [INFO] [1791117653.410887632] [lifecycle_manager_map_server]: [34m[1mStarting managed nodes bringup...[0m[0m
[lifecycle_manager-6] [INFO] [1791117653.410984743] [lifecycle_manager_map_server]: [34m[1mConfiguring map_server[0m[0m
[smoother_server-8] [INFO] [1791117653.451820979] [smoother_server]: 
[smoother_server-8] 	smoother_server lifecycle node launched. 
[smoother_server-8] 	Waiting on external lifecycle transitions to activate
[smoother_server-8] 	See https://design.ros2.org/articles/node_lifecycle.html for more information.
[behavior_server-10] [INFO] [1791117653.459610376] [behavior_server]: 
[behavior_server-10] 	behavior_server lifecycle node launched. 
[behavior_server-10] 	Waiting on external lifecycle transitions to activate
[behavior_server-10] 	See https://design.ros2.org/articles/node_lifecycle.html for more information.
[smoother_server-8] [INFO] [1791117653.479600704] [smoother_server]: Creating smoother server
[map_server-5] [INFO] [1791117653.524546395] [map_server]: Configuring
[map_server-5] [INFO] [1791117653.524620844] [map_io]: Loading yaml file: /opt/ws/install/mower_sim/share/mower_sim/maps/empty_map.yaml
[map_server-5] [INFO] [1791117653.524864159] [map_io]: resolution: 0.05
[map_server-5] [INFO] [1791117653.524872834] [map_io]: origin[0]: -50
[map_server-5] [INFO] [1791117653.524876844] [map_io]: origin[1]: -50
[map_server-5] [INFO] [1791117653.524880495] [map_io]: origin[2]: 0
[map_server-5] [INFO] [1791117653.524884161] [map_io]: free_thresh: 0.196
[map_server-5] [INFO] [1791117653.524887883] [map_io]: occupied_thresh: 0.65
[map_server-5] [INFO] [1791117653.524891790] [map_io]: mode: trinary
[map_server-5] [INFO] [1791117653.524895608] [map_io]: negate: 0
[map_server-5] [INFO] [1791117653.528271506] [map_io]: Loading image_file: /opt/ws/install/mower_sim/share/mower_sim/maps/empty_map.pgm
[bt_navigator-11] [INFO] [1791117653.531891035] [bt_navigator]: 
[bt_navigator-11] 	bt_navigator lifecycle node launched. 
[bt_navigator-11] 	Waiting on external lifecycle transitions to activate
[bt_navigator-11] 	See https://design.ros2.org/articles/node_lifecycle.html for more information.
[bt_navigator-11] [INFO] [1791117653.532036920] [bt_navigator]: Creating
[waypoint_follower-12] [INFO] [1791117653.534758791] [waypoint_follower]: 
[waypoint_follower-12] 	waypoint_follower lifecycle node launched. 
[waypoint_follower-12] 	Waiting on external lifecycle transitions to activate
[waypoint_follower-12] 	See https://design.ros2.org/articles/node_lifecycle.html for more information.
[waypoint_follower-12] [INFO] [1791117653.540443502] [waypoint_follower]: Creating
[controller_server-7] [INFO] [1791117653.567284209] [local_costmap.local_costmap]: 
[controller_server-7] 	local_costmap lifecycle node launched. 
[controller_server-7] 	Waiting on external lifecycle transitions to activate
[controller_server-7] 	See https://design.ros2.org/articles/node_lifecycle.html for more information.
[controller_server-7] [INFO] [1791117653.567669024] [local_costmap.local_costmap]: Creating Costmap
[velocity_smoother-13] [INFO] [1791117653.961582920] [velocity_smoother]: 
[velocity_smoother-13] 	velocity_smoother lifecycle node launched. 
[velocity_smoother-13] 	Waiting on external lifecycle transitions to activate
[velocity_smoother-13] 	See https://design.ros2.org/articles/node_lifecycle.html for more information.
[planner_server-9] [INFO] [1791117654.016119803] [planner_server]: 
[planner_server-9] 	planner_server lifecycle node launched. 
[planner_server-9] 	Waiting on external lifecycle transitions to activate
[planner_server-9] 	See https://design.ros2.org/articles/node_lifecycle.html for more information.
[planner_server-9] [INFO] [1791117654.019392953] [planner_server]: Creating
[planner_server-9] [INFO] [1791117654.084434225] [global_costmap.global_costmap]: 
[planner_server-9] 	global_costmap lifecycle node launched. 
[planner_server-9] 	Waiting on external lifecycle transitions to activate
[planner_server-9] 	See https://design.ros2.org/articles/node_lifecycle.html for more information.
[planner_server-9] [INFO] [1791117654.084814805] [global_costmap.global_costmap]: Creating Costmap
[map_server-5] [INFO] [1791117654.189843692] [map_io]: Read map /opt/ws/install/mower_sim/share/mower_sim/maps/empty_map.pgm: 2000 X 2000 map @ 0.05 m/cell
[lifecycle_manager-6] [INFO] [1791117654.208618539] [lifecycle_manager_map_server]: [34m[1mActivating map_server[0m[0m
[map_server-5] [INFO] [1791117654.208900086] [map_server]: Activating
[map_server-5] [INFO] [1791117654.214549089] [map_server]: Creating bond (map_server) to lifecycle manager.
[lifecycle_manager-14] [INFO] [1791117654.275695990] [lifecycle_manager_navigation]: [34m[1mStarting managed nodes bringup...[0m[0m
[lifecycle_manager-14] [INFO] [1791117654.275792973] [lifecycle_manager_navigation]: [34m[1mConfiguring controller_server[0m[0m
[controller_server-7] [INFO] [1791117654.278379242] [controller_server]: Configuring controller interface
[controller_server-7] [INFO] [1791117654.279011119] [controller_server]: getting goal checker plugins..
[controller_server-7] [INFO] [1791117654.279706924] [controller_server]: Controller frequency set to 30.0000Hz
[controller_server-7] [INFO] [1791117654.279780917] [local_costmap.local_costmap]: Configuring
[controller_server-7] [INFO] [1791117654.291112413] [local_costmap.local_costmap]: Using plugin "static_layer"
[controller_server-7] [INFO] [1791117654.298113879] [local_costmap.local_costmap]: Subscribing to the map topic (/map) with transient local durability
[controller_server-7] [INFO] [1791117654.301285764] [local_costmap.local_costmap]: Initialized plugin "static_layer"
[controller_server-7] [INFO] [1791117654.301467325] [local_costmap.local_costmap]: Using plugin "voxel_layer"
[controller_server-7] [INFO] [1791117654.304442396] [local_costmap.local_costmap]: Subscribed to Topics: scan
[controller_server-7] [INFO] [1791117654.324640351] [local_costmap.local_costmap]: Initialized plugin "voxel_layer"
[controller_server-7] [INFO] [1791117654.324689871] [local_costmap.local_costmap]: Using plugin "inflation_layer"
[controller_server-7] [INFO] [1791117654.327180566] [local_costmap.local_costmap]: Initialized plugin "inflation_layer"
[lifecycle_manager-6] [INFO] [1791117654.328085678] [lifecycle_manager_map_server]: Server map_server connected with bond.
[lifecycle_manager-6] [INFO] [1791117654.328127482] [lifecycle_manager_map_server]: [34m[1mManaged nodes are active[0m[0m
[lifecycle_manager-6] [INFO] [1791117654.328135959] [lifecycle_manager_map_server]: [34m[1mCreating bond timer...[0m[0m
[controller_server-7] [INFO] [1791117654.352441571] [controller_server]: Created progress_checker : progress_checker of type nav2_controller::SimpleProgressChecker
[controller_server-7] [INFO] [1791117654.353067587] [controller_server]: Created goal checker : general_goal_checker of type nav2_controller::SimpleGoalChecker
[controller_server-7] [INFO] [1791117654.353292513] [controller_server]: Controller Server has general_goal_checker  goal checkers available.
[controller_server-7] [INFO] [1791117654.357711407] [controller_server]: Created controller : FollowPath of type dwb_core::DWBLocalPlanner
[controller_server-7] [INFO] [1791117654.362028469] [controller_server]: Setting transform_tolerance to 0.200000
[controller_server-7] [INFO] [1791117654.376626665] [local_costmap.local_costmap]: StaticLayer: Resizing static layer to 2000 X 2000 at 0.050000 m/pix
[controller_server-7] [INFO] [1791117654.404189900] [controller_server]: Using critic "RotateToGoal" (dwb_critics::RotateToGoalCritic)
[controller_server-7] [INFO] [1791117654.408115054] [controller_server]: Critic plugin initialized
[controller_server-7] [INFO] [1791117654.408735935] [controller_server]: Using critic "Oscillation" (dwb_critics::OscillationCritic)
[controller_server-7] [INFO] [1791117654.412151012] [controller_server]: Critic plugin initialized
[controller_server-7] [INFO] [1791117654.413162681] [controller_server]: Using critic "BaseObstacle" (dwb_critics::BaseObstacleCritic)
[controller_server-7] [INFO] [1791117654.414199534] [controller_server]: Critic plugin initialized
[controller_server-7] [INFO] [1791117654.414674620] [controller_server]: Using critic "GoalAlign" (dwb_critics::GoalAlignCritic)
[controller_server-7] [INFO] [1791117654.416469261] [controller_server]: Critic plugin initialized
[controller_server-7] [INFO] [1791117654.416770412] [controller_server]: Using critic "PathAlign" (dwb_critics::PathAlignCritic)
[controller_server-7] [INFO] [1791117654.417917613] [controller_server]: Critic plugin initialized
[controller_server-7] [INFO] [1791117654.418073909] [controller_server]: Using critic "PathDist" (dwb_critics::PathDistCritic)
[controller_server-7] [INFO] [1791117654.418350166] [controller_server]: Critic plugin initialized
[controller_server-7] [INFO] [1791117654.418476976] [controller_server]: Using critic "GoalDist" (dwb_critics::GoalDistCritic)
[controller_server-7] [INFO] [1791117654.420652280] [controller_server]: Critic plugin initialized
[controller_server-7] [INFO] [1791117654.420681714] [controller_server]: Controller Server has FollowPath  controllers available.
[lifecycle_manager-14] [INFO] [1791117654.444620162] [lifecycle_manager_navigation]: [34m[1mConfiguring smoother_server[0m[0m
[smoother_server-8] [INFO] [1791117654.445071118] [smoother_server]: Configuring smoother server
[smoother_server-8] [INFO] [1791117654.479086425] [smoother_server]: Created smoother : simple_smoother of type nav2_smoother::SimpleSmoother
[smoother_server-8] [INFO] [1791117654.483553601] [smoother_server]: Smoother Server has simple_smoother  smoothers available.
[lifecycle_manager-14] [INFO] [1791117654.510041384] [lifecycle_manager_navigation]: [34m[1mConfiguring planner_server[0m[0m
[planner_server-9] [INFO] [1791117654.510478838] [planner_server]: Configuring
[planner_server-9] [INFO] [1791117654.510536966] [global_costmap.global_costmap]: Configuring
[planner_server-9] [INFO] [1791117654.519150359] [global_costmap.global_costmap]: Using plugin "static_layer"
[planner_server-9] [INFO] [1791117654.524850687] [global_costmap.global_costmap]: Subscribing to the map topic (/map) with transient local durability
[planner_server-9] [INFO] [1791117654.527193193] [global_costmap.global_costmap]: Initialized plugin "static_layer"
[planner_server-9] [INFO] [1791117654.527246932] [global_costmap.global_costmap]: Using plugin "obstacle_layer"
[planner_server-9] [INFO] [1791117654.527697474] [global_costmap.global_costmap]: Subscribed to Topics: scan
[planner_server-9] [INFO] [1791117654.534099305] [global_costmap.global_costmap]: Initialized plugin "obstacle_layer"
[planner_server-9] [INFO] [1791117654.534163733] [global_costmap.global_costmap]: Using plugin "inflation_layer"
[planner_server-9] [INFO] [1791117654.535363881] [global_costmap.global_costmap]: Initialized plugin "inflation_layer"
[planner_server-9] [INFO] [1791117654.569117166] [planner_server]: Created global planner plugin GridBased of type nav2_navfn_planner/NavfnPlanner
[planner_server-9] [INFO] [1791117654.569181004] [planner_server]: Configuring plugin GridBased of type NavfnPlanner
[planner_server-9] [INFO] [1791117654.570562638] [planner_server]: Planner Server has GridBased  planners available.
[lifecycle_manager-14] [INFO] [1791117654.597339572] [lifecycle_manager_navigation]: [34m[1mConfiguring behavior_server[0m[0m
[behavior_server-10] [INFO] [1791117654.597998823] [behavior_server]: Configuring
[behavior_server-10] [INFO] [1791117654.627488324] [behavior_server]: Creating behavior plugin spin of type nav2_behaviors/Spin
[behavior_server-10] [INFO] [1791117654.630152729] [behavior_server]: Configuring spin
[behavior_server-10] [INFO] [1791117654.653725544] [behavior_server]: Creating behavior plugin backup of type nav2_behaviors/BackUp
[planner_server-9] [INFO] [1791117654.655620857] [global_costmap.global_costmap]: StaticLayer: Resizing costmap to 2000 X 2000 at 0.050000 m/pix
[behavior_server-10] [INFO] [1791117654.656602594] [behavior_server]: Configuring backup
[behavior_server-10] [INFO] [1791117654.690494665] [behavior_server]: Creating behavior plugin drive_on_heading of type nav2_behaviors/DriveOnHeading
[behavior_server-10] [INFO] [1791117654.695469861] [behavior_server]: Configuring drive_on_heading
[behavior_server-10] [INFO] [1791117654.722442445] [behavior_server]: Creating behavior plugin assisted_teleop of type nav2_behaviors/AssistedTeleop
[behavior_server-10] [INFO] [1791117654.725559866] [behavior_server]: Configuring assisted_teleop
[behavior_server-10] [INFO] [1791117654.750017943] [behavior_server]: Creating behavior plugin wait of type nav2_behaviors/Wait
[behavior_server-10] [INFO] [1791117654.752891046] [behavior_server]: Configuring wait
[lifecycle_manager-14] [INFO] [1791117654.774045984] [lifecycle_manager_navigation]: [34m[1mConfiguring bt_navigator[0m[0m
[bt_navigator-11] [INFO] [1791117654.774502545] [bt_navigator]: Configuring
[lifecycle_manager-14] [INFO] [1791117654.947189352] [lifecycle_manager_navigation]: [34m[1mConfiguring waypoint_follower[0m[0m
[waypoint_follower-12] [INFO] [1791117654.947619868] [waypoint_follower]: Configuring
[waypoint_follower-12] [INFO] [1791117654.980755222] [waypoint_follower]: Created waypoint_task_executor : wait_at_waypoint of type nav2_waypoint_follower::WaitAtWaypoint
[lifecycle_manager-14] [INFO] [1791117654.983049582] [lifecycle_manager_navigation]: [34m[1mConfiguring velocity_smoother[0m[0m
[velocity_smoother-13] [INFO] [1791117654.983483088] [velocity_smoother]: Configuring velocity smoother
[lifecycle_manager-14] [INFO] [1791117654.993229562] [lifecycle_manager_navigation]: [34m[1mActivating controller_server[0m[0m
[controller_server-7] [INFO] [1791117654.993896465] [controller_server]: Activating
[controller_server-7] [INFO] [1791117654.993947283] [local_costmap.local_costmap]: Activating
[controller_server-7] [INFO] [1791117654.993961688] [local_costmap.local_costmap]: Checking transform
[controller_server-7] [INFO] [1791117654.994099375] [local_costmap.local_costmap]: start
[controller_server-7] [INFO] [1791117655.195364599] [controller_server]: Creating bond (controller_server) to lifecycle manager.
[lifecycle_manager-14] [INFO] [1791117655.310423550] [lifecycle_manager_navigation]: Server controller_server connected with bond.
[lifecycle_manager-14] [INFO] [1791117655.310496026] [lifecycle_manager_navigation]: [34m[1mActivating smoother_server[0m[0m
[smoother_server-8] [INFO] [1791117655.311285030] [smoother_server]: Activating
[smoother_server-8] [INFO] [1791117655.311344758] [smoother_server]: Creating bond (smoother_server) to lifecycle manager.
[lifecycle_manager-14] [INFO] [1791117655.425179075] [lifecycle_manager_navigation]: Server smoother_server connected with bond.
[lifecycle_manager-14] [INFO] [1791117655.425304792] [lifecycle_manager_navigation]: [34m[1mActivating planner_server[0m[0m
[planner_server-9] [INFO] [1791117655.425839102] [planner_server]: Activating
[planner_server-9] [INFO] [1791117655.425896371] [global_costmap.global_costmap]: Activating
[planner_server-9] [INFO] [1791117655.425912142] [global_costmap.global_costmap]: Checking transform
[planner_server-9] [INFO] [1791117655.426067866] [global_costmap.global_costmap]: start
[planner_server-9] [INFO] [1791117656.481106472] [planner_server]: Activating plugin GridBased of type NavfnPlanner
[planner_server-9] [INFO] [1791117656.482496275] [planner_server]: Creating bond (planner_server) to lifecycle manager.
[lifecycle_manager-14] [INFO] [1791117656.594718437] [lifecycle_manager_navigation]: Server planner_server connected with bond.
[lifecycle_manager-14] [INFO] [1791117656.594800592] [lifecycle_manager_navigation]: [34m[1mActivating behavior_server[0m[0m
[behavior_server-10] [INFO] [1791117656.597451102] [behavior_server]: Activating
[behavior_server-10] [INFO] [1791117656.597553170] [behavior_server]: Activating spin
[behavior_server-10] [INFO] [1791117656.597571484] [behavior_server]: Activating backup
[behavior_server-10] [INFO] [1791117656.597582037] [behavior_server]: Activating drive_on_heading
[behavior_server-10] [INFO] [1791117656.597593610] [behavior_server]: Activating assisted_teleop
[behavior_server-10] [INFO] [1791117656.597605515] [behavior_server]: Activating wait
[behavior_server-10] [INFO] [1791117656.597648343] [behavior_server]: Creating bond (behavior_server) to lifecycle manager.
[lifecycle_manager-14] [INFO] [1791117656.715345917] [lifecycle_manager_navigation]: Server behavior_server connected with bond.
[lifecycle_manager-14] [INFO] [1791117656.715477832] [lifecycle_manager_navigation]: [34m[1mActivating bt_navigator[0m[0m
[bt_navigator-11] [INFO] [1791117656.718776288] [bt_navigator]: Activating
[bt_navigator-11] [INFO] [1791117656.906925332] [bt_navigator]: Creating bond (bt_navigator) to lifecycle manager.
[lifecycle_manager-14] [INFO] [1791117657.024424105] [lifecycle_manager_navigation]: Server bt_navigator connected with bond.
[lifecycle_manager-14] [INFO] [1791117657.025629095] [lifecycle_manager_navigation]: [34m[1mActivating waypoint_follower[0m[0m
[waypoint_follower-12] [INFO] [1791117657.028391614] [waypoint_follower]: Activating
[waypoint_follower-12] [INFO] [1791117657.028440966] [waypoint_follower]: Creating bond (waypoint_follower) to lifecycle manager.
[lifecycle_manager-14] [INFO] [1791117657.141952848] [lifecycle_manager_navigation]: Server waypoint_follower connected with bond.
[lifecycle_manager-14] [INFO] [1791117657.142027246] [lifecycle_manager_navigation]: [34m[1mActivating velocity_smoother[0m[0m
[velocity_smoother-13] [INFO] [1791117657.142666186] [velocity_smoother]: Activating
[velocity_smoother-13] [INFO] [1791117657.142718691] [velocity_smoother]: Creating bond (velocity_smoother) to lifecycle manager.
[lifecycle_manager-14] [INFO] [1791117657.259889253] [lifecycle_manager_navigation]: Server velocity_smoother connected with bond.
[lifecycle_manager-14] [INFO] [1791117657.259981023] [lifecycle_manager_navigation]: [34m[1mManaged nodes are active[0m[0m
[lifecycle_manager-14] [INFO] [1791117657.260012106] [lifecycle_manager_navigation]: [34m[1mCreating bond timer...[0m[0m
[controller_server-7] [INFO] [1791117659.170947152] [controller_server]: Received a goal, begin computing control effort.
[controller_server-7] [ERROR] [1791117674.071474488] [controller_server]: Failed to make progress
[controller_server-7] [WARN] [1791117674.071785824] [controller_server]: [follow_path] [ActionServer] Aborting handle.
[WARNING] [launch]: user interrupted with ctrl-c (SIGINT)
[planner_server-9] [INFO] [1791117674.447486950] [rclcpp]: signal_handler(signum=2)
[behavior_server-10] [INFO] [1791117674.447504426] [rclcpp]: signal_handler(signum=2)
[behavior_server-10] [INFO] [1791117674.447638541] [behavior_server]: Running Nav2 LifecycleNode rcl preshutdown (behavior_server)
[behavior_server-10] [INFO] [1791117674.447731320] [behavior_server]: Deactivating
[behavior_server-10] [INFO] [1791117674.447761000] [behavior_server]: Destroying bond (behavior_server) to lifecycle manager.
[robot_state_publisher-2] [INFO] [1791117674.447520523] [rclcpp]: signal_handler(signum=2)
[lifecycle_manager-6] [INFO] [1791117674.447553828] [rclcpp]: signal_handler(signum=2)
[bt_navigator-11] [INFO] [1791117674.447573352] [rclcpp]: signal_handler(signum=2)
[map_server-5] [INFO] [1791117674.447590126] [rclcpp]: signal_handler(signum=2)
[map_server-5] [INFO] [1791117674.447868666] [map_server]: Running Nav2 LifecycleNode rcl preshutdown (map_server)
[map_server-5] [INFO] [1791117674.448035631] [map_server]: Deactivating
[map_server-5] [INFO] [1791117674.448065590] [map_server]: Destroying bond (map_server) to lifecycle manager.
[lifecycle_manager-14] [INFO] [1791117674.447609693] [rclcpp]: signal_handler(signum=2)
[lifecycle_manager-14] [INFO] [1791117674.448657113] [lifecycle_manager_navigation]: Running Nav2 LifecycleManager rcl preshutdown (lifecycle_manager_navigation)
[lifecycle_manager-14] [INFO] [1791117674.448759208] [lifecycle_manager_navigation]: [34m[1mTerminating bond timer...[0m[0m
[velocity_smoother-13] [INFO] [1791117674.448007253] [rclcpp]: signal_handler(signum=2)
[velocity_smoother-13] [INFO] [1791117674.448474587] [velocity_smoother]: Running Nav2 LifecycleNode rcl preshutdown (velocity_smoother)
[velocity_smoother-13] [INFO] [1791117674.448557070] [velocity_smoother]: Deactivating
[velocity_smoother-13] [INFO] [1791117674.448578627] [velocity_smoother]: Destroying bond (velocity_smoother) to lifecycle manager.
[smoother_server-8] [INFO] [1791117674.448201371] [rclcpp]: signal_handler(signum=2)
[smoother_server-8] [INFO] [1791117674.449626524] [smoother_server]: Running Nav2 LifecycleNode rcl preshutdown (smoother_server)
[smoother_server-8] [INFO] [1791117674.449830271] [smoother_server]: Deactivating
[smoother_server-8] [INFO] [1791117674.449884381] [smoother_server]: Destroying bond (smoother_server) to lifecycle manager.
[waypoint_follower-12] [INFO] [1791117674.448233915] [rclcpp]: signal_handler(signum=2)
[waypoint_follower-12] [INFO] [1791117674.449020242] [waypoint_follower]: Running Nav2 LifecycleNode rcl preshutdown (waypoint_follower)
[waypoint_follower-12] [INFO] [1791117674.449109064] [waypoint_follower]: Deactivating
[waypoint_follower-12] [INFO] [1791117674.449129123] [waypoint_follower]: Destroying bond (waypoint_follower) to lifecycle manager.
[INFO] [lifecycle_manager-14]: sending signal 'SIGINT' to process[lifecycle_manager-14]
[INFO] [velocity_smoother-13]: sending signal 'SIGINT' to process[velocity_smoother-13]
[INFO] [waypoint_follower-12]: sending signal 'SIGINT' to process[waypoint_follower-12]
[INFO] [bt_navigator-11]: sending signal 'SIGINT' to process[bt_navigator-11]
[INFO] [behavior_server-10]: sending signal 'SIGINT' to process[behavior_server-10]
[ERROR] [waypoint_follower-12]: process has died [pid 9336, exit code -2, cmd '/opt/mm/root/envs/ros/lib/nav2_waypoint_follower/waypoint_follower --ros-args --log-level info --ros-args -r __node:=waypoint_follower --params-file /tmp/launch_params_tomn3znt -r /tf:=tf -r /tf_static:=tf_static'].
[ERROR] [velocity_smoother-13]: process has died [pid 9339, exit code -2, cmd '/opt/mm/root/envs/ros/lib/nav2_velocity_smoother/velocity_smoother --ros-args --log-level info --ros-args -r __node:=velocity_smoother --params-file /tmp/launch_params_tomn3znt -r /tf:=tf -r /tf_static:=tf_static -r cmd_vel:=cmd_vel_nav -r cmd_vel_smoothed:=cmd_vel'].
[INFO] [planner_server-9]: sending signal 'SIGINT' to process[planner_server-9]
[INFO] [smoother_server-8]: sending signal 'SIGINT' to process[smoother_server-8]
[INFO] [controller_server-7]: sending signal 'SIGINT' to process[controller_server-7]
[INFO] [lifecycle_manager-6]: sending signal 'SIGINT' to process[lifecycle_manager-6]
[ERROR] [smoother_server-8]: process has died [pid 9320, exit code -2, cmd '/opt/mm/root/envs/ros/lib/nav2_smoother/smoother_server --ros-args --log-level info --ros-args -r __node:=smoother_server --params-file /tmp/launch_params_tomn3znt -r /tf:=tf -r /tf_static:=tf_static'].
[INFO] [map_server-5]: sending signal 'SIGINT' to process[map_server-5]
[INFO] [ground_truth_tf_publisher-4]: sending signal 'SIGINT' to process[ground_truth_tf_publisher-4]
[ERROR] [lifecycle_manager-6]: process has died [pid 9316, exit code -2, cmd '/opt/mm/root/envs/ros/lib/nav2_lifecycle_manager/lifecycle_manager --ros-args -r __node:=lifecycle_manager_map_server --params-file /tmp/launch_params___j5_v9i'].
[INFO] [robot_state_publisher-2]: sending signal 'SIGINT' to process[robot_state_publisher-2]
[INFO] [gzserver-1]: sending signal 'SIGINT' to process[gzserver-1]
[planner_server-9] [INFO] [1791117674.450397335] [planner_server]: Running Nav2 LifecycleNode rcl preshutdown (planner_server)
[planner_server-9] [INFO] [1791117674.450507269] [planner_server]: Deactivating
[planner_server-9] [INFO] [1791117674.450543290] [global_costmap.global_costmap]: Deactivating
[ERROR] [robot_state_publisher-2]: process has died [pid 9196, exit code -2, cmd '/opt/mm/root/envs/ros/lib/robot_state_publisher/robot_state_publisher --ros-args --params-file /tmp/launch_params_j_yn7vx5'].
[ERROR] [ground_truth_tf_publisher-4]: process has died [pid 9200, exit code -2, cmd '/opt/ws/install/mower_sim/lib/mower_sim/ground_truth_tf_publisher --ros-args --params-file /tmp/launch_params_cpjuj23h'].
[ERROR] [map_server-5]: process has died [pid 9314, exit code -2, cmd '/opt/mm/root/envs/ros/lib/nav2_map_server/map_server --ros-args -r __node:=map_server --params-file /tmp/launch_params_9t2_q7sb'].
[lifecycle_manager-6] [INFO] [1791117674.450035132] [lifecycle_manager_map_server]: Running Nav2 LifecycleManager rcl preshutdown (lifecycle_manager_map_server)
[lifecycle_manager-6] [INFO] [1791117674.450174885] [lifecycle_manager_map_server]: [34m[1mTerminating bond timer...[0m[0m
[bt_navigator-11] [INFO] [1791117674.451083823] [bt_navigator]: Running Nav2 LifecycleNode rcl preshutdown (bt_navigator)
[bt_navigator-11] [INFO] [1791117674.451160120] [bt_navigator]: Deactivating
[bt_navigator-11] [INFO] [1791117674.451179907] [bt_navigator]: Destroying bond (bt_navigator) to lifecycle manager.
[bt_navigator-11] [INFO] [1791117674.461633304] [bt_navigator]: Cleaning up
[controller_server-7] [INFO] [1791117674.451315775] [rclcpp]: signal_handler(signum=2)
[controller_server-7] [INFO] [1791117674.451686298] [controller_server]: Running Nav2 LifecycleNode rcl preshutdown (controller_server)
[controller_server-7] [INFO] [1791117674.451751805] [controller_server]: Deactivating
[controller_server-7] [INFO] [1791117674.451787797] [local_costmap.local_costmap]: Deactivating
[map_server-5] [INFO] [1791117674.460169166] [map_server]: Cleaning up
[map_server-5] [INFO] [1791117674.460503012] [map_server]: Destroying bond (map_server) to lifecycle manager.
[waypoint_follower-12] [INFO] [1791117674.460585416] [waypoint_follower]: Cleaning up
[waypoint_follower-12] [INFO] [1791117674.470522471] [waypoint_follower]: Destroying bond (waypoint_follower) to lifecycle manager.
[waypoint_follower-12] [INFO] [1791117674.474511042] [waypoint_follower]: Destroying
[behavior_server-10] [INFO] [1791117674.460013200] [behavior_server]: Cleaning up
[velocity_smoother-13] [INFO] [1791117674.461789030] [velocity_smoother]: Cleaning up
[velocity_smoother-13] [INFO] [1791117674.461872737] [velocity_smoother]: Destroying bond (velocity_smoother) to lifecycle manager.
[velocity_smoother-13] [INFO] [1791117674.477558209] [velocity_smoother]: Destroying
[smoother_server-8] [INFO] [1791117674.463315229] [smoother_server]: Cleaning up
[lifecycle_manager-6] [INFO] [1791117674.470168368] [lifecycle_manager_map_server]: Destroying lifecycle_manager_map_server
[behavior_server-10] [INFO] [1791117674.489520845] [behavior_server]: Destroying bond (behavior_server) to lifecycle manager.
[map_server-5] [INFO] [1791117674.501579292] [map_server]: Destroying
[smoother_server-8] [INFO] [1791117674.519242467] [smoother_server]: Destroying bond (smoother_server) to lifecycle manager.
[ground_truth_tf_publisher-4] Traceback (most recent call last):
[ground_truth_tf_publisher-4]   File "/opt/ws/install/mower_sim/lib/mower_sim/ground_truth_tf_publisher", line 33, in <module>
[ground_truth_tf_publisher-4]     sys.exit(load_entry_point('mower_sim==0.0.0', 'console_scripts', 'ground_truth_tf_publisher')())
[ground_truth_tf_publisher-4]              ^^^^^^^^^^^^^^^^^^^^^^^^^^^^^^^^^^^^^^^^^^^^^^^^^^^^^^^^^^^^^^^^^^^^^^^^^^^^^^^^^^^^^^
[ground_truth_tf_publisher-4]   File "/opt/ws/install/mower_sim/lib/python3.11/site-packages/mower_sim/ground_truth_tf_publisher.py", line 149, in main
[ground_truth_tf_publisher-4]     rclpy.shutdown()
[ground_truth_tf_publisher-4]   File "/opt/mm/root/envs/ros/lib/python3.11/site-packages/rclpy/__init__.py", line 130, in shutdown
[ground_truth_tf_publisher-4]     _shutdown(context=context)
[ground_truth_tf_publisher-4]   File "/opt/mm/root/envs/ros/lib/python3.11/site-packages/rclpy/utilities.py", line 58, in shutdown
[ground_truth_tf_publisher-4]     return context.shutdown()
[ground_truth_tf_publisher-4]            ^^^^^^^^^^^^^^^^^^
[ground_truth_tf_publisher-4]   File "/opt/mm/root/envs/ros/lib/python3.11/site-packages/rclpy/context.py", line 102, in shutdown
[ground_truth_tf_publisher-4]     self.__context.shutdown()
[ground_truth_tf_publisher-4] rclpy._rclpy_pybind11.RCLError: failed to shutdown: rcl_shutdown already called on the given context, at /home/runner/conda-bld/bld/rattler-build_ros-humble-rcl_1736209862/work/ros-humble-rcl/src/work/src/rcl/init.c:241
[lifecycle_manager-14] [INFO] [1791117674.523232330] [rclcpp]: signal_handler(signum=2)
[smoother_server-8] [INFO] [1791117674.526697272] [smoother_server]: Destroying
[bt_navigator-11] [INFO] [1791117674.550054901] [rclcpp]: signal_handler(signum=2)
[behavior_server-10] [INFO] [1791117674.558343925] [rclcpp]: signal_handler(signum=2)
[lifecycle_manager-14] [INFO] [1791117674.563829343] [lifecycle_manager_navigation]: Destroying lifecycle_manager_navigation
[planner_server-9] [INFO] [1791117674.567376193] [rclcpp]: signal_handler(signum=2)
[behavior_server-10] [INFO] [1791117674.568529267] [behavior_server]: Destroying
[controller_server-7] [INFO] [1791117674.585534486] [rclcpp]: signal_handler(signum=2)
[controller_server-7] [INFO] [1791117674.594592271] [controller_server]: Destroying bond (controller_server) to lifecycle manager.
[controller_server-7] [INFO] [1791117674.594696316] [controller_server]: Cleaning up
[controller_server-7] [INFO] [1791117674.595183903] [local_costmap.local_costmap]: Cleaning up
[bt_navigator-11] [INFO] [1791117674.636457024] [bt_navigator]: Completed Cleaning up
[bt_navigator-11] [INFO] [1791117674.636526160] [bt_navigator]: Destroying bond (bt_navigator) to lifecycle manager.
[controller_server-7] [INFO] [1791117674.638382513] [controller_server]: Destroying bond (controller_server) to lifecycle manager.
[controller_server-7] [INFO] [1791117674.641088688] [local_costmap.local_costmap]: Destroying
[controller_server-7] [INFO] [1791117674.649548983] [controller_server]: Destroying
[bt_navigator-11] [INFO] [1791117674.651074339] [bt_navigator]: Destroying
[gzserver-1] [0m[1;32m[0m[1;32m[0m[1;32m[Msg] [0m[1;32mLoading world file [[0m[1;32m/opt/ws/install/mower_sim/share/mower_sim/worlds/empty_field.world[0m[1;32m][0m[1;32m
[INFO] [lifecycle_manager-14]: process has finished cleanly [pid 9341]
[INFO] [behavior_server-10]: process has finished cleanly [pid 9324]
[INFO] [controller_server-7]: process has finished cleanly [pid 9318]
[INFO] [bt_navigator-11]: process has finished cleanly [pid 9330]
[INFO] [gzserver-1]: process has finished cleanly [pid 9194]
[gzserver-1] [0m[1;32m[0m[1;32m[0m[1;36m[0m[1;32m[0m
[gzserver-1] [1;33m[0m[1;31m[0m
[planner_server-9] [INFO] [1791117675.426571004] [planner_server]: Deactivating plugin GridBased of type NavfnPlanner
[planner_server-9] [INFO] [1791117675.426670140] [planner_server]: Destroying bond (planner_server) to lifecycle manager.
[planner_server-9] [INFO] [1791117675.426747503] [planner_server]: Cleaning up
[planner_server-9] [INFO] [1791117675.432306694] [global_costmap.global_costmap]: Cleaning up
[planner_server-9] [INFO] [1791117675.437296929] [planner_server]: Cleaning up plugin GridBased of type NavfnPlanner
[planner_server-9] [INFO] [1791117675.437581128] [planner_server]: Destroying plugin GridBased of type NavfnPlanner
[planner_server-9] [INFO] [1791117675.442171835] [planner_server]: Destroying bond (planner_server) to lifecycle manager.
[planner_server-9] [INFO] [1791117675.445511232] [global_costmap.global_costmap]: Destroying
[planner_server-9] [INFO] [1791117675.450752625] [planner_server]: Destroying
[INFO] [planner_server-9]: process has finished cleanly [pid 9322]
