[INFO] [launch]: All log files can be found below /root/.ros/log/2026-10-04-12-42-42-524928-vm-10143
[INFO] [launch]: Default logging verbosity is set to INFO

[mower_sim] Controller: DWB
[mower_sim] Params: /opt/ws/install/mower_sim/share/mower_sim/config/nav2_dwb_fair.yaml

[INFO] [gzserver-1]: process started with pid [10149]
[INFO] [robot_state_publisher-2]: process started with pid [10151]
[INFO] [spawn_entity.py-3]: process started with pid [10153]
[INFO] [ground_truth_tf_publisher-4]: process started with pid [10155]
[robot_state_publisher-2] [INFO] [1791117762.651263483] [robot_state_publisher]: got segment base_footprint
[robot_state_publisher-2] [INFO] [1791117762.652288515] [robot_state_publisher]: got segment base_link
[robot_state_publisher-2] [INFO] [1791117762.652611730] [robot_state_publisher]: got segment base_scan
[robot_state_publisher-2] [INFO] [1791117762.652619277] [robot_state_publisher]: got segment front_left_caster
[robot_state_publisher-2] [INFO] [1791117762.652624049] [robot_state_publisher]: got segment front_right_caster
[robot_state_publisher-2] [INFO] [1791117762.652629345] [robot_state_publisher]: got segment left_wheel
[robot_state_publisher-2] [INFO] [1791117762.652633719] [robot_state_publisher]: got segment right_wheel
[ground_truth_tf_publisher-4] [INFO] [1791117763.075912418] [ground_truth_tf_publisher]: Ground truth TF publisher started for "mower": map -> odom
[spawn_entity.py-3] [INFO] [1791117763.090112186] [spawn_entity]: Spawn Entity started
[spawn_entity.py-3] [INFO] [1791117763.090855227] [spawn_entity]: Loading entity published on topic robot_description
[spawn_entity.py-3] /opt/mm/root/envs/ros/lib/python3.11/site-packages/rclpy/qos.py:307: UserWarning: DurabilityPolicy.RMW_QOS_POLICY_DURABILITY_TRANSIENT_LOCAL is deprecated. Use DurabilityPolicy.TRANSIENT_LOCAL instead.
[spawn_entity.py-3]   warnings.warn(
[spawn_entity.py-3] [INFO] [1791117763.099814830] [spawn_entity]: Waiting for entity xml on robot_description
[spawn_entity.py-3] [INFO] [1791117763.112473224] [spawn_entity]: Waiting for service /spawn_entity, timeout = 120
[spawn_entity.py-3] [INFO] [1791117763.112963068] [spawn_entity]: Waiting for service /spawn_entity
[gzserver-1] Gazebo multi-robot simulator, version 11.15.1
[gzserver-1] Copyright (C) 2012 Open Source Robotics Foundation.
[gzserver-1] Released under the Apache 2 License.
[gzserver-1] http://gazebosim.org
[gzserver-1] 
[gzserver-1] [1;33m
[gzserver-1] #     # ####### ####### ###  #####  #######
[gzserver-1] ##    # #     #    #     #  #     # #
[gzserver-1] # #   # #     #    #     #  #       #
[gzserver-1] #  #  # #     #    #     #  #       #####
[gzserver-1] #   # # #     #    #     #  #       #
[gzserver-1] #    ## #     #    #     #  #     # #
[gzserver-1] #     # #######    #    ###  #####  #######
[gzserver-1] 
[gzserver-1] This version of Gazebo, now called Gazebo classic, reaches end-of-life
[gzserver-1] in January 2025. Users are highly encouraged to migrate to the new Gazebo
[gzserver-1] using our migration guides (https://gazebosim.org/docs/latest/gazebo_classic_migration/)
[gzserver-1] 
[gzserver-1] 
[gzserver-1] [1;32m[Msg] [0m[1;32mWaiting for master.[0m[1;32m
[gzserver-1] [0m[1;32m[0m[1;32m[0m[1;32m[Msg] [0m[1;32mConnected to gazebo master @ [0m[1;32mhttp://127.0.0.1:11345[0m[1;32m
[gzserver-1] [0m[1;32m[0m[1;32m[0m[1;32m[Msg] [0m[1;32mPublicized address: [0m[1;32m192.0.2.2[0m[1;32m
[gzserver-1] [0m[1;31m[Err] [RenderEngine.cc:749] [0m[1;31mCan't open display: [0m[1;31m[0m[1;31m
[gzserver-1] [0m[1;33m[Wrn] [RenderEngine.cc:89] [0m[1;33mUnable to create X window. Rendering will be disabled
[gzserver-1] [0m[1;33m[Wrn] [RenderEngine.cc:292] [0m[1;33mCannot initialize render engine since [0m[1;33mrender path type is NONE. Ignore this warning if [0m[1;33mrendering has been turned off on purpose.
[gzserver-1] [0m[INFO] [1791117763.682080530] [gazebo.gazebo_ros_state]: Publishing states of gazebo models at [/gazebo/model_states]
[gzserver-1] [INFO] [1791117763.682708037] [gazebo.gazebo_ros_state]: Publishing states of gazebo links at [/gazebo/link_states]
[spawn_entity.py-3] [INFO] [1791117763.878744727] [spawn_entity]: Calling service /spawn_entity
[spawn_entity.py-3] [INFO] [1791117764.118348186] [spawn_entity]: Spawn status: SpawnEntity: Successfully spawned entity [mower]
[gzserver-1] [INFO] [1791117764.145120907] [diff_drive]: Wheel pair 1 separation set to [0.700000m]
[gzserver-1] [INFO] [1791117764.145222244] [diff_drive]: Wheel pair 1 diameter set to [0.300000m]
[gzserver-1] [INFO] [1791117764.146377200] [diff_drive]: Subscribed to [/cmd_vel]
[gzserver-1] [INFO] [1791117764.151622710] [diff_drive]: Advertise odometry on [/odom]
[gzserver-1] [INFO] [1791117764.160575057] [diff_drive]: Publishing odom transforms between [odom] and [base_footprint]
[gzserver-1] [INFO] [1791117764.178337328] [joint_states]: Going to publish joint [left_wheel_joint]
[gzserver-1] [INFO] [1791117764.178431887] [joint_states]: Going to publish joint [right_wheel_joint]
[ground_truth_tf_publisher-4] [WARN] [1791117764.189484398] [ground_truth_tf_publisher]: Waiting for odom -> base_footprint: "odom" passed to lookupTransform argument target_frame does not exist. 
[INFO] [spawn_entity.py-3]: process has finished cleanly [pid 10153]
[INFO] [map_server-5]: process started with pid [10264]
[INFO] [lifecycle_manager-6]: process started with pid [10266]
[INFO] [controller_server-7]: process started with pid [10268]
[INFO] [smoother_server-8]: process started with pid [10270]
[INFO] [planner_server-9]: process started with pid [10272]
[INFO] [behavior_server-10]: process started with pid [10274]
[INFO] [bt_navigator-11]: process started with pid [10276]
[INFO] [waypoint_follower-12]: process started with pid [10285]
[INFO] [velocity_smoother-13]: process started with pid [10289]
[INFO] [lifecycle_manager-14]: process started with pid [10292]
[map_server-5] [INFO] [1791117782.912570177] [map_server]: 
[map_server-5] 	map_server lifecycle node launched. 
[map_server-5] 	Waiting on external lifecycle transitions to activate
[map_server-5] 	See https://design.ros2.org/articles/node_lifecycle.html for more information.
[map_server-5] [INFO] [1791117782.912645563] [map_server]: Creating
[lifecycle_manager-6] [INFO] [1791117782.924986576] [lifecycle_manager_map_server]: Creating
[lifecycle_manager-6] [INFO] [1791117782.936015834] [lifecycle_manager_map_server]: [34m[1mCreating and initializing lifecycle service clients[0m[0m
[planner_server-9] [INFO] [1791117782.936873210] [planner_server]: 
[planner_server-9] 	planner_server lifecycle node launched. 
[planner_server-9] 	Waiting on external lifecycle transitions to activate
[planner_server-9] 	See https://design.ros2.org/articles/node_lifecycle.html for more information.
[planner_server-9] [INFO] [1791117782.940937069] [planner_server]: Creating
[lifecycle_manager-6] [INFO] [1791117782.954716795] [lifecycle_manager_map_server]: [34m[1mStarting managed nodes bringup...[0m[0m
[lifecycle_manager-6] [INFO] [1791117782.954780590] [lifecycle_manager_map_server]: [34m[1mConfiguring map_server[0m[0m
[behavior_server-10] [INFO] [1791117782.973735905] [behavior_server]: 
[behavior_server-10] 	behavior_server lifecycle node launched. 
[behavior_server-10] 	Waiting on external lifecycle transitions to activate
[behavior_server-10] 	See https://design.ros2.org/articles/node_lifecycle.html for more information.
[controller_server-7] [INFO] [1791117783.028800453] [controller_server]: 
[controller_server-7] 	controller_server lifecycle node launched. 
[controller_server-7] 	Waiting on external lifecycle transitions to activate
[controller_server-7] 	See https://design.ros2.org/articles/node_lifecycle.html for more information.
[controller_server-7] [INFO] [1791117783.040182633] [controller_server]: Creating controller server
[lifecycle_manager-14] [INFO] [1791117783.067408046] [lifecycle_manager_navigation]: Creating
[map_server-5] [INFO] [1791117783.108750977] [map_server]: Configuring
[map_server-5] [INFO] [1791117783.108825360] [map_io]: Loading yaml file: /opt/ws/install/mower_sim/share/mower_sim/maps/empty_map.yaml
[map_server-5] [INFO] [1791117783.109088711] [map_io]: resolution: 0.05
[map_server-5] [INFO] [1791117783.109098958] [map_io]: origin[0]: -50
[map_server-5] [INFO] [1791117783.109102738] [map_io]: origin[1]: -50
[map_server-5] [INFO] [1791117783.109106693] [map_io]: origin[2]: 0
[map_server-5] [INFO] [1791117783.109110797] [map_io]: free_thresh: 0.196
[map_server-5] [INFO] [1791117783.109114301] [map_io]: occupied_thresh: 0.65
[map_server-5] [INFO] [1791117783.109118161] [map_io]: mode: trinary
[map_server-5] [INFO] [1791117783.109121752] [map_io]: negate: 0
[map_server-5] [INFO] [1791117783.110797518] [map_io]: Loading image_file: /opt/ws/install/mower_sim/share/mower_sim/maps/empty_map.pgm
[smoother_server-8] [INFO] [1791117783.155248916] [smoother_server]: 
[smoother_server-8] 	smoother_server lifecycle node launched. 
[smoother_server-8] 	Waiting on external lifecycle transitions to activate
[smoother_server-8] 	See https://design.ros2.org/articles/node_lifecycle.html for more information.
[smoother_server-8] [INFO] [1791117783.156365012] [smoother_server]: Creating smoother server
[lifecycle_manager-14] [INFO] [1791117783.159274821] [lifecycle_manager_navigation]: [34m[1mCreating and initializing lifecycle service clients[0m[0m
[waypoint_follower-12] [INFO] [1791117783.206369706] [waypoint_follower]: 
[waypoint_follower-12] 	waypoint_follower lifecycle node launched. 
[waypoint_follower-12] 	Waiting on external lifecycle transitions to activate
[waypoint_follower-12] 	See https://design.ros2.org/articles/node_lifecycle.html for more information.
[waypoint_follower-12] [INFO] [1791117783.206857224] [waypoint_follower]: Creating
[controller_server-7] [INFO] [1791117783.206945950] [local_costmap.local_costmap]: 
[controller_server-7] 	local_costmap lifecycle node launched. 
[controller_server-7] 	Waiting on external lifecycle transitions to activate
[controller_server-7] 	See https://design.ros2.org/articles/node_lifecycle.html for more information.
[controller_server-7] [INFO] [1791117783.207232501] [local_costmap.local_costmap]: Creating Costmap
[planner_server-9] [INFO] [1791117783.225445152] [global_costmap.global_costmap]: 
[planner_server-9] 	global_costmap lifecycle node launched. 
[planner_server-9] 	Waiting on external lifecycle transitions to activate
[planner_server-9] 	See https://design.ros2.org/articles/node_lifecycle.html for more information.
[planner_server-9] [INFO] [1791117783.231522205] [global_costmap.global_costmap]: Creating Costmap
[velocity_smoother-13] [INFO] [1791117783.663986510] [velocity_smoother]: 
[velocity_smoother-13] 	velocity_smoother lifecycle node launched. 
[velocity_smoother-13] 	Waiting on external lifecycle transitions to activate
[velocity_smoother-13] 	See https://design.ros2.org/articles/node_lifecycle.html for more information.
[map_server-5] [INFO] [1791117783.810451598] [map_io]: Read map /opt/ws/install/mower_sim/share/mower_sim/maps/empty_map.pgm: 2000 X 2000 map @ 0.05 m/cell
[lifecycle_manager-6] [INFO] [1791117783.828747767] [lifecycle_manager_map_server]: [34m[1mActivating map_server[0m[0m
[map_server-5] [INFO] [1791117783.829001454] [map_server]: Activating
[map_server-5] [INFO] [1791117783.834734869] [map_server]: Creating bond (map_server) to lifecycle manager.
[lifecycle_manager-6] [INFO] [1791117783.948551188] [lifecycle_manager_map_server]: Server map_server connected with bond.
[lifecycle_manager-6] [INFO] [1791117783.948630930] [lifecycle_manager_map_server]: [34m[1mManaged nodes are active[0m[0m
[lifecycle_manager-6] [INFO] [1791117783.948642911] [lifecycle_manager_map_server]: [34m[1mCreating bond timer...[0m[0m
[bt_navigator-11] [INFO] [1791117783.991963016] [bt_navigator]: 
[bt_navigator-11] 	bt_navigator lifecycle node launched. 
[bt_navigator-11] 	Waiting on external lifecycle transitions to activate
[bt_navigator-11] 	See https://design.ros2.org/articles/node_lifecycle.html for more information.
[bt_navigator-11] [INFO] [1791117783.992060486] [bt_navigator]: Creating
[lifecycle_manager-14] [INFO] [1791117784.025121772] [lifecycle_manager_navigation]: [34m[1mStarting managed nodes bringup...[0m[0m
[lifecycle_manager-14] [INFO] [1791117784.025197772] [lifecycle_manager_navigation]: [34m[1mConfiguring controller_server[0m[0m
[controller_server-7] [INFO] [1791117784.025567796] [controller_server]: Configuring controller interface
[controller_server-7] [INFO] [1791117784.026772853] [controller_server]: getting goal checker plugins..
[controller_server-7] [INFO] [1791117784.028063004] [controller_server]: Controller frequency set to 30.0000Hz
[controller_server-7] [INFO] [1791117784.028518145] [local_costmap.local_costmap]: Configuring
[controller_server-7] [INFO] [1791117784.045607816] [local_costmap.local_costmap]: Using plugin "static_layer"
[controller_server-7] [INFO] [1791117784.049026697] [local_costmap.local_costmap]: Subscribing to the map topic (/map) with transient local durability
[controller_server-7] [INFO] [1791117784.057070555] [local_costmap.local_costmap]: Initialized plugin "static_layer"
[controller_server-7] [INFO] [1791117784.057143377] [local_costmap.local_costmap]: Using plugin "voxel_layer"
[controller_server-7] [INFO] [1791117784.059491767] [local_costmap.local_costmap]: Subscribed to Topics: scan
[controller_server-7] [INFO] [1791117784.085641432] [local_costmap.local_costmap]: Initialized plugin "voxel_layer"
[controller_server-7] [INFO] [1791117784.085745554] [local_costmap.local_costmap]: Using plugin "inflation_layer"
[controller_server-7] [INFO] [1791117784.088801155] [local_costmap.local_costmap]: Initialized plugin "inflation_layer"
[controller_server-7] [INFO] [1791117784.115108551] [controller_server]: Created progress_checker : progress_checker of type nav2_controller::SimpleProgressChecker
[controller_server-7] [INFO] [1791117784.116948431] [controller_server]: Created goal checker : general_goal_checker of type nav2_controller::SimpleGoalChecker
[controller_server-7] [INFO] [1791117784.117456954] [controller_server]: Controller Server has general_goal_checker  goal checkers available.
[controller_server-7] [INFO] [1791117784.121193861] [controller_server]: Created controller : FollowPath of type dwb_core::DWBLocalPlanner
[controller_server-7] [INFO] [1791117784.122190394] [local_costmap.local_costmap]: StaticLayer: Resizing static layer to 2000 X 2000 at 0.050000 m/pix
[controller_server-7] [INFO] [1791117784.123380631] [controller_server]: Setting transform_tolerance to 0.200000
[controller_server-7] [INFO] [1791117784.153577337] [controller_server]: Using critic "RotateToGoal" (dwb_critics::RotateToGoalCritic)
[controller_server-7] [INFO] [1791117784.157487381] [controller_server]: Critic plugin initialized
[controller_server-7] [INFO] [1791117784.157934338] [controller_server]: Using critic "Oscillation" (dwb_critics::OscillationCritic)
[controller_server-7] [INFO] [1791117784.159104858] [controller_server]: Critic plugin initialized
[controller_server-7] [INFO] [1791117784.159403223] [controller_server]: Using critic "BaseObstacle" (dwb_critics::BaseObstacleCritic)
[controller_server-7] [INFO] [1791117784.159818032] [controller_server]: Critic plugin initialized
[controller_server-7] [INFO] [1791117784.160059509] [controller_server]: Using critic "GoalAlign" (dwb_critics::GoalAlignCritic)
[controller_server-7] [INFO] [1791117784.160791798] [controller_server]: Critic plugin initialized
[controller_server-7] [INFO] [1791117784.161551006] [controller_server]: Using critic "PathAlign" (dwb_critics::PathAlignCritic)
[controller_server-7] [INFO] [1791117784.162296553] [controller_server]: Critic plugin initialized
[controller_server-7] [INFO] [1791117784.162679454] [controller_server]: Using critic "PathDist" (dwb_critics::PathDistCritic)
[controller_server-7] [INFO] [1791117784.163316174] [controller_server]: Critic plugin initialized
[controller_server-7] [INFO] [1791117784.163653504] [controller_server]: Using critic "GoalDist" (dwb_critics::GoalDistCritic)
[controller_server-7] [INFO] [1791117784.164304181] [controller_server]: Critic plugin initialized
[controller_server-7] [INFO] [1791117784.164370778] [controller_server]: Controller Server has FollowPath  controllers available.
[lifecycle_manager-14] [INFO] [1791117784.186104353] [lifecycle_manager_navigation]: [34m[1mConfiguring smoother_server[0m[0m
[smoother_server-8] [INFO] [1791117784.187658772] [smoother_server]: Configuring smoother server
[smoother_server-8] [INFO] [1791117784.214365601] [smoother_server]: Created smoother : simple_smoother of type nav2_smoother::SimpleSmoother
[smoother_server-8] [INFO] [1791117784.218506669] [smoother_server]: Smoother Server has simple_smoother  smoothers available.
[lifecycle_manager-14] [INFO] [1791117784.240406848] [lifecycle_manager_navigation]: [34m[1mConfiguring planner_server[0m[0m
[planner_server-9] [INFO] [1791117784.241261771] [planner_server]: Configuring
[planner_server-9] [INFO] [1791117784.241367568] [global_costmap.global_costmap]: Configuring
[planner_server-9] [INFO] [1791117784.262426109] [global_costmap.global_costmap]: Using plugin "static_layer"
[planner_server-9] [INFO] [1791117784.273016286] [global_costmap.global_costmap]: Subscribing to the map topic (/map) with transient local durability
[planner_server-9] [INFO] [1791117784.276797541] [global_costmap.global_costmap]: Initialized plugin "static_layer"
[planner_server-9] [INFO] [1791117784.276857659] [global_costmap.global_costmap]: Using plugin "obstacle_layer"
[planner_server-9] [INFO] [1791117784.279664477] [global_costmap.global_costmap]: Subscribed to Topics: scan
[planner_server-9] [INFO] [1791117784.296583066] [global_costmap.global_costmap]: Initialized plugin "obstacle_layer"
[planner_server-9] [INFO] [1791117784.296663920] [global_costmap.global_costmap]: Using plugin "inflation_layer"
[planner_server-9] [INFO] [1791117784.299060160] [global_costmap.global_costmap]: Initialized plugin "inflation_layer"
[planner_server-9] [INFO] [1791117784.324765356] [planner_server]: Created global planner plugin GridBased of type nav2_navfn_planner/NavfnPlanner
[planner_server-9] [INFO] [1791117784.324815851] [planner_server]: Configuring plugin GridBased of type NavfnPlanner
[planner_server-9] [INFO] [1791117784.327129057] [planner_server]: Planner Server has GridBased  planners available.
[planner_server-9] [INFO] [1791117784.370196284] [global_costmap.global_costmap]: StaticLayer: Resizing costmap to 2000 X 2000 at 0.050000 m/pix
[lifecycle_manager-14] [INFO] [1791117784.373929519] [lifecycle_manager_navigation]: [34m[1mConfiguring behavior_server[0m[0m
[behavior_server-10] [INFO] [1791117784.374822272] [behavior_server]: Configuring
[behavior_server-10] [INFO] [1791117784.412026116] [behavior_server]: Creating behavior plugin spin of type nav2_behaviors/Spin
[behavior_server-10] [INFO] [1791117784.413052709] [behavior_server]: Configuring spin
[behavior_server-10] [INFO] [1791117784.432455397] [behavior_server]: Creating behavior plugin backup of type nav2_behaviors/BackUp
[behavior_server-10] [INFO] [1791117784.433632260] [behavior_server]: Configuring backup
[behavior_server-10] [INFO] [1791117784.452452163] [behavior_server]: Creating behavior plugin drive_on_heading of type nav2_behaviors/DriveOnHeading
[behavior_server-10] [INFO] [1791117784.454781194] [behavior_server]: Configuring drive_on_heading
[behavior_server-10] [INFO] [1791117784.470949520] [behavior_server]: Creating behavior plugin assisted_teleop of type nav2_behaviors/AssistedTeleop
[behavior_server-10] [INFO] [1791117784.474078927] [behavior_server]: Configuring assisted_teleop
[behavior_server-10] [INFO] [1791117784.489146211] [behavior_server]: Creating behavior plugin wait of type nav2_behaviors/Wait
[behavior_server-10] [INFO] [1791117784.491374202] [behavior_server]: Configuring wait
[lifecycle_manager-14] [INFO] [1791117784.505622672] [lifecycle_manager_navigation]: [34m[1mConfiguring bt_navigator[0m[0m
[bt_navigator-11] [INFO] [1791117784.506077024] [bt_navigator]: Configuring
[lifecycle_manager-14] [INFO] [1791117784.655530842] [lifecycle_manager_navigation]: [34m[1mConfiguring waypoint_follower[0m[0m
[waypoint_follower-12] [INFO] [1791117784.656318034] [waypoint_follower]: Configuring
[waypoint_follower-12] [INFO] [1791117784.689615439] [waypoint_follower]: Created waypoint_task_executor : wait_at_waypoint of type nav2_waypoint_follower::WaitAtWaypoint
[lifecycle_manager-14] [INFO] [1791117784.691772096] [lifecycle_manager_navigation]: [34m[1mConfiguring velocity_smoother[0m[0m
[velocity_smoother-13] [INFO] [1791117784.692387651] [velocity_smoother]: Configuring velocity smoother
[lifecycle_manager-14] [INFO] [1791117784.707758365] [lifecycle_manager_navigation]: [34m[1mActivating controller_server[0m[0m
[controller_server-7] [INFO] [1791117784.708166654] [controller_server]: Activating
[controller_server-7] [INFO] [1791117784.708210064] [local_costmap.local_costmap]: Activating
[controller_server-7] [INFO] [1791117784.708223470] [local_costmap.local_costmap]: Checking transform
[controller_server-7] [INFO] [1791117784.708386867] [local_costmap.local_costmap]: start
[controller_server-7] [INFO] [1791117784.911217746] [controller_server]: Creating bond (controller_server) to lifecycle manager.
[lifecycle_manager-14] [INFO] [1791117785.022405665] [lifecycle_manager_navigation]: Server controller_server connected with bond.
[lifecycle_manager-14] [INFO] [1791117785.022669347] [lifecycle_manager_navigation]: [34m[1mActivating smoother_server[0m[0m
[smoother_server-8] [INFO] [1791117785.023658290] [smoother_server]: Activating
[smoother_server-8] [INFO] [1791117785.023709498] [smoother_server]: Creating bond (smoother_server) to lifecycle manager.
[lifecycle_manager-14] [INFO] [1791117785.131937578] [lifecycle_manager_navigation]: Server smoother_server connected with bond.
[lifecycle_manager-14] [INFO] [1791117785.132022446] [lifecycle_manager_navigation]: [34m[1mActivating planner_server[0m[0m
[planner_server-9] [INFO] [1791117785.133071982] [planner_server]: Activating
[planner_server-9] [INFO] [1791117785.133140663] [global_costmap.global_costmap]: Activating
[planner_server-9] [INFO] [1791117785.133157621] [global_costmap.global_costmap]: Checking transform
[planner_server-9] [INFO] [1791117785.133367594] [global_costmap.global_costmap]: start
[planner_server-9] [INFO] [1791117786.186943917] [planner_server]: Activating plugin GridBased of type NavfnPlanner
[planner_server-9] [INFO] [1791117786.193103783] [planner_server]: Creating bond (planner_server) to lifecycle manager.
[lifecycle_manager-14] [INFO] [1791117786.307936802] [lifecycle_manager_navigation]: Server planner_server connected with bond.
[lifecycle_manager-14] [INFO] [1791117786.308024937] [lifecycle_manager_navigation]: [34m[1mActivating behavior_server[0m[0m
[behavior_server-10] [INFO] [1791117786.309228199] [behavior_server]: Activating
[behavior_server-10] [INFO] [1791117786.309278463] [behavior_server]: Activating spin
[behavior_server-10] [INFO] [1791117786.309289468] [behavior_server]: Activating backup
[behavior_server-10] [INFO] [1791117786.309296307] [behavior_server]: Activating drive_on_heading
[behavior_server-10] [INFO] [1791117786.309303684] [behavior_server]: Activating assisted_teleop
[behavior_server-10] [INFO] [1791117786.309311715] [behavior_server]: Activating wait
[behavior_server-10] [INFO] [1791117786.309321440] [behavior_server]: Creating bond (behavior_server) to lifecycle manager.
[lifecycle_manager-14] [INFO] [1791117786.421575918] [lifecycle_manager_navigation]: Server behavior_server connected with bond.
[lifecycle_manager-14] [INFO] [1791117786.421766207] [lifecycle_manager_navigation]: [34m[1mActivating bt_navigator[0m[0m
[bt_navigator-11] [INFO] [1791117786.422368657] [bt_navigator]: Activating
[bt_navigator-11] [INFO] [1791117786.567390614] [bt_navigator]: Creating bond (bt_navigator) to lifecycle manager.
[lifecycle_manager-14] [INFO] [1791117786.679217049] [lifecycle_manager_navigation]: Server bt_navigator connected with bond.
[lifecycle_manager-14] [INFO] [1791117786.679320156] [lifecycle_manager_navigation]: [34m[1mActivating waypoint_follower[0m[0m
[waypoint_follower-12] [INFO] [1791117786.683333206] [waypoint_follower]: Activating
[waypoint_follower-12] [INFO] [1791117786.683383040] [waypoint_follower]: Creating bond (waypoint_follower) to lifecycle manager.
[lifecycle_manager-14] [INFO] [1791117786.797880916] [lifecycle_manager_navigation]: Server waypoint_follower connected with bond.
[lifecycle_manager-14] [INFO] [1791117786.797961789] [lifecycle_manager_navigation]: [34m[1mActivating velocity_smoother[0m[0m
[velocity_smoother-13] [INFO] [1791117786.798728657] [velocity_smoother]: Activating
[velocity_smoother-13] [INFO] [1791117786.798786733] [velocity_smoother]: Creating bond (velocity_smoother) to lifecycle manager.
[lifecycle_manager-14] [INFO] [1791117786.916925278] [lifecycle_manager_navigation]: Server velocity_smoother connected with bond.
[lifecycle_manager-14] [INFO] [1791117786.917023604] [lifecycle_manager_navigation]: [34m[1mManaged nodes are active[0m[0m
[lifecycle_manager-14] [INFO] [1791117786.917037572] [lifecycle_manager_navigation]: [34m[1mCreating bond timer...[0m[0m
[controller_server-7] [INFO] [1791117787.905391378] [controller_server]: Received a goal, begin computing control effort.
[controller_server-7] [ERROR] [1791117802.972695652] [controller_server]: Failed to make progress
[controller_server-7] [WARN] [1791117802.972930909] [controller_server]: [follow_path] [ActionServer] Aborting handle.
[WARNING] [launch]: user interrupted with ctrl-c (SIGINT)
[lifecycle_manager-14] [INFO] [1791117803.487253104] [rclcpp]: signal_handler(signum=2)
[velocity_smoother-13] [INFO] [1791117803.487265122] [rclcpp]: signal_handler(signum=2)
[map_server-5] [INFO] [1791117803.487320976] [rclcpp]: signal_handler(signum=2)
[map_server-5] [INFO] [1791117803.487587752] [map_server]: Running Nav2 LifecycleNode rcl preshutdown (map_server)
[map_server-5] [INFO] [1791117803.487691611] [map_server]: Deactivating
[map_server-5] [INFO] [1791117803.487710960] [map_server]: Destroying bond (map_server) to lifecycle manager.
[waypoint_follower-12] [INFO] [1791117803.487323778] [rclcpp]: signal_handler(signum=2)
[robot_state_publisher-2] [INFO] [1791117803.487369863] [rclcpp]: signal_handler(signum=2)
[bt_navigator-11] [INFO] [1791117803.487384297] [rclcpp]: signal_handler(signum=2)
[bt_navigator-11] [INFO] [1791117803.487694890] [bt_navigator]: Running Nav2 LifecycleNode rcl preshutdown (bt_navigator)
[bt_navigator-11] [INFO] [1791117803.487783916] [bt_navigator]: Deactivating
[INFO] [lifecycle_manager-14]: sending signal 'SIGINT' to process[lifecycle_manager-14]
[INFO] [velocity_smoother-13]: sending signal 'SIGINT' to process[velocity_smoother-13]
[INFO] [waypoint_follower-12]: sending signal 'SIGINT' to process[waypoint_follower-12]
[INFO] [bt_navigator-11]: sending signal 'SIGINT' to process[bt_navigator-11]
[INFO] [behavior_server-10]: sending signal 'SIGINT' to process[behavior_server-10]
[ERROR] [waypoint_follower-12]: process has died [pid 10285, exit code -2, cmd '/opt/mm/root/envs/ros/lib/nav2_waypoint_follower/waypoint_follower --ros-args --log-level info --ros-args -r __node:=waypoint_follower --params-file /tmp/launch_params_rhp6xxp7 -r /tf:=tf -r /tf_static:=tf_static'].
[ERROR] [velocity_smoother-13]: process has died [pid 10289, exit code -2, cmd '/opt/mm/root/envs/ros/lib/nav2_velocity_smoother/velocity_smoother --ros-args --log-level info --ros-args -r __node:=velocity_smoother --params-file /tmp/launch_params_rhp6xxp7 -r /tf:=tf -r /tf_static:=tf_static -r cmd_vel:=cmd_vel_nav -r cmd_vel_smoothed:=cmd_vel'].
[INFO] [planner_server-9]: sending signal 'SIGINT' to process[planner_server-9]
[INFO] [smoother_server-8]: sending signal 'SIGINT' to process[smoother_server-8]
[INFO] [controller_server-7]: sending signal 'SIGINT' to process[controller_server-7]
[INFO] [lifecycle_manager-6]: sending signal 'SIGINT' to process[lifecycle_manager-6]
[INFO] [map_server-5]: sending signal 'SIGINT' to process[map_server-5]
[INFO] [ground_truth_tf_publisher-4]: sending signal 'SIGINT' to process[ground_truth_tf_publisher-4]
[ERROR] [smoother_server-8]: process has died [pid 10270, exit code -2, cmd '/opt/mm/root/envs/ros/lib/nav2_smoother/smoother_server --ros-args --log-level info --ros-args -r __node:=smoother_server --params-file /tmp/launch_params_rhp6xxp7 -r /tf:=tf -r /tf_static:=tf_static'].
[ERROR] [map_server-5]: process has died [pid 10264, exit code -2, cmd '/opt/mm/root/envs/ros/lib/nav2_map_server/map_server --ros-args -r __node:=map_server --params-file /tmp/launch_params_y7fhtmsl'].
[ERROR] [lifecycle_manager-6]: process has died [pid 10266, exit code -2, cmd '/opt/mm/root/envs/ros/lib/nav2_lifecycle_manager/lifecycle_manager --ros-args -r __node:=lifecycle_manager_map_server --params-file /tmp/launch_params_5vg5ip22'].
[ERROR] [behavior_server-10]: process has died [pid 10274, exit code -2, cmd '/opt/mm/root/envs/ros/lib/nav2_behaviors/behavior_server --ros-args --log-level info --ros-args -r __node:=behavior_server --params-file /tmp/launch_params_rhp6xxp7 -r /tf:=tf -r /tf_static:=tf_static'].
[INFO] [robot_state_publisher-2]: sending signal 'SIGINT' to process[robot_state_publisher-2]
[INFO] [gzserver-1]: sending signal 'SIGINT' to process[gzserver-1]
[behavior_server-10] [INFO] [1791117803.487431866] [rclcpp]: signal_handler(signum=2)
[behavior_server-10] [INFO] [1791117803.487559062] [behavior_server]: Running Nav2 LifecycleNode rcl preshutdown (behavior_server)
[behavior_server-10] [INFO] [1791117803.487688779] [behavior_server]: Deactivating
[behavior_server-10] [INFO] [1791117803.487716110] [behavior_server]: Destroying bond (behavior_server) to lifecycle manager.
[smoother_server-8] [INFO] [1791117803.487452004] [rclcpp]: signal_handler(signum=2)
[smoother_server-8] [INFO] [1791117803.488147503] [smoother_server]: Running Nav2 LifecycleNode rcl preshutdown (smoother_server)
[smoother_server-8] [INFO] [1791117803.488233735] [smoother_server]: Deactivating
[smoother_server-8] [INFO] [1791117803.488259339] [smoother_server]: Destroying bond (smoother_server) to lifecycle manager.
[lifecycle_manager-14] [INFO] [1791117803.490381226] [lifecycle_manager_navigation]: Running Nav2 LifecycleManager rcl preshutdown (lifecycle_manager_navigation)
[lifecycle_manager-14] [INFO] [1791117803.490504072] [lifecycle_manager_navigation]: [34m[1mTerminating bond timer...[0m[0m
[velocity_smoother-13] [INFO] [1791117803.489154467] [velocity_smoother]: Running Nav2 LifecycleNode rcl preshutdown (velocity_smoother)
[velocity_smoother-13] [INFO] [1791117803.489247501] [velocity_smoother]: Deactivating
[velocity_smoother-13] [INFO] [1791117803.489323546] [velocity_smoother]: Destroying bond (velocity_smoother) to lifecycle manager.
[velocity_smoother-13] [INFO] [1791117803.501217249] [velocity_smoother]: Cleaning up
[velocity_smoother-13] [INFO] [1791117803.501265079] [velocity_smoother]: Destroying bond (velocity_smoother) to lifecycle manager.
[velocity_smoother-13] [INFO] [1791117803.536362809] [velocity_smoother]: Destroying
[ERROR] [robot_state_publisher-2]: process has died [pid 10151, exit code -2, cmd '/opt/mm/root/envs/ros/lib/robot_state_publisher/robot_state_publisher --ros-args --params-file /tmp/launch_params_nd3j_nfi'].
[waypoint_follower-12] [INFO] [1791117803.491028536] [waypoint_follower]: Running Nav2 LifecycleNode rcl preshutdown (waypoint_follower)
[waypoint_follower-12] [INFO] [1791117803.491092522] [waypoint_follower]: Deactivating
[waypoint_follower-12] [INFO] [1791117803.491109757] [waypoint_follower]: Destroying bond (waypoint_follower) to lifecycle manager.
[waypoint_follower-12] [INFO] [1791117803.503826936] [waypoint_follower]: Cleaning up
[bt_navigator-11] [INFO] [1791117803.487808274] [bt_navigator]: Destroying bond (bt_navigator) to lifecycle manager.
[bt_navigator-11] [INFO] [1791117803.502838455] [bt_navigator]: Cleaning up
[planner_server-9] [INFO] [1791117803.488012145] [rclcpp]: signal_handler(signum=2)
[planner_server-9] [INFO] [1791117803.488816959] [planner_server]: Running Nav2 LifecycleNode rcl preshutdown (planner_server)
[planner_server-9] [INFO] [1791117803.488898269] [planner_server]: Deactivating
[planner_server-9] [INFO] [1791117803.488933885] [global_costmap.global_costmap]: Deactivating
[lifecycle_manager-6] [INFO] [1791117803.488012197] [rclcpp]: signal_handler(signum=2)
[lifecycle_manager-6] [INFO] [1791117803.488156204] [lifecycle_manager_map_server]: Running Nav2 LifecycleManager rcl preshutdown (lifecycle_manager_map_server)
[lifecycle_manager-6] [INFO] [1791117803.488211321] [lifecycle_manager_map_server]: [34m[1mTerminating bond timer...[0m[0m
[lifecycle_manager-6] [INFO] [1791117803.513753451] [lifecycle_manager_map_server]: Destroying lifecycle_manager_map_server
[controller_server-7] [INFO] [1791117803.489934093] [rclcpp]: signal_handler(signum=2)
[controller_server-7] [INFO] [1791117803.490747749] [controller_server]: Running Nav2 LifecycleNode rcl preshutdown (controller_server)
[controller_server-7] [INFO] [1791117803.490831479] [controller_server]: Deactivating
[controller_server-7] [INFO] [1791117803.490872542] [local_costmap.local_costmap]: Deactivating
[controller_server-7] [INFO] [1791117803.512191349] [controller_server]: Destroying bond (controller_server) to lifecycle manager.
[controller_server-7] [INFO] [1791117803.522560648] [controller_server]: Cleaning up
[controller_server-7] [INFO] [1791117803.526004905] [local_costmap.local_costmap]: Cleaning up
[behavior_server-10] [INFO] [1791117803.498066501] [behavior_server]: Cleaning up
[behavior_server-10] [INFO] [1791117803.551915248] [behavior_server]: Destroying bond (behavior_server) to lifecycle manager.
[map_server-5] [INFO] [1791117803.500123424] [map_server]: Cleaning up
[map_server-5] [INFO] [1791117803.501125808] [map_server]: Destroying bond (map_server) to lifecycle manager.
[map_server-5] [INFO] [1791117803.541376997] [map_server]: Destroying
[smoother_server-8] [INFO] [1791117803.504069095] [smoother_server]: Cleaning up
[waypoint_follower-12] [INFO] [1791117803.562018813] [waypoint_follower]: Destroying bond (waypoint_follower) to lifecycle manager.
[waypoint_follower-12] [INFO] [1791117803.573581854] [waypoint_follower]: Destroying
[smoother_server-8] [INFO] [1791117803.588859638] [smoother_server]: Destroying bond (smoother_server) to lifecycle manager.
[lifecycle_manager-14] [INFO] [1791117803.589076745] [rclcpp]: signal_handler(signum=2)
[ground_truth_tf_publisher-4] Traceback (most recent call last):
[ground_truth_tf_publisher-4]   File "/opt/ws/install/mower_sim/lib/mower_sim/ground_truth_tf_publisher", line 33, in <module>
[ground_truth_tf_publisher-4]     sys.exit(load_entry_point('mower_sim==0.0.0', 'console_scripts', 'ground_truth_tf_publisher')())
[ground_truth_tf_publisher-4]              ^^^^^^^^^^^^^^^^^^^^^^^^^^^^^^^^^^^^^^^^^^^^^^^^^^^^^^^^^^^^^^^^^^^^^^^^^^^^^^^^^^^^^^
[ground_truth_tf_publisher-4]   File "/opt/ws/install/mower_sim/lib/python3.11/site-packages/mower_sim/ground_truth_tf_publisher.py", line 149, in main
[ground_truth_tf_publisher-4]     rclpy.shutdown()
[ground_truth_tf_publisher-4]   File "/opt/mm/root/envs/ros/lib/python3.11/site-packages/rclpy/__init__.py", line 130, in shutdown
[ground_truth_tf_publisher-4]     _shutdown(context=context)
[ground_truth_tf_publisher-4]   File "/opt/mm/root/envs/ros/lib/python3.11/site-packages/rclpy/utilities.py", line 58, in shutdown
[ground_truth_tf_publisher-4]     return context.shutdown()
[ground_truth_tf_publisher-4]            ^^^^^^^^^^^^^^^^^^
[ground_truth_tf_publisher-4]   File "/opt/mm/root/envs/ros/lib/python3.11/site-packages/rclpy/context.py", line 102, in shutdown
[ground_truth_tf_publisher-4]     self.__context.shutdown()
[ground_truth_tf_publisher-4] rclpy._rclpy_pybind11.RCLError: failed to shutdown: rcl_shutdown already called on the given context, at /home/runner/conda-bld/bld/rattler-build_ros-humble-rcl_1736209862/work/ros-humble-rcl/src/work/src/rcl/init.c:241
[smoother_server-8] [INFO] [1791117803.612406007] [smoother_server]: Destroying
[bt_navigator-11] [INFO] [1791117803.620342673] [rclcpp]: signal_handler(signum=2)
[behavior_server-10] [INFO] [1791117803.620411853] [behavior_server]: Destroying
[lifecycle_manager-14] [INFO] [1791117803.627433480] [lifecycle_manager_navigation]: Destroying lifecycle_manager_navigation
[planner_server-9] [INFO] [1791117803.628261977] [rclcpp]: signal_handler(signum=2)
[controller_server-7] [INFO] [1791117803.631869413] [rclcpp]: signal_handler(signum=2)
[controller_server-7] [INFO] [1791117803.648818609] [controller_server]: Destroying bond (controller_server) to lifecycle manager.
[controller_server-7] [INFO] [1791117803.655887765] [local_costmap.local_costmap]: Destroying
[controller_server-7] [INFO] [1791117803.675323384] [controller_server]: Destroying
[ERROR] [ground_truth_tf_publisher-4]: process has died [pid 10155, exit code -2, cmd '/opt/ws/install/mower_sim/lib/mower_sim/ground_truth_tf_publisher --ros-args --params-file /tmp/launch_params_za9emtn4'].
[bt_navigator-11] [INFO] [1791117803.701745088] [bt_navigator]: Completed Cleaning up
[bt_navigator-11] [INFO] [1791117803.701819651] [bt_navigator]: Destroying bond (bt_navigator) to lifecycle manager.
[bt_navigator-11] [INFO] [1791117803.708202591] [bt_navigator]: Destroying
[gzserver-1] [0m[1;32m[0m[1;32m[0m[1;32m[Msg] [0m[1;32mLoading world file [[0m[1;32m/opt/ws/install/mower_sim/share/mower_sim/worlds/empty_field.world[0m[1;32m][0m[1;32m
[INFO] [lifecycle_manager-14]: process has finished cleanly [pid 10292]
[INFO] [controller_server-7]: process has finished cleanly [pid 10268]
[INFO] [bt_navigator-11]: process has finished cleanly [pid 10276]
[INFO] [gzserver-1]: process has finished cleanly [pid 10149]
[gzserver-1] [0m[1;32m[0m[1;32m[0m[1;36m[0m[1;32m[0m
[gzserver-1] [1;33m[0m[1;31m[0m
[planner_server-9] [INFO] [1791117804.134492727] [planner_server]: Deactivating plugin GridBased of type NavfnPlanner
[planner_server-9] [INFO] [1791117804.134579493] [planner_server]: Destroying bond (planner_server) to lifecycle manager.
[planner_server-9] [INFO] [1791117804.134635367] [planner_server]: Cleaning up
[planner_server-9] [INFO] [1791117804.139565835] [global_costmap.global_costmap]: Cleaning up
[planner_server-9] [INFO] [1791117804.154662043] [planner_server]: Cleaning up plugin GridBased of type NavfnPlanner
[planner_server-9] [INFO] [1791117804.154942209] [planner_server]: Destroying plugin GridBased of type NavfnPlanner
[planner_server-9] [INFO] [1791117804.161305058] [planner_server]: Destroying bond (planner_server) to lifecycle manager.
[planner_server-9] [INFO] [1791117804.164512995] [global_costmap.global_costmap]: Destroying
[planner_server-9] [INFO] [1791117804.170949198] [planner_server]: Destroying
[INFO] [planner_server-9]: process has finished cleanly [pid 10272]
