[INFO] [launch]: All log files can be found below /root/.ros/log/2026-10-04-12-43-24-682041-vm-10450
[INFO] [launch]: Default logging verbosity is set to INFO

[mower_sim] Controller: RPP
[mower_sim] Params: /opt/ws/install/mower_sim/share/mower_sim/config/nav2_rpp_fair.yaml

[INFO] [gzserver-1]: process started with pid [10456]
[INFO] [robot_state_publisher-2]: process started with pid [10458]
[INFO] [spawn_entity.py-3]: process started with pid [10460]
[INFO] [ground_truth_tf_publisher-4]: process started with pid [10462]
[robot_state_publisher-2] [INFO] [1791117804.823910394] [robot_state_publisher]: got segment base_footprint
[robot_state_publisher-2] [INFO] [1791117804.826036419] [robot_state_publisher]: got segment base_link
[robot_state_publisher-2] [INFO] [1791117804.826756521] [robot_state_publisher]: got segment base_scan
[robot_state_publisher-2] [INFO] [1791117804.826772001] [robot_state_publisher]: got segment front_left_caster
[robot_state_publisher-2] [INFO] [1791117804.826782437] [robot_state_publisher]: got segment front_right_caster
[robot_state_publisher-2] [INFO] [1791117804.826794076] [robot_state_publisher]: got segment left_wheel
[robot_state_publisher-2] [INFO] [1791117804.826801222] [robot_state_publisher]: got segment right_wheel
[spawn_entity.py-3] [INFO] [1791117805.236142744] [spawn_entity]: Spawn Entity started
[spawn_entity.py-3] [INFO] [1791117805.238216750] [spawn_entity]: Loading entity published on topic robot_description
[spawn_entity.py-3] /opt/mm/root/envs/ros/lib/python3.11/site-packages/rclpy/qos.py:307: UserWarning: DurabilityPolicy.RMW_QOS_POLICY_DURABILITY_TRANSIENT_LOCAL is deprecated. Use DurabilityPolicy.TRANSIENT_LOCAL instead.
[spawn_entity.py-3]   warnings.warn(
[spawn_entity.py-3] [INFO] [1791117805.243763292] [spawn_entity]: Waiting for entity xml on robot_description
[ground_truth_tf_publisher-4] [INFO] [1791117805.251549611] [ground_truth_tf_publisher]: Ground truth TF publisher started for "mower": map -> odom
[gzserver-1] Gazebo multi-robot simulator, version 11.15.1
[gzserver-1] Copyright (C) 2012 Open Source Robotics Foundation.
[gzserver-1] Released under the Apache 2 License.
[gzserver-1] http://gazebosim.org
[gzserver-1] 
[gzserver-1] [1;33m
[gzserver-1] #     # ####### ####### ###  #####  #######
[gzserver-1] ##    # #     #    #     #  #     # #
[gzserver-1] # #   # #     #    #     #  #       #
[gzserver-1] #  #  # #     #    #     #  #       #####
[gzserver-1] #   # # #     #    #     #  #       #
[gzserver-1] #    ## #     #    #     #  #     # #
[gzserver-1] #     # #######    #    ###  #####  #######
[gzserver-1] 
[gzserver-1] This version of Gazebo, now called Gazebo classic, reaches end-of-life
[gzserver-1] in January 2025. Users are highly encouraged to migrate to the new Gazebo
[gzserver-1] using our migration guides (https://gazebosim.org/docs/latest/gazebo_classic_migration/)
[gzserver-1] 
[gzserver-1] 
[spawn_entity.py-3] [INFO] [1791117805.375568351] [spawn_entity]: Waiting for service /spawn_entity, timeout = 120
[spawn_entity.py-3] [INFO] [1791117805.376208952] [spawn_entity]: Waiting for service /spawn_entity
[gzserver-1] [1;32m[Msg] [0m[1;32mWaiting for master.[0m[1;32m
[gzserver-1] [0m[1;32m[0m[1;32m[0m[1;32m[Msg] [0m[1;32mConnected to gazebo master @ [0m[1;32mhttp://127.0.0.1:11345[0m[1;32m
[gzserver-1] [0m[1;32m[0m[1;32m[0m[1;32m[Msg] [0m[1;32mPublicized address: [0m[1;32m192.0.2.2[0m[1;32m
[gzserver-1] [0m[1;31m[Err] [RenderEngine.cc:749] [0m[1;31mCan't open display: [0m[1;31m[0m[1;31m
[gzserver-1] [0m[1;33m[Wrn] [RenderEngine.cc:89] [0m[1;33mUnable to create X window. Rendering will be disabled
[gzserver-1] [0m[1;33m[Wrn] [RenderEngine.cc:292] [0m[1;33mCannot initialize render engine since [0m[1;33mrender path type is NONE. Ignore this warning if [0m[1;33mrendering has been turned off on purpose.
[gzserver-1] [0m[INFO] [1791117805.946364323] [gazebo.gazebo_ros_state]: Publishing states of gazebo models at [/gazebo/model_states]
[gzserver-1] [INFO] [1791117805.946913541] [gazebo.gazebo_ros_state]: Publishing states of gazebo links at [/gazebo/link_states]
[spawn_entity.py-3] [INFO] [1791117806.136019628] [spawn_entity]: Calling service /spawn_entity
[spawn_entity.py-3] [INFO] [1791117806.386170004] [spawn_entity]: Spawn status: SpawnEntity: Successfully spawned entity [mower]
[gzserver-1] [INFO] [1791117806.413424863] [diff_drive]: Wheel pair 1 separation set to [0.700000m]
[gzserver-1] [INFO] [1791117806.413501516] [diff_drive]: Wheel pair 1 diameter set to [0.300000m]
[gzserver-1] [INFO] [1791117806.414824015] [diff_drive]: Subscribed to [/cmd_vel]
[gzserver-1] [INFO] [1791117806.419001191] [diff_drive]: Advertise odometry on [/odom]
[gzserver-1] [INFO] [1791117806.422073439] [diff_drive]: Publishing odom transforms between [odom] and [base_footprint]
[gzserver-1] [INFO] [1791117806.434952668] [joint_states]: Going to publish joint [left_wheel_joint]
[gzserver-1] [INFO] [1791117806.435048391] [joint_states]: Going to publish joint [right_wheel_joint]
[INFO] [spawn_entity.py-3]: process has finished cleanly [pid 10460]
[INFO] [map_server-5]: process started with pid [10567]
[INFO] [lifecycle_manager-6]: process started with pid [10569]
[INFO] [controller_server-7]: process started with pid [10571]
[INFO] [smoother_server-8]: process started with pid [10573]
[INFO] [planner_server-9]: process started with pid [10575]
[INFO] [behavior_server-10]: process started with pid [10577]
[INFO] [bt_navigator-11]: process started with pid [10579]
[INFO] [waypoint_follower-12]: process started with pid [10582]
[INFO] [velocity_smoother-13]: process started with pid [10590]
[INFO] [lifecycle_manager-14]: process started with pid [10592]
[lifecycle_manager-6] [INFO] [1791117825.134188352] [lifecycle_manager_map_server]: Creating
[controller_server-7] [INFO] [1791117825.134909235] [controller_server]: 
[controller_server-7] 	controller_server lifecycle node launched. 
[controller_server-7] 	Waiting on external lifecycle transitions to activate
[controller_server-7] 	See https://design.ros2.org/articles/node_lifecycle.html for more information.
[planner_server-9] [INFO] [1791117825.168336814] [planner_server]: 
[planner_server-9] 	planner_server lifecycle node launched. 
[planner_server-9] 	Waiting on external lifecycle transitions to activate
[planner_server-9] 	See https://design.ros2.org/articles/node_lifecycle.html for more information.
[planner_server-9] [INFO] [1791117825.169862473] [planner_server]: Creating
[lifecycle_manager-6] [INFO] [1791117825.183297940] [lifecycle_manager_map_server]: [34m[1mCreating and initializing lifecycle service clients[0m[0m
[controller_server-7] [INFO] [1791117825.195979155] [controller_server]: Creating controller server
[lifecycle_manager-6] [INFO] [1791117825.208767540] [lifecycle_manager_map_server]: [34m[1mStarting managed nodes bringup...[0m[0m
[lifecycle_manager-6] [INFO] [1791117825.208825525] [lifecycle_manager_map_server]: [34m[1mConfiguring map_server[0m[0m
[map_server-5] [INFO] [1791117825.219744972] [map_server]: 
[map_server-5] 	map_server lifecycle node launched. 
[map_server-5] 	Waiting on external lifecycle transitions to activate
[map_server-5] 	See https://design.ros2.org/articles/node_lifecycle.html for more information.
[map_server-5] [INFO] [1791117825.219824981] [map_server]: Creating
[map_server-5] [INFO] [1791117825.220024098] [map_server]: Configuring
[map_server-5] [INFO] [1791117825.220058724] [map_io]: Loading yaml file: /opt/ws/install/mower_sim/share/mower_sim/maps/empty_map.yaml
[map_server-5] [INFO] [1791117825.220478823] [map_io]: resolution: 0.05
[map_server-5] [INFO] [1791117825.220500382] [map_io]: origin[0]: -50
[map_server-5] [INFO] [1791117825.220508267] [map_io]: origin[1]: -50
[map_server-5] [INFO] [1791117825.220515634] [map_io]: origin[2]: 0
[map_server-5] [INFO] [1791117825.220523282] [map_io]: free_thresh: 0.196
[map_server-5] [INFO] [1791117825.220531262] [map_io]: occupied_thresh: 0.65
[map_server-5] [INFO] [1791117825.220538078] [map_io]: mode: trinary
[map_server-5] [INFO] [1791117825.220545301] [map_io]: negate: 0
[map_server-5] [INFO] [1791117825.220876272] [map_io]: Loading image_file: /opt/ws/install/mower_sim/share/mower_sim/maps/empty_map.pgm
[velocity_smoother-13] [INFO] [1791117825.252354583] [velocity_smoother]: 
[velocity_smoother-13] 	velocity_smoother lifecycle node launched. 
[velocity_smoother-13] 	Waiting on external lifecycle transitions to activate
[velocity_smoother-13] 	See https://design.ros2.org/articles/node_lifecycle.html for more information.
[smoother_server-8] [INFO] [1791117825.302717135] [smoother_server]: 
[smoother_server-8] 	smoother_server lifecycle node launched. 
[smoother_server-8] 	Waiting on external lifecycle transitions to activate
[smoother_server-8] 	See https://design.ros2.org/articles/node_lifecycle.html for more information.
[smoother_server-8] [INFO] [1791117825.303920622] [smoother_server]: Creating smoother server
[bt_navigator-11] [INFO] [1791117825.321194287] [bt_navigator]: 
[bt_navigator-11] 	bt_navigator lifecycle node launched. 
[bt_navigator-11] 	Waiting on external lifecycle transitions to activate
[bt_navigator-11] 	See https://design.ros2.org/articles/node_lifecycle.html for more information.
[bt_navigator-11] [INFO] [1791117825.323442264] [bt_navigator]: Creating
[lifecycle_manager-14] [INFO] [1791117825.346527619] [lifecycle_manager_navigation]: Creating
[waypoint_follower-12] [INFO] [1791117825.351088899] [waypoint_follower]: 
[waypoint_follower-12] 	waypoint_follower lifecycle node launched. 
[waypoint_follower-12] 	Waiting on external lifecycle transitions to activate
[waypoint_follower-12] 	See https://design.ros2.org/articles/node_lifecycle.html for more information.
[waypoint_follower-12] [INFO] [1791117825.358113038] [waypoint_follower]: Creating
[planner_server-9] [INFO] [1791117825.391533917] [global_costmap.global_costmap]: 
[planner_server-9] 	global_costmap lifecycle node launched. 
[planner_server-9] 	Waiting on external lifecycle transitions to activate
[planner_server-9] 	See https://design.ros2.org/articles/node_lifecycle.html for more information.
[planner_server-9] [INFO] [1791117825.393167504] [global_costmap.global_costmap]: Creating Costmap
[behavior_server-10] [INFO] [1791117825.397407109] [behavior_server]: 
[behavior_server-10] 	behavior_server lifecycle node launched. 
[behavior_server-10] 	Waiting on external lifecycle transitions to activate
[behavior_server-10] 	See https://design.ros2.org/articles/node_lifecycle.html for more information.
[lifecycle_manager-14] [INFO] [1791117825.407171808] [lifecycle_manager_navigation]: [34m[1mCreating and initializing lifecycle service clients[0m[0m
[controller_server-7] [INFO] [1791117825.460783434] [local_costmap.local_costmap]: 
[controller_server-7] 	local_costmap lifecycle node launched. 
[controller_server-7] 	Waiting on external lifecycle transitions to activate
[controller_server-7] 	See https://design.ros2.org/articles/node_lifecycle.html for more information.
[controller_server-7] [INFO] [1791117825.461811187] [local_costmap.local_costmap]: Creating Costmap
[map_server-5] [INFO] [1791117825.903610243] [map_io]: Read map /opt/ws/install/mower_sim/share/mower_sim/maps/empty_map.pgm: 2000 X 2000 map @ 0.05 m/cell
[lifecycle_manager-6] [INFO] [1791117825.921406032] [lifecycle_manager_map_server]: [34m[1mActivating map_server[0m[0m
[map_server-5] [INFO] [1791117825.921757420] [map_server]: Activating
[map_server-5] [INFO] [1791117825.926811106] [map_server]: Creating bond (map_server) to lifecycle manager.
[lifecycle_manager-6] [INFO] [1791117826.039806992] [lifecycle_manager_map_server]: Server map_server connected with bond.
[lifecycle_manager-6] [INFO] [1791117826.039909744] [lifecycle_manager_map_server]: [34m[1mManaged nodes are active[0m[0m
[lifecycle_manager-6] [INFO] [1791117826.039925147] [lifecycle_manager_map_server]: [34m[1mCreating bond timer...[0m[0m
[lifecycle_manager-14] [INFO] [1791117826.288109228] [lifecycle_manager_navigation]: [34m[1mStarting managed nodes bringup...[0m[0m
[lifecycle_manager-14] [INFO] [1791117826.288204702] [lifecycle_manager_navigation]: [34m[1mConfiguring controller_server[0m[0m
[controller_server-7] [INFO] [1791117826.288653501] [controller_server]: Configuring controller interface
[controller_server-7] [INFO] [1791117826.289212987] [controller_server]: getting goal checker plugins..
[controller_server-7] [INFO] [1791117826.289637131] [controller_server]: Controller frequency set to 30.0000Hz
[controller_server-7] [INFO] [1791117826.289741840] [local_costmap.local_costmap]: Configuring
[controller_server-7] [INFO] [1791117826.304511298] [local_costmap.local_costmap]: Using plugin "static_layer"
[controller_server-7] [INFO] [1791117826.307886804] [local_costmap.local_costmap]: Subscribing to the map topic (/map) with transient local durability
[controller_server-7] [INFO] [1791117826.311588095] [local_costmap.local_costmap]: Initialized plugin "static_layer"
[controller_server-7] [INFO] [1791117826.311805505] [local_costmap.local_costmap]: Using plugin "voxel_layer"
[controller_server-7] [INFO] [1791117826.315207509] [local_costmap.local_costmap]: Subscribed to Topics: scan
[controller_server-7] [INFO] [1791117826.337995413] [local_costmap.local_costmap]: Initialized plugin "voxel_layer"
[controller_server-7] [INFO] [1791117826.338044949] [local_costmap.local_costmap]: Using plugin "inflation_layer"
[controller_server-7] [INFO] [1791117826.341730055] [local_costmap.local_costmap]: Initialized plugin "inflation_layer"
[controller_server-7] [INFO] [1791117826.360737098] [controller_server]: Created progress_checker : progress_checker of type nav2_controller::SimpleProgressChecker
[controller_server-7] [INFO] [1791117826.362229107] [controller_server]: Created goal checker : general_goal_checker of type nav2_controller::SimpleGoalChecker
[controller_server-7] [INFO] [1791117826.362585414] [controller_server]: Controller Server has general_goal_checker  goal checkers available.
[controller_server-7] [INFO] [1791117826.364695201] [controller_server]: Created controller : FollowPath of type nav2_regulated_pure_pursuit_controller::RegulatedPurePursuitController
[controller_server-7] [INFO] [1791117826.374421609] [controller_server]: Controller Server has FollowPath  controllers available.
[controller_server-7] [INFO] [1791117826.382626307] [local_costmap.local_costmap]: StaticLayer: Resizing static layer to 2000 X 2000 at 0.050000 m/pix
[lifecycle_manager-14] [INFO] [1791117826.404750341] [lifecycle_manager_navigation]: [34m[1mConfiguring smoother_server[0m[0m
[smoother_server-8] [INFO] [1791117826.405405341] [smoother_server]: Configuring smoother server
[smoother_server-8] [INFO] [1791117826.430122803] [smoother_server]: Created smoother : simple_smoother of type nav2_smoother::SimpleSmoother
[smoother_server-8] [INFO] [1791117826.435019826] [smoother_server]: Smoother Server has simple_smoother  smoothers available.
[lifecycle_manager-14] [INFO] [1791117826.451477003] [lifecycle_manager_navigation]: [34m[1mConfiguring planner_server[0m[0m
[planner_server-9] [INFO] [1791117826.451990143] [planner_server]: Configuring
[planner_server-9] [INFO] [1791117826.452048496] [global_costmap.global_costmap]: Configuring
[planner_server-9] [INFO] [1791117826.470221129] [global_costmap.global_costmap]: Using plugin "static_layer"
[planner_server-9] [INFO] [1791117826.476134625] [global_costmap.global_costmap]: Subscribing to the map topic (/map) with transient local durability
[planner_server-9] [INFO] [1791117826.480073049] [global_costmap.global_costmap]: Initialized plugin "static_layer"
[planner_server-9] [INFO] [1791117826.480130874] [global_costmap.global_costmap]: Using plugin "obstacle_layer"
[planner_server-9] [INFO] [1791117826.484045313] [global_costmap.global_costmap]: Subscribed to Topics: scan
[planner_server-9] [INFO] [1791117826.496829221] [global_costmap.global_costmap]: Initialized plugin "obstacle_layer"
[planner_server-9] [INFO] [1791117826.496879470] [global_costmap.global_costmap]: Using plugin "inflation_layer"
[planner_server-9] [INFO] [1791117826.497526824] [global_costmap.global_costmap]: Initialized plugin "inflation_layer"
[planner_server-9] [INFO] [1791117826.524791045] [planner_server]: Created global planner plugin GridBased of type nav2_navfn_planner/NavfnPlanner
[planner_server-9] [INFO] [1791117826.525031003] [planner_server]: Configuring plugin GridBased of type NavfnPlanner
[planner_server-9] [INFO] [1791117826.526972831] [planner_server]: Planner Server has GridBased  planners available.
[planner_server-9] [INFO] [1791117826.530227965] [global_costmap.global_costmap]: StaticLayer: Resizing costmap to 2000 X 2000 at 0.050000 m/pix
[lifecycle_manager-14] [INFO] [1791117826.565858042] [lifecycle_manager_navigation]: [34m[1mConfiguring behavior_server[0m[0m
[behavior_server-10] [INFO] [1791117826.566501020] [behavior_server]: Configuring
[behavior_server-10] [INFO] [1791117826.595340527] [behavior_server]: Creating behavior plugin spin of type nav2_behaviors/Spin
[behavior_server-10] [INFO] [1791117826.597601249] [behavior_server]: Configuring spin
[behavior_server-10] [INFO] [1791117826.616715626] [behavior_server]: Creating behavior plugin backup of type nav2_behaviors/BackUp
[behavior_server-10] [INFO] [1791117826.619848159] [behavior_server]: Configuring backup
[behavior_server-10] [INFO] [1791117826.637643021] [behavior_server]: Creating behavior plugin drive_on_heading of type nav2_behaviors/DriveOnHeading
[behavior_server-10] [INFO] [1791117826.639553348] [behavior_server]: Configuring drive_on_heading
[behavior_server-10] [INFO] [1791117826.650971226] [behavior_server]: Creating behavior plugin assisted_teleop of type nav2_behaviors/AssistedTeleop
[behavior_server-10] [INFO] [1791117826.653545439] [behavior_server]: Configuring assisted_teleop
[behavior_server-10] [INFO] [1791117826.669434093] [behavior_server]: Creating behavior plugin wait of type nav2_behaviors/Wait
[behavior_server-10] [INFO] [1791117826.671444493] [behavior_server]: Configuring wait
[lifecycle_manager-14] [INFO] [1791117826.682882373] [lifecycle_manager_navigation]: [34m[1mConfiguring bt_navigator[0m[0m
[bt_navigator-11] [INFO] [1791117826.683150075] [bt_navigator]: Configuring
[lifecycle_manager-14] [INFO] [1791117826.838531786] [lifecycle_manager_navigation]: [34m[1mConfiguring waypoint_follower[0m[0m
[waypoint_follower-12] [INFO] [1791117826.840189161] [waypoint_follower]: Configuring
[waypoint_follower-12] [INFO] [1791117826.873333089] [waypoint_follower]: Created waypoint_task_executor : wait_at_waypoint of type nav2_waypoint_follower::WaitAtWaypoint
[lifecycle_manager-14] [INFO] [1791117826.877814973] [lifecycle_manager_navigation]: [34m[1mConfiguring velocity_smoother[0m[0m
[velocity_smoother-13] [INFO] [1791117826.878980703] [velocity_smoother]: Configuring velocity smoother
[lifecycle_manager-14] [INFO] [1791117826.894080938] [lifecycle_manager_navigation]: [34m[1mActivating controller_server[0m[0m
[controller_server-7] [INFO] [1791117826.894810735] [controller_server]: Activating
[controller_server-7] [INFO] [1791117826.895293141] [local_costmap.local_costmap]: Activating
[controller_server-7] [INFO] [1791117826.895314749] [local_costmap.local_costmap]: Checking transform
[controller_server-7] [INFO] [1791117826.895439870] [local_costmap.local_costmap]: start
[controller_server-7] [INFO] [1791117827.099410004] [controller_server]: Activating controller: FollowPath of type regulated_pure_pursuit_controller::RegulatedPurePursuitController
[controller_server-7] [INFO] [1791117827.099484564] [controller_server]: Creating bond (controller_server) to lifecycle manager.
[lifecycle_manager-14] [INFO] [1791117827.212650622] [lifecycle_manager_navigation]: Server controller_server connected with bond.
[lifecycle_manager-14] [INFO] [1791117827.212765751] [lifecycle_manager_navigation]: [34m[1mActivating smoother_server[0m[0m
[smoother_server-8] [INFO] [1791117827.213772491] [smoother_server]: Activating
[smoother_server-8] [INFO] [1791117827.213935986] [smoother_server]: Creating bond (smoother_server) to lifecycle manager.
[lifecycle_manager-14] [INFO] [1791117827.336226022] [lifecycle_manager_navigation]: Server smoother_server connected with bond.
[lifecycle_manager-14] [INFO] [1791117827.336336487] [lifecycle_manager_navigation]: [34m[1mActivating planner_server[0m[0m
[planner_server-9] [INFO] [1791117827.336887613] [planner_server]: Activating
[planner_server-9] [INFO] [1791117827.336948790] [global_costmap.global_costmap]: Activating
[planner_server-9] [INFO] [1791117827.336963905] [global_costmap.global_costmap]: Checking transform
[planner_server-9] [INFO] [1791117827.337114223] [global_costmap.global_costmap]: start
[planner_server-9] [INFO] [1791117828.390539573] [planner_server]: Activating plugin GridBased of type NavfnPlanner
[planner_server-9] [INFO] [1791117828.393540331] [planner_server]: Creating bond (planner_server) to lifecycle manager.
[lifecycle_manager-14] [INFO] [1791117828.504821535] [lifecycle_manager_navigation]: Server planner_server connected with bond.
[lifecycle_manager-14] [INFO] [1791117828.504908180] [lifecycle_manager_navigation]: [34m[1mActivating behavior_server[0m[0m
[behavior_server-10] [INFO] [1791117828.505958452] [behavior_server]: Activating
[behavior_server-10] [INFO] [1791117828.506015629] [behavior_server]: Activating spin
[behavior_server-10] [INFO] [1791117828.506030364] [behavior_server]: Activating backup
[behavior_server-10] [INFO] [1791117828.506094155] [behavior_server]: Activating drive_on_heading
[behavior_server-10] [INFO] [1791117828.506115233] [behavior_server]: Activating assisted_teleop
[behavior_server-10] [INFO] [1791117828.506128758] [behavior_server]: Activating wait
[behavior_server-10] [INFO] [1791117828.506143599] [behavior_server]: Creating bond (behavior_server) to lifecycle manager.
[lifecycle_manager-14] [INFO] [1791117828.620337714] [lifecycle_manager_navigation]: Server behavior_server connected with bond.
[lifecycle_manager-14] [INFO] [1791117828.620427844] [lifecycle_manager_navigation]: [34m[1mActivating bt_navigator[0m[0m
[bt_navigator-11] [INFO] [1791117828.621708911] [bt_navigator]: Activating
[bt_navigator-11] [INFO] [1791117828.804629222] [bt_navigator]: Creating bond (bt_navigator) to lifecycle manager.
[lifecycle_manager-14] [INFO] [1791117828.917596965] [lifecycle_manager_navigation]: Server bt_navigator connected with bond.
[lifecycle_manager-14] [INFO] [1791117828.917693255] [lifecycle_manager_navigation]: [34m[1mActivating waypoint_follower[0m[0m
[waypoint_follower-12] [INFO] [1791117828.918416905] [waypoint_follower]: Activating
[waypoint_follower-12] [INFO] [1791117828.918458336] [waypoint_follower]: Creating bond (waypoint_follower) to lifecycle manager.
[lifecycle_manager-14] [INFO] [1791117829.031567983] [lifecycle_manager_navigation]: Server waypoint_follower connected with bond.
[lifecycle_manager-14] [INFO] [1791117829.031818818] [lifecycle_manager_navigation]: [34m[1mActivating velocity_smoother[0m[0m
[velocity_smoother-13] [INFO] [1791117829.032346703] [velocity_smoother]: Activating
[velocity_smoother-13] [INFO] [1791117829.032405448] [velocity_smoother]: Creating bond (velocity_smoother) to lifecycle manager.
[lifecycle_manager-14] [INFO] [1791117829.152652006] [lifecycle_manager_navigation]: Server velocity_smoother connected with bond.
[lifecycle_manager-14] [INFO] [1791117829.152719803] [lifecycle_manager_navigation]: [34m[1mManaged nodes are active[0m[0m
[lifecycle_manager-14] [INFO] [1791117829.152740801] [lifecycle_manager_navigation]: [34m[1mCreating bond timer...[0m[0m
[controller_server-7] [INFO] [1791117830.105039560] [controller_server]: Received a goal, begin computing control effort.
[controller_server-7] [INFO] [1791117849.675304242] [controller_server]: Reached the goal!
[WARNING] [launch]: user interrupted with ctrl-c (SIGINT)
[lifecycle_manager-14] [INFO] [1791117850.164631172] [rclcpp]: signal_handler(signum=2)
[lifecycle_manager-14] [INFO] [1791117850.165471548] [lifecycle_manager_navigation]: Running Nav2 LifecycleManager rcl preshutdown (lifecycle_manager_navigation)
[lifecycle_manager-14] [INFO] [1791117850.165543460] [lifecycle_manager_navigation]: [34m[1mTerminating bond timer...[0m[0m
[behavior_server-10] [INFO] [1791117850.164674617] [rclcpp]: signal_handler(signum=2)
[behavior_server-10] [INFO] [1791117850.164799210] [behavior_server]: Running Nav2 LifecycleNode rcl preshutdown (behavior_server)
[behavior_server-10] [INFO] [1791117850.164882023] [behavior_server]: Deactivating
[behavior_server-10] [INFO] [1791117850.164909450] [behavior_server]: Destroying bond (behavior_server) to lifecycle manager.
[velocity_smoother-13] [INFO] [1791117850.164676935] [rclcpp]: signal_handler(signum=2)
[waypoint_follower-12] [INFO] [1791117850.164695657] [rclcpp]: signal_handler(signum=2)
[waypoint_follower-12] [INFO] [1791117850.165999797] [waypoint_follower]: Running Nav2 LifecycleNode rcl preshutdown (waypoint_follower)
[waypoint_follower-12] [INFO] [1791117850.166091449] [waypoint_follower]: Deactivating
[waypoint_follower-12] [INFO] [1791117850.166107608] [waypoint_follower]: Destroying bond (waypoint_follower) to lifecycle manager.
[bt_navigator-11] [INFO] [1791117850.164700271] [rclcpp]: signal_handler(signum=2)
[bt_navigator-11] [INFO] [1791117850.164827432] [bt_navigator]: Running Nav2 LifecycleNode rcl preshutdown (bt_navigator)
[bt_navigator-11] [INFO] [1791117850.164924682] [bt_navigator]: Deactivating
[bt_navigator-11] [INFO] [1791117850.164952572] [bt_navigator]: Destroying bond (bt_navigator) to lifecycle manager.
[planner_server-9] [INFO] [1791117850.164737132] [rclcpp]: signal_handler(signum=2)
[planner_server-9] [INFO] [1791117850.164829586] [planner_server]: Running Nav2 LifecycleNode rcl preshutdown (planner_server)
[planner_server-9] [INFO] [1791117850.164896276] [planner_server]: Deactivating
[planner_server-9] [INFO] [1791117850.166241687] [global_costmap.global_costmap]: Deactivating
[controller_server-7] [INFO] [1791117850.164874209] [rclcpp]: signal_handler(signum=2)
[controller_server-7] [INFO] [1791117850.165007471] [controller_server]: Running Nav2 LifecycleNode rcl preshutdown (controller_server)
[controller_server-7] [INFO] [1791117850.165085746] [controller_server]: Deactivating
[controller_server-7] [INFO] [1791117850.165180935] [controller_server]: Deactivating controller: FollowPath of type regulated_pure_pursuit_controller::RegulatedPurePursuitController
[controller_server-7] [INFO] [1791117850.165233594] [local_costmap.local_costmap]: Deactivating
[robot_state_publisher-2] [INFO] [1791117850.165059807] [rclcpp]: signal_handler(signum=2)
[smoother_server-8] [INFO] [1791117850.165205159] [rclcpp]: signal_handler(signum=2)
[smoother_server-8] [INFO] [1791117850.167709819] [smoother_server]: Running Nav2 LifecycleNode rcl preshutdown (smoother_server)
[smoother_server-8] [INFO] [1791117850.167788046] [smoother_server]: Deactivating
[smoother_server-8] [INFO] [1791117850.167807493] [smoother_server]: Destroying bond (smoother_server) to lifecycle manager.
[map_server-5] [INFO] [1791117850.165243550] [rclcpp]: signal_handler(signum=2)
[map_server-5] [INFO] [1791117850.165361044] [map_server]: Running Nav2 LifecycleNode rcl preshutdown (map_server)
[map_server-5] [INFO] [1791117850.165439575] [map_server]: Deactivating
[map_server-5] [INFO] [1791117850.165454165] [map_server]: Destroying bond (map_server) to lifecycle manager.
[lifecycle_manager-6] [INFO] [1791117850.166418518] [rclcpp]: signal_handler(signum=2)
[lifecycle_manager-6] [INFO] [1791117850.166523519] [lifecycle_manager_map_server]: Running Nav2 LifecycleManager rcl preshutdown (lifecycle_manager_map_server)
[lifecycle_manager-6] [INFO] [1791117850.166567643] [lifecycle_manager_map_server]: [34m[1mTerminating bond timer...[0m[0m
[INFO] [lifecycle_manager-14]: sending signal 'SIGINT' to process[lifecycle_manager-14]
[INFO] [velocity_smoother-13]: sending signal 'SIGINT' to process[velocity_smoother-13]
[INFO] [waypoint_follower-12]: sending signal 'SIGINT' to process[waypoint_follower-12]
[INFO] [bt_navigator-11]: sending signal 'SIGINT' to process[bt_navigator-11]
[INFO] [behavior_server-10]: sending signal 'SIGINT' to process[behavior_server-10]
[INFO] [planner_server-9]: sending signal 'SIGINT' to process[planner_server-9]
[INFO] [smoother_server-8]: sending signal 'SIGINT' to process[smoother_server-8]
[INFO] [controller_server-7]: sending signal 'SIGINT' to process[controller_server-7]
[INFO] [lifecycle_manager-6]: sending signal 'SIGINT' to process[lifecycle_manager-6]
[INFO] [map_server-5]: sending signal 'SIGINT' to process[map_server-5]
[INFO] [ground_truth_tf_publisher-4]: sending signal 'SIGINT' to process[ground_truth_tf_publisher-4]
[INFO] [robot_state_publisher-2]: sending signal 'SIGINT' to process[robot_state_publisher-2]
[INFO] [gzserver-1]: sending signal 'SIGINT' to process[gzserver-1]
[behavior_server-10] [INFO] [1791117850.175512490] [behavior_server]: Cleaning up
[velocity_smoother-13] [INFO] [1791117850.170568309] [velocity_smoother]: Running Nav2 LifecycleNode rcl preshutdown (velocity_smoother)
[velocity_smoother-13] [INFO] [1791117850.170638446] [velocity_smoother]: Deactivating
[velocity_smoother-13] [INFO] [1791117850.170654480] [velocity_smoother]: Destroying bond (velocity_smoother) to lifecycle manager.
[velocity_smoother-13] [INFO] [1791117850.190259856] [velocity_smoother]: Cleaning up
[velocity_smoother-13] [INFO] [1791117850.190313099] [velocity_smoother]: Destroying bond (velocity_smoother) to lifecycle manager.
[map_server-5] [INFO] [1791117850.178681910] [map_server]: Cleaning up
[map_server-5] [INFO] [1791117850.179181034] [map_server]: Destroying bond (map_server) to lifecycle manager.
[map_server-5] [INFO] [1791117850.188096309] [map_server]: Destroying
[waypoint_follower-12] [INFO] [1791117850.179174979] [waypoint_follower]: Cleaning up
[waypoint_follower-12] [INFO] [1791117850.196985126] [waypoint_follower]: Destroying bond (waypoint_follower) to lifecycle manager.
[smoother_server-8] [INFO] [1791117850.180249593] [smoother_server]: Cleaning up
[lifecycle_manager-6] [INFO] [1791117850.182099404] [lifecycle_manager_map_server]: Destroying lifecycle_manager_map_server
[bt_navigator-11] [INFO] [1791117850.195412713] [bt_navigator]: Cleaning up
[lifecycle_manager-14] [INFO] [1791117850.200761904] [rclcpp]: signal_handler(signum=2)
[velocity_smoother-13] [INFO] [1791117850.201486588] [rclcpp]: signal_handler(signum=2)
[waypoint_follower-12] [INFO] [1791117850.204773950] [rclcpp]: signal_handler(signum=2)
[behavior_server-10] [INFO] [1791117850.205840759] [behavior_server]: Destroying bond (behavior_server) to lifecycle manager.
[bt_navigator-11] [INFO] [1791117850.206020520] [rclcpp]: signal_handler(signum=2)
[behavior_server-10] [INFO] [1791117850.211211506] [rclcpp]: signal_handler(signum=2)
[planner_server-9] [INFO] [1791117850.217897081] [rclcpp]: signal_handler(signum=2)
[smoother_server-8] [INFO] [1791117850.219136023] [smoother_server]: Destroying bond (smoother_server) to lifecycle manager.
[velocity_smoother-13] [INFO] [1791117850.219767746] [velocity_smoother]: Destroying
[controller_server-7] [INFO] [1791117850.222242346] [rclcpp]: signal_handler(signum=2)
[ERROR] [lifecycle_manager-6]: process has died [pid 10569, exit code -2, cmd '/opt/mm/root/envs/ros/lib/nav2_lifecycle_manager/lifecycle_manager --ros-args -r __node:=lifecycle_manager_map_server --params-file /tmp/launch_params_lz14iafx'].
[smoother_server-8] [INFO] [1791117850.222587462] [rclcpp]: signal_handler(signum=2)
[robot_state_publisher-2] [INFO] [1791117850.227641451] [rclcpp]: signal_handler(signum=2)
[ground_truth_tf_publisher-4] Traceback (most recent call last):
[ground_truth_tf_publisher-4]   File "/opt/ws/install/mower_sim/lib/mower_sim/ground_truth_tf_publisher", line 33, in <module>
[ground_truth_tf_publisher-4]     sys.exit(load_entry_point('mower_sim==0.0.0', 'console_scripts', 'ground_truth_tf_publisher')())
[ground_truth_tf_publisher-4]              ^^^^^^^^^^^^^^^^^^^^^^^^^^^^^^^^^^^^^^^^^^^^^^^^^^^^^^^^^^^^^^^^^^^^^^^^^^^^^^^^^^^^^^
[ground_truth_tf_publisher-4]   File "/opt/ws/install/mower_sim/lib/python3.11/site-packages/mower_sim/ground_truth_tf_publisher.py", line 148, in main
[ground_truth_tf_publisher-4]     node.destroy_node()
[ground_truth_tf_publisher-4]   File "/opt/mm/root/envs/ros/lib/python3.11/site-packages/rclpy/node.py", line 1690, in destroy_node
[ground_truth_tf_publisher-4]     self.__node.destroy_when_not_in_use()
[ground_truth_tf_publisher-4] KeyboardInterrupt
[waypoint_follower-12] [INFO] [1791117850.244603909] [waypoint_follower]: Destroying
[smoother_server-8] [INFO] [1791117850.247247197] [smoother_server]: Destroying
[ERROR] [map_server-5]: process has died [pid 10567, exit code -2, cmd '/opt/mm/root/envs/ros/lib/nav2_map_server/map_server --ros-args -r __node:=map_server --params-file /tmp/launch_params_4fr2xmsa'].
[lifecycle_manager-14] [INFO] [1791117850.277938514] [lifecycle_manager_navigation]: Destroying lifecycle_manager_navigation
[behavior_server-10] [INFO] [1791117850.279170515] [behavior_server]: Destroying
[controller_server-7] [INFO] [1791117850.295844849] [controller_server]: Destroying bond (controller_server) to lifecycle manager.
[controller_server-7] [INFO] [1791117850.296047204] [controller_server]: Cleaning up
[controller_server-7] [INFO] [1791117850.296067489] [controller_server]: Cleaning up controller: FollowPath of type regulated_pure_pursuit_controller::RegulatedPurePursuitController
[controller_server-7] [INFO] [1791117850.296187783] [local_costmap.local_costmap]: Cleaning up
[controller_server-7] [INFO] [1791117850.332415665] [controller_server]: Destroying bond (controller_server) to lifecycle manager.
[planner_server-9] [INFO] [1791117850.337567307] [planner_server]: Deactivating plugin GridBased of type NavfnPlanner
[controller_server-7] [INFO] [1791117850.338118952] [local_costmap.local_costmap]: Destroying
[planner_server-9] [INFO] [1791117850.339273164] [planner_server]: Destroying bond (planner_server) to lifecycle manager.
[planner_server-9] [INFO] [1791117850.339858996] [planner_server]: Cleaning up
[INFO] [robot_state_publisher-2]: process has finished cleanly [pid 10458]
[planner_server-9] [INFO] [1791117850.357532371] [global_costmap.global_costmap]: Cleaning up
[controller_server-7] [INFO] [1791117850.358280701] [controller_server]: Destroying
[INFO] [velocity_smoother-13]: process has finished cleanly [pid 10590]
[planner_server-9] [INFO] [1791117850.369603250] [planner_server]: Cleaning up plugin GridBased of type NavfnPlanner
[planner_server-9] [INFO] [1791117850.369834310] [planner_server]: Destroying plugin GridBased of type NavfnPlanner
[ERROR] [ground_truth_tf_publisher-4]: process has died [pid 10462, exit code -2, cmd '/opt/ws/install/mower_sim/lib/mower_sim/ground_truth_tf_publisher --ros-args --params-file /tmp/launch_params_1wy_23s9'].
[planner_server-9] [INFO] [1791117850.395494669] [planner_server]: Destroying bond (planner_server) to lifecycle manager.
[planner_server-9] [INFO] [1791117850.399869004] [global_costmap.global_costmap]: Destroying
[bt_navigator-11] [INFO] [1791117850.407851391] [bt_navigator]: Completed Cleaning up
[bt_navigator-11] [INFO] [1791117850.407965140] [bt_navigator]: Destroying bond (bt_navigator) to lifecycle manager.
[INFO] [waypoint_follower-12]: process has finished cleanly [pid 10582]
[planner_server-9] [INFO] [1791117850.413856054] [planner_server]: Destroying
[bt_navigator-11] [INFO] [1791117850.414497308] [bt_navigator]: Destroying
[INFO] [lifecycle_manager-14]: process has finished cleanly [pid 10592]
[INFO] [smoother_server-8]: process has finished cleanly [pid 10573]
[gzserver-1] [0m[1;32m[0m[1;32m[0m[1;32m[Msg] [0m[1;32mLoading world file [[0m[1;32m/opt/ws/install/mower_sim/share/mower_sim/worlds/empty_field.world[0m[1;32m][0m[1;32m
[INFO] [behavior_server-10]: process has finished cleanly [pid 10577]
[INFO] [controller_server-7]: process has finished cleanly [pid 10571]
[INFO] [bt_navigator-11]: process has finished cleanly [pid 10579]
[INFO] [planner_server-9]: process has finished cleanly [pid 10575]
[INFO] [gzserver-1]: process has finished cleanly [pid 10456]
[gzserver-1] [0m[1;32m[0m[1;32m[0m[1;36m[0m[1;32m[0m
[gzserver-1] [1;33m[0m[1;31m[0m
