[INFO] [launch]: All log files can be found below /root/.ros/log/2026-10-04-12-34-47-687953-vm-7933
[INFO] [launch]: Default logging verbosity is set to INFO

[mower_sim] Controller: RPP
[mower_sim] Params: /opt/ws/install/mower_sim/share/mower_sim/config/nav2_rpp_fair.yaml

[INFO] [gzserver-1]: process started with pid [7942]
[INFO] [robot_state_publisher-2]: process started with pid [7944]
[INFO] [spawn_entity.py-3]: process started with pid [7946]
[INFO] [ground_truth_tf_publisher-4]: process started with pid [7948]
[robot_state_publisher-2] [INFO] [1791117287.809155335] [robot_state_publisher]: got segment base_footprint
[robot_state_publisher-2] [INFO] [1791117287.810106737] [robot_state_publisher]: got segment base_link
[robot_state_publisher-2] [INFO] [1791117287.810591168] [robot_state_publisher]: got segment base_scan
[robot_state_publisher-2] [INFO] [1791117287.810965650] [robot_state_publisher]: got segment front_left_caster
[robot_state_publisher-2] [INFO] [1791117287.811309437] [robot_state_publisher]: got segment front_right_caster
[robot_state_publisher-2] [INFO] [1791117287.811320700] [robot_state_publisher]: got segment left_wheel
[robot_state_publisher-2] [INFO] [1791117287.811325716] [robot_state_publisher]: got segment right_wheel
[ground_truth_tf_publisher-4] [INFO] [1791117288.142352304] [ground_truth_tf_publisher]: Ground truth TF publisher started for "mower": map -> odom
[spawn_entity.py-3] [INFO] [1791117288.157103875] [spawn_entity]: Spawn Entity started
[spawn_entity.py-3] [INFO] [1791117288.157865527] [spawn_entity]: Loading entity published on topic robot_description
[spawn_entity.py-3] /opt/mm/root/envs/ros/lib/python3.11/site-packages/rclpy/qos.py:307: UserWarning: DurabilityPolicy.RMW_QOS_POLICY_DURABILITY_TRANSIENT_LOCAL is deprecated. Use DurabilityPolicy.TRANSIENT_LOCAL instead.
[spawn_entity.py-3]   warnings.warn(
[spawn_entity.py-3] [INFO] [1791117288.160694694] [spawn_entity]: Waiting for entity xml on robot_description
[gzserver-1] Gazebo multi-robot simulator, version 11.15.1
[gzserver-1] Copyright (C) 2012 Open Source Robotics Foundation.
[gzserver-1] Released under the Apache 2 License.
[gzserver-1] http://gazebosim.org
[gzserver-1] 
[gzserver-1] [1;33m
[gzserver-1] #     # ####### ####### ###  #####  #######
[gzserver-1] ##    # #     #    #     #  #     # #
[gzserver-1] # #   # #     #    #     #  #       #
[gzserver-1] #  #  # #     #    #     #  #       #####
[gzserver-1] #   # # #     #    #     #  #       #
[gzserver-1] #    ## #     #    #     #  #     # #
[gzserver-1] #     # #######    #    ###  #####  #######
[gzserver-1] 
[gzserver-1] This version of Gazebo, now called Gazebo classic, reaches end-of-life
[gzserver-1] in January 2025. Users are highly encouraged to migrate to the new Gazebo
[gzserver-1] using our migration guides (https://gazebosim.org/docs/latest/gazebo_classic_migration/)
[gzserver-1] 
[gzserver-1] 
[spawn_entity.py-3] [INFO] [1791117288.356956033] [spawn_entity]: Waiting for service /spawn_entity, timeout = 120
[spawn_entity.py-3] [INFO] [1791117288.358029265] [spawn_entity]: Waiting for service /spawn_entity
[gzserver-1] [1;32m[Msg] [0m[1;32mWaiting for master.[0m[1;32m
[gzserver-1] [0m[1;32m[0m[1;32m[0m[1;32m[Msg] [0m[1;32mConnected to gazebo master @ [0m[1;32mhttp://127.0.0.1:11345[0m[1;32m
[gzserver-1] [0m[1;32m[0m[1;32m[0m[1;32m[Msg] [0m[1;32mPublicized address: [0m[1;32m192.0.2.2[0m[1;32m
[gzserver-1] [0m[1;31m[Err] [RenderEngine.cc:749] [0m[1;31mCan't open display: [0m[1;31m[0m[1;31m
[gzserver-1] [0m[1;33m[Wrn] [RenderEngine.cc:89] [0m[1;33mUnable to create X window. Rendering will be disabled
[gzserver-1] [0m[1;33m[Wrn] [RenderEngine.cc:292] [0m[1;33mCannot initialize render engine since [0m[1;33mrender path type is NONE. Ignore this warning if [0m[1;33mrendering has been turned off on purpose.
[gzserver-1] [0m[INFO] [1791117288.770023767] [gazebo.gazebo_ros_state]: Publishing states of gazebo models at [/gazebo/model_states]
[gzserver-1] [INFO] [1791117288.770568294] [gazebo.gazebo_ros_state]: Publishing states of gazebo links at [/gazebo/link_states]
[spawn_entity.py-3] [INFO] [1791117288.864641699] [spawn_entity]: Calling service /spawn_entity
[spawn_entity.py-3] [INFO] [1791117289.002876016] [spawn_entity]: Spawn status: SpawnEntity: Successfully spawned entity [mower]
[gzserver-1] [INFO] [1791117289.020228777] [diff_drive]: Wheel pair 1 separation set to [0.700000m]
[gzserver-1] [INFO] [1791117289.020283845] [diff_drive]: Wheel pair 1 diameter set to [0.300000m]
[gzserver-1] [INFO] [1791117289.021031346] [diff_drive]: Subscribed to [/cmd_vel]
[gzserver-1] [INFO] [1791117289.024291105] [diff_drive]: Advertise odometry on [/odom]
[gzserver-1] [INFO] [1791117289.027757328] [diff_drive]: Publishing odom transforms between [odom] and [base_footprint]
[gzserver-1] [INFO] [1791117289.036796628] [joint_states]: Going to publish joint [left_wheel_joint]
[gzserver-1] [INFO] [1791117289.036858752] [joint_states]: Going to publish joint [right_wheel_joint]
[INFO] [spawn_entity.py-3]: process has finished cleanly [pid 7946]
[INFO] [map_server-5]: process started with pid [8069]
[INFO] [lifecycle_manager-6]: process started with pid [8071]
[INFO] [controller_server-7]: process started with pid [8073]
[INFO] [smoother_server-8]: process started with pid [8075]
[INFO] [planner_server-9]: process started with pid [8077]
[INFO] [behavior_server-10]: process started with pid [8079]
[INFO] [bt_navigator-11]: process started with pid [8081]
[INFO] [waypoint_follower-12]: process started with pid [8083]
[INFO] [velocity_smoother-13]: process started with pid [8087]
[INFO] [lifecycle_manager-14]: process started with pid [8095]
[map_server-5] [INFO] [1791117308.144751525] [map_server]: 
[map_server-5] 	map_server lifecycle node launched. 
[map_server-5] 	Waiting on external lifecycle transitions to activate
[map_server-5] 	See https://design.ros2.org/articles/node_lifecycle.html for more information.
[map_server-5] [INFO] [1791117308.144846154] [map_server]: Creating
[lifecycle_manager-6] [INFO] [1791117308.207624024] [lifecycle_manager_map_server]: Creating
[lifecycle_manager-14] [INFO] [1791117308.207820065] [lifecycle_manager_navigation]: Creating
[planner_server-9] [INFO] [1791117308.243536107] [planner_server]: 
[planner_server-9] 	planner_server lifecycle node launched. 
[planner_server-9] 	Waiting on external lifecycle transitions to activate
[planner_server-9] 	See https://design.ros2.org/articles/node_lifecycle.html for more information.
[lifecycle_manager-6] [INFO] [1791117308.245755319] [lifecycle_manager_map_server]: [34m[1mCreating and initializing lifecycle service clients[0m[0m
[smoother_server-8] [INFO] [1791117308.254591080] [smoother_server]: 
[smoother_server-8] 	smoother_server lifecycle node launched. 
[smoother_server-8] 	Waiting on external lifecycle transitions to activate
[smoother_server-8] 	See https://design.ros2.org/articles/node_lifecycle.html for more information.
[smoother_server-8] [INFO] [1791117308.255716552] [smoother_server]: Creating smoother server
[planner_server-9] [INFO] [1791117308.264055861] [planner_server]: Creating
[lifecycle_manager-6] [INFO] [1791117308.277898110] [lifecycle_manager_map_server]: [34m[1mStarting managed nodes bringup...[0m[0m
[lifecycle_manager-6] [INFO] [1791117308.278710326] [lifecycle_manager_map_server]: [34m[1mConfiguring map_server[0m[0m
[lifecycle_manager-14] [INFO] [1791117308.281526462] [lifecycle_manager_navigation]: [34m[1mCreating and initializing lifecycle service clients[0m[0m
[waypoint_follower-12] [INFO] [1791117308.324022106] [waypoint_follower]: 
[waypoint_follower-12] 	waypoint_follower lifecycle node launched. 
[waypoint_follower-12] 	Waiting on external lifecycle transitions to activate
[waypoint_follower-12] 	See https://design.ros2.org/articles/node_lifecycle.html for more information.
[waypoint_follower-12] [INFO] [1791117308.324444582] [waypoint_follower]: Creating
[controller_server-7] [INFO] [1791117308.326574360] [controller_server]: 
[controller_server-7] 	controller_server lifecycle node launched. 
[controller_server-7] 	Waiting on external lifecycle transitions to activate
[controller_server-7] 	See https://design.ros2.org/articles/node_lifecycle.html for more information.
[controller_server-7] [INFO] [1791117308.332611593] [controller_server]: Creating controller server
[velocity_smoother-13] [INFO] [1791117308.339881397] [velocity_smoother]: 
[velocity_smoother-13] 	velocity_smoother lifecycle node launched. 
[velocity_smoother-13] 	Waiting on external lifecycle transitions to activate
[velocity_smoother-13] 	See https://design.ros2.org/articles/node_lifecycle.html for more information.
[bt_navigator-11] [INFO] [1791117308.356471074] [bt_navigator]: 
[bt_navigator-11] 	bt_navigator lifecycle node launched. 
[bt_navigator-11] 	Waiting on external lifecycle transitions to activate
[bt_navigator-11] 	See https://design.ros2.org/articles/node_lifecycle.html for more information.
[bt_navigator-11] [INFO] [1791117308.356552023] [bt_navigator]: Creating
[map_server-5] [INFO] [1791117308.368354623] [map_server]: Configuring
[map_server-5] [INFO] [1791117308.368431871] [map_io]: Loading yaml file: /opt/ws/install/mower_sim/share/mower_sim/maps/empty_map.yaml
[map_server-5] [INFO] [1791117308.368696619] [map_io]: resolution: 0.05
[map_server-5] [INFO] [1791117308.368705260] [map_io]: origin[0]: -50
[map_server-5] [INFO] [1791117308.368708911] [map_io]: origin[1]: -50
[map_server-5] [INFO] [1791117308.368712524] [map_io]: origin[2]: 0
[map_server-5] [INFO] [1791117308.368716151] [map_io]: free_thresh: 0.196
[map_server-5] [INFO] [1791117308.368719741] [map_io]: occupied_thresh: 0.65
[map_server-5] [INFO] [1791117308.368723275] [map_io]: mode: trinary
[map_server-5] [INFO] [1791117308.368726864] [map_io]: negate: 0
[map_server-5] [INFO] [1791117308.368909506] [map_io]: Loading image_file: /opt/ws/install/mower_sim/share/mower_sim/maps/empty_map.pgm
[behavior_server-10] [INFO] [1791117308.399759277] [behavior_server]: 
[behavior_server-10] 	behavior_server lifecycle node launched. 
[behavior_server-10] 	Waiting on external lifecycle transitions to activate
[behavior_server-10] 	See https://design.ros2.org/articles/node_lifecycle.html for more information.
[controller_server-7] [INFO] [1791117308.400946722] [local_costmap.local_costmap]: 
[controller_server-7] 	local_costmap lifecycle node launched. 
[controller_server-7] 	Waiting on external lifecycle transitions to activate
[controller_server-7] 	See https://design.ros2.org/articles/node_lifecycle.html for more information.
[controller_server-7] [INFO] [1791117308.403247803] [local_costmap.local_costmap]: Creating Costmap
[planner_server-9] [INFO] [1791117308.419544784] [global_costmap.global_costmap]: 
[planner_server-9] 	global_costmap lifecycle node launched. 
[planner_server-9] 	Waiting on external lifecycle transitions to activate
[planner_server-9] 	See https://design.ros2.org/articles/node_lifecycle.html for more information.
[planner_server-9] [INFO] [1791117308.420313240] [global_costmap.global_costmap]: Creating Costmap
[map_server-5] [INFO] [1791117308.884944880] [map_io]: Read map /opt/ws/install/mower_sim/share/mower_sim/maps/empty_map.pgm: 2000 X 2000 map @ 0.05 m/cell
[lifecycle_manager-6] [INFO] [1791117308.911050108] [lifecycle_manager_map_server]: [34m[1mActivating map_server[0m[0m
[map_server-5] [INFO] [1791117308.911439198] [map_server]: Activating
[map_server-5] [INFO] [1791117308.917102319] [map_server]: Creating bond (map_server) to lifecycle manager.
[lifecycle_manager-6] [INFO] [1791117309.030023440] [lifecycle_manager_map_server]: Server map_server connected with bond.
[lifecycle_manager-6] [INFO] [1791117309.030112979] [lifecycle_manager_map_server]: [34m[1mManaged nodes are active[0m[0m
[lifecycle_manager-6] [INFO] [1791117309.030162174] [lifecycle_manager_map_server]: [34m[1mCreating bond timer...[0m[0m
[lifecycle_manager-14] [INFO] [1791117309.177561612] [lifecycle_manager_navigation]: [34m[1mStarting managed nodes bringup...[0m[0m
[lifecycle_manager-14] [INFO] [1791117309.177651972] [lifecycle_manager_navigation]: [34m[1mConfiguring controller_server[0m[0m
[controller_server-7] [INFO] [1791117309.178048637] [controller_server]: Configuring controller interface
[controller_server-7] [INFO] [1791117309.178673540] [controller_server]: getting goal checker plugins..
[controller_server-7] [INFO] [1791117309.179733780] [controller_server]: Controller frequency set to 30.0000Hz
[controller_server-7] [INFO] [1791117309.179803608] [local_costmap.local_costmap]: Configuring
[controller_server-7] [INFO] [1791117309.193998088] [local_costmap.local_costmap]: Using plugin "static_layer"
[controller_server-7] [INFO] [1791117309.198089095] [local_costmap.local_costmap]: Subscribing to the map topic (/map) with transient local durability
[controller_server-7] [INFO] [1791117309.202439826] [local_costmap.local_costmap]: Initialized plugin "static_layer"
[controller_server-7] [INFO] [1791117309.202497653] [local_costmap.local_costmap]: Using plugin "voxel_layer"
[controller_server-7] [INFO] [1791117309.206036211] [local_costmap.local_costmap]: Subscribed to Topics: scan
[controller_server-7] [INFO] [1791117309.240956942] [local_costmap.local_costmap]: Initialized plugin "voxel_layer"
[controller_server-7] [INFO] [1791117309.241001683] [local_costmap.local_costmap]: Using plugin "inflation_layer"
[controller_server-7] [INFO] [1791117309.241856234] [local_costmap.local_costmap]: Initialized plugin "inflation_layer"
[controller_server-7] [INFO] [1791117309.263667370] [controller_server]: Created progress_checker : progress_checker of type nav2_controller::SimpleProgressChecker
[controller_server-7] [INFO] [1791117309.267722147] [controller_server]: Created goal checker : general_goal_checker of type nav2_controller::SimpleGoalChecker
[controller_server-7] [INFO] [1791117309.268049899] [controller_server]: Controller Server has general_goal_checker  goal checkers available.
[controller_server-7] [INFO] [1791117309.269020883] [controller_server]: Created controller : FollowPath of type nav2_regulated_pure_pursuit_controller::RegulatedPurePursuitController
[controller_server-7] [INFO] [1791117309.271189950] [local_costmap.local_costmap]: StaticLayer: Resizing static layer to 2000 X 2000 at 0.050000 m/pix
[controller_server-7] [INFO] [1791117309.283547645] [controller_server]: Controller Server has FollowPath  controllers available.
[lifecycle_manager-14] [INFO] [1791117309.311999366] [lifecycle_manager_navigation]: [34m[1mConfiguring smoother_server[0m[0m
[smoother_server-8] [INFO] [1791117309.313314326] [smoother_server]: Configuring smoother server
[smoother_server-8] [INFO] [1791117309.346453445] [smoother_server]: Created smoother : simple_smoother of type nav2_smoother::SimpleSmoother
[smoother_server-8] [INFO] [1791117309.347170030] [smoother_server]: Smoother Server has simple_smoother  smoothers available.
[lifecycle_manager-14] [INFO] [1791117309.370538218] [lifecycle_manager_navigation]: [34m[1mConfiguring planner_server[0m[0m
[planner_server-9] [INFO] [1791117309.370982102] [planner_server]: Configuring
[planner_server-9] [INFO] [1791117309.371054656] [global_costmap.global_costmap]: Configuring
[planner_server-9] [INFO] [1791117309.395189014] [global_costmap.global_costmap]: Using plugin "static_layer"
[planner_server-9] [INFO] [1791117309.403541941] [global_costmap.global_costmap]: Subscribing to the map topic (/map) with transient local durability
[planner_server-9] [INFO] [1791117309.408367485] [global_costmap.global_costmap]: Initialized plugin "static_layer"
[planner_server-9] [INFO] [1791117309.408436600] [global_costmap.global_costmap]: Using plugin "obstacle_layer"
[planner_server-9] [INFO] [1791117309.408993174] [global_costmap.global_costmap]: Subscribed to Topics: scan
[planner_server-9] [INFO] [1791117309.428408251] [global_costmap.global_costmap]: Initialized plugin "obstacle_layer"
[planner_server-9] [INFO] [1791117309.428493291] [global_costmap.global_costmap]: Using plugin "inflation_layer"
[planner_server-9] [INFO] [1791117309.434056390] [global_costmap.global_costmap]: Initialized plugin "inflation_layer"
[planner_server-9] [INFO] [1791117309.466100395] [planner_server]: Created global planner plugin GridBased of type nav2_navfn_planner/NavfnPlanner
[planner_server-9] [INFO] [1791117309.466180057] [planner_server]: Configuring plugin GridBased of type NavfnPlanner
[planner_server-9] [INFO] [1791117309.466543764] [planner_server]: Planner Server has GridBased  planners available.
[planner_server-9] [INFO] [1791117309.469125349] [global_costmap.global_costmap]: StaticLayer: Resizing costmap to 2000 X 2000 at 0.050000 m/pix
[lifecycle_manager-14] [INFO] [1791117309.496860749] [lifecycle_manager_navigation]: [34m[1mConfiguring behavior_server[0m[0m
[behavior_server-10] [INFO] [1791117309.497121255] [behavior_server]: Configuring
[behavior_server-10] [INFO] [1791117309.523769032] [behavior_server]: Creating behavior plugin spin of type nav2_behaviors/Spin
[behavior_server-10] [INFO] [1791117309.525367970] [behavior_server]: Configuring spin
[behavior_server-10] [INFO] [1791117309.549594099] [behavior_server]: Creating behavior plugin backup of type nav2_behaviors/BackUp
[behavior_server-10] [INFO] [1791117309.552197191] [behavior_server]: Configuring backup
[behavior_server-10] [INFO] [1791117309.568376169] [behavior_server]: Creating behavior plugin drive_on_heading of type nav2_behaviors/DriveOnHeading
[behavior_server-10] [INFO] [1791117309.569841921] [behavior_server]: Configuring drive_on_heading
[behavior_server-10] [INFO] [1791117309.583770779] [behavior_server]: Creating behavior plugin assisted_teleop of type nav2_behaviors/AssistedTeleop
[behavior_server-10] [INFO] [1791117309.586870112] [behavior_server]: Configuring assisted_teleop
[behavior_server-10] [INFO] [1791117309.602828314] [behavior_server]: Creating behavior plugin wait of type nav2_behaviors/Wait
[behavior_server-10] [INFO] [1791117309.604676732] [behavior_server]: Configuring wait
[lifecycle_manager-14] [INFO] [1791117309.615792037] [lifecycle_manager_navigation]: [34m[1mConfiguring bt_navigator[0m[0m
[bt_navigator-11] [INFO] [1791117309.616166551] [bt_navigator]: Configuring
[lifecycle_manager-14] [INFO] [1791117309.798081936] [lifecycle_manager_navigation]: [34m[1mConfiguring waypoint_follower[0m[0m
[waypoint_follower-12] [INFO] [1791117309.799578174] [waypoint_follower]: Configuring
[waypoint_follower-12] [INFO] [1791117309.842593311] [waypoint_follower]: Created waypoint_task_executor : wait_at_waypoint of type nav2_waypoint_follower::WaitAtWaypoint
[lifecycle_manager-14] [INFO] [1791117309.844788594] [lifecycle_manager_navigation]: [34m[1mConfiguring velocity_smoother[0m[0m
[velocity_smoother-13] [INFO] [1791117309.845617997] [velocity_smoother]: Configuring velocity smoother
[lifecycle_manager-14] [INFO] [1791117309.858826164] [lifecycle_manager_navigation]: [34m[1mActivating controller_server[0m[0m
[controller_server-7] [INFO] [1791117309.860381652] [controller_server]: Activating
[controller_server-7] [INFO] [1791117309.860486530] [local_costmap.local_costmap]: Activating
[controller_server-7] [INFO] [1791117309.860508892] [local_costmap.local_costmap]: Checking transform
[controller_server-7] [INFO] [1791117309.860676181] [local_costmap.local_costmap]: start
[controller_server-7] [INFO] [1791117310.063970964] [controller_server]: Activating controller: FollowPath of type regulated_pure_pursuit_controller::RegulatedPurePursuitController
[controller_server-7] [INFO] [1791117310.064121302] [controller_server]: Creating bond (controller_server) to lifecycle manager.
[lifecycle_manager-14] [INFO] [1791117310.175951713] [lifecycle_manager_navigation]: Server controller_server connected with bond.
[lifecycle_manager-14] [INFO] [1791117310.176078741] [lifecycle_manager_navigation]: [34m[1mActivating smoother_server[0m[0m
[smoother_server-8] [INFO] [1791117310.176662131] [smoother_server]: Activating
[smoother_server-8] [INFO] [1791117310.176702967] [smoother_server]: Creating bond (smoother_server) to lifecycle manager.
[lifecycle_manager-14] [INFO] [1791117310.285618622] [lifecycle_manager_navigation]: Server smoother_server connected with bond.
[lifecycle_manager-14] [INFO] [1791117310.285730941] [lifecycle_manager_navigation]: [34m[1mActivating planner_server[0m[0m
[planner_server-9] [INFO] [1791117310.286218051] [planner_server]: Activating
[planner_server-9] [INFO] [1791117310.286267385] [global_costmap.global_costmap]: Activating
[planner_server-9] [INFO] [1791117310.286282520] [global_costmap.global_costmap]: Checking transform
[planner_server-9] [INFO] [1791117310.286427574] [global_costmap.global_costmap]: start
[planner_server-9] [INFO] [1791117311.339199838] [planner_server]: Activating plugin GridBased of type NavfnPlanner
[planner_server-9] [INFO] [1791117311.340989841] [planner_server]: Creating bond (planner_server) to lifecycle manager.
[lifecycle_manager-14] [INFO] [1791117311.455315208] [lifecycle_manager_navigation]: Server planner_server connected with bond.
[lifecycle_manager-14] [INFO] [1791117311.455424156] [lifecycle_manager_navigation]: [34m[1mActivating behavior_server[0m[0m
[behavior_server-10] [INFO] [1791117311.456601224] [behavior_server]: Activating
[behavior_server-10] [INFO] [1791117311.456642335] [behavior_server]: Activating spin
[behavior_server-10] [INFO] [1791117311.456655535] [behavior_server]: Activating backup
[behavior_server-10] [INFO] [1791117311.456665901] [behavior_server]: Activating drive_on_heading
[behavior_server-10] [INFO] [1791117311.456676214] [behavior_server]: Activating assisted_teleop
[behavior_server-10] [INFO] [1791117311.456686208] [behavior_server]: Activating wait
[behavior_server-10] [INFO] [1791117311.456697464] [behavior_server]: Creating bond (behavior_server) to lifecycle manager.
[lifecycle_manager-14] [INFO] [1791117311.568267975] [lifecycle_manager_navigation]: Server behavior_server connected with bond.
[lifecycle_manager-14] [INFO] [1791117311.568353148] [lifecycle_manager_navigation]: [34m[1mActivating bt_navigator[0m[0m
[bt_navigator-11] [INFO] [1791117311.568913984] [bt_navigator]: Activating
[bt_navigator-11] [INFO] [1791117311.690009967] [bt_navigator]: Creating bond (bt_navigator) to lifecycle manager.
[lifecycle_manager-14] [INFO] [1791117311.803826490] [lifecycle_manager_navigation]: Server bt_navigator connected with bond.
[lifecycle_manager-14] [INFO] [1791117311.803935741] [lifecycle_manager_navigation]: [34m[1mActivating waypoint_follower[0m[0m
[waypoint_follower-12] [INFO] [1791117311.804330470] [waypoint_follower]: Activating
[waypoint_follower-12] [INFO] [1791117311.804367250] [waypoint_follower]: Creating bond (waypoint_follower) to lifecycle manager.
[lifecycle_manager-14] [INFO] [1791117311.915946397] [lifecycle_manager_navigation]: Server waypoint_follower connected with bond.
[lifecycle_manager-14] [INFO] [1791117311.916047036] [lifecycle_manager_navigation]: [34m[1mActivating velocity_smoother[0m[0m
[velocity_smoother-13] [INFO] [1791117311.917450663] [velocity_smoother]: Activating
[velocity_smoother-13] [INFO] [1791117311.917615138] [velocity_smoother]: Creating bond (velocity_smoother) to lifecycle manager.
[lifecycle_manager-14] [INFO] [1791117312.031417906] [lifecycle_manager_navigation]: Server velocity_smoother connected with bond.
[lifecycle_manager-14] [INFO] [1791117312.031508178] [lifecycle_manager_navigation]: [34m[1mManaged nodes are active[0m[0m
[lifecycle_manager-14] [INFO] [1791117312.031521130] [lifecycle_manager_navigation]: [34m[1mCreating bond timer...[0m[0m
[controller_server-7] [INFO] [1791117314.708015168] [controller_server]: Received a goal, begin computing control effort.
[controller_server-7] [INFO] [1791117334.310240200] [controller_server]: Reached the goal!
[WARNING] [launch]: user interrupted with ctrl-c (SIGINT)
[lifecycle_manager-14] [INFO] [1791117334.734095489] [rclcpp]: signal_handler(signum=2)
[lifecycle_manager-14] [INFO] [1791117334.734199926] [lifecycle_manager_navigation]: Running Nav2 LifecycleManager rcl preshutdown (lifecycle_manager_navigation)
[lifecycle_manager-14] [INFO] [1791117334.734244168] [lifecycle_manager_navigation]: [34m[1mTerminating bond timer...[0m[0m
[behavior_server-10] [INFO] [1791117334.734092782] [rclcpp]: signal_handler(signum=2)
[behavior_server-10] [INFO] [1791117334.734200108] [behavior_server]: Running Nav2 LifecycleNode rcl preshutdown (behavior_server)
[behavior_server-10] [INFO] [1791117334.734268176] [behavior_server]: Deactivating
[waypoint_follower-12] [INFO] [1791117334.734134187] [rclcpp]: signal_handler(signum=2)
[waypoint_follower-12] [INFO] [1791117334.734297324] [waypoint_follower]: Running Nav2 LifecycleNode rcl preshutdown (waypoint_follower)
[waypoint_follower-12] [INFO] [1791117334.734367258] [waypoint_follower]: Deactivating
[waypoint_follower-12] [INFO] [1791117334.734385868] [waypoint_follower]: Destroying bond (waypoint_follower) to lifecycle manager.
[INFO] [lifecycle_manager-14]: sending signal 'SIGINT' to process[lifecycle_manager-14]
[INFO] [velocity_smoother-13]: sending signal 'SIGINT' to process[velocity_smoother-13]
[INFO] [waypoint_follower-12]: sending signal 'SIGINT' to process[waypoint_follower-12]
[INFO] [bt_navigator-11]: sending signal 'SIGINT' to process[bt_navigator-11]
[INFO] [behavior_server-10]: sending signal 'SIGINT' to process[behavior_server-10]
[INFO] [planner_server-9]: sending signal 'SIGINT' to process[planner_server-9]
[ERROR] [waypoint_follower-12]: process has died [pid 8083, exit code -2, cmd '/opt/mm/root/envs/ros/lib/nav2_waypoint_follower/waypoint_follower --ros-args --log-level info --ros-args -r __node:=waypoint_follower --params-file /tmp/launch_params_8zlxg43u -r /tf:=tf -r /tf_static:=tf_static'].
[INFO] [smoother_server-8]: sending signal 'SIGINT' to process[smoother_server-8]
[INFO] [controller_server-7]: sending signal 'SIGINT' to process[controller_server-7]
[ERROR] [velocity_smoother-13]: process has died [pid 8087, exit code -2, cmd '/opt/mm/root/envs/ros/lib/nav2_velocity_smoother/velocity_smoother --ros-args --log-level info --ros-args -r __node:=velocity_smoother --params-file /tmp/launch_params_8zlxg43u -r /tf:=tf -r /tf_static:=tf_static -r cmd_vel:=cmd_vel_nav -r cmd_vel_smoothed:=cmd_vel'].
[INFO] [lifecycle_manager-6]: sending signal 'SIGINT' to process[lifecycle_manager-6]
[INFO] [map_server-5]: sending signal 'SIGINT' to process[map_server-5]
[INFO] [ground_truth_tf_publisher-4]: sending signal 'SIGINT' to process[ground_truth_tf_publisher-4]
[ERROR] [smoother_server-8]: process has died [pid 8075, exit code -2, cmd '/opt/mm/root/envs/ros/lib/nav2_smoother/smoother_server --ros-args --log-level info --ros-args -r __node:=smoother_server --params-file /tmp/launch_params_8zlxg43u -r /tf:=tf -r /tf_static:=tf_static'].
[INFO] [robot_state_publisher-2]: sending signal 'SIGINT' to process[robot_state_publisher-2]
[INFO] [gzserver-1]: sending signal 'SIGINT' to process[gzserver-1]
[ERROR] [lifecycle_manager-6]: process has died [pid 8071, exit code -2, cmd '/opt/mm/root/envs/ros/lib/nav2_lifecycle_manager/lifecycle_manager --ros-args -r __node:=lifecycle_manager_map_server --params-file /tmp/launch_params_ah2ezsns'].
[ERROR] [map_server-5]: process has died [pid 8069, exit code -2, cmd '/opt/mm/root/envs/ros/lib/nav2_map_server/map_server --ros-args -r __node:=map_server --params-file /tmp/launch_params_jeykcdej'].
[velocity_smoother-13] [INFO] [1791117334.734271636] [rclcpp]: signal_handler(signum=2)
[velocity_smoother-13] [INFO] [1791117334.734411339] [velocity_smoother]: Running Nav2 LifecycleNode rcl preshutdown (velocity_smoother)
[velocity_smoother-13] [INFO] [1791117334.734474066] [velocity_smoother]: Deactivating
[velocity_smoother-13] [INFO] [1791117334.734489641] [velocity_smoother]: Destroying bond (velocity_smoother) to lifecycle manager.
[ERROR] [robot_state_publisher-2]: process has died [pid 7944, exit code -2, cmd '/opt/mm/root/envs/ros/lib/robot_state_publisher/robot_state_publisher --ros-args --params-file /tmp/launch_params_4r92po7w'].
[behavior_server-10] [INFO] [1791117334.734303310] [behavior_server]: Destroying bond (behavior_server) to lifecycle manager.
[behavior_server-10] [INFO] [1791117334.746046822] [behavior_server]: Cleaning up
[ERROR] [ground_truth_tf_publisher-4]: process has died [pid 7948, exit code -2, cmd '/opt/ws/install/mower_sim/lib/mower_sim/ground_truth_tf_publisher --ros-args --params-file /tmp/launch_params_9ub6whad'].
[bt_navigator-11] [INFO] [1791117334.734476548] [rclcpp]: signal_handler(signum=2)
[bt_navigator-11] [INFO] [1791117334.734619241] [bt_navigator]: Running Nav2 LifecycleNode rcl preshutdown (bt_navigator)
[bt_navigator-11] [INFO] [1791117334.734718556] [bt_navigator]: Deactivating
[bt_navigator-11] [INFO] [1791117334.734737250] [bt_navigator]: Destroying bond (bt_navigator) to lifecycle manager.
[bt_navigator-11] [INFO] [1791117334.745010913] [bt_navigator]: Cleaning up
[map_server-5] [INFO] [1791117334.734521045] [rclcpp]: signal_handler(signum=2)
[map_server-5] [INFO] [1791117334.735100680] [map_server]: Running Nav2 LifecycleNode rcl preshutdown (map_server)
[map_server-5] [INFO] [1791117334.735176359] [map_server]: Deactivating
[map_server-5] [INFO] [1791117334.735190759] [map_server]: Destroying bond (map_server) to lifecycle manager.
[map_server-5] [INFO] [1791117334.746680096] [map_server]: Cleaning up
[map_server-5] [INFO] [1791117334.747108569] [map_server]: Destroying bond (map_server) to lifecycle manager.
[smoother_server-8] [INFO] [1791117334.734533577] [rclcpp]: signal_handler(signum=2)
[smoother_server-8] [INFO] [1791117334.734882697] [smoother_server]: Running Nav2 LifecycleNode rcl preshutdown (smoother_server)
[smoother_server-8] [INFO] [1791117334.734958378] [smoother_server]: Deactivating
[smoother_server-8] [INFO] [1791117334.734979169] [smoother_server]: Destroying bond (smoother_server) to lifecycle manager.
[smoother_server-8] [INFO] [1791117334.747801505] [smoother_server]: Cleaning up
[controller_server-7] [INFO] [1791117334.734568329] [rclcpp]: signal_handler(signum=2)
[controller_server-7] [INFO] [1791117334.734689917] [controller_server]: Running Nav2 LifecycleNode rcl preshutdown (controller_server)
[controller_server-7] [INFO] [1791117334.734764607] [controller_server]: Deactivating
[controller_server-7] [INFO] [1791117334.734787303] [controller_server]: Deactivating controller: FollowPath of type regulated_pure_pursuit_controller::RegulatedPurePursuitController
[controller_server-7] [INFO] [1791117334.734811787] [local_costmap.local_costmap]: Deactivating
[planner_server-9] [INFO] [1791117334.735913916] [rclcpp]: signal_handler(signum=2)
[planner_server-9] [INFO] [1791117334.735982778] [planner_server]: Running Nav2 LifecycleNode rcl preshutdown (planner_server)
[planner_server-9] [INFO] [1791117334.736036688] [planner_server]: Deactivating
[planner_server-9] [INFO] [1791117334.736065960] [global_costmap.global_costmap]: Deactivating
[lifecycle_manager-6] [INFO] [1791117334.736758119] [rclcpp]: signal_handler(signum=2)
[lifecycle_manager-6] [INFO] [1791117334.737035106] [lifecycle_manager_map_server]: Running Nav2 LifecycleManager rcl preshutdown (lifecycle_manager_map_server)
[lifecycle_manager-6] [INFO] [1791117334.737074339] [lifecycle_manager_map_server]: [34m[1mTerminating bond timer...[0m[0m
[robot_state_publisher-2] [INFO] [1791117334.737433194] [rclcpp]: signal_handler(signum=2)
[velocity_smoother-13] [INFO] [1791117334.744750658] [velocity_smoother]: Cleaning up
[velocity_smoother-13] [INFO] [1791117334.744800261] [velocity_smoother]: Destroying bond (velocity_smoother) to lifecycle manager.
[waypoint_follower-12] [INFO] [1791117334.748184237] [waypoint_follower]: Cleaning up
[lifecycle_manager-6] [INFO] [1791117334.758447987] [lifecycle_manager_map_server]: Destroying lifecycle_manager_map_server
[velocity_smoother-13] [INFO] [1791117334.771769351] [velocity_smoother]: Destroying
[lifecycle_manager-14] [INFO] [1791117334.774723311] [rclcpp]: signal_handler(signum=2)
[waypoint_follower-12] [INFO] [1791117334.782371883] [waypoint_follower]: Destroying bond (waypoint_follower) to lifecycle manager.
[behavior_server-10] [INFO] [1791117334.787047111] [behavior_server]: Destroying bond (behavior_server) to lifecycle manager.
[ground_truth_tf_publisher-4] Traceback (most recent call last):
[ground_truth_tf_publisher-4]   File "/opt/ws/install/mower_sim/lib/mower_sim/ground_truth_tf_publisher", line 33, in <module>
[ground_truth_tf_publisher-4]     sys.exit(load_entry_point('mower_sim==0.0.0', 'console_scripts', 'ground_truth_tf_publisher')())
[ground_truth_tf_publisher-4]              ^^^^^^^^^^^^^^^^^^^^^^^^^^^^^^^^^^^^^^^^^^^^^^^^^^^^^^^^^^^^^^^^^^^^^^^^^^^^^^^^^^^^^^
[ground_truth_tf_publisher-4]   File "/opt/ws/install/mower_sim/lib/python3.11/site-packages/mower_sim/ground_truth_tf_publisher.py", line 149, in main
[behavior_server-10] [INFO] [1791117334.796963323] [rclcpp]: signal_handler(signum=2)
[bt_navigator-11] [INFO] [1791117334.797153441] [rclcpp]: signal_handler(signum=2)
[ground_truth_tf_publisher-4]     rclpy.shutdown()
[ground_truth_tf_publisher-4]   File "/opt/mm/root/envs/ros/lib/python3.11/site-packages/rclpy/__init__.py", line 130, in shutdown
[ground_truth_tf_publisher-4]     _shutdown(context=context)
[ground_truth_tf_publisher-4]   File "/opt/mm/root/envs/ros/lib/python3.11/site-packages/rclpy/utilities.py", line 58, in shutdown
[ground_truth_tf_publisher-4]     return context.shutdown()
[ground_truth_tf_publisher-4]            ^^^^^^^^^^^^^^^^^^
[ground_truth_tf_publisher-4]   File "/opt/mm/root/envs/ros/lib/python3.11/site-packages/rclpy/context.py", line 102, in shutdown
[ground_truth_tf_publisher-4]     self.__context.shutdown()
[ground_truth_tf_publisher-4] rclpy._rclpy_pybind11.RCLError: failed to shutdown: rcl_shutdown already called on the given context, at /home/runner/conda-bld/bld/rattler-build_ros-humble-rcl_1736209862/work/ros-humble-rcl/src/work/src/rcl/init.c:241
[planner_server-9] [INFO] [1791117334.801146008] [rclcpp]: signal_handler(signum=2)
[smoother_server-8] [INFO] [1791117334.805014191] [smoother_server]: Destroying bond (smoother_server) to lifecycle manager.
[map_server-5] [INFO] [1791117334.813719010] [map_server]: Destroying
[controller_server-7] [INFO] [1791117334.816359068] [rclcpp]: signal_handler(signum=2)
[lifecycle_manager-14] [INFO] [1791117334.840762057] [lifecycle_manager_navigation]: Destroying lifecycle_manager_navigation
[behavior_server-10] [INFO] [1791117334.852682094] [behavior_server]: Destroying
[controller_server-7] [INFO] [1791117334.862077176] [controller_server]: Destroying bond (controller_server) to lifecycle manager.
[controller_server-7] [INFO] [1791117334.862183532] [controller_server]: Cleaning up
[controller_server-7] [INFO] [1791117334.862197947] [controller_server]: Cleaning up controller: FollowPath of type regulated_pure_pursuit_controller::RegulatedPurePursuitController
[controller_server-7] [INFO] [1791117334.862256726] [local_costmap.local_costmap]: Cleaning up
[controller_server-7] [INFO] [1791117334.893317733] [controller_server]: Destroying bond (controller_server) to lifecycle manager.
[controller_server-7] [INFO] [1791117334.896816532] [local_costmap.local_costmap]: Destroying
[bt_navigator-11] [INFO] [1791117334.907593687] [bt_navigator]: Completed Cleaning up
[bt_navigator-11] [INFO] [1791117334.907703387] [bt_navigator]: Destroying bond (bt_navigator) to lifecycle manager.
[controller_server-7] [INFO] [1791117334.911328741] [controller_server]: Destroying
[bt_navigator-11] [INFO] [1791117334.917618965] [bt_navigator]: Destroying
[gzserver-1] [0m[1;32m[0m[1;32m[0m[1;32m[Msg] [0m[1;32mLoading world file [[0m[1;32m/opt/ws/install/mower_sim/share/mower_sim/worlds/empty_field.world[0m[1;32m][0m[1;32m
[INFO] [lifecycle_manager-14]: process has finished cleanly [pid 8095]
[INFO] [behavior_server-10]: process has finished cleanly [pid 8079]
[INFO] [controller_server-7]: process has finished cleanly [pid 8073]
[INFO] [bt_navigator-11]: process has finished cleanly [pid 8081]
[INFO] [gzserver-1]: process has finished cleanly [pid 7942]
[gzserver-1] [0m[1;32m[0m[1;32m[0m[1;36m[0m[1;32m[0m
[gzserver-1] [1;33m[0m[1;31m[0m
[planner_server-9] [INFO] [1791117335.287064150] [planner_server]: Deactivating plugin GridBased of type NavfnPlanner
[planner_server-9] [INFO] [1791117335.287181257] [planner_server]: Destroying bond (planner_server) to lifecycle manager.
[planner_server-9] [INFO] [1791117335.287262019] [planner_server]: Cleaning up
[planner_server-9] [INFO] [1791117335.294915070] [global_costmap.global_costmap]: Cleaning up
[planner_server-9] [INFO] [1791117335.301740039] [planner_server]: Cleaning up plugin GridBased of type NavfnPlanner
[planner_server-9] [INFO] [1791117335.302013171] [planner_server]: Destroying plugin GridBased of type NavfnPlanner
[planner_server-9] [INFO] [1791117335.308343125] [planner_server]: Destroying bond (planner_server) to lifecycle manager.
[planner_server-9] [INFO] [1791117335.311838763] [global_costmap.global_costmap]: Destroying
[planner_server-9] [INFO] [1791117335.320179276] [planner_server]: Destroying
[INFO] [planner_server-9]: process has finished cleanly [pid 8077]
