[INFO] [launch]: All log files can be found below /root/.ros/log/2026-10-04-12-41-15-932896-vm-9509
[INFO] [launch]: Default logging verbosity is set to INFO

[mower_sim] Controller: RPP
[mower_sim] Params: /opt/ws/install/mower_sim/share/mower_sim/config/nav2_rpp_fair.yaml

[INFO] [gzserver-1]: process started with pid [9515]
[INFO] [robot_state_publisher-2]: process started with pid [9517]
[INFO] [spawn_entity.py-3]: process started with pid [9519]
[INFO] [ground_truth_tf_publisher-4]: process started with pid [9521]
[robot_state_publisher-2] [INFO] [1791117676.046859786] [robot_state_publisher]: got segment base_footprint
[robot_state_publisher-2] [INFO] [1791117676.047792776] [robot_state_publisher]: got segment base_link
[robot_state_publisher-2] [INFO] [1791117676.048281737] [robot_state_publisher]: got segment base_scan
[robot_state_publisher-2] [INFO] [1791117676.048573140] [robot_state_publisher]: got segment front_left_caster
[robot_state_publisher-2] [INFO] [1791117676.048899197] [robot_state_publisher]: got segment front_right_caster
[robot_state_publisher-2] [INFO] [1791117676.049187026] [robot_state_publisher]: got segment left_wheel
[robot_state_publisher-2] [INFO] [1791117676.049461440] [robot_state_publisher]: got segment right_wheel
[spawn_entity.py-3] [INFO] [1791117676.381464795] [spawn_entity]: Spawn Entity started
[spawn_entity.py-3] [INFO] [1791117676.382543605] [spawn_entity]: Loading entity published on topic robot_description
[spawn_entity.py-3] /opt/mm/root/envs/ros/lib/python3.11/site-packages/rclpy/qos.py:307: UserWarning: DurabilityPolicy.RMW_QOS_POLICY_DURABILITY_TRANSIENT_LOCAL is deprecated. Use DurabilityPolicy.TRANSIENT_LOCAL instead.
[spawn_entity.py-3]   warnings.warn(
[spawn_entity.py-3] [INFO] [1791117676.387048292] [spawn_entity]: Waiting for entity xml on robot_description
[gzserver-1] Gazebo multi-robot simulator, version 11.15.1
[gzserver-1] Copyright (C) 2012 Open Source Robotics Foundation.
[gzserver-1] Released under the Apache 2 License.
[gzserver-1] http://gazebosim.org
[gzserver-1] 
[gzserver-1] [1;33m
[gzserver-1] #     # ####### ####### ###  #####  #######
[gzserver-1] ##    # #     #    #     #  #     # #
[gzserver-1] # #   # #     #    #     #  #       #
[gzserver-1] #  #  # #     #    #     #  #       #####
[gzserver-1] #   # # #     #    #     #  #       #
[gzserver-1] #    ## #     #    #     #  #     # #
[gzserver-1] #     # #######    #    ###  #####  #######
[gzserver-1] 
[gzserver-1] This version of Gazebo, now called Gazebo classic, reaches end-of-life
[gzserver-1] in January 2025. Users are highly encouraged to migrate to the new Gazebo
[gzserver-1] using our migration guides (https://gazebosim.org/docs/latest/gazebo_classic_migration/)
[gzserver-1] 
[gzserver-1] 
[ground_truth_tf_publisher-4] [INFO] [1791117676.475791660] [ground_truth_tf_publisher]: Ground truth TF publisher started for "mower": map -> odom
[spawn_entity.py-3] [INFO] [1791117676.497102223] [spawn_entity]: Waiting for service /spawn_entity, timeout = 120
[spawn_entity.py-3] [INFO] [1791117676.497493867] [spawn_entity]: Waiting for service /spawn_entity
[gzserver-1] [1;32m[Msg] [0m[1;32mWaiting for master.[0m[1;32m
[gzserver-1] [0m[1;32m[0m[1;32m[0m[1;32m[Msg] [0m[1;32mConnected to gazebo master @ [0m[1;32mhttp://127.0.0.1:11345[0m[1;32m
[gzserver-1] [0m[1;32m[0m[1;32m[0m[1;32m[Msg] [0m[1;32mPublicized address: [0m[1;32m192.0.2.2[0m[1;32m
[gzserver-1] [0m[1;31m[Err] [RenderEngine.cc:749] [0m[1;31mCan't open display: [0m[1;31m[0m[1;31m
[gzserver-1] [0m[1;33m[Wrn] [RenderEngine.cc:89] [0m[1;33mUnable to create X window. Rendering will be disabled
[gzserver-1] [0m[1;33m[Wrn] [RenderEngine.cc:292] [0m[1;33mCannot initialize render engine since [0m[1;33mrender path type is NONE. Ignore this warning if [0m[1;33mrendering has been turned off on purpose.
[gzserver-1] [0m[INFO] [1791117676.998895076] [gazebo.gazebo_ros_state]: Publishing states of gazebo models at [/gazebo/model_states]
[gzserver-1] [INFO] [1791117677.000816370] [gazebo.gazebo_ros_state]: Publishing states of gazebo links at [/gazebo/link_states]
[spawn_entity.py-3] [INFO] [1791117677.004035198] [spawn_entity]: Calling service /spawn_entity
[spawn_entity.py-3] [INFO] [1791117677.250307132] [spawn_entity]: Spawn status: SpawnEntity: Successfully spawned entity [mower]
[gzserver-1] [INFO] [1791117677.276828548] [diff_drive]: Wheel pair 1 separation set to [0.700000m]
[gzserver-1] [INFO] [1791117677.276927444] [diff_drive]: Wheel pair 1 diameter set to [0.300000m]
[gzserver-1] [INFO] [1791117677.277730416] [diff_drive]: Subscribed to [/cmd_vel]
[gzserver-1] [INFO] [1791117677.280339936] [diff_drive]: Advertise odometry on [/odom]
[gzserver-1] [INFO] [1791117677.283100231] [diff_drive]: Publishing odom transforms between [odom] and [base_footprint]
[gzserver-1] [INFO] [1791117677.298053825] [joint_states]: Going to publish joint [left_wheel_joint]
[gzserver-1] [INFO] [1791117677.298117792] [joint_states]: Going to publish joint [right_wheel_joint]
[INFO] [spawn_entity.py-3]: process has finished cleanly [pid 9519]
[INFO] [map_server-5]: process started with pid [9650]
[INFO] [lifecycle_manager-6]: process started with pid [9652]
[INFO] [controller_server-7]: process started with pid [9654]
[INFO] [smoother_server-8]: process started with pid [9656]
[INFO] [planner_server-9]: process started with pid [9658]
[INFO] [behavior_server-10]: process started with pid [9660]
[INFO] [bt_navigator-11]: process started with pid [9662]
[INFO] [waypoint_follower-12]: process started with pid [9664]
[INFO] [velocity_smoother-13]: process started with pid [9666]
[INFO] [lifecycle_manager-14]: process started with pid [9681]
[lifecycle_manager-6] [INFO] [1791117696.268897737] [lifecycle_manager_map_server]: Creating
[lifecycle_manager-6] [INFO] [1791117696.285472348] [lifecycle_manager_map_server]: [34m[1mCreating and initializing lifecycle service clients[0m[0m
[lifecycle_manager-6] [INFO] [1791117696.367300614] [lifecycle_manager_map_server]: [34m[1mStarting managed nodes bringup...[0m[0m
[lifecycle_manager-6] [INFO] [1791117696.367355356] [lifecycle_manager_map_server]: [34m[1mConfiguring map_server[0m[0m
[map_server-5] [INFO] [1791117696.372503201] [map_server]: 
[map_server-5] 	map_server lifecycle node launched. 
[map_server-5] 	Waiting on external lifecycle transitions to activate
[map_server-5] 	See https://design.ros2.org/articles/node_lifecycle.html for more information.
[map_server-5] [INFO] [1791117696.372556685] [map_server]: Creating
[map_server-5] [INFO] [1791117696.375741283] [map_server]: Configuring
[map_server-5] [INFO] [1791117696.375833270] [map_io]: Loading yaml file: /opt/ws/install/mower_sim/share/mower_sim/maps/empty_map.yaml
[map_server-5] [INFO] [1791117696.376261758] [map_io]: resolution: 0.05
[map_server-5] [INFO] [1791117696.376274320] [map_io]: origin[0]: -50
[map_server-5] [INFO] [1791117696.376278057] [map_io]: origin[1]: -50
[map_server-5] [INFO] [1791117696.376281587] [map_io]: origin[2]: 0
[map_server-5] [INFO] [1791117696.376285296] [map_io]: free_thresh: 0.196
[map_server-5] [INFO] [1791117696.376288799] [map_io]: occupied_thresh: 0.65
[map_server-5] [INFO] [1791117696.376292278] [map_io]: mode: trinary
[map_server-5] [INFO] [1791117696.376295579] [map_io]: negate: 0
[map_server-5] [INFO] [1791117696.376458252] [map_io]: Loading image_file: /opt/ws/install/mower_sim/share/mower_sim/maps/empty_map.pgm
[planner_server-9] [INFO] [1791117696.403082958] [planner_server]: 
[planner_server-9] 	planner_server lifecycle node launched. 
[planner_server-9] 	Waiting on external lifecycle transitions to activate
[planner_server-9] 	See https://design.ros2.org/articles/node_lifecycle.html for more information.
[planner_server-9] [INFO] [1791117696.407577724] [planner_server]: Creating
[controller_server-7] [INFO] [1791117696.418988937] [controller_server]: 
[controller_server-7] 	controller_server lifecycle node launched. 
[controller_server-7] 	Waiting on external lifecycle transitions to activate
[controller_server-7] 	See https://design.ros2.org/articles/node_lifecycle.html for more information.
[controller_server-7] [INFO] [1791117696.424418311] [controller_server]: Creating controller server
[planner_server-9] [INFO] [1791117696.445931196] [global_costmap.global_costmap]: 
[planner_server-9] 	global_costmap lifecycle node launched. 
[planner_server-9] 	Waiting on external lifecycle transitions to activate
[planner_server-9] 	See https://design.ros2.org/articles/node_lifecycle.html for more information.
[planner_server-9] [INFO] [1791117696.446323362] [global_costmap.global_costmap]: Creating Costmap
[controller_server-7] [INFO] [1791117696.458984800] [local_costmap.local_costmap]: 
[controller_server-7] 	local_costmap lifecycle node launched. 
[controller_server-7] 	Waiting on external lifecycle transitions to activate
[controller_server-7] 	See https://design.ros2.org/articles/node_lifecycle.html for more information.
[controller_server-7] [INFO] [1791117696.459585363] [local_costmap.local_costmap]: Creating Costmap
[smoother_server-8] [INFO] [1791117696.856865129] [smoother_server]: 
[smoother_server-8] 	smoother_server lifecycle node launched. 
[smoother_server-8] 	Waiting on external lifecycle transitions to activate
[smoother_server-8] 	See https://design.ros2.org/articles/node_lifecycle.html for more information.
[smoother_server-8] [INFO] [1791117696.864546421] [smoother_server]: Creating smoother server
[bt_navigator-11] [INFO] [1791117696.907763771] [bt_navigator]: 
[bt_navigator-11] 	bt_navigator lifecycle node launched. 
[bt_navigator-11] 	Waiting on external lifecycle transitions to activate
[bt_navigator-11] 	See https://design.ros2.org/articles/node_lifecycle.html for more information.
[bt_navigator-11] [INFO] [1791117696.907844443] [bt_navigator]: Creating
[lifecycle_manager-14] [INFO] [1791117696.924344311] [lifecycle_manager_navigation]: Creating
[velocity_smoother-13] [INFO] [1791117696.935579639] [velocity_smoother]: 
[velocity_smoother-13] 	velocity_smoother lifecycle node launched. 
[velocity_smoother-13] 	Waiting on external lifecycle transitions to activate
[velocity_smoother-13] 	See https://design.ros2.org/articles/node_lifecycle.html for more information.
[behavior_server-10] [INFO] [1791117696.962505773] [behavior_server]: 
[behavior_server-10] 	behavior_server lifecycle node launched. 
[behavior_server-10] 	Waiting on external lifecycle transitions to activate
[behavior_server-10] 	See https://design.ros2.org/articles/node_lifecycle.html for more information.
[lifecycle_manager-14] [INFO] [1791117696.980382021] [lifecycle_manager_navigation]: [34m[1mCreating and initializing lifecycle service clients[0m[0m
[waypoint_follower-12] [INFO] [1791117696.995824755] [waypoint_follower]: 
[waypoint_follower-12] 	waypoint_follower lifecycle node launched. 
[waypoint_follower-12] 	Waiting on external lifecycle transitions to activate
[waypoint_follower-12] 	See https://design.ros2.org/articles/node_lifecycle.html for more information.
[waypoint_follower-12] [INFO] [1791117696.996369932] [waypoint_follower]: Creating
[map_server-5] [INFO] [1791117697.121911670] [map_io]: Read map /opt/ws/install/mower_sim/share/mower_sim/maps/empty_map.pgm: 2000 X 2000 map @ 0.05 m/cell
[lifecycle_manager-6] [INFO] [1791117697.139092774] [lifecycle_manager_map_server]: [34m[1mActivating map_server[0m[0m
[map_server-5] [INFO] [1791117697.139515483] [map_server]: Activating
[map_server-5] [INFO] [1791117697.146064498] [map_server]: Creating bond (map_server) to lifecycle manager.
[lifecycle_manager-6] [INFO] [1791117697.260085497] [lifecycle_manager_map_server]: Server map_server connected with bond.
[lifecycle_manager-6] [INFO] [1791117697.260173268] [lifecycle_manager_map_server]: [34m[1mManaged nodes are active[0m[0m
[lifecycle_manager-6] [INFO] [1791117697.260185380] [lifecycle_manager_map_server]: [34m[1mCreating bond timer...[0m[0m
[lifecycle_manager-14] [INFO] [1791117697.841499797] [lifecycle_manager_navigation]: [34m[1mStarting managed nodes bringup...[0m[0m
[lifecycle_manager-14] [INFO] [1791117697.841558637] [lifecycle_manager_navigation]: [34m[1mConfiguring controller_server[0m[0m
[controller_server-7] [INFO] [1791117697.842723288] [controller_server]: Configuring controller interface
[controller_server-7] [INFO] [1791117697.842961214] [controller_server]: getting goal checker plugins..
[controller_server-7] [INFO] [1791117697.843039188] [controller_server]: Controller frequency set to 30.0000Hz
[controller_server-7] [INFO] [1791117697.843081579] [local_costmap.local_costmap]: Configuring
[controller_server-7] [INFO] [1791117697.860044406] [local_costmap.local_costmap]: Using plugin "static_layer"
[controller_server-7] [INFO] [1791117697.864133417] [local_costmap.local_costmap]: Subscribing to the map topic (/map) with transient local durability
[controller_server-7] [INFO] [1791117697.866478940] [local_costmap.local_costmap]: Initialized plugin "static_layer"
[controller_server-7] [INFO] [1791117697.866513143] [local_costmap.local_costmap]: Using plugin "voxel_layer"
[controller_server-7] [INFO] [1791117697.867784271] [local_costmap.local_costmap]: Subscribed to Topics: scan
[controller_server-7] [INFO] [1791117697.877356088] [local_costmap.local_costmap]: Initialized plugin "voxel_layer"
[controller_server-7] [INFO] [1791117697.877395777] [local_costmap.local_costmap]: Using plugin "inflation_layer"
[controller_server-7] [INFO] [1791117697.878673926] [local_costmap.local_costmap]: Initialized plugin "inflation_layer"
[controller_server-7] [INFO] [1791117697.896133882] [controller_server]: Created progress_checker : progress_checker of type nav2_controller::SimpleProgressChecker
[controller_server-7] [INFO] [1791117697.896819693] [controller_server]: Created goal checker : general_goal_checker of type nav2_controller::SimpleGoalChecker
[controller_server-7] [INFO] [1791117697.896953258] [controller_server]: Controller Server has general_goal_checker  goal checkers available.
[controller_server-7] [INFO] [1791117697.897625676] [controller_server]: Created controller : FollowPath of type nav2_regulated_pure_pursuit_controller::RegulatedPurePursuitController
[controller_server-7] [INFO] [1791117697.919192745] [local_costmap.local_costmap]: StaticLayer: Resizing static layer to 2000 X 2000 at 0.050000 m/pix
[controller_server-7] [INFO] [1791117697.919764032] [controller_server]: Controller Server has FollowPath  controllers available.
[lifecycle_manager-14] [INFO] [1791117697.942886052] [lifecycle_manager_navigation]: [34m[1mConfiguring smoother_server[0m[0m
[smoother_server-8] [INFO] [1791117697.944232415] [smoother_server]: Configuring smoother server
[smoother_server-8] [INFO] [1791117697.964497307] [smoother_server]: Created smoother : simple_smoother of type nav2_smoother::SimpleSmoother
[smoother_server-8] [INFO] [1791117697.967473323] [smoother_server]: Smoother Server has simple_smoother  smoothers available.
[lifecycle_manager-14] [INFO] [1791117697.983029549] [lifecycle_manager_navigation]: [34m[1mConfiguring planner_server[0m[0m
[planner_server-9] [INFO] [1791117697.983337337] [planner_server]: Configuring
[planner_server-9] [INFO] [1791117697.983392275] [global_costmap.global_costmap]: Configuring
[planner_server-9] [INFO] [1791117698.000277348] [global_costmap.global_costmap]: Using plugin "static_layer"
[planner_server-9] [INFO] [1791117698.004453543] [global_costmap.global_costmap]: Subscribing to the map topic (/map) with transient local durability
[planner_server-9] [INFO] [1791117698.007978901] [global_costmap.global_costmap]: Initialized plugin "static_layer"
[planner_server-9] [INFO] [1791117698.008017793] [global_costmap.global_costmap]: Using plugin "obstacle_layer"
[planner_server-9] [INFO] [1791117698.010783262] [global_costmap.global_costmap]: Subscribed to Topics: scan
[planner_server-9] [INFO] [1791117698.020178497] [global_costmap.global_costmap]: Initialized plugin "obstacle_layer"
[planner_server-9] [INFO] [1791117698.020223320] [global_costmap.global_costmap]: Using plugin "inflation_layer"
[planner_server-9] [INFO] [1791117698.025195259] [global_costmap.global_costmap]: Initialized plugin "inflation_layer"
[planner_server-9] [INFO] [1791117698.055005015] [planner_server]: Created global planner plugin GridBased of type nav2_navfn_planner/NavfnPlanner
[planner_server-9] [INFO] [1791117698.055100779] [planner_server]: Configuring plugin GridBased of type NavfnPlanner
[planner_server-9] [INFO] [1791117698.058028025] [planner_server]: Planner Server has GridBased  planners available.
[planner_server-9] [INFO] [1791117698.061369188] [global_costmap.global_costmap]: StaticLayer: Resizing costmap to 2000 X 2000 at 0.050000 m/pix
[lifecycle_manager-14] [INFO] [1791117698.096983630] [lifecycle_manager_navigation]: [34m[1mConfiguring behavior_server[0m[0m
[behavior_server-10] [INFO] [1791117698.097345283] [behavior_server]: Configuring
[behavior_server-10] [INFO] [1791117698.138672130] [behavior_server]: Creating behavior plugin spin of type nav2_behaviors/Spin
[behavior_server-10] [INFO] [1791117698.141225171] [behavior_server]: Configuring spin
[behavior_server-10] [INFO] [1791117698.168932757] [behavior_server]: Creating behavior plugin backup of type nav2_behaviors/BackUp
[behavior_server-10] [INFO] [1791117698.171403538] [behavior_server]: Configuring backup
[behavior_server-10] [INFO] [1791117698.188222408] [behavior_server]: Creating behavior plugin drive_on_heading of type nav2_behaviors/DriveOnHeading
[behavior_server-10] [INFO] [1791117698.189300743] [behavior_server]: Configuring drive_on_heading
[behavior_server-10] [INFO] [1791117698.208770062] [behavior_server]: Creating behavior plugin assisted_teleop of type nav2_behaviors/AssistedTeleop
[behavior_server-10] [INFO] [1791117698.210893557] [behavior_server]: Configuring assisted_teleop
[behavior_server-10] [INFO] [1791117698.228556597] [behavior_server]: Creating behavior plugin wait of type nav2_behaviors/Wait
[behavior_server-10] [INFO] [1791117698.229742651] [behavior_server]: Configuring wait
[lifecycle_manager-14] [INFO] [1791117698.242031476] [lifecycle_manager_navigation]: [34m[1mConfiguring bt_navigator[0m[0m
[bt_navigator-11] [INFO] [1791117698.242787939] [bt_navigator]: Configuring
[lifecycle_manager-14] [INFO] [1791117698.389817088] [lifecycle_manager_navigation]: [34m[1mConfiguring waypoint_follower[0m[0m
[waypoint_follower-12] [INFO] [1791117698.390922589] [waypoint_follower]: Configuring
[waypoint_follower-12] [INFO] [1791117698.425077680] [waypoint_follower]: Created waypoint_task_executor : wait_at_waypoint of type nav2_waypoint_follower::WaitAtWaypoint
[lifecycle_manager-14] [INFO] [1791117698.428306605] [lifecycle_manager_navigation]: [34m[1mConfiguring velocity_smoother[0m[0m
[velocity_smoother-13] [INFO] [1791117698.429353291] [velocity_smoother]: Configuring velocity smoother
[lifecycle_manager-14] [INFO] [1791117698.442469330] [lifecycle_manager_navigation]: [34m[1mActivating controller_server[0m[0m
[controller_server-7] [INFO] [1791117698.442877013] [controller_server]: Activating
[controller_server-7] [INFO] [1791117698.442917605] [local_costmap.local_costmap]: Activating
[controller_server-7] [INFO] [1791117698.442931415] [local_costmap.local_costmap]: Checking transform
[controller_server-7] [INFO] [1791117698.443071858] [local_costmap.local_costmap]: start
[controller_server-7] [INFO] [1791117698.645247804] [controller_server]: Activating controller: FollowPath of type regulated_pure_pursuit_controller::RegulatedPurePursuitController
[controller_server-7] [INFO] [1791117698.645374242] [controller_server]: Creating bond (controller_server) to lifecycle manager.
[lifecycle_manager-14] [INFO] [1791117698.754462711] [lifecycle_manager_navigation]: Server controller_server connected with bond.
[lifecycle_manager-14] [INFO] [1791117698.754546729] [lifecycle_manager_navigation]: [34m[1mActivating smoother_server[0m[0m
[smoother_server-8] [INFO] [1791117698.755010558] [smoother_server]: Activating
[smoother_server-8] [INFO] [1791117698.755063402] [smoother_server]: Creating bond (smoother_server) to lifecycle manager.
[lifecycle_manager-14] [INFO] [1791117698.873337629] [lifecycle_manager_navigation]: Server smoother_server connected with bond.
[lifecycle_manager-14] [INFO] [1791117698.873421808] [lifecycle_manager_navigation]: [34m[1mActivating planner_server[0m[0m
[planner_server-9] [INFO] [1791117698.874024304] [planner_server]: Activating
[planner_server-9] [INFO] [1791117698.874119695] [global_costmap.global_costmap]: Activating
[planner_server-9] [INFO] [1791117698.874134298] [global_costmap.global_costmap]: Checking transform
[planner_server-9] [INFO] [1791117698.874282385] [global_costmap.global_costmap]: start
[planner_server-9] [INFO] [1791117698.926780498] [planner_server]: Activating plugin GridBased of type NavfnPlanner
[planner_server-9] [INFO] [1791117698.929115091] [planner_server]: Creating bond (planner_server) to lifecycle manager.
[lifecycle_manager-14] [INFO] [1791117699.042935583] [lifecycle_manager_navigation]: Server planner_server connected with bond.
[lifecycle_manager-14] [INFO] [1791117699.043027216] [lifecycle_manager_navigation]: [34m[1mActivating behavior_server[0m[0m
[behavior_server-10] [INFO] [1791117699.045888740] [behavior_server]: Activating
[behavior_server-10] [INFO] [1791117699.045935305] [behavior_server]: Activating spin
[behavior_server-10] [INFO] [1791117699.045944318] [behavior_server]: Activating backup
[behavior_server-10] [INFO] [1791117699.045951864] [behavior_server]: Activating drive_on_heading
[behavior_server-10] [INFO] [1791117699.045961070] [behavior_server]: Activating assisted_teleop
[behavior_server-10] [INFO] [1791117699.045968133] [behavior_server]: Activating wait
[behavior_server-10] [INFO] [1791117699.045976624] [behavior_server]: Creating bond (behavior_server) to lifecycle manager.
[lifecycle_manager-14] [INFO] [1791117699.168545427] [lifecycle_manager_navigation]: Server behavior_server connected with bond.
[lifecycle_manager-14] [INFO] [1791117699.168654515] [lifecycle_manager_navigation]: [34m[1mActivating bt_navigator[0m[0m
[bt_navigator-11] [INFO] [1791117699.169907071] [bt_navigator]: Activating
[bt_navigator-11] [INFO] [1791117699.313008297] [bt_navigator]: Creating bond (bt_navigator) to lifecycle manager.
[lifecycle_manager-14] [INFO] [1791117699.429192760] [lifecycle_manager_navigation]: Server bt_navigator connected with bond.
[lifecycle_manager-14] [INFO] [1791117699.429272466] [lifecycle_manager_navigation]: [34m[1mActivating waypoint_follower[0m[0m
[waypoint_follower-12] [INFO] [1791117699.430151164] [waypoint_follower]: Activating
[waypoint_follower-12] [INFO] [1791117699.430515553] [waypoint_follower]: Creating bond (waypoint_follower) to lifecycle manager.
[lifecycle_manager-14] [INFO] [1791117699.547198681] [lifecycle_manager_navigation]: Server waypoint_follower connected with bond.
[lifecycle_manager-14] [INFO] [1791117699.547293245] [lifecycle_manager_navigation]: [34m[1mActivating velocity_smoother[0m[0m
[velocity_smoother-13] [INFO] [1791117699.548226873] [velocity_smoother]: Activating
[velocity_smoother-13] [INFO] [1791117699.548299382] [velocity_smoother]: Creating bond (velocity_smoother) to lifecycle manager.
[lifecycle_manager-14] [INFO] [1791117699.664044099] [lifecycle_manager_navigation]: Server velocity_smoother connected with bond.
[lifecycle_manager-14] [INFO] [1791117699.664121629] [lifecycle_manager_navigation]: [34m[1mManaged nodes are active[0m[0m
[lifecycle_manager-14] [INFO] [1791117699.664131475] [lifecycle_manager_navigation]: [34m[1mCreating bond timer...[0m[0m
[controller_server-7] [INFO] [1791117701.337114182] [controller_server]: Received a goal, begin computing control effort.
[controller_server-7] [WARN] [1791117714.673286380] [controller_server]: Control loop missed its desired rate of 30.0000Hz
[controller_server-7] [INFO] [1791117721.038924307] [controller_server]: Reached the goal!
[WARNING] [launch]: user interrupted with ctrl-c (SIGINT)
[lifecycle_manager-14] [INFO] [1791117721.556628699] [rclcpp]: signal_handler(signum=2)
[lifecycle_manager-14] [INFO] [1791117721.556941697] [lifecycle_manager_navigation]: Running Nav2 LifecycleManager rcl preshutdown (lifecycle_manager_navigation)
[lifecycle_manager-14] [INFO] [1791117721.556993887] [lifecycle_manager_navigation]: [34m[1mTerminating bond timer...[0m[0m
[velocity_smoother-13] [INFO] [1791117721.556647550] [rclcpp]: signal_handler(signum=2)
[velocity_smoother-13] [INFO] [1791117721.558342269] [velocity_smoother]: Running Nav2 LifecycleNode rcl preshutdown (velocity_smoother)
[velocity_smoother-13] [INFO] [1791117721.558475039] [velocity_smoother]: Deactivating
[velocity_smoother-13] [INFO] [1791117721.558498644] [velocity_smoother]: Destroying bond (velocity_smoother) to lifecycle manager.
[behavior_server-10] [INFO] [1791117721.556706587] [rclcpp]: signal_handler(signum=2)
[behavior_server-10] [INFO] [1791117721.556850720] [behavior_server]: Running Nav2 LifecycleNode rcl preshutdown (behavior_server)
[behavior_server-10] [INFO] [1791117721.556994379] [behavior_server]: Deactivating
[behavior_server-10] [INFO] [1791117721.557046784] [behavior_server]: Destroying bond (behavior_server) to lifecycle manager.
[planner_server-9] [INFO] [1791117721.556754669] [rclcpp]: signal_handler(signum=2)
[planner_server-9] [INFO] [1791117721.558071778] [planner_server]: Running Nav2 LifecycleNode rcl preshutdown (planner_server)
[planner_server-9] [INFO] [1791117721.558163078] [planner_server]: Deactivating
[planner_server-9] [INFO] [1791117721.558202776] [global_costmap.global_costmap]: Deactivating
[controller_server-7] [INFO] [1791117721.556769007] [rclcpp]: signal_handler(signum=2)
[controller_server-7] [INFO] [1791117721.556871965] [controller_server]: Running Nav2 LifecycleNode rcl preshutdown (controller_server)
[controller_server-7] [INFO] [1791117721.557015900] [controller_server]: Deactivating
[controller_server-7] [INFO] [1791117721.557046017] [controller_server]: Deactivating controller: FollowPath of type regulated_pure_pursuit_controller::RegulatedPurePursuitController
[controller_server-7] [INFO] [1791117721.557077498] [local_costmap.local_costmap]: Deactivating
[robot_state_publisher-2] [INFO] [1791117721.556831628] [rclcpp]: signal_handler(signum=2)
[waypoint_follower-12] [INFO] [1791117721.557230034] [rclcpp]: signal_handler(signum=2)
[waypoint_follower-12] [INFO] [1791117721.557539284] [waypoint_follower]: Running Nav2 LifecycleNode rcl preshutdown (waypoint_follower)
[waypoint_follower-12] [INFO] [1791117721.557626740] [waypoint_follower]: Deactivating
[waypoint_follower-12] [INFO] [1791117721.557644538] [waypoint_follower]: Destroying bond (waypoint_follower) to lifecycle manager.
[smoother_server-8] [INFO] [1791117721.557277934] [rclcpp]: signal_handler(signum=2)
[smoother_server-8] [INFO] [1791117721.557480978] [smoother_server]: Running Nav2 LifecycleNode rcl preshutdown (smoother_server)
[smoother_server-8] [INFO] [1791117721.557570759] [smoother_server]: Deactivating
[smoother_server-8] [INFO] [1791117721.557597983] [smoother_server]: Destroying bond (smoother_server) to lifecycle manager.
[map_server-5] [INFO] [1791117721.557394453] [rclcpp]: signal_handler(signum=2)
[bt_navigator-11] [INFO] [1791117721.557939707] [rclcpp]: signal_handler(signum=2)
[lifecycle_manager-6] [INFO] [1791117721.558755780] [rclcpp]: signal_handler(signum=2)
[lifecycle_manager-6] [INFO] [1791117721.558985527] [lifecycle_manager_map_server]: Running Nav2 LifecycleManager rcl preshutdown (lifecycle_manager_map_server)
[lifecycle_manager-6] [INFO] [1791117721.559048991] [lifecycle_manager_map_server]: [34m[1mTerminating bond timer...[0m[0m
[INFO] [lifecycle_manager-14]: sending signal 'SIGINT' to process[lifecycle_manager-14]
[INFO] [velocity_smoother-13]: sending signal 'SIGINT' to process[velocity_smoother-13]
[INFO] [waypoint_follower-12]: sending signal 'SIGINT' to process[waypoint_follower-12]
[INFO] [bt_navigator-11]: sending signal 'SIGINT' to process[bt_navigator-11]
[INFO] [behavior_server-10]: sending signal 'SIGINT' to process[behavior_server-10]
[INFO] [planner_server-9]: sending signal 'SIGINT' to process[planner_server-9]
[ERROR] [waypoint_follower-12]: process has died [pid 9664, exit code -2, cmd '/opt/mm/root/envs/ros/lib/nav2_waypoint_follower/waypoint_follower --ros-args --log-level info --ros-args -r __node:=waypoint_follower --params-file /tmp/launch_params_4xbta5j4 -r /tf:=tf -r /tf_static:=tf_static'].
[INFO] [smoother_server-8]: sending signal 'SIGINT' to process[smoother_server-8]
[ERROR] [velocity_smoother-13]: process has died [pid 9666, exit code -2, cmd '/opt/mm/root/envs/ros/lib/nav2_velocity_smoother/velocity_smoother --ros-args --log-level info --ros-args -r __node:=velocity_smoother --params-file /tmp/launch_params_4xbta5j4 -r /tf:=tf -r /tf_static:=tf_static -r cmd_vel:=cmd_vel_nav -r cmd_vel_smoothed:=cmd_vel'].
[INFO] [controller_server-7]: sending signal 'SIGINT' to process[controller_server-7]
[INFO] [lifecycle_manager-6]: sending signal 'SIGINT' to process[lifecycle_manager-6]
[INFO] [map_server-5]: sending signal 'SIGINT' to process[map_server-5]
[INFO] [ground_truth_tf_publisher-4]: sending signal 'SIGINT' to process[ground_truth_tf_publisher-4]
[ERROR] [smoother_server-8]: process has died [pid 9656, exit code -2, cmd '/opt/mm/root/envs/ros/lib/nav2_smoother/smoother_server --ros-args --log-level info --ros-args -r __node:=smoother_server --params-file /tmp/launch_params_4xbta5j4 -r /tf:=tf -r /tf_static:=tf_static'].
[INFO] [robot_state_publisher-2]: sending signal 'SIGINT' to process[robot_state_publisher-2]
[INFO] [gzserver-1]: sending signal 'SIGINT' to process[gzserver-1]
[ERROR] [lifecycle_manager-6]: process has died [pid 9652, exit code -2, cmd '/opt/mm/root/envs/ros/lib/nav2_lifecycle_manager/lifecycle_manager --ros-args -r __node:=lifecycle_manager_map_server --params-file /tmp/launch_params_o41hmzg4'].
[bt_navigator-11] [INFO] [1791117721.560897966] [bt_navigator]: Running Nav2 LifecycleNode rcl preshutdown (bt_navigator)
[bt_navigator-11] [INFO] [1791117721.560982673] [bt_navigator]: Deactivating
[bt_navigator-11] [INFO] [1791117721.561000963] [bt_navigator]: Destroying bond (bt_navigator) to lifecycle manager.
[bt_navigator-11] [INFO] [1791117721.572100294] [bt_navigator]: Cleaning up
[map_server-5] [INFO] [1791117721.561650199] [map_server]: Running Nav2 LifecycleNode rcl preshutdown (map_server)
[map_server-5] [INFO] [1791117721.561770005] [map_server]: Deactivating
[map_server-5] [INFO] [1791117721.561786093] [map_server]: Destroying bond (map_server) to lifecycle manager.
[map_server-5] [INFO] [1791117721.572088316] [map_server]: Cleaning up
[map_server-5] [INFO] [1791117721.572719507] [map_server]: Destroying bond (map_server) to lifecycle manager.
[behavior_server-10] [INFO] [1791117721.568716265] [behavior_server]: Cleaning up
[ERROR] [robot_state_publisher-2]: process has died [pid 9517, exit code -2, cmd '/opt/mm/root/envs/ros/lib/robot_state_publisher/robot_state_publisher --ros-args --params-file /tmp/launch_params_mgz6xnd2'].
[smoother_server-8] [INFO] [1791117721.569286754] [smoother_server]: Cleaning up
[ERROR] [map_server-5]: process has died [pid 9650, exit code -2, cmd '/opt/mm/root/envs/ros/lib/nav2_map_server/map_server --ros-args -r __node:=map_server --params-file /tmp/launch_params_bmjry3_m'].
[velocity_smoother-13] [INFO] [1791117721.570056746] [velocity_smoother]: Cleaning up
[velocity_smoother-13] [INFO] [1791117721.570114613] [velocity_smoother]: Destroying bond (velocity_smoother) to lifecycle manager.
[waypoint_follower-12] [INFO] [1791117721.583325324] [waypoint_follower]: Cleaning up
[waypoint_follower-12] [INFO] [1791117721.587151339] [waypoint_follower]: Destroying bond (waypoint_follower) to lifecycle manager.
[lifecycle_manager-6] [INFO] [1791117721.597899880] [lifecycle_manager_map_server]: Destroying lifecycle_manager_map_server
[velocity_smoother-13] [INFO] [1791117721.607230925] [velocity_smoother]: Destroying
[behavior_server-10] [INFO] [1791117721.608646127] [behavior_server]: Destroying bond (behavior_server) to lifecycle manager.
[waypoint_follower-12] [INFO] [1791117721.612812713] [waypoint_follower]: Destroying
[map_server-5] [INFO] [1791117721.618942357] [map_server]: Destroying
[smoother_server-8] [INFO] [1791117721.628527480] [smoother_server]: Destroying bond (smoother_server) to lifecycle manager.
[smoother_server-8] [INFO] [1791117721.634472966] [smoother_server]: Destroying
[ground_truth_tf_publisher-4] Traceback (most recent call last):
[ground_truth_tf_publisher-4]   File "/opt/ws/install/mower_sim/lib/mower_sim/ground_truth_tf_publisher", line 33, in <module>
[ground_truth_tf_publisher-4]     sys.exit(load_entry_point('mower_sim==0.0.0', 'console_scripts', 'ground_truth_tf_publisher')())
[ground_truth_tf_publisher-4]              ^^^^^^^^^^^^^^^^^^^^^^^^^^^^^^^^^^^^^^^^^^^^^^^^^^^^^^^^^^^^^^^^^^^^^^^^^^^^^^^^^^^^^^
[ground_truth_tf_publisher-4]   File "/opt/ws/install/mower_sim/lib/python3.11/site-packages/mower_sim/ground_truth_tf_publisher.py", line 149, in main
[ground_truth_tf_publisher-4]     rclpy.shutdown()
[ground_truth_tf_publisher-4]   File "/opt/mm/root/envs/ros/lib/python3.11/site-packages/rclpy/__init__.py", line 130, in shutdown
[ground_truth_tf_publisher-4]     _shutdown(context=context)
[ground_truth_tf_publisher-4]   File "/opt/mm/root/envs/ros/lib/python3.11/site-packages/rclpy/utilities.py", line 58, in shutdown
[ground_truth_tf_publisher-4]     return context.shutdown()
[ground_truth_tf_publisher-4]            ^^^^^^^^^^^^^^^^^^
[ground_truth_tf_publisher-4]   File "/opt/mm/root/envs/ros/lib/python3.11/site-packages/rclpy/context.py", line 102, in shutdown
[lifecycle_manager-14] [INFO] [1791117721.641288526] [rclcpp]: signal_handler(signum=2)
[ERROR] [ground_truth_tf_publisher-4]: process has died [pid 9521, exit code -2, cmd '/opt/ws/install/mower_sim/lib/mower_sim/ground_truth_tf_publisher --ros-args --params-file /tmp/launch_params_18caqzaw'].
[controller_server-7] [INFO] [1791117721.643800603] [controller_server]: Destroying bond (controller_server) to lifecycle manager.
[controller_server-7] [INFO] [1791117721.644264470] [controller_server]: Cleaning up
[controller_server-7] [INFO] [1791117721.644292486] [controller_server]: Cleaning up controller: FollowPath of type regulated_pure_pursuit_controller::RegulatedPurePursuitController
[ground_truth_tf_publisher-4]     self.__context.shutdown()
[ground_truth_tf_publisher-4] rclpy._rclpy_pybind11.RCLError: failed to shutdown: rcl_shutdown already called on the given context, at /home/runner/conda-bld/bld/rattler-build_ros-humble-rcl_1736209862/work/ros-humble-rcl/src/work/src/rcl/init.c:241
[bt_navigator-11] [INFO] [1791117721.656429729] [rclcpp]: signal_handler(signum=2)
[behavior_server-10] [INFO] [1791117721.658711804] [rclcpp]: signal_handler(signum=2)
[planner_server-9] [INFO] [1791117721.660419962] [rclcpp]: signal_handler(signum=2)
[controller_server-7] [INFO] [1791117721.663675351] [rclcpp]: signal_handler(signum=2)
[planner_server-9] [INFO] [1791117721.875865329] [planner_server]: Deactivating plugin GridBased of type NavfnPlanner
[planner_server-9] [INFO] [1791117721.875958725] [planner_server]: Destroying bond (planner_server) to lifecycle manager.
[planner_server-9] [INFO] [1791117721.876017233] [planner_server]: Cleaning up
[lifecycle_manager-14] [INFO] [1791117724.243883699] [lifecycle_manager_navigation]: Destroying lifecycle_manager_navigation
[controller_server-7] [INFO] [1791117724.265616408] [local_costmap.local_costmap]: Cleaning up
[planner_server-9] [INFO] [1791117724.290280047] [global_costmap.global_costmap]: Cleaning up
[planner_server-9] [INFO] [1791117724.312171331] [planner_server]: Cleaning up plugin GridBased of type NavfnPlanner
[planner_server-9] [INFO] [1791117724.312548844] [planner_server]: Destroying plugin GridBased of type NavfnPlanner
[controller_server-7] [INFO] [1791117724.334296571] [controller_server]: Destroying bond (controller_server) to lifecycle manager.
[planner_server-9] [INFO] [1791117724.350763691] [planner_server]: Destroying bond (planner_server) to lifecycle manager.
[controller_server-7] [INFO] [1791117724.359638880] [local_costmap.local_costmap]: Destroying
[INFO] [lifecycle_manager-14]: process has finished cleanly [pid 9681]
[planner_server-9] [INFO] [1791117724.366182334] [global_costmap.global_costmap]: Destroying
[gzserver-1] [0m[1;32m[0m[1;32m[0m[1;32m[Msg] [0m[1;32mLoading world file [[0m[1;32m/opt/ws/install/mower_sim/share/mower_sim/worlds/empty_field.world[0m[1;32m][0m[1;32m
[controller_server-7] [INFO] [1791117724.423400052] [controller_server]: Destroying
[planner_server-9] [INFO] [1791117724.424741796] [planner_server]: Destroying
[bt_navigator-11] [INFO] [1791117724.487663115] [bt_navigator]: Completed Cleaning up
[bt_navigator-11] [INFO] [1791117724.487750870] [bt_navigator]: Destroying bond (bt_navigator) to lifecycle manager.
[bt_navigator-11] [INFO] [1791117724.514468411] [bt_navigator]: Destroying
[INFO] [gzserver-1]: process has finished cleanly [pid 9515]
[gzserver-1] [0m[1;32m[0m[1;32m[0m[1;36m[0m[1;32m[0m
[gzserver-1] [1;33m[0m[1;31m[0m
[INFO] [controller_server-7]: process has finished cleanly [pid 9654]
[INFO] [planner_server-9]: process has finished cleanly [pid 9658]
[INFO] [bt_navigator-11]: process has finished cleanly [pid 9662]
[behavior_server-10] [INFO] [1791117724.685365755] [behavior_server]: Destroying
[INFO] [behavior_server-10]: process has finished cleanly [pid 9660]
