[INFO] [launch]: All log files can be found below /home/nermin/.ros/log/2026-10-05-17-58-47-638784-Nermin-11061
[INFO] [launch]: Default logging verbosity is set to INFO

[mower_sim] Controller: SWITCHING
[mower_sim] Odometry: ground_truth
[mower_sim] Params: /home/nermin/Documents/Thesis/code/Autonomous-Lawn-Mower-Navigation/install/mower_sim/share/mower_sim/config/nav2_switching.yaml

[INFO] [gzserver-1]: process started with pid [11079]
[INFO] [robot_state_publisher-2]: process started with pid [11081]
[INFO] [spawn_entity.py-3]: process started with pid [11083]
[INFO] [ground_truth_tf_publisher-4]: process started with pid [11085]
[INFO] [robot_trail_publisher-5]: process started with pid [11087]
[INFO] [coverage_monitor-6]: process started with pid [11089]
[robot_state_publisher-2] [INFO] [1791215927.754348700] [robot_state_publisher]: got segment base_footprint
[robot_state_publisher-2] [INFO] [1791215927.754403493] [robot_state_publisher]: got segment base_link
[robot_state_publisher-2] [INFO] [1791215927.754409615] [robot_state_publisher]: got segment base_scan
[robot_state_publisher-2] [INFO] [1791215927.754413325] [robot_state_publisher]: got segment front_left_caster
[robot_state_publisher-2] [INFO] [1791215927.754417081] [robot_state_publisher]: got segment front_right_caster
[robot_state_publisher-2] [INFO] [1791215927.754421003] [robot_state_publisher]: got segment left_wheel
[robot_state_publisher-2] [INFO] [1791215927.754426955] [robot_state_publisher]: got segment right_wheel
[gzserver-1] Gazebo multi-robot simulator, version 11.10.2
[gzserver-1] Copyright (C) 2012 Open Source Robotics Foundation.
[gzserver-1] Released under the Apache 2 License.
[gzserver-1] http://gazebosim.org
[gzserver-1] 
[spawn_entity.py-3] [INFO] [1791215928.153229175] [spawn_entity]: Spawn Entity started
[spawn_entity.py-3] [INFO] [1791215928.153489864] [spawn_entity]: Loading entity published on topic robot_description
[spawn_entity.py-3] [INFO] [1791215928.154468474] [spawn_entity]: Waiting for entity xml on robot_description
[coverage_monitor-6] [INFO] [1791215928.154779679] [coverage_monitor]: Coverage monitor: field from /coverage_path
[spawn_entity.py-3] [INFO] [1791215928.156167252] [spawn_entity]: Waiting for service /spawn_entity, timeout = 120
[spawn_entity.py-3] [INFO] [1791215928.156481971] [spawn_entity]: Waiting for service /spawn_entity
[robot_trail_publisher-5] [INFO] [1791215928.176415726] [robot_trail_publisher]: Robot trail: /ground_truth/pose on /robot_trail
[ground_truth_tf_publisher-4] [INFO] [1791215928.202854830] [ground_truth_tf_publisher]: Ground truth TF publisher started for "mower": map -> odom (ground truth correction)
[gzserver-1] [1;33m[Wrn] [gazebo_ros_init.cpp:178] [0m[1;33m
[gzserver-1] #     # ####### ####### ###  #####  #######
[gzserver-1] ##    # #     #    #     #  #     # #
[gzserver-1] # #   # #     #    #     #  #       #
[gzserver-1] #  #  # #     #    #     #  #       #####
[gzserver-1] #   # # #     #    #     #  #       #
[gzserver-1] #    ## #     #    #     #  #     # #
[gzserver-1] #     # #######    #    ###  #####  #######
[gzserver-1] 
[gzserver-1] This version of Gazebo, now called Gazebo classic, reaches end-of-life
[gzserver-1] in January 2025. Users are highly encouraged to migrate to the new Gazebo
[gzserver-1] using our migration guides (https://gazebosim.org/docs/latest/gazebo_classic_migration?utm_source=gazebo_ros_pkgs&utm_medium=cli)
[gzserver-1] 
[gzserver-1] [0m[1;33m
[spawn_entity.py-3] [INFO] [1791215928.660045251] [spawn_entity]: Calling service /spawn_entity
[gzserver-1] [0m[1;33m[0m[1;33m[0m[INFO] [1791215928.714059108] [gazebo.gazebo_ros_state]: Publishing states of gazebo models at [/gazebo/model_states]
[gzserver-1] [INFO] [1791215928.714390552] [gazebo.gazebo_ros_state]: Publishing states of gazebo links at [/gazebo/link_states]
[spawn_entity.py-3] [INFO] [1791215928.803062480] [spawn_entity]: Spawn status: SpawnEntity: Successfully spawned entity [mower]
[gzserver-1] [INFO] [1791215928.912168406] [diff_drive]: Wheel pair 1 separation set to [0.700000m]
[gzserver-1] [INFO] [1791215928.912199849] [diff_drive]: Wheel pair 1 diameter set to [0.300000m]
[gzserver-1] [INFO] [1791215928.912575701] [diff_drive]: Subscribed to [/cmd_vel]
[gzserver-1] [INFO] [1791215928.913270331] [diff_drive]: Advertise odometry on [/odom]
[gzserver-1] [INFO] [1791215928.914055717] [diff_drive]: Publishing odom transforms between [odom] and [base_footprint]
[gzserver-1] [INFO] [1791215928.919002373] [joint_states]: Going to publish joint [left_wheel_joint]
[gzserver-1] [INFO] [1791215928.919019861] [joint_states]: Going to publish joint [right_wheel_joint]
[INFO] [spawn_entity.py-3]: process has finished cleanly [pid 11083]
[gzserver-1] [1;32m[Msg] [0m[1;32mWaiting for master.[0m[1;32m
[gzserver-1] [0m[1;32m[0m[1;32m[0m[1;32m[Msg] [0m[1;32mConnected to gazebo master @ [0m[1;32mhttp://127.0.0.1:11345[0m[1;32m
[gzserver-1] [0m[1;32m[0m[1;32m[0m[1;32m[Msg] [0m[1;32mPublicized address: [0m[1;32m192.168.1.6[0m[1;32m
[gzserver-1] [0m[1;32m[0m[1;32m[0m[1;32m[Msg] [0m[1;32mLoading world file [[0m[1;32m/home/nermin/Documents/Thesis/code/Autonomous-Lawn-Mower-Navigation/install/mower_sim/share/mower_sim/worlds/empty_field.world[0m[1;32m][0m[1;32m
[INFO] [map_server-7]: process started with pid [11491]
[INFO] [lifecycle_manager-8]: process started with pid [11493]
[INFO] [controller_server-9]: process started with pid [11495]
[INFO] [smoother_server-10]: process started with pid [11497]
[INFO] [planner_server-11]: process started with pid [11499]
[INFO] [behavior_server-12]: process started with pid [11501]
[INFO] [bt_navigator-13]: process started with pid [11503]
[INFO] [waypoint_follower-14]: process started with pid [11505]
[INFO] [velocity_smoother-15]: process started with pid [11507]
[INFO] [lifecycle_manager-16]: process started with pid [11509]
[lifecycle_manager-8] [INFO] [1791215947.882672974] [lifecycle_manager_map_server]: Creating
[lifecycle_manager-8] [INFO] [1791215947.884344792] [lifecycle_manager_map_server]: [34m[1mCreating and initializing lifecycle service clients[0m[0m
[planner_server-11] [INFO] [1791215947.884845754] [planner_server]: 
[planner_server-11] 	planner_server lifecycle node launched. 
[planner_server-11] 	Waiting on external lifecycle transitions to activate
[planner_server-11] 	See https://design.ros2.org/articles/node_lifecycle.html for more information.
[controller_server-9] [INFO] [1791215947.885080335] [controller_server]: 
[controller_server-9] 	controller_server lifecycle node launched. 
[controller_server-9] 	Waiting on external lifecycle transitions to activate
[controller_server-9] 	See https://design.ros2.org/articles/node_lifecycle.html for more information.
[planner_server-11] [INFO] [1791215947.885709669] [planner_server]: Creating
[controller_server-9] [INFO] [1791215947.887584283] [controller_server]: Creating controller server
[planner_server-11] [INFO] [1791215947.888078537] [global_costmap.global_costmap]: 
[planner_server-11] 	global_costmap lifecycle node launched. 
[planner_server-11] 	Waiting on external lifecycle transitions to activate
[planner_server-11] 	See https://design.ros2.org/articles/node_lifecycle.html for more information.
[planner_server-11] [INFO] [1791215947.888368919] [global_costmap.global_costmap]: Creating Costmap
[controller_server-9] [INFO] [1791215947.890098440] [local_costmap.local_costmap]: 
[controller_server-9] 	local_costmap lifecycle node launched. 
[controller_server-9] 	Waiting on external lifecycle transitions to activate
[controller_server-9] 	See https://design.ros2.org/articles/node_lifecycle.html for more information.
[controller_server-9] [INFO] [1791215947.890402323] [local_costmap.local_costmap]: Creating Costmap
[waypoint_follower-14] [INFO] [1791215947.892734168] [waypoint_follower]: 
[waypoint_follower-14] 	waypoint_follower lifecycle node launched. 
[waypoint_follower-14] 	Waiting on external lifecycle transitions to activate
[waypoint_follower-14] 	See https://design.ros2.org/articles/node_lifecycle.html for more information.
[waypoint_follower-14] [INFO] [1791215947.893290991] [waypoint_follower]: Creating
[lifecycle_manager-16] [INFO] [1791215947.895413683] [lifecycle_manager_navigation]: Creating
[velocity_smoother-15] [INFO] [1791215947.895797568] [velocity_smoother]: 
[velocity_smoother-15] 	velocity_smoother lifecycle node launched. 
[velocity_smoother-15] 	Waiting on external lifecycle transitions to activate
[velocity_smoother-15] 	See https://design.ros2.org/articles/node_lifecycle.html for more information.
[smoother_server-10] [INFO] [1791215947.896224569] [smoother_server]: 
[smoother_server-10] 	smoother_server lifecycle node launched. 
[smoother_server-10] 	Waiting on external lifecycle transitions to activate
[smoother_server-10] 	See https://design.ros2.org/articles/node_lifecycle.html for more information.
[map_server-7] [INFO] [1791215947.896608842] [map_server]: 
[map_server-7] 	map_server lifecycle node launched. 
[map_server-7] 	Waiting on external lifecycle transitions to activate
[map_server-7] 	See https://design.ros2.org/articles/node_lifecycle.html for more information.
[map_server-7] [INFO] [1791215947.896692864] [map_server]: Creating
[smoother_server-10] [INFO] [1791215947.897593618] [smoother_server]: Creating smoother server
[lifecycle_manager-16] [INFO] [1791215947.898507418] [lifecycle_manager_navigation]: [34m[1mCreating and initializing lifecycle service clients[0m[0m
[behavior_server-12] [INFO] [1791215947.900288382] [behavior_server]: 
[behavior_server-12] 	behavior_server lifecycle node launched. 
[behavior_server-12] 	Waiting on external lifecycle transitions to activate
[behavior_server-12] 	See https://design.ros2.org/articles/node_lifecycle.html for more information.
[bt_navigator-13] [INFO] [1791215947.900937462] [bt_navigator]: 
[bt_navigator-13] 	bt_navigator lifecycle node launched. 
[bt_navigator-13] 	Waiting on external lifecycle transitions to activate
[bt_navigator-13] 	See https://design.ros2.org/articles/node_lifecycle.html for more information.
[bt_navigator-13] [INFO] [1791215947.901004783] [bt_navigator]: Creating
[lifecycle_manager-16] [INFO] [1791215947.914701819] [lifecycle_manager_navigation]: [34m[1mStarting managed nodes bringup...[0m[0m
[lifecycle_manager-16] [INFO] [1791215947.914758925] [lifecycle_manager_navigation]: [34m[1mConfiguring controller_server[0m[0m
[controller_server-9] [INFO] [1791215947.915489315] [controller_server]: Configuring controller interface
[controller_server-9] [INFO] [1791215947.915664480] [controller_server]: getting goal checker plugins..
[controller_server-9] [INFO] [1791215947.915695289] [controller_server]: Controller frequency set to 30.0000Hz
[controller_server-9] [INFO] [1791215947.915736540] [local_costmap.local_costmap]: Configuring
[lifecycle_manager-8] [INFO] [1791215947.917262129] [lifecycle_manager_map_server]: [34m[1mStarting managed nodes bringup...[0m[0m
[lifecycle_manager-8] [INFO] [1791215947.917300839] [lifecycle_manager_map_server]: [34m[1mConfiguring map_server[0m[0m
[map_server-7] [INFO] [1791215947.917473251] [map_server]: Configuring
[map_server-7] [INFO] [1791215947.917536606] [map_io]: Loading yaml file: /home/nermin/Documents/Thesis/code/Autonomous-Lawn-Mower-Navigation/install/mower_sim/share/mower_sim/maps/empty_map.yaml
[map_server-7] [INFO] [1791215947.917769995] [map_io]: resolution: 0.05
[map_server-7] [INFO] [1791215947.917781433] [map_io]: origin[0]: -50
[map_server-7] [INFO] [1791215947.917785453] [map_io]: origin[1]: -50
[map_server-7] [INFO] [1791215947.917789335] [map_io]: origin[2]: 0
[map_server-7] [INFO] [1791215947.917793415] [map_io]: free_thresh: 0.196
[map_server-7] [INFO] [1791215947.917797517] [map_io]: occupied_thresh: 0.65
[map_server-7] [INFO] [1791215947.917802046] [map_io]: mode: trinary
[map_server-7] [INFO] [1791215947.917806571] [map_io]: negate: 0
[map_server-7] [INFO] [1791215947.918031505] [map_io]: Loading image_file: /home/nermin/Documents/Thesis/code/Autonomous-Lawn-Mower-Navigation/install/mower_sim/share/mower_sim/maps/empty_map.pgm
[controller_server-9] [INFO] [1791215947.918641711] [local_costmap.local_costmap]: Using plugin "static_layer"
[controller_server-9] [INFO] [1791215947.921045611] [local_costmap.local_costmap]: Subscribing to the map topic (/map) with transient local durability
[controller_server-9] [INFO] [1791215947.921353681] [local_costmap.local_costmap]: Initialized plugin "static_layer"
[controller_server-9] [INFO] [1791215947.921366096] [local_costmap.local_costmap]: Using plugin "voxel_layer"
[controller_server-9] [INFO] [1791215947.921698423] [local_costmap.local_costmap]: Subscribed to Topics: scan
[controller_server-9] [INFO] [1791215947.924220275] [local_costmap.local_costmap]: Initialized plugin "voxel_layer"
[controller_server-9] [INFO] [1791215947.924237726] [local_costmap.local_costmap]: Using plugin "inflation_layer"
[controller_server-9] [INFO] [1791215947.924664874] [local_costmap.local_costmap]: Initialized plugin "inflation_layer"
[controller_server-9] [INFO] [1791215947.926874381] [controller_server]: Created progress_checker : progress_checker of type nav2_controller::SimpleProgressChecker
[controller_server-9] [INFO] [1791215947.927272364] [controller_server]: Created goal checker : general_goal_checker of type nav2_controller::SimpleGoalChecker
[controller_server-9] [INFO] [1791215947.927471013] [controller_server]: Controller Server has general_goal_checker  goal checkers available.
[controller_server-9] [INFO] [1791215947.927812305] [controller_server]: Created controller : RPP of type nav2_regulated_pure_pursuit_controller::RegulatedPurePursuitController
[controller_server-9] [INFO] [1791215947.930174559] [controller_server]: Created controller : MPPI of type nav2_mppi_controller::MPPIController
[controller_server-9] [WARN] [1791215947.931014318] [controller_server]: Controller period is less then model dt, consider setting it equal
[controller_server-9] [INFO] [1791215947.931746551] [controller_server]: ConstraintCritic instantiated with 1 power and 4.000000 weight.
[controller_server-9] [INFO] [1791215947.931765501] [controller_server]: Critic loaded : mppi::critics::ConstraintCritic
[controller_server-9] [INFO] [1791215947.931991862] [controller_server]: GoalCritic instantiated with 1 power and 2.000000 weight.
[controller_server-9] [INFO] [1791215947.932002270] [controller_server]: Critic loaded : mppi::critics::GoalCritic
[controller_server-9] [INFO] [1791215947.932198585] [controller_server]: GoalAngleCritic instantiated with 1 power, 1.000000 weight, and 0.300000 angular threshold.
[controller_server-9] [INFO] [1791215947.932209945] [controller_server]: Critic loaded : mppi::critics::GoalAngleCritic
[controller_server-9] [INFO] [1791215947.932608635] [controller_server]: ReferenceTrajectoryCritic instantiated with 1 power and 14.000000 weight
[controller_server-9] [INFO] [1791215947.932624291] [controller_server]: Critic loaded : mppi::critics::PathAlignCritic
[controller_server-9] [INFO] [1791215947.932887493] [controller_server]: Critic loaded : mppi::critics::PathFollowCritic
[controller_server-9] [INFO] [1791215947.933285819] [controller_server]: PathAngleCritic instantiated with 1 power and 2.000000 weight. Reversing allowed.
[controller_server-9] [INFO] [1791215947.933299851] [controller_server]: Critic loaded : mppi::critics::PathAngleCritic
[controller_server-9] [INFO] [1791215947.933779748] [controller_server]: ObstaclesCritic instantiated with 1 power and 20.000000 / 2.000000 weights. Critic will collision check based on footprint cost.
[controller_server-9] [INFO] [1791215947.933794270] [controller_server]: Critic loaded : mppi::critics::ObstaclesCritic
[controller_server-9] [INFO] [1791215947.934019166] [controller_server]: PreferForwardCritic instantiated with 1 power and 1.000000 weight.
[controller_server-9] [INFO] [1791215947.934053519] [controller_server]: Critic loaded : mppi::critics::PreferForwardCritic
[controller_server-9] [INFO] [1791215947.934276770] [controller_server]: VelocityDeadbandCritic instantiated with 1 power, 0.5 weight, deadband_velocity [0.02,0,0.02]
[controller_server-9] [INFO] [1791215947.934286802] [controller_server]: Critic loaded : mppi::critics::VelocityDeadbandCritic
[controller_server-9] [INFO] [1791215947.934426381] [controller_server]: TwirlingCritic instantiated with 1 power and 1.000000 weight.
[controller_server-9] [INFO] [1791215947.934434736] [controller_server]: Critic loaded : mppi::critics::TwirlingCritic
[controller_server-9] [INFO] [1791215947.935729398] [controller_server]: Optimizer reset
[controller_server-9] [INFO] [1791215947.936867779] [MPPIController]: Configured MPPI Controller: MPPI
[controller_server-9] [INFO] [1791215947.937718866] [controller_server]: Created controller : DWB of type dwb_core::DWBLocalPlanner
[controller_server-9] [INFO] [1791215947.938187610] [controller_server]: Setting transform_tolerance to 0.200000
[controller_server-9] [INFO] [1791215947.941493217] [controller_server]: Using critic "RotateToGoal" (dwb_critics::RotateToGoalCritic)
[controller_server-9] [INFO] [1791215947.941768960] [controller_server]: Critic plugin initialized
[controller_server-9] [INFO] [1791215947.941837198] [controller_server]: Using critic "BaseObstacle" (dwb_critics::BaseObstacleCritic)
[controller_server-9] [INFO] [1791215947.941949244] [controller_server]: Critic plugin initialized
[controller_server-9] [INFO] [1791215947.942010202] [controller_server]: Using critic "PathAlign" (dwb_critics::PathAlignCritic)
[controller_server-9] [INFO] [1791215947.942199121] [controller_server]: Critic plugin initialized
[controller_server-9] [INFO] [1791215947.942293867] [controller_server]: Using critic "PathDist" (dwb_critics::PathDistCritic)
[controller_server-9] [INFO] [1791215947.942451999] [controller_server]: Critic plugin initialized
[controller_server-9] [INFO] [1791215947.942529739] [controller_server]: Using critic "GoalDist" (dwb_critics::GoalDistCritic)
[controller_server-9] [INFO] [1791215947.942708093] [controller_server]: Critic plugin initialized
[controller_server-9] [INFO] [1791215947.942721733] [controller_server]: Controller Server has RPP MPPI DWB  controllers available.
[lifecycle_manager-16] [INFO] [1791215947.944717161] [lifecycle_manager_navigation]: [34m[1mConfiguring smoother_server[0m[0m
[smoother_server-10] [INFO] [1791215947.944849196] [smoother_server]: Configuring smoother server
[smoother_server-10] [INFO] [1791215947.947659344] [smoother_server]: Created smoother : simple_smoother of type nav2_smoother::SimpleSmoother
[smoother_server-10] [INFO] [1791215947.948005059] [smoother_server]: Smoother Server has simple_smoother  smoothers available.
[lifecycle_manager-16] [INFO] [1791215947.949739559] [lifecycle_manager_navigation]: [34m[1mConfiguring planner_server[0m[0m
[planner_server-11] [INFO] [1791215947.949870955] [planner_server]: Configuring
[planner_server-11] [INFO] [1791215947.949904122] [global_costmap.global_costmap]: Configuring
[planner_server-11] [INFO] [1791215947.952160992] [global_costmap.global_costmap]: Using plugin "static_layer"
[planner_server-11] [INFO] [1791215947.954606731] [global_costmap.global_costmap]: Subscribing to the map topic (/map) with transient local durability
[planner_server-11] [INFO] [1791215947.955010904] [global_costmap.global_costmap]: Initialized plugin "static_layer"
[planner_server-11] [INFO] [1791215947.955028684] [global_costmap.global_costmap]: Using plugin "obstacle_layer"
[planner_server-11] [INFO] [1791215947.955389033] [global_costmap.global_costmap]: Subscribed to Topics: scan
[planner_server-11] [INFO] [1791215947.956858023] [global_costmap.global_costmap]: Initialized plugin "obstacle_layer"
[planner_server-11] [INFO] [1791215947.956876480] [global_costmap.global_costmap]: Using plugin "inflation_layer"
[planner_server-11] [INFO] [1791215947.957410117] [global_costmap.global_costmap]: Initialized plugin "inflation_layer"
[planner_server-11] [INFO] [1791215947.960353338] [planner_server]: Created global planner plugin GridBased of type nav2_navfn_planner/NavfnPlanner
[planner_server-11] [INFO] [1791215947.960376103] [planner_server]: Configuring plugin GridBased of type NavfnPlanner
[planner_server-11] [INFO] [1791215947.960659210] [planner_server]: Planner Server has GridBased  planners available.
[lifecycle_manager-16] [INFO] [1791215947.963313619] [lifecycle_manager_navigation]: [34m[1mConfiguring behavior_server[0m[0m
[behavior_server-12] [INFO] [1791215947.963448302] [behavior_server]: Configuring
[behavior_server-12] [INFO] [1791215947.966087304] [behavior_server]: Creating behavior plugin spin of type nav2_behaviors/Spin
[behavior_server-12] [INFO] [1791215947.966504127] [behavior_server]: Configuring spin
[behavior_server-12] [INFO] [1791215947.967854007] [behavior_server]: Creating behavior plugin backup of type nav2_behaviors/BackUp
[behavior_server-12] [INFO] [1791215947.968239206] [behavior_server]: Configuring backup
[behavior_server-12] [INFO] [1791215947.969447641] [behavior_server]: Creating behavior plugin drive_on_heading of type nav2_behaviors/DriveOnHeading
[behavior_server-12] [INFO] [1791215947.969837258] [behavior_server]: Configuring drive_on_heading
[behavior_server-12] [INFO] [1791215947.971041970] [behavior_server]: Creating behavior plugin assisted_teleop of type nav2_behaviors/AssistedTeleop
[behavior_server-12] [INFO] [1791215947.971936568] [behavior_server]: Configuring assisted_teleop
[behavior_server-12] [INFO] [1791215947.973491441] [behavior_server]: Creating behavior plugin wait of type nav2_behaviors/Wait
[behavior_server-12] [INFO] [1791215947.973835378] [behavior_server]: Configuring wait
[lifecycle_manager-16] [INFO] [1791215947.975094623] [lifecycle_manager_navigation]: [34m[1mConfiguring bt_navigator[0m[0m
[bt_navigator-13] [INFO] [1791215947.975200471] [bt_navigator]: Configuring
[lifecycle_manager-16] [INFO] [1791215948.000953553] [lifecycle_manager_navigation]: [34m[1mConfiguring waypoint_follower[0m[0m
[waypoint_follower-14] [INFO] [1791215948.001074666] [waypoint_follower]: Configuring
[waypoint_follower-14] [INFO] [1791215948.004015136] [waypoint_follower]: Created waypoint_task_executor : wait_at_waypoint of type nav2_waypoint_follower::WaitAtWaypoint
[lifecycle_manager-16] [INFO] [1791215948.004373266] [lifecycle_manager_navigation]: [34m[1mConfiguring velocity_smoother[0m[0m
[velocity_smoother-15] [INFO] [1791215948.004477951] [velocity_smoother]: Configuring velocity smoother
[lifecycle_manager-16] [INFO] [1791215948.005995978] [lifecycle_manager_navigation]: [34m[1mActivating controller_server[0m[0m
[controller_server-9] [INFO] [1791215948.006110940] [controller_server]: Activating
[controller_server-9] [INFO] [1791215948.006164280] [local_costmap.local_costmap]: Activating
[controller_server-9] [INFO] [1791215948.006182522] [local_costmap.local_costmap]: Checking transform
[controller_server-9] [INFO] [1791215948.006316346] [local_costmap.local_costmap]: start
[map_server-7] [INFO] [1791215948.179217765] [map_io]: Read map /home/nermin/Documents/Thesis/code/Autonomous-Lawn-Mower-Navigation/install/mower_sim/share/mower_sim/maps/empty_map.pgm: 2000 X 2000 map @ 0.05 m/cell
[lifecycle_manager-8] [INFO] [1791215948.185381254] [lifecycle_manager_map_server]: [34m[1mActivating map_server[0m[0m
[map_server-7] [INFO] [1791215948.185466748] [map_server]: Activating
[map_server-7] [INFO] [1791215948.189461947] [map_server]: Creating bond (map_server) to lifecycle manager.
[controller_server-9] [INFO] [1791215948.193840165] [local_costmap.local_costmap]: StaticLayer: Resizing static layer to 2000 X 2000 at 0.050000 m/pix
[planner_server-11] [INFO] [1791215948.193872016] [global_costmap.global_costmap]: StaticLayer: Resizing costmap to 2000 X 2000 at 0.050000 m/pix
[controller_server-9] [WARN] [1791215948.206812907] [controller_server]: Parameter controller_server.verbose not found
[controller_server-9] [INFO] [1791215948.207488442] [controller_server]: Optimizer reset
[controller_server-9] [INFO] [1791215948.207597297] [MPPIController]: Activated MPPI Controller: MPPI
[controller_server-9] [INFO] [1791215948.207611181] [controller_server]: Activating controller: RPP of type regulated_pure_pursuit_controller::RegulatedPurePursuitController
[controller_server-9] [INFO] [1791215948.207644416] [controller_server]: Creating bond (controller_server) to lifecycle manager.
[lifecycle_manager-8] [INFO] [1791215948.291256623] [lifecycle_manager_map_server]: Server map_server connected with bond.
[lifecycle_manager-8] [INFO] [1791215948.291286239] [lifecycle_manager_map_server]: [34m[1mManaged nodes are active[0m[0m
[lifecycle_manager-8] [INFO] [1791215948.291296643] [lifecycle_manager_map_server]: [34m[1mCreating bond timer...[0m[0m
[lifecycle_manager-16] [INFO] [1791215948.309152113] [lifecycle_manager_navigation]: Server controller_server connected with bond.
[lifecycle_manager-16] [INFO] [1791215948.309177280] [lifecycle_manager_navigation]: [34m[1mActivating smoother_server[0m[0m
[smoother_server-10] [INFO] [1791215948.309305842] [smoother_server]: Activating
[smoother_server-10] [INFO] [1791215948.309332379] [smoother_server]: Creating bond (smoother_server) to lifecycle manager.
[lifecycle_manager-16] [INFO] [1791215948.410593272] [lifecycle_manager_navigation]: Server smoother_server connected with bond.
[lifecycle_manager-16] [INFO] [1791215948.410637827] [lifecycle_manager_navigation]: [34m[1mActivating planner_server[0m[0m
[planner_server-11] [INFO] [1791215948.410766069] [planner_server]: Activating
[planner_server-11] [INFO] [1791215948.410802380] [global_costmap.global_costmap]: Activating
[planner_server-11] [INFO] [1791215948.410811021] [global_costmap.global_costmap]: Checking transform
[planner_server-11] [INFO] [1791215948.410893068] [global_costmap.global_costmap]: start
[planner_server-11] [INFO] [1791215949.461210411] [planner_server]: Activating plugin GridBased of type NavfnPlanner
[planner_server-11] [INFO] [1791215949.461561469] [planner_server]: Creating bond (planner_server) to lifecycle manager.
[lifecycle_manager-16] [INFO] [1791215949.563140563] [lifecycle_manager_navigation]: Server planner_server connected with bond.
[lifecycle_manager-16] [INFO] [1791215949.563184264] [lifecycle_manager_navigation]: [34m[1mActivating behavior_server[0m[0m
[behavior_server-12] [INFO] [1791215949.563366026] [behavior_server]: Activating
[behavior_server-12] [INFO] [1791215949.563391195] [behavior_server]: Activating spin
[behavior_server-12] [INFO] [1791215949.563402050] [behavior_server]: Activating backup
[behavior_server-12] [INFO] [1791215949.563410583] [behavior_server]: Activating drive_on_heading
[behavior_server-12] [INFO] [1791215949.563417659] [behavior_server]: Activating assisted_teleop
[behavior_server-12] [INFO] [1791215949.563424607] [behavior_server]: Activating wait
[behavior_server-12] [INFO] [1791215949.563435461] [behavior_server]: Creating bond (behavior_server) to lifecycle manager.
[lifecycle_manager-16] [INFO] [1791215949.664810971] [lifecycle_manager_navigation]: Server behavior_server connected with bond.
[lifecycle_manager-16] [INFO] [1791215949.664853096] [lifecycle_manager_navigation]: [34m[1mActivating bt_navigator[0m[0m
[bt_navigator-13] [INFO] [1791215949.665048353] [bt_navigator]: Activating
[bt_navigator-13] [INFO] [1791215949.678594704] [bt_navigator]: Creating bond (bt_navigator) to lifecycle manager.
[lifecycle_manager-16] [INFO] [1791215949.779975847] [lifecycle_manager_navigation]: Server bt_navigator connected with bond.
[lifecycle_manager-16] [INFO] [1791215949.780006029] [lifecycle_manager_navigation]: [34m[1mActivating waypoint_follower[0m[0m
[waypoint_follower-14] [INFO] [1791215949.780163358] [waypoint_follower]: Activating
[waypoint_follower-14] [INFO] [1791215949.780194456] [waypoint_follower]: Creating bond (waypoint_follower) to lifecycle manager.
[lifecycle_manager-16] [INFO] [1791215949.881556382] [lifecycle_manager_navigation]: Server waypoint_follower connected with bond.
[lifecycle_manager-16] [INFO] [1791215949.881593683] [lifecycle_manager_navigation]: [34m[1mActivating velocity_smoother[0m[0m
[velocity_smoother-15] [INFO] [1791215949.881783677] [velocity_smoother]: Activating
[velocity_smoother-15] [INFO] [1791215949.881845013] [velocity_smoother]: Creating bond (velocity_smoother) to lifecycle manager.
[lifecycle_manager-16] [INFO] [1791215949.983504627] [lifecycle_manager_navigation]: Server velocity_smoother connected with bond.
[lifecycle_manager-16] [INFO] [1791215949.983533913] [lifecycle_manager_navigation]: [34m[1mManaged nodes are active[0m[0m
[lifecycle_manager-16] [INFO] [1791215949.983542614] [lifecycle_manager_navigation]: [34m[1mCreating bond timer...[0m[0m
[controller_server-9] [INFO] [1791215950.936747461] [controller_server]: Received a goal, begin computing control effort.
[robot_trail_publisher-5] [INFO] [1791215950.937212368] [robot_trail_publisher]: New run, trail cleared
[coverage_monitor-6] [INFO] [1791215951.098634924] [coverage_monitor]: New coverage path, field rebuilt
[controller_server-9] [INFO] [1791215974.271316351] [controller_server]: Reached the goal!
[WARNING] [launch]: user interrupted with ctrl-c (SIGINT)
[behavior_server-12] [INFO] [1791215974.593041314] [rclcpp]: signal_handler(SIGINT/SIGTERM)
[behavior_server-12] [INFO] [1791215974.593126974] [behavior_server]: Running Nav2 LifecycleNode rcl preshutdown (behavior_server)
[behavior_server-12] [INFO] [1791215974.593189213] [behavior_server]: Deactivating
[behavior_server-12] [INFO] [1791215974.593235166] [behavior_server]: Destroying bond (behavior_server) to lifecycle manager.
[controller_server-9] [INFO] [1791215974.593044860] [rclcpp]: signal_handler(SIGINT/SIGTERM)
[controller_server-9] [INFO] [1791215974.593127584] [controller_server]: Running Nav2 LifecycleNode rcl preshutdown (controller_server)
[controller_server-9] [INFO] [1791215974.593197597] [controller_server]: Deactivating
[controller_server-9] [INFO] [1791215974.593250097] [MPPIController]: Deactivated MPPI Controller: MPPI
[controller_server-9] [INFO] [1791215974.593256202] [controller_server]: Deactivating controller: RPP of type regulated_pure_pursuit_controller::RegulatedPurePursuitController
[controller_server-9] [INFO] [1791215974.593285117] [local_costmap.local_costmap]: Deactivating
[bt_navigator-13] [INFO] [1791215974.593038695] [rclcpp]: signal_handler(SIGINT/SIGTERM)
[bt_navigator-13] [INFO] [1791215974.593126313] [bt_navigator]: Running Nav2 LifecycleNode rcl preshutdown (bt_navigator)
[bt_navigator-13] [INFO] [1791215974.593191521] [bt_navigator]: Deactivating
[bt_navigator-13] [INFO] [1791215974.593217683] [bt_navigator]: Destroying bond (bt_navigator) to lifecycle manager.
[velocity_smoother-15] [INFO] [1791215974.593038056] [rclcpp]: signal_handler(SIGINT/SIGTERM)
[velocity_smoother-15] [INFO] [1791215974.593177143] [velocity_smoother]: Running Nav2 LifecycleNode rcl preshutdown (velocity_smoother)
[velocity_smoother-15] [INFO] [1791215974.593250249] [velocity_smoother]: Deactivating
[velocity_smoother-15] [INFO] [1791215974.593272738] [velocity_smoother]: Destroying bond (velocity_smoother) to lifecycle manager.
[lifecycle_manager-16] [INFO] [1791215974.593051678] [rclcpp]: signal_handler(SIGINT/SIGTERM)
[lifecycle_manager-16] [INFO] [1791215974.593125363] [lifecycle_manager_navigation]: Running Nav2 LifecycleManager rcl preshutdown (lifecycle_manager_navigation)
[lifecycle_manager-16] [INFO] [1791215974.593161335] [lifecycle_manager_navigation]: [34m[1mTerminating bond timer...[0m[0m
[lifecycle_manager-8] [INFO] [1791215974.593052855] [rclcpp]: signal_handler(SIGINT/SIGTERM)
[lifecycle_manager-8] [INFO] [1791215974.593142053] [lifecycle_manager_map_server]: Running Nav2 LifecycleManager rcl preshutdown (lifecycle_manager_map_server)
[lifecycle_manager-8] [INFO] [1791215974.593180509] [lifecycle_manager_map_server]: [34m[1mTerminating bond timer...[0m[0m
[map_server-7] [INFO] [1791215974.593054813] [rclcpp]: signal_handler(SIGINT/SIGTERM)
[map_server-7] [INFO] [1791215974.593173078] [map_server]: Running Nav2 LifecycleNode rcl preshutdown (map_server)
[map_server-7] [INFO] [1791215974.593251178] [map_server]: Deactivating
[map_server-7] [INFO] [1791215974.593270273] [map_server]: Destroying bond (map_server) to lifecycle manager.
[robot_state_publisher-2] [INFO] [1791215974.593060313] [rclcpp]: signal_handler(SIGINT/SIGTERM)
[planner_server-11] [INFO] [1791215974.593067128] [rclcpp]: signal_handler(SIGINT/SIGTERM)
[planner_server-11] [INFO] [1791215974.593132883] [planner_server]: Running Nav2 LifecycleNode rcl preshutdown (planner_server)
[planner_server-11] [INFO] [1791215974.593192692] [planner_server]: Deactivating
[planner_server-11] [INFO] [1791215974.593226576] [global_costmap.global_costmap]: Deactivating
[smoother_server-10] [INFO] [1791215974.593068795] [rclcpp]: signal_handler(SIGINT/SIGTERM)
[smoother_server-10] [INFO] [1791215974.593147651] [smoother_server]: Running Nav2 LifecycleNode rcl preshutdown (smoother_server)
[smoother_server-10] [INFO] [1791215974.593235048] [smoother_server]: Deactivating
[smoother_server-10] [INFO] [1791215974.593255256] [smoother_server]: Destroying bond (smoother_server) to lifecycle manager.
[INFO] [lifecycle_manager-16]: sending signal 'SIGINT' to process[lifecycle_manager-16]
[INFO] [velocity_smoother-15]: sending signal 'SIGINT' to process[velocity_smoother-15]
[INFO] [waypoint_follower-14]: sending signal 'SIGINT' to process[waypoint_follower-14]
[INFO] [bt_navigator-13]: sending signal 'SIGINT' to process[bt_navigator-13]
[INFO] [behavior_server-12]: sending signal 'SIGINT' to process[behavior_server-12]
[INFO] [planner_server-11]: sending signal 'SIGINT' to process[planner_server-11]
[INFO] [smoother_server-10]: sending signal 'SIGINT' to process[smoother_server-10]
[INFO] [controller_server-9]: sending signal 'SIGINT' to process[controller_server-9]
[INFO] [lifecycle_manager-8]: sending signal 'SIGINT' to process[lifecycle_manager-8]
[INFO] [map_server-7]: sending signal 'SIGINT' to process[map_server-7]
[INFO] [coverage_monitor-6]: sending signal 'SIGINT' to process[coverage_monitor-6]
[INFO] [robot_trail_publisher-5]: sending signal 'SIGINT' to process[robot_trail_publisher-5]
[INFO] [ground_truth_tf_publisher-4]: sending signal 'SIGINT' to process[ground_truth_tf_publisher-4]
[INFO] [robot_state_publisher-2]: sending signal 'SIGINT' to process[robot_state_publisher-2]
[INFO] [gzserver-1]: sending signal 'SIGINT' to process[gzserver-1]
[coverage_monitor-6] Exception ignored in: <function Future.__del__ at 0x7595f0c89630>
[coverage_monitor-6] Traceback (most recent call last):
[coverage_monitor-6]   File "/opt/ros/humble/local/lib/python3.10/dist-packages/rclpy/task.py", line 56, in __del__
[coverage_monitor-6]     if self._exception is not None and not self._exception_fetched:
[coverage_monitor-6] AttributeError: 'Task' object has no attribute '_exception'
[waypoint_follower-14] [INFO] [1791215974.593380574] [rclcpp]: signal_handler(SIGINT/SIGTERM)
[waypoint_follower-14] [INFO] [1791215974.593454478] [waypoint_follower]: Running Nav2 LifecycleNode rcl preshutdown (waypoint_follower)
[waypoint_follower-14] [INFO] [1791215974.593512957] [waypoint_follower]: Deactivating
[waypoint_follower-14] [INFO] [1791215974.593528972] [waypoint_follower]: Destroying bond (waypoint_follower) to lifecycle manager.
[velocity_smoother-15] [INFO] [1791215974.603456528] [velocity_smoother]: Cleaning up
[velocity_smoother-15] [INFO] [1791215974.603506120] [velocity_smoother]: Destroying bond (velocity_smoother) to lifecycle manager.
[behavior_server-12] [INFO] [1791215974.603467955] [behavior_server]: Cleaning up
[bt_navigator-13] [INFO] [1791215974.603475411] [bt_navigator]: Cleaning up
[smoother_server-10] [INFO] [1791215974.603480492] [smoother_server]: Cleaning up
[map_server-7] [INFO] [1791215974.603491279] [map_server]: Cleaning up
[map_server-7] [INFO] [1791215974.603778597] [map_server]: Destroying bond (map_server) to lifecycle manager.
[waypoint_follower-14] [INFO] [1791215974.603886005] [waypoint_follower]: Cleaning up
[velocity_smoother-15] [INFO] [1791215974.604699538] [rclcpp]: signal_handler(SIGINT/SIGTERM)
[controller_server-9] [INFO] [1791215974.606448138] [controller_server]: Destroying bond (controller_server) to lifecycle manager.
[behavior_server-12] [INFO] [1791215974.610514176] [behavior_server]: Destroying bond (behavior_server) to lifecycle manager.
[behavior_server-12] [INFO] [1791215974.611797818] [rclcpp]: signal_handler(SIGINT/SIGTERM)
[waypoint_follower-14] [INFO] [1791215974.610803471] [waypoint_follower]: Destroying bond (waypoint_follower) to lifecycle manager.
[waypoint_follower-14] [INFO] [1791215974.612032399] [rclcpp]: signal_handler(SIGINT/SIGTERM)
[lifecycle_manager-8] [INFO] [1791215974.613040798] [rclcpp]: signal_handler(SIGINT/SIGTERM)
[map_server-7] [INFO] [1791215974.614342412] [rclcpp]: signal_handler(SIGINT/SIGTERM)
[smoother_server-10] [INFO] [1791215974.615838974] [smoother_server]: Destroying bond (smoother_server) to lifecycle manager.
[smoother_server-10] [INFO] [1791215974.616416338] [rclcpp]: signal_handler(SIGINT/SIGTERM)
[controller_server-9] [INFO] [1791215974.616658183] [controller_server]: Cleaning up
[controller_server-9] [INFO] [1791215974.616748895] [MPPIController]: Cleaned up MPPI Controller: MPPI
[controller_server-9] [INFO] [1791215974.616756358] [controller_server]: Cleaning up controller: RPP of type regulated_pure_pursuit_controller::RegulatedPurePursuitController
[controller_server-9] [INFO] [1791215974.616904396] [local_costmap.local_costmap]: Cleaning up
[smoother_server-10] [INFO] [1791215974.618642624] [smoother_server]: Destroying
[robot_state_publisher-2] [INFO] [1791215974.619334797] [rclcpp]: signal_handler(SIGINT/SIGTERM)
[controller_server-9] [INFO] [1791215974.648089402] [controller_server]: Destroying bond (controller_server) to lifecycle manager.
[controller_server-9] [INFO] [1791215974.650202268] [rclcpp]: signal_handler(SIGINT/SIGTERM)
[controller_server-9] [INFO] [1791215974.665604717] [local_costmap.local_costmap]: Destroying
[controller_server-9] [INFO] [1791215974.694002565] [controller_server]: Destroying
[ground_truth_tf_publisher-4] Traceback (most recent call last):
[ground_truth_tf_publisher-4]   File "/home/nermin/Documents/Thesis/code/Autonomous-Lawn-Mower-Navigation/install/mower_sim/lib/mower_sim/ground_truth_tf_publisher", line 33, in <module>
[ground_truth_tf_publisher-4]     sys.exit(load_entry_point('mower-sim==0.0.0', 'console_scripts', 'ground_truth_tf_publisher')())
[ground_truth_tf_publisher-4]   File "/home/nermin/Documents/Thesis/code/Autonomous-Lawn-Mower-Navigation/install/mower_sim/lib/python3.10/site-packages/mower_sim/ground_truth_tf_publisher.py", line 169, in main
[ground_truth_tf_publisher-4]     node.destroy_node()
[ground_truth_tf_publisher-4]   File "/opt/ros/humble/local/lib/python3.10/dist-packages/rclpy/node.py", line 1685, in destroy_node
[ground_truth_tf_publisher-4]     self.destroy_publisher(self._publishers[0])
[ground_truth_tf_publisher-4]   File "/opt/ros/humble/local/lib/python3.10/dist-packages/rclpy/node.py", line 1565, in destroy_publisher
[ground_truth_tf_publisher-4]     publisher.destroy()
[ground_truth_tf_publisher-4]   File "/opt/ros/humble/local/lib/python3.10/dist-packages/rclpy/publisher.py", line 99, in destroy
[ground_truth_tf_publisher-4]     self.__publisher.destroy_when_not_in_use()
[ground_truth_tf_publisher-4] KeyboardInterrupt
[waypoint_follower-14] [INFO] [1791215974.695031251] [waypoint_follower]: Destroying
[behavior_server-12] [INFO] [1791215974.695298059] [behavior_server]: Destroying
[velocity_smoother-15] [INFO] [1791215974.699798003] [velocity_smoother]: Destroying
[bt_navigator-13] [INFO] [1791215974.757934460] [bt_navigator]: Completed Cleaning up
[bt_navigator-13] [INFO] [1791215974.757978664] [bt_navigator]: Destroying bond (bt_navigator) to lifecycle manager.
[bt_navigator-13] [INFO] [1791215974.758962173] [rclcpp]: signal_handler(SIGINT/SIGTERM)
[bt_navigator-13] [INFO] [1791215974.783540014] [bt_navigator]: Destroying
[lifecycle_manager-16] [INFO] [1791215974.789291339] [rclcpp]: signal_handler(SIGINT/SIGTERM)
[lifecycle_manager-16] [INFO] [1791215974.790399537] [lifecycle_manager_navigation]: Destroying lifecycle_manager_navigation
[map_server-7] [INFO] [1791215974.792573095] [map_server]: Destroying
[lifecycle_manager-8] [INFO] [1791215974.793726400] [lifecycle_manager_map_server]: Destroying lifecycle_manager_map_server
[robot_trail_publisher-5] Traceback (most recent call last):
[robot_trail_publisher-5]   File "/home/nermin/Documents/Thesis/code/Autonomous-Lawn-Mower-Navigation/install/mower_sim/lib/mower_sim/robot_trail_publisher", line 33, in <module>
[robot_trail_publisher-5]     sys.exit(load_entry_point('mower-sim==0.0.0', 'console_scripts', 'robot_trail_publisher')())
[robot_trail_publisher-5]   File "/home/nermin/Documents/Thesis/code/Autonomous-Lawn-Mower-Navigation/install/mower_sim/lib/python3.10/site-packages/mower_sim/robot_trail_publisher.py", line 98, in main
[robot_trail_publisher-5]     node.destroy_node()
[robot_trail_publisher-5]   File "/opt/ros/humble/local/lib/python3.10/dist-packages/rclpy/node.py", line 1696, in destroy_node
[robot_trail_publisher-5]     self.__node.destroy_when_not_in_use()
[robot_trail_publisher-5] KeyboardInterrupt
[coverage_monitor-6] Traceback (most recent call last):
[coverage_monitor-6]   File "/home/nermin/Documents/Thesis/code/Autonomous-Lawn-Mower-Navigation/install/mower_sim/lib/mower_sim/coverage_monitor", line 33, in <module>
[coverage_monitor-6]     sys.exit(load_entry_point('mower-sim==0.0.0', 'console_scripts', 'coverage_monitor')())
[coverage_monitor-6]   File "/home/nermin/Documents/Thesis/code/Autonomous-Lawn-Mower-Navigation/install/mower_sim/lib/python3.10/site-packages/mower_sim/coverage_monitor.py", line 153, in main
[coverage_monitor-6]     node.destroy_node()
[coverage_monitor-6]   File "/opt/ros/humble/local/lib/python3.10/dist-packages/rclpy/node.py", line 1696, in destroy_node
[coverage_monitor-6]     self.__node.destroy_when_not_in_use()
[coverage_monitor-6] KeyboardInterrupt
[INFO] [smoother_server-10]: process has finished cleanly [pid 11497]
[ERROR] [robot_trail_publisher-5]: process has died [pid 11087, exit code -2, cmd '/home/nermin/Documents/Thesis/code/Autonomous-Lawn-Mower-Navigation/install/mower_sim/lib/mower_sim/robot_trail_publisher --ros-args --params-file /tmp/launch_params_tsl8v57b'].
[ERROR] [coverage_monitor-6]: process has died [pid 11089, exit code -2, cmd '/home/nermin/Documents/Thesis/code/Autonomous-Lawn-Mower-Navigation/install/mower_sim/lib/mower_sim/coverage_monitor --ros-args --params-file /tmp/launch_params_pxtocqx0'].
[INFO] [robot_state_publisher-2]: process has finished cleanly [pid 11081]
[INFO] [velocity_smoother-15]: process has finished cleanly [pid 11507]
[INFO] [behavior_server-12]: process has finished cleanly [pid 11501]
[INFO] [waypoint_follower-14]: process has finished cleanly [pid 11505]
[ERROR] [ground_truth_tf_publisher-4]: process has died [pid 11085, exit code -2, cmd '/home/nermin/Documents/Thesis/code/Autonomous-Lawn-Mower-Navigation/install/mower_sim/lib/mower_sim/ground_truth_tf_publisher --ros-args --params-file /tmp/launch_params_cftuzi1s'].
[INFO] [controller_server-9]: process has finished cleanly [pid 11495]
[INFO] [lifecycle_manager-16]: process has finished cleanly [pid 11509]
[INFO] [lifecycle_manager-8]: process has finished cleanly [pid 11493]
[INFO] [map_server-7]: process has finished cleanly [pid 11491]
[INFO] [bt_navigator-13]: process has finished cleanly [pid 11503]
[INFO] [gzserver-1]: process has finished cleanly [pid 11079]
[gzserver-1] [0m[1;32m[0m[1;32m[0m[1;36m[0m[1;32m[0m
[gzserver-1] [1;33m[0m[1;31m[0m
[planner_server-11] [INFO] [1791215975.411387208] [planner_server]: Deactivating plugin GridBased of type NavfnPlanner
[planner_server-11] [INFO] [1791215975.411499371] [planner_server]: Destroying bond (planner_server) to lifecycle manager.
[planner_server-11] [INFO] [1791215975.421841349] [planner_server]: Cleaning up
[planner_server-11] [INFO] [1791215975.426805357] [global_costmap.global_costmap]: Cleaning up
[planner_server-11] [INFO] [1791215975.428357370] [planner_server]: Cleaning up plugin GridBased of type NavfnPlanner
[planner_server-11] [INFO] [1791215975.428428322] [planner_server]: Destroying plugin GridBased of type NavfnPlanner
[planner_server-11] [INFO] [1791215975.430454463] [planner_server]: Destroying bond (planner_server) to lifecycle manager.
[planner_server-11] [INFO] [1791215975.432907346] [rclcpp]: signal_handler(SIGINT/SIGTERM)
[planner_server-11] [INFO] [1791215975.433858094] [global_costmap.global_costmap]: Destroying
[planner_server-11] [INFO] [1791215975.435429529] [planner_server]: Destroying
[INFO] [planner_server-11]: process has finished cleanly [pid 11499]
