[INFO] [launch]: All log files can be found below /home/nermin/.ros/log/2026-10-05-15-03-01-050536-Nermin-217875
[INFO] [launch]: Default logging verbosity is set to INFO

[mower_sim] Controller: SWITCHING
[mower_sim] Odometry: ground_truth
[mower_sim] Params: /home/nermin/Documents/Thesis/code/Autonomous-Lawn-Mower-Navigation/install/mower_sim/share/mower_sim/config/nav2_switching.yaml

[INFO] [gzserver-1]: process started with pid [217893]
[INFO] [robot_state_publisher-2]: process started with pid [217895]
[INFO] [spawn_entity.py-3]: process started with pid [217897]
[INFO] [ground_truth_tf_publisher-4]: process started with pid [217899]
[INFO] [robot_trail_publisher-5]: process started with pid [217901]
[INFO] [coverage_monitor-6]: process started with pid [217903]
[robot_state_publisher-2] [INFO] [1791205381.168217293] [robot_state_publisher]: got segment base_footprint
[robot_state_publisher-2] [INFO] [1791205381.168271045] [robot_state_publisher]: got segment base_link
[robot_state_publisher-2] [INFO] [1791205381.168276830] [robot_state_publisher]: got segment base_scan
[robot_state_publisher-2] [INFO] [1791205381.168280573] [robot_state_publisher]: got segment front_left_caster
[robot_state_publisher-2] [INFO] [1791205381.168284167] [robot_state_publisher]: got segment front_right_caster
[robot_state_publisher-2] [INFO] [1791205381.168287938] [robot_state_publisher]: got segment left_wheel
[robot_state_publisher-2] [INFO] [1791205381.168292165] [robot_state_publisher]: got segment right_wheel
[gzserver-1] Gazebo multi-robot simulator, version 11.10.2
[gzserver-1] Copyright (C) 2012 Open Source Robotics Foundation.
[gzserver-1] Released under the Apache 2 License.
[gzserver-1] http://gazebosim.org
[gzserver-1] 
[coverage_monitor-6] [INFO] [1791205381.562278771] [coverage_monitor]: Coverage monitor: field from /coverage_path
[robot_trail_publisher-5] [INFO] [1791205381.564577032] [robot_trail_publisher]: Robot trail: /ground_truth/pose on /robot_trail
[spawn_entity.py-3] [INFO] [1791205381.611751040] [spawn_entity]: Spawn Entity started
[spawn_entity.py-3] [INFO] [1791205381.612015111] [spawn_entity]: Loading entity published on topic robot_description
[spawn_entity.py-3] [INFO] [1791205381.612898931] [spawn_entity]: Waiting for entity xml on robot_description
[spawn_entity.py-3] [INFO] [1791205381.614448494] [spawn_entity]: Waiting for service /spawn_entity, timeout = 120
[spawn_entity.py-3] [INFO] [1791205381.614677019] [spawn_entity]: Waiting for service /spawn_entity
[ground_truth_tf_publisher-4] [INFO] [1791205381.616561437] [ground_truth_tf_publisher]: Ground truth TF publisher started for "mower": map -> odom (ground truth correction)
[gzserver-1] [1;33m[Wrn] [gazebo_ros_init.cpp:178] [0m[1;33m
[gzserver-1] #     # ####### ####### ###  #####  #######
[gzserver-1] ##    # #     #    #     #  #     # #
[gzserver-1] # #   # #     #    #     #  #       #
[gzserver-1] #  #  # #     #    #     #  #       #####
[gzserver-1] #   # # #     #    #     #  #       #
[gzserver-1] #    ## #     #    #     #  #     # #
[gzserver-1] #     # #######    #    ###  #####  #######
[gzserver-1] 
[gzserver-1] This version of Gazebo, now called Gazebo classic, reaches end-of-life
[gzserver-1] in January 2025. Users are highly encouraged to migrate to the new Gazebo
[gzserver-1] using our migration guides (https://gazebosim.org/docs/latest/gazebo_classic_migration?utm_source=gazebo_ros_pkgs&utm_medium=cli)
[gzserver-1] 
[gzserver-1] [0m[1;33m
[spawn_entity.py-3] [INFO] [1791205382.117210486] [spawn_entity]: Calling service /spawn_entity
[gzserver-1] [0m[1;33m[0m[1;33m[0m[INFO] [1791205382.124450969] [gazebo.gazebo_ros_state]: Publishing states of gazebo models at [/gazebo/model_states]
[gzserver-1] [INFO] [1791205382.124772708] [gazebo.gazebo_ros_state]: Publishing states of gazebo links at [/gazebo/link_states]
[spawn_entity.py-3] [INFO] [1791205382.414046967] [spawn_entity]: Spawn status: SpawnEntity: Successfully spawned entity [mower]
[gzserver-1] [INFO] [1791205382.523465089] [diff_drive]: Wheel pair 1 separation set to [0.700000m]
[gzserver-1] [INFO] [1791205382.523500124] [diff_drive]: Wheel pair 1 diameter set to [0.300000m]
[gzserver-1] [INFO] [1791205382.523846399] [diff_drive]: Subscribed to [/cmd_vel]
[gzserver-1] [INFO] [1791205382.524527840] [diff_drive]: Advertise odometry on [/odom]
[gzserver-1] [INFO] [1791205382.525339239] [diff_drive]: Publishing odom transforms between [odom] and [base_footprint]
[gzserver-1] [INFO] [1791205382.530258203] [joint_states]: Going to publish joint [left_wheel_joint]
[gzserver-1] [INFO] [1791205382.530276186] [joint_states]: Going to publish joint [right_wheel_joint]
[ground_truth_tf_publisher-4] [WARN] [1791205382.538449350] [ground_truth_tf_publisher]: Waiting for odom -> base_footprint: "odom" passed to lookupTransform argument target_frame does not exist. 
[INFO] [spawn_entity.py-3]: process has finished cleanly [pid 217897]
[gzserver-1] [1;32m[Msg] [0m[1;32mWaiting for master.[0m[1;32m
[gzserver-1] [0m[1;32m[0m[1;32m[0m[1;32m[Msg] [0m[1;32mConnected to gazebo master @ [0m[1;32mhttp://127.0.0.1:11345[0m[1;32m
[gzserver-1] [0m[1;32m[0m[1;32m[0m[1;32m[Msg] [0m[1;32mPublicized address: [0m[1;32m10.169.222.221[0m[1;32m
[gzserver-1] [0m[1;32m[0m[1;32m[0m[1;32m[Msg] [0m[1;32mLoading world file [[0m[1;32m/home/nermin/Documents/Thesis/code/Autonomous-Lawn-Mower-Navigation/install/mower_sim/share/mower_sim/worlds/empty_field.world[0m[1;32m][0m[1;32m
[INFO] [map_server-7]: process started with pid [218256]
[INFO] [lifecycle_manager-8]: process started with pid [218258]
[INFO] [controller_server-9]: process started with pid [218260]
[INFO] [smoother_server-10]: process started with pid [218262]
[INFO] [planner_server-11]: process started with pid [218264]
[INFO] [behavior_server-12]: process started with pid [218266]
[INFO] [bt_navigator-13]: process started with pid [218268]
[INFO] [waypoint_follower-14]: process started with pid [218270]
[INFO] [velocity_smoother-15]: process started with pid [218272]
[INFO] [lifecycle_manager-16]: process started with pid [218274]
[lifecycle_manager-8] [INFO] [1791205401.295900167] [lifecycle_manager_map_server]: Creating
[lifecycle_manager-8] [INFO] [1791205401.297247748] [lifecycle_manager_map_server]: [34m[1mCreating and initializing lifecycle service clients[0m[0m
[smoother_server-10] [INFO] [1791205401.302611252] [smoother_server]: 
[smoother_server-10] 	smoother_server lifecycle node launched. 
[smoother_server-10] 	Waiting on external lifecycle transitions to activate
[smoother_server-10] 	See https://design.ros2.org/articles/node_lifecycle.html for more information.
[smoother_server-10] [INFO] [1791205401.303571552] [smoother_server]: Creating smoother server
[planner_server-11] [INFO] [1791205401.305130163] [planner_server]: 
[planner_server-11] 	planner_server lifecycle node launched. 
[planner_server-11] 	Waiting on external lifecycle transitions to activate
[planner_server-11] 	See https://design.ros2.org/articles/node_lifecycle.html for more information.
[planner_server-11] [INFO] [1791205401.305947368] [planner_server]: Creating
[planner_server-11] [INFO] [1791205401.307694698] [global_costmap.global_costmap]: 
[planner_server-11] 	global_costmap lifecycle node launched. 
[planner_server-11] 	Waiting on external lifecycle transitions to activate
[planner_server-11] 	See https://design.ros2.org/articles/node_lifecycle.html for more information.
[planner_server-11] [INFO] [1791205401.307939877] [global_costmap.global_costmap]: Creating Costmap
[controller_server-9] [INFO] [1791205401.311637273] [controller_server]: 
[controller_server-9] 	controller_server lifecycle node launched. 
[controller_server-9] 	Waiting on external lifecycle transitions to activate
[controller_server-9] 	See https://design.ros2.org/articles/node_lifecycle.html for more information.
[controller_server-9] [INFO] [1791205401.314351102] [controller_server]: Creating controller server
[controller_server-9] [INFO] [1791205401.319043986] [local_costmap.local_costmap]: 
[controller_server-9] 	local_costmap lifecycle node launched. 
[controller_server-9] 	Waiting on external lifecycle transitions to activate
[controller_server-9] 	See https://design.ros2.org/articles/node_lifecycle.html for more information.
[controller_server-9] [INFO] [1791205401.319620329] [local_costmap.local_costmap]: Creating Costmap
[lifecycle_manager-16] [INFO] [1791205401.319734341] [lifecycle_manager_navigation]: Creating
[map_server-7] [INFO] [1791205401.319913412] [map_server]: 
[map_server-7] 	map_server lifecycle node launched. 
[map_server-7] 	Waiting on external lifecycle transitions to activate
[map_server-7] 	See https://design.ros2.org/articles/node_lifecycle.html for more information.
[map_server-7] [INFO] [1791205401.319985304] [map_server]: Creating
[waypoint_follower-14] [INFO] [1791205401.319963178] [waypoint_follower]: 
[waypoint_follower-14] 	waypoint_follower lifecycle node launched. 
[waypoint_follower-14] 	Waiting on external lifecycle transitions to activate
[waypoint_follower-14] 	See https://design.ros2.org/articles/node_lifecycle.html for more information.
[velocity_smoother-15] [INFO] [1791205401.320201147] [velocity_smoother]: 
[velocity_smoother-15] 	velocity_smoother lifecycle node launched. 
[velocity_smoother-15] 	Waiting on external lifecycle transitions to activate
[velocity_smoother-15] 	See https://design.ros2.org/articles/node_lifecycle.html for more information.
[waypoint_follower-14] [INFO] [1791205401.320363412] [waypoint_follower]: Creating
[lifecycle_manager-16] [INFO] [1791205401.321252516] [lifecycle_manager_navigation]: [34m[1mCreating and initializing lifecycle service clients[0m[0m
[bt_navigator-13] [INFO] [1791205401.323641375] [bt_navigator]: 
[bt_navigator-13] 	bt_navigator lifecycle node launched. 
[bt_navigator-13] 	Waiting on external lifecycle transitions to activate
[bt_navigator-13] 	See https://design.ros2.org/articles/node_lifecycle.html for more information.
[bt_navigator-13] [INFO] [1791205401.323733784] [bt_navigator]: Creating
[lifecycle_manager-8] [INFO] [1791205401.324058149] [lifecycle_manager_map_server]: [34m[1mStarting managed nodes bringup...[0m[0m
[lifecycle_manager-8] [INFO] [1791205401.324091763] [lifecycle_manager_map_server]: [34m[1mConfiguring map_server[0m[0m
[behavior_server-12] [INFO] [1791205401.324879841] [behavior_server]: 
[behavior_server-12] 	behavior_server lifecycle node launched. 
[behavior_server-12] 	Waiting on external lifecycle transitions to activate
[behavior_server-12] 	See https://design.ros2.org/articles/node_lifecycle.html for more information.
[map_server-7] [INFO] [1791205401.336293256] [map_server]: Configuring
[map_server-7] [INFO] [1791205401.336366810] [map_io]: Loading yaml file: /home/nermin/Documents/Thesis/code/Autonomous-Lawn-Mower-Navigation/install/mower_sim/share/mower_sim/maps/empty_map.yaml
[map_server-7] [INFO] [1791205401.336594330] [map_io]: resolution: 0.05
[map_server-7] [INFO] [1791205401.336604820] [map_io]: origin[0]: -50
[map_server-7] [INFO] [1791205401.336609433] [map_io]: origin[1]: -50
[map_server-7] [INFO] [1791205401.336613813] [map_io]: origin[2]: 0
[map_server-7] [INFO] [1791205401.336618272] [map_io]: free_thresh: 0.196
[map_server-7] [INFO] [1791205401.336622876] [map_io]: occupied_thresh: 0.65
[map_server-7] [INFO] [1791205401.336627775] [map_io]: mode: trinary
[map_server-7] [INFO] [1791205401.336633177] [map_io]: negate: 0
[map_server-7] [INFO] [1791205401.336823806] [map_io]: Loading image_file: /home/nermin/Documents/Thesis/code/Autonomous-Lawn-Mower-Navigation/install/mower_sim/share/mower_sim/maps/empty_map.pgm
[lifecycle_manager-16] [INFO] [1791205401.342714756] [lifecycle_manager_navigation]: [34m[1mStarting managed nodes bringup...[0m[0m
[lifecycle_manager-16] [INFO] [1791205401.342751678] [lifecycle_manager_navigation]: [34m[1mConfiguring controller_server[0m[0m
[controller_server-9] [INFO] [1791205401.342885051] [controller_server]: Configuring controller interface
[controller_server-9] [INFO] [1791205401.343006717] [controller_server]: getting goal checker plugins..
[controller_server-9] [INFO] [1791205401.343026221] [controller_server]: Controller frequency set to 30.0000Hz
[controller_server-9] [INFO] [1791205401.343052886] [local_costmap.local_costmap]: Configuring
[controller_server-9] [INFO] [1791205401.345160450] [local_costmap.local_costmap]: Using plugin "static_layer"
[controller_server-9] [INFO] [1791205401.347303565] [local_costmap.local_costmap]: Subscribing to the map topic (/map) with transient local durability
[controller_server-9] [INFO] [1791205401.347616770] [local_costmap.local_costmap]: Initialized plugin "static_layer"
[controller_server-9] [INFO] [1791205401.347632980] [local_costmap.local_costmap]: Using plugin "voxel_layer"
[controller_server-9] [INFO] [1791205401.347935527] [local_costmap.local_costmap]: Subscribed to Topics: scan
[controller_server-9] [INFO] [1791205401.350367968] [local_costmap.local_costmap]: Initialized plugin "voxel_layer"
[controller_server-9] [INFO] [1791205401.350385558] [local_costmap.local_costmap]: Using plugin "inflation_layer"
[controller_server-9] [INFO] [1791205401.350843338] [local_costmap.local_costmap]: Initialized plugin "inflation_layer"
[controller_server-9] [INFO] [1791205401.352986051] [controller_server]: Created progress_checker : progress_checker of type nav2_controller::SimpleProgressChecker
[controller_server-9] [INFO] [1791205401.353451557] [controller_server]: Created goal checker : general_goal_checker of type nav2_controller::SimpleGoalChecker
[controller_server-9] [INFO] [1791205401.353659504] [controller_server]: Controller Server has general_goal_checker  goal checkers available.
[controller_server-9] [INFO] [1791205401.354023844] [controller_server]: Created controller : RPP of type nav2_regulated_pure_pursuit_controller::RegulatedPurePursuitController
[controller_server-9] [INFO] [1791205401.356396273] [controller_server]: Created controller : MPPI of type nav2_mppi_controller::MPPIController
[controller_server-9] [WARN] [1791205401.357496455] [controller_server]: Controller period is less then model dt, consider setting it equal
[controller_server-9] [INFO] [1791205401.358391881] [controller_server]: ConstraintCritic instantiated with 1 power and 4.000000 weight.
[controller_server-9] [INFO] [1791205401.358409985] [controller_server]: Critic loaded : mppi::critics::ConstraintCritic
[controller_server-9] [INFO] [1791205401.358620993] [controller_server]: GoalCritic instantiated with 1 power and 2.000000 weight.
[controller_server-9] [INFO] [1791205401.358630447] [controller_server]: Critic loaded : mppi::critics::GoalCritic
[controller_server-9] [INFO] [1791205401.358855975] [controller_server]: GoalAngleCritic instantiated with 1 power, 1.000000 weight, and 0.300000 angular threshold.
[controller_server-9] [INFO] [1791205401.358871781] [controller_server]: Critic loaded : mppi::critics::GoalAngleCritic
[controller_server-9] [INFO] [1791205401.359311645] [controller_server]: ReferenceTrajectoryCritic instantiated with 1 power and 14.000000 weight
[controller_server-9] [INFO] [1791205401.359324080] [controller_server]: Critic loaded : mppi::critics::PathAlignCritic
[controller_server-9] [INFO] [1791205401.359612359] [controller_server]: Critic loaded : mppi::critics::PathFollowCritic
[controller_server-9] [INFO] [1791205401.359978609] [controller_server]: PathAngleCritic instantiated with 1 power and 2.000000 weight. Reversing allowed.
[controller_server-9] [INFO] [1791205401.359991245] [controller_server]: Critic loaded : mppi::critics::PathAngleCritic
[controller_server-9] [INFO] [1791205401.360533102] [controller_server]: ObstaclesCritic instantiated with 1 power and 20.000000 / 2.000000 weights. Critic will collision check based on footprint cost.
[controller_server-9] [INFO] [1791205401.360545957] [controller_server]: Critic loaded : mppi::critics::ObstaclesCritic
[controller_server-9] [INFO] [1791205401.360771396] [controller_server]: PreferForwardCritic instantiated with 1 power and 1.000000 weight.
[controller_server-9] [INFO] [1791205401.360798742] [controller_server]: Critic loaded : mppi::critics::PreferForwardCritic
[controller_server-9] [INFO] [1791205401.361046873] [controller_server]: VelocityDeadbandCritic instantiated with 1 power, 0.5 weight, deadband_velocity [0.02,0,0.02]
[controller_server-9] [INFO] [1791205401.361057219] [controller_server]: Critic loaded : mppi::critics::VelocityDeadbandCritic
[controller_server-9] [INFO] [1791205401.361224038] [controller_server]: TwirlingCritic instantiated with 1 power and 1.000000 weight.
[controller_server-9] [INFO] [1791205401.361233119] [controller_server]: Critic loaded : mppi::critics::TwirlingCritic
[controller_server-9] [INFO] [1791205401.362407227] [controller_server]: Optimizer reset
[controller_server-9] [INFO] [1791205401.363370315] [MPPIController]: Configured MPPI Controller: MPPI
[controller_server-9] [INFO] [1791205401.364221424] [controller_server]: Created controller : DWB of type dwb_core::DWBLocalPlanner
[controller_server-9] [INFO] [1791205401.364809461] [controller_server]: Setting transform_tolerance to 0.200000
[controller_server-9] [INFO] [1791205401.368291354] [controller_server]: Using critic "RotateToGoal" (dwb_critics::RotateToGoalCritic)
[controller_server-9] [INFO] [1791205401.368597193] [controller_server]: Critic plugin initialized
[controller_server-9] [INFO] [1791205401.368677307] [controller_server]: Using critic "BaseObstacle" (dwb_critics::BaseObstacleCritic)
[controller_server-9] [INFO] [1791205401.368809959] [controller_server]: Critic plugin initialized
[controller_server-9] [INFO] [1791205401.368885553] [controller_server]: Using critic "PathAlign" (dwb_critics::PathAlignCritic)
[controller_server-9] [INFO] [1791205401.369092890] [controller_server]: Critic plugin initialized
[controller_server-9] [INFO] [1791205401.369186465] [controller_server]: Using critic "PathDist" (dwb_critics::PathDistCritic)
[controller_server-9] [INFO] [1791205401.369332570] [controller_server]: Critic plugin initialized
[controller_server-9] [INFO] [1791205401.369409546] [controller_server]: Using critic "GoalDist" (dwb_critics::GoalDistCritic)
[controller_server-9] [INFO] [1791205401.369556518] [controller_server]: Critic plugin initialized
[controller_server-9] [INFO] [1791205401.369572778] [controller_server]: Controller Server has RPP MPPI DWB  controllers available.
[lifecycle_manager-16] [INFO] [1791205401.371507016] [lifecycle_manager_navigation]: [34m[1mConfiguring smoother_server[0m[0m
[smoother_server-10] [INFO] [1791205401.371614301] [smoother_server]: Configuring smoother server
[smoother_server-10] [INFO] [1791205401.374641102] [smoother_server]: Created smoother : simple_smoother of type nav2_smoother::SimpleSmoother
[smoother_server-10] [INFO] [1791205401.374922895] [smoother_server]: Smoother Server has simple_smoother  smoothers available.
[lifecycle_manager-16] [INFO] [1791205401.376400392] [lifecycle_manager_navigation]: [34m[1mConfiguring planner_server[0m[0m
[planner_server-11] [INFO] [1791205401.376520025] [planner_server]: Configuring
[planner_server-11] [INFO] [1791205401.376555837] [global_costmap.global_costmap]: Configuring
[planner_server-11] [INFO] [1791205401.378489028] [global_costmap.global_costmap]: Using plugin "static_layer"
[planner_server-11] [INFO] [1791205401.380952288] [global_costmap.global_costmap]: Subscribing to the map topic (/map) with transient local durability
[planner_server-11] [INFO] [1791205401.381356488] [global_costmap.global_costmap]: Initialized plugin "static_layer"
[planner_server-11] [INFO] [1791205401.381372947] [global_costmap.global_costmap]: Using plugin "obstacle_layer"
[planner_server-11] [INFO] [1791205401.381769134] [global_costmap.global_costmap]: Subscribed to Topics: scan
[planner_server-11] [INFO] [1791205401.383342198] [global_costmap.global_costmap]: Initialized plugin "obstacle_layer"
[planner_server-11] [INFO] [1791205401.383359924] [global_costmap.global_costmap]: Using plugin "inflation_layer"
[planner_server-11] [INFO] [1791205401.383926131] [global_costmap.global_costmap]: Initialized plugin "inflation_layer"
[planner_server-11] [INFO] [1791205401.387034796] [planner_server]: Created global planner plugin GridBased of type nav2_navfn_planner/NavfnPlanner
[planner_server-11] [INFO] [1791205401.387058206] [planner_server]: Configuring plugin GridBased of type NavfnPlanner
[planner_server-11] [INFO] [1791205401.387392735] [planner_server]: Planner Server has GridBased  planners available.
[lifecycle_manager-16] [INFO] [1791205401.390167360] [lifecycle_manager_navigation]: [34m[1mConfiguring behavior_server[0m[0m
[behavior_server-12] [INFO] [1791205401.390288292] [behavior_server]: Configuring
[behavior_server-12] [INFO] [1791205401.393000990] [behavior_server]: Creating behavior plugin spin of type nav2_behaviors/Spin
[behavior_server-12] [INFO] [1791205401.393419071] [behavior_server]: Configuring spin
[behavior_server-12] [INFO] [1791205401.394940378] [behavior_server]: Creating behavior plugin backup of type nav2_behaviors/BackUp
[behavior_server-12] [INFO] [1791205401.395332678] [behavior_server]: Configuring backup
[behavior_server-12] [INFO] [1791205401.396585170] [behavior_server]: Creating behavior plugin drive_on_heading of type nav2_behaviors/DriveOnHeading
[behavior_server-12] [INFO] [1791205401.396957565] [behavior_server]: Configuring drive_on_heading
[behavior_server-12] [INFO] [1791205401.398246910] [behavior_server]: Creating behavior plugin assisted_teleop of type nav2_behaviors/AssistedTeleop
[behavior_server-12] [INFO] [1791205401.399158605] [behavior_server]: Configuring assisted_teleop
[behavior_server-12] [INFO] [1791205401.400995278] [behavior_server]: Creating behavior plugin wait of type nav2_behaviors/Wait
[behavior_server-12] [INFO] [1791205401.401366800] [behavior_server]: Configuring wait
[lifecycle_manager-16] [INFO] [1791205401.402714476] [lifecycle_manager_navigation]: [34m[1mConfiguring bt_navigator[0m[0m
[bt_navigator-13] [INFO] [1791205401.402844905] [bt_navigator]: Configuring
[lifecycle_manager-16] [INFO] [1791205401.428162009] [lifecycle_manager_navigation]: [34m[1mConfiguring waypoint_follower[0m[0m
[waypoint_follower-14] [INFO] [1791205401.428290768] [waypoint_follower]: Configuring
[waypoint_follower-14] [INFO] [1791205401.431288191] [waypoint_follower]: Created waypoint_task_executor : wait_at_waypoint of type nav2_waypoint_follower::WaitAtWaypoint
[lifecycle_manager-16] [INFO] [1791205401.431682932] [lifecycle_manager_navigation]: [34m[1mConfiguring velocity_smoother[0m[0m
[velocity_smoother-15] [INFO] [1791205401.431826199] [velocity_smoother]: Configuring velocity smoother
[lifecycle_manager-16] [INFO] [1791205401.433267850] [lifecycle_manager_navigation]: [34m[1mActivating controller_server[0m[0m
[controller_server-9] [INFO] [1791205401.433383838] [controller_server]: Activating
[controller_server-9] [INFO] [1791205401.433416158] [local_costmap.local_costmap]: Activating
[controller_server-9] [INFO] [1791205401.433436252] [local_costmap.local_costmap]: Checking transform
[controller_server-9] [INFO] [1791205401.433517098] [local_costmap.local_costmap]: start
[map_server-7] [INFO] [1791205401.605613591] [map_io]: Read map /home/nermin/Documents/Thesis/code/Autonomous-Lawn-Mower-Navigation/install/mower_sim/share/mower_sim/maps/empty_map.pgm: 2000 X 2000 map @ 0.05 m/cell
[lifecycle_manager-8] [INFO] [1791205401.611526751] [lifecycle_manager_map_server]: [34m[1mActivating map_server[0m[0m
[map_server-7] [INFO] [1791205401.611607072] [map_server]: Activating
[map_server-7] [INFO] [1791205401.615880858] [map_server]: Creating bond (map_server) to lifecycle manager.
[planner_server-11] [INFO] [1791205401.619913011] [global_costmap.global_costmap]: StaticLayer: Resizing costmap to 2000 X 2000 at 0.050000 m/pix
[controller_server-9] [INFO] [1791205401.619952333] [local_costmap.local_costmap]: StaticLayer: Resizing static layer to 2000 X 2000 at 0.050000 m/pix
[controller_server-9] [WARN] [1791205401.634056931] [controller_server]: Parameter controller_server.verbose not found
[controller_server-9] [INFO] [1791205401.634790584] [controller_server]: Optimizer reset
[controller_server-9] [INFO] [1791205401.634978768] [MPPIController]: Activated MPPI Controller: MPPI
[controller_server-9] [INFO] [1791205401.634991912] [controller_server]: Activating controller: RPP of type regulated_pure_pursuit_controller::RegulatedPurePursuitController
[controller_server-9] [INFO] [1791205401.635011977] [controller_server]: Creating bond (controller_server) to lifecycle manager.
[lifecycle_manager-8] [INFO] [1791205401.717504522] [lifecycle_manager_map_server]: Server map_server connected with bond.
[lifecycle_manager-8] [INFO] [1791205401.717536471] [lifecycle_manager_map_server]: [34m[1mManaged nodes are active[0m[0m
[lifecycle_manager-8] [INFO] [1791205401.717545265] [lifecycle_manager_map_server]: [34m[1mCreating bond timer...[0m[0m
[lifecycle_manager-16] [INFO] [1791205401.736486337] [lifecycle_manager_navigation]: Server controller_server connected with bond.
[lifecycle_manager-16] [INFO] [1791205401.736518332] [lifecycle_manager_navigation]: [34m[1mActivating smoother_server[0m[0m
[smoother_server-10] [INFO] [1791205401.736652426] [smoother_server]: Activating
[smoother_server-10] [INFO] [1791205401.736682780] [smoother_server]: Creating bond (smoother_server) to lifecycle manager.
[lifecycle_manager-16] [INFO] [1791205401.837934742] [lifecycle_manager_navigation]: Server smoother_server connected with bond.
[lifecycle_manager-16] [INFO] [1791205401.837966203] [lifecycle_manager_navigation]: [34m[1mActivating planner_server[0m[0m
[planner_server-11] [INFO] [1791205401.838098696] [planner_server]: Activating
[planner_server-11] [INFO] [1791205401.838138000] [global_costmap.global_costmap]: Activating
[planner_server-11] [INFO] [1791205401.838150168] [global_costmap.global_costmap]: Checking transform
[planner_server-11] [INFO] [1791205401.838243843] [global_costmap.global_costmap]: start
[planner_server-11] [INFO] [1791205402.888600961] [planner_server]: Activating plugin GridBased of type NavfnPlanner
[planner_server-11] [INFO] [1791205402.889018416] [planner_server]: Creating bond (planner_server) to lifecycle manager.
[lifecycle_manager-16] [INFO] [1791205402.990502976] [lifecycle_manager_navigation]: Server planner_server connected with bond.
[lifecycle_manager-16] [INFO] [1791205402.990545378] [lifecycle_manager_navigation]: [34m[1mActivating behavior_server[0m[0m
[behavior_server-12] [INFO] [1791205402.990697246] [behavior_server]: Activating
[behavior_server-12] [INFO] [1791205402.990721835] [behavior_server]: Activating spin
[behavior_server-12] [INFO] [1791205402.990730793] [behavior_server]: Activating backup
[behavior_server-12] [INFO] [1791205402.990738358] [behavior_server]: Activating drive_on_heading
[behavior_server-12] [INFO] [1791205402.990745234] [behavior_server]: Activating assisted_teleop
[behavior_server-12] [INFO] [1791205402.990751673] [behavior_server]: Activating wait
[behavior_server-12] [INFO] [1791205402.990766505] [behavior_server]: Creating bond (behavior_server) to lifecycle manager.
[lifecycle_manager-16] [INFO] [1791205403.092100059] [lifecycle_manager_navigation]: Server behavior_server connected with bond.
[lifecycle_manager-16] [INFO] [1791205403.092138024] [lifecycle_manager_navigation]: [34m[1mActivating bt_navigator[0m[0m
[bt_navigator-13] [INFO] [1791205403.092279986] [bt_navigator]: Activating
[bt_navigator-13] [INFO] [1791205403.105009715] [bt_navigator]: Creating bond (bt_navigator) to lifecycle manager.
[lifecycle_manager-16] [INFO] [1791205403.206276052] [lifecycle_manager_navigation]: Server bt_navigator connected with bond.
[lifecycle_manager-16] [INFO] [1791205403.206315688] [lifecycle_manager_navigation]: [34m[1mActivating waypoint_follower[0m[0m
[waypoint_follower-14] [INFO] [1791205403.206477791] [waypoint_follower]: Activating
[waypoint_follower-14] [INFO] [1791205403.206509353] [waypoint_follower]: Creating bond (waypoint_follower) to lifecycle manager.
[lifecycle_manager-16] [INFO] [1791205403.307898641] [lifecycle_manager_navigation]: Server waypoint_follower connected with bond.
[lifecycle_manager-16] [INFO] [1791205403.307929194] [lifecycle_manager_navigation]: [34m[1mActivating velocity_smoother[0m[0m
[velocity_smoother-15] [INFO] [1791205403.308078903] [velocity_smoother]: Activating
[velocity_smoother-15] [INFO] [1791205403.308125418] [velocity_smoother]: Creating bond (velocity_smoother) to lifecycle manager.
[lifecycle_manager-16] [INFO] [1791205403.409448061] [lifecycle_manager_navigation]: Server velocity_smoother connected with bond.
[lifecycle_manager-16] [INFO] [1791205403.409480491] [lifecycle_manager_navigation]: [34m[1mManaged nodes are active[0m[0m
[lifecycle_manager-16] [INFO] [1791205403.409488587] [lifecycle_manager_navigation]: [34m[1mCreating bond timer...[0m[0m
[controller_server-9] [INFO] [1791205404.609895976] [controller_server]: Received a goal, begin computing control effort.
[robot_trail_publisher-5] [INFO] [1791205404.610328742] [robot_trail_publisher]: New run, trail cleared
[coverage_monitor-6] [INFO] [1791205404.744013918] [coverage_monitor]: New coverage path, field rebuilt
[controller_server-9] [INFO] [1791205428.544522644] [controller_server]: Reached the goal!
[WARNING] [launch]: user interrupted with ctrl-c (SIGINT)
[planner_server-11] [INFO] [1791205428.913233331] [rclcpp]: signal_handler(SIGINT/SIGTERM)
[planner_server-11] [INFO] [1791205428.913300729] [planner_server]: Running Nav2 LifecycleNode rcl preshutdown (planner_server)
[planner_server-11] [INFO] [1791205428.913374687] [planner_server]: Deactivating
[planner_server-11] [INFO] [1791205428.913403716] [global_costmap.global_costmap]: Deactivating
[behavior_server-12] [INFO] [1791205428.913235949] [rclcpp]: signal_handler(SIGINT/SIGTERM)
[behavior_server-12] [INFO] [1791205428.913300742] [behavior_server]: Running Nav2 LifecycleNode rcl preshutdown (behavior_server)
[behavior_server-12] [INFO] [1791205428.913370710] [behavior_server]: Deactivating
[behavior_server-12] [INFO] [1791205428.913409305] [behavior_server]: Destroying bond (behavior_server) to lifecycle manager.
[robot_state_publisher-2] [INFO] [1791205428.913228897] [rclcpp]: signal_handler(SIGINT/SIGTERM)
[INFO] [lifecycle_manager-16]: sending signal 'SIGINT' to process[lifecycle_manager-16]
[INFO] [velocity_smoother-15]: sending signal 'SIGINT' to process[velocity_smoother-15]
[INFO] [waypoint_follower-14]: sending signal 'SIGINT' to process[waypoint_follower-14]
[INFO] [bt_navigator-13]: sending signal 'SIGINT' to process[bt_navigator-13]
[INFO] [behavior_server-12]: sending signal 'SIGINT' to process[behavior_server-12]
[INFO] [planner_server-11]: sending signal 'SIGINT' to process[planner_server-11]
[INFO] [smoother_server-10]: sending signal 'SIGINT' to process[smoother_server-10]
[INFO] [controller_server-9]: sending signal 'SIGINT' to process[controller_server-9]
[INFO] [lifecycle_manager-8]: sending signal 'SIGINT' to process[lifecycle_manager-8]
[INFO] [map_server-7]: sending signal 'SIGINT' to process[map_server-7]
[INFO] [coverage_monitor-6]: sending signal 'SIGINT' to process[coverage_monitor-6]
[INFO] [robot_trail_publisher-5]: sending signal 'SIGINT' to process[robot_trail_publisher-5]
[INFO] [ground_truth_tf_publisher-4]: sending signal 'SIGINT' to process[ground_truth_tf_publisher-4]
[ERROR] [map_server-7]: process has died [pid 218256, exit code -2, cmd '/opt/ros/humble/lib/nav2_map_server/map_server --ros-args -r __node:=map_server --params-file /tmp/launch_params_at9iu0t3'].
[ERROR] [lifecycle_manager-8]: process has died [pid 218258, exit code -2, cmd '/opt/ros/humble/lib/nav2_lifecycle_manager/lifecycle_manager --ros-args -r __node:=lifecycle_manager_map_server --params-file /tmp/launch_params_to8nioml'].
[INFO] [robot_state_publisher-2]: sending signal 'SIGINT' to process[robot_state_publisher-2]
[INFO] [gzserver-1]: sending signal 'SIGINT' to process[gzserver-1]
[waypoint_follower-14] [INFO] [1791205428.913237942] [rclcpp]: signal_handler(SIGINT/SIGTERM)
[waypoint_follower-14] [INFO] [1791205428.913336793] [waypoint_follower]: Running Nav2 LifecycleNode rcl preshutdown (waypoint_follower)
[waypoint_follower-14] [INFO] [1791205428.913401901] [waypoint_follower]: Deactivating
[waypoint_follower-14] [INFO] [1791205428.913418695] [waypoint_follower]: Destroying bond (waypoint_follower) to lifecycle manager.
[lifecycle_manager-16] [INFO] [1791205428.913239994] [rclcpp]: signal_handler(SIGINT/SIGTERM)
[lifecycle_manager-16] [INFO] [1791205428.913298815] [lifecycle_manager_navigation]: Running Nav2 LifecycleManager rcl preshutdown (lifecycle_manager_navigation)
[lifecycle_manager-16] [INFO] [1791205428.913332133] [lifecycle_manager_navigation]: [34m[1mTerminating bond timer...[0m[0m
[velocity_smoother-15] [INFO] [1791205428.913233389] [rclcpp]: signal_handler(SIGINT/SIGTERM)
[velocity_smoother-15] [INFO] [1791205428.913346099] [velocity_smoother]: Running Nav2 LifecycleNode rcl preshutdown (velocity_smoother)
[velocity_smoother-15] [INFO] [1791205428.913412893] [velocity_smoother]: Deactivating
[velocity_smoother-15] [INFO] [1791205428.913436015] [velocity_smoother]: Destroying bond (velocity_smoother) to lifecycle manager.
[map_server-7] [INFO] [1791205428.913243087] [rclcpp]: signal_handler(SIGINT/SIGTERM)
[map_server-7] [INFO] [1791205428.913335389] [map_server]: Running Nav2 LifecycleNode rcl preshutdown (map_server)
[map_server-7] [INFO] [1791205428.913396038] [map_server]: Deactivating
[map_server-7] [INFO] [1791205428.913412118] [map_server]: Destroying bond (map_server) to lifecycle manager.
[bt_navigator-13] [INFO] [1791205428.913232314] [rclcpp]: signal_handler(SIGINT/SIGTERM)
[bt_navigator-13] [INFO] [1791205428.913314768] [bt_navigator]: Running Nav2 LifecycleNode rcl preshutdown (bt_navigator)
[bt_navigator-13] [INFO] [1791205428.913383490] [bt_navigator]: Deactivating
[bt_navigator-13] [INFO] [1791205428.913403753] [bt_navigator]: Destroying bond (bt_navigator) to lifecycle manager.
[lifecycle_manager-8] [INFO] [1791205428.913524903] [rclcpp]: signal_handler(SIGINT/SIGTERM)
[lifecycle_manager-8] [INFO] [1791205428.913581203] [lifecycle_manager_map_server]: Running Nav2 LifecycleManager rcl preshutdown (lifecycle_manager_map_server)
[lifecycle_manager-8] [INFO] [1791205428.913616230] [lifecycle_manager_map_server]: [34m[1mTerminating bond timer...[0m[0m
[controller_server-9] [INFO] [1791205428.913647180] [rclcpp]: signal_handler(SIGINT/SIGTERM)
[controller_server-9] [INFO] [1791205428.913706207] [controller_server]: Running Nav2 LifecycleNode rcl preshutdown (controller_server)
[controller_server-9] [INFO] [1791205428.913766842] [controller_server]: Deactivating
[controller_server-9] [INFO] [1791205428.913799255] [MPPIController]: Deactivated MPPI Controller: MPPI
[controller_server-9] [INFO] [1791205428.913804724] [controller_server]: Deactivating controller: RPP of type regulated_pure_pursuit_controller::RegulatedPurePursuitController
[controller_server-9] [INFO] [1791205428.913826504] [local_costmap.local_costmap]: Deactivating
[smoother_server-10] [INFO] [1791205428.913684965] [rclcpp]: signal_handler(SIGINT/SIGTERM)
[smoother_server-10] [INFO] [1791205428.913743978] [smoother_server]: Running Nav2 LifecycleNode rcl preshutdown (smoother_server)
[smoother_server-10] [INFO] [1791205428.913803753] [smoother_server]: Deactivating
[smoother_server-10] [INFO] [1791205428.913823119] [smoother_server]: Destroying bond (smoother_server) to lifecycle manager.
[waypoint_follower-14] [INFO] [1791205428.923616106] [waypoint_follower]: Cleaning up
[velocity_smoother-15] [INFO] [1791205428.923617422] [velocity_smoother]: Cleaning up
[velocity_smoother-15] [INFO] [1791205428.923651334] [velocity_smoother]: Destroying bond (velocity_smoother) to lifecycle manager.
[velocity_smoother-15] [INFO] [1791205428.923967250] [rclcpp]: signal_handler(SIGINT/SIGTERM)
[map_server-7] [INFO] [1791205428.923618678] [map_server]: Cleaning up
[map_server-7] [INFO] [1791205428.923827241] [map_server]: Destroying bond (map_server) to lifecycle manager.
[bt_navigator-13] [INFO] [1791205428.923620236] [bt_navigator]: Cleaning up
[behavior_server-12] [INFO] [1791205428.923843564] [behavior_server]: Cleaning up
[smoother_server-10] [INFO] [1791205428.924078771] [smoother_server]: Cleaning up
[lifecycle_manager-8] [INFO] [1791205428.927741189] [lifecycle_manager_map_server]: Destroying lifecycle_manager_map_server
[behavior_server-12] [INFO] [1791205428.928679744] [behavior_server]: Destroying bond (behavior_server) to lifecycle manager.
[behavior_server-12] [INFO] [1791205428.929656386] [rclcpp]: signal_handler(SIGINT/SIGTERM)
[map_server-7] [INFO] [1791205428.931004562] [map_server]: Destroying
[waypoint_follower-14] [INFO] [1791205428.932206904] [waypoint_follower]: Destroying bond (waypoint_follower) to lifecycle manager.
[waypoint_follower-14] [INFO] [1791205428.933310663] [rclcpp]: signal_handler(SIGINT/SIGTERM)
[robot_state_publisher-2] [INFO] [1791205428.937964343] [rclcpp]: signal_handler(SIGINT/SIGTERM)
[smoother_server-10] [INFO] [1791205428.940724621] [smoother_server]: Destroying bond (smoother_server) to lifecycle manager.
[smoother_server-10] [INFO] [1791205428.941234438] [rclcpp]: signal_handler(SIGINT/SIGTERM)
[ground_truth_tf_publisher-4] Traceback (most recent call last):
[ground_truth_tf_publisher-4]   File "/home/nermin/Documents/Thesis/code/Autonomous-Lawn-Mower-Navigation/install/mower_sim/lib/mower_sim/ground_truth_tf_publisher", line 33, in <module>
[ground_truth_tf_publisher-4]     sys.exit(load_entry_point('mower-sim==0.0.0', 'console_scripts', 'ground_truth_tf_publisher')())
[ground_truth_tf_publisher-4]   File "/home/nermin/Documents/Thesis/code/Autonomous-Lawn-Mower-Navigation/install/mower_sim/lib/python3.10/site-packages/mower_sim/ground_truth_tf_publisher.py", line 169, in main
[ground_truth_tf_publisher-4]     node.destroy_node()
[ground_truth_tf_publisher-4]   File "/opt/ros/humble/local/lib/python3.10/dist-packages/rclpy/node.py", line 1685, in destroy_node
[ground_truth_tf_publisher-4]     self.destroy_publisher(self._publishers[0])
[ground_truth_tf_publisher-4]   File "/opt/ros/humble/local/lib/python3.10/dist-packages/rclpy/node.py", line 1565, in destroy_publisher
[ground_truth_tf_publisher-4]     publisher.destroy()
[ground_truth_tf_publisher-4]   File "/opt/ros/humble/local/lib/python3.10/dist-packages/rclpy/publisher.py", line 99, in destroy
[ground_truth_tf_publisher-4]     self.__publisher.destroy_when_not_in_use()
[ground_truth_tf_publisher-4] KeyboardInterrupt
[controller_server-9] [INFO] [1791205429.033695918] [controller_server]: Destroying bond (controller_server) to lifecycle manager.
[smoother_server-10] [INFO] [1791205429.038801364] [smoother_server]: Destroying
[bt_navigator-13] [INFO] [1791205429.066344470] [bt_navigator]: Completed Cleaning up
[bt_navigator-13] [INFO] [1791205429.066387403] [bt_navigator]: Destroying bond (bt_navigator) to lifecycle manager.
[bt_navigator-13] [INFO] [1791205429.067325460] [rclcpp]: signal_handler(SIGINT/SIGTERM)
[bt_navigator-13] [INFO] [1791205429.077249760] [bt_navigator]: Destroying
[behavior_server-12] [INFO] [1791205429.092921508] [behavior_server]: Destroying
[controller_server-9] [INFO] [1791205429.093949116] [controller_server]: Cleaning up
[controller_server-9] [INFO] [1791205429.094032290] [MPPIController]: Cleaned up MPPI Controller: MPPI
[controller_server-9] [INFO] [1791205429.094038178] [controller_server]: Cleaning up controller: RPP of type regulated_pure_pursuit_controller::RegulatedPurePursuitController
[controller_server-9] [INFO] [1791205429.094175522] [local_costmap.local_costmap]: Cleaning up
[waypoint_follower-14] [INFO] [1791205429.108540193] [waypoint_follower]: Destroying
[velocity_smoother-15] [INFO] [1791205429.110402211] [velocity_smoother]: Destroying
[controller_server-9] [INFO] [1791205429.127086892] [controller_server]: Destroying bond (controller_server) to lifecycle manager.
[controller_server-9] [INFO] [1791205429.129247655] [rclcpp]: signal_handler(SIGINT/SIGTERM)
[lifecycle_manager-16] [INFO] [1791205429.132303084] [rclcpp]: signal_handler(SIGINT/SIGTERM)
[controller_server-9] [INFO] [1791205429.235368846] [local_costmap.local_costmap]: Destroying
[controller_server-9] [INFO] [1791205429.256826897] [controller_server]: Destroying
[lifecycle_manager-16] [INFO] [1791205429.296558026] [lifecycle_manager_navigation]: Destroying lifecycle_manager_navigation
[planner_server-11] [INFO] [1791205429.838400964] [planner_server]: Deactivating plugin GridBased of type NavfnPlanner
[planner_server-11] [INFO] [1791205429.838436225] [planner_server]: Destroying bond (planner_server) to lifecycle manager.
[planner_server-11] [INFO] [1791205429.848594931] [planner_server]: Cleaning up
[planner_server-11] [INFO] [1791205429.863262822] [global_costmap.global_costmap]: Cleaning up
[planner_server-11] [INFO] [1791205429.865816195] [planner_server]: Cleaning up plugin GridBased of type NavfnPlanner
[planner_server-11] [INFO] [1791205429.865918747] [planner_server]: Destroying plugin GridBased of type NavfnPlanner
[planner_server-11] [INFO] [1791205429.877981203] [planner_server]: Destroying bond (planner_server) to lifecycle manager.
[planner_server-11] [INFO] [1791205429.880200975] [rclcpp]: signal_handler(SIGINT/SIGTERM)
[planner_server-11] [INFO] [1791205429.882599358] [global_costmap.global_costmap]: Destroying
[planner_server-11] [INFO] [1791205429.903209073] [planner_server]: Destroying
[robot_trail_publisher-5] Traceback (most recent call last):
[robot_trail_publisher-5]   File "/home/nermin/Documents/Thesis/code/Autonomous-Lawn-Mower-Navigation/install/mower_sim/lib/mower_sim/robot_trail_publisher", line 33, in <module>
[robot_trail_publisher-5]     sys.exit(load_entry_point('mower-sim==0.0.0', 'console_scripts', 'robot_trail_publisher')())
[robot_trail_publisher-5]   File "/home/nermin/Documents/Thesis/code/Autonomous-Lawn-Mower-Navigation/install/mower_sim/lib/python3.10/site-packages/mower_sim/robot_trail_publisher.py", line 98, in main
[robot_trail_publisher-5]     node.destroy_node()
[robot_trail_publisher-5]   File "/opt/ros/humble/local/lib/python3.10/dist-packages/rclpy/node.py", line 1696, in destroy_node
[robot_trail_publisher-5]     self.__node.destroy_when_not_in_use()
[robot_trail_publisher-5] KeyboardInterrupt
[coverage_monitor-6] Traceback (most recent call last):
[coverage_monitor-6]   File "/home/nermin/Documents/Thesis/code/Autonomous-Lawn-Mower-Navigation/install/mower_sim/lib/mower_sim/coverage_monitor", line 33, in <module>
[coverage_monitor-6]     sys.exit(load_entry_point('mower-sim==0.0.0', 'console_scripts', 'coverage_monitor')())
[coverage_monitor-6]   File "/home/nermin/Documents/Thesis/code/Autonomous-Lawn-Mower-Navigation/install/mower_sim/lib/python3.10/site-packages/mower_sim/coverage_monitor.py", line 153, in main
[coverage_monitor-6]     node.destroy_node()
[coverage_monitor-6]   File "/opt/ros/humble/local/lib/python3.10/dist-packages/rclpy/node.py", line 1696, in destroy_node
[coverage_monitor-6]     self.__node.destroy_when_not_in_use()
[coverage_monitor-6] KeyboardInterrupt
[ERROR] [robot_trail_publisher-5]: process has died [pid 217901, exit code -2, cmd '/home/nermin/Documents/Thesis/code/Autonomous-Lawn-Mower-Navigation/install/mower_sim/lib/mower_sim/robot_trail_publisher --ros-args --params-file /tmp/launch_params_w74vqmfa'].
[ERROR] [coverage_monitor-6]: process has died [pid 217903, exit code -2, cmd '/home/nermin/Documents/Thesis/code/Autonomous-Lawn-Mower-Navigation/install/mower_sim/lib/mower_sim/coverage_monitor --ros-args --params-file /tmp/launch_params_89ybnxrz'].
[INFO] [robot_state_publisher-2]: process has finished cleanly [pid 217895]
[INFO] [smoother_server-10]: process has finished cleanly [pid 218262]
[ERROR] [ground_truth_tf_publisher-4]: process has died [pid 217899, exit code -2, cmd '/home/nermin/Documents/Thesis/code/Autonomous-Lawn-Mower-Navigation/install/mower_sim/lib/mower_sim/ground_truth_tf_publisher --ros-args --params-file /tmp/launch_params_1fncnky5'].
[INFO] [bt_navigator-13]: process has finished cleanly [pid 218268]
[INFO] [behavior_server-12]: process has finished cleanly [pid 218266]
[INFO] [velocity_smoother-15]: process has finished cleanly [pid 218272]
[INFO] [waypoint_follower-14]: process has finished cleanly [pid 218270]
[INFO] [gzserver-1]: process has finished cleanly [pid 217893]
[gzserver-1] [0m[1;32m[0m[1;32m[0m[1;36m[0m[1;32m[0m
[gzserver-1] [1;33m[0m[1;31m[0m
[INFO] [controller_server-9]: process has finished cleanly [pid 218260]
[INFO] [lifecycle_manager-16]: process has finished cleanly [pid 218274]
[INFO] [planner_server-11]: process has finished cleanly [pid 218264]
