[INFO] [1791215950.928628068] [mowing_path_client]: Controller schedule: DWB from 0.00 m
[INFO] [1791215950.933499189] [mowing_path_client]: Waiting for FollowPath action server...
[INFO] [1791215950.933902836] [mowing_path_client]: Sending coverage path: 349 poses
[INFO] [1791215950.939428982] [mowing_path_client]: Distance to goal: 17.35 m, speed: 0.28 m/s, controller: DWB
[INFO] [1791215951.971936393] [mowing_path_client]: Distance to goal: 16.90 m, speed: 0.96 m/s, controller: DWB
[INFO] [1791215952.971956884] [mowing_path_client]: Distance to goal: 16.00 m, speed: 0.93 m/s, controller: DWB
[INFO] [1791215953.972023735] [mowing_path_client]: Distance to goal: 15.05 m, speed: 0.89 m/s, controller: DWB
[INFO] [1791215954.972284257] [mowing_path_client]: Distance to goal: 14.15 m, speed: 0.97 m/s, controller: DWB
[INFO] [1791215956.005335420] [mowing_path_client]: Distance to goal: 13.20 m, speed: 0.93 m/s, controller: DWB
[INFO] [1791215957.005403791] [mowing_path_client]: Distance to goal: 12.35 m, speed: 0.40 m/s, controller: DWB
[INFO] [1791215958.005552630] [mowing_path_client]: Distance to goal: 12.06 m, speed: 0.43 m/s, controller: DWB
[INFO] [1791215959.038926113] [mowing_path_client]: Distance to goal: 11.72 m, speed: 0.00 m/s, controller: DWB
[INFO] [1791215960.072112946] [mowing_path_client]: Distance to goal: 11.37 m, speed: 0.35 m/s, controller: DWB
[INFO] [1791215961.105541361] [mowing_path_client]: Distance to goal: 10.73 m, speed: 0.90 m/s, controller: DWB
[INFO] [1791215962.138612623] [mowing_path_client]: Distance to goal: 9.78 m, speed: 0.93 m/s, controller: DWB
[INFO] [1791215963.171863110] [mowing_path_client]: Distance to goal: 8.83 m, speed: 0.93 m/s, controller: DWB
[INFO] [1791215964.171984017] [mowing_path_client]: Distance to goal: 7.88 m, speed: 0.87 m/s, controller: DWB
[INFO] [1791215965.172143239] [mowing_path_client]: Distance to goal: 6.98 m, speed: 0.93 m/s, controller: DWB
[INFO] [1791215966.172177385] [mowing_path_client]: Distance to goal: 6.13 m, speed: 0.55 m/s, controller: DWB
[INFO] [1791215967.172304964] [mowing_path_client]: Distance to goal: 5.74 m, speed: 0.42 m/s, controller: DWB
[INFO] [1791215968.205427188] [mowing_path_client]: Distance to goal: 5.44 m, speed: 0.38 m/s, controller: DWB
[INFO] [1791215969.238668881] [mowing_path_client]: Distance to goal: 4.90 m, speed: 0.88 m/s, controller: DWB
[INFO] [1791215970.272506921] [mowing_path_client]: Distance to goal: 4.00 m, speed: 0.93 m/s, controller: DWB
[INFO] [1791215971.305621367] [mowing_path_client]: Distance to goal: 3.00 m, speed: 0.90 m/s, controller: DWB
[INFO] [1791215972.338438670] [mowing_path_client]: Distance to goal: 2.10 m, speed: 0.93 m/s, controller: DWB
[INFO] [1791215973.338521392] [mowing_path_client]: Distance to goal: 1.15 m, speed: 0.97 m/s, controller: DWB
[INFO] [1791215974.272858547] [mowing_path_client]: Coverage path completed
