[INFO] [launch]: All log files can be found below /home/nermin/.ros/log/2026-10-05-17-57-53-214613-Nermin-10125
[INFO] [launch]: Default logging verbosity is set to INFO

[mower_sim] Controller: SWITCHING
[mower_sim] Odometry: ground_truth
[mower_sim] Params: /home/nermin/Documents/Thesis/code/Autonomous-Lawn-Mower-Navigation/install/mower_sim/share/mower_sim/config/nav2_switching.yaml

[INFO] [gzserver-1]: process started with pid [10143]
[INFO] [robot_state_publisher-2]: process started with pid [10145]
[INFO] [spawn_entity.py-3]: process started with pid [10147]
[INFO] [ground_truth_tf_publisher-4]: process started with pid [10149]
[INFO] [robot_trail_publisher-5]: process started with pid [10151]
[INFO] [coverage_monitor-6]: process started with pid [10153]
[robot_state_publisher-2] [INFO] [1791215873.332219833] [robot_state_publisher]: got segment base_footprint
[robot_state_publisher-2] [INFO] [1791215873.332284952] [robot_state_publisher]: got segment base_link
[robot_state_publisher-2] [INFO] [1791215873.332292601] [robot_state_publisher]: got segment base_scan
[robot_state_publisher-2] [INFO] [1791215873.332297617] [robot_state_publisher]: got segment front_left_caster
[robot_state_publisher-2] [INFO] [1791215873.332302781] [robot_state_publisher]: got segment front_right_caster
[robot_state_publisher-2] [INFO] [1791215873.332307926] [robot_state_publisher]: got segment left_wheel
[robot_state_publisher-2] [INFO] [1791215873.332312832] [robot_state_publisher]: got segment right_wheel
[gzserver-1] Gazebo multi-robot simulator, version 11.10.2
[gzserver-1] Copyright (C) 2012 Open Source Robotics Foundation.
[gzserver-1] Released under the Apache 2 License.
[gzserver-1] http://gazebosim.org
[gzserver-1] 
[coverage_monitor-6] [INFO] [1791215873.712056064] [coverage_monitor]: Coverage monitor: field from /coverage_path
[robot_trail_publisher-5] [INFO] [1791215873.756964982] [robot_trail_publisher]: Robot trail: /ground_truth/pose on /robot_trail
[spawn_entity.py-3] [INFO] [1791215873.799613510] [spawn_entity]: Spawn Entity started
[spawn_entity.py-3] [INFO] [1791215873.799870357] [spawn_entity]: Loading entity published on topic robot_description
[spawn_entity.py-3] [INFO] [1791215873.800763519] [spawn_entity]: Waiting for entity xml on robot_description
[spawn_entity.py-3] [INFO] [1791215873.802355490] [spawn_entity]: Waiting for service /spawn_entity, timeout = 120
[spawn_entity.py-3] [INFO] [1791215873.802584705] [spawn_entity]: Waiting for service /spawn_entity
[ground_truth_tf_publisher-4] [INFO] [1791215873.810103141] [ground_truth_tf_publisher]: Ground truth TF publisher started for "mower": map -> odom (ground truth correction)
[gzserver-1] [1;33m[Wrn] [gazebo_ros_init.cpp:178] [0m[1;33m
[gzserver-1] #     # ####### ####### ###  #####  #######
[gzserver-1] ##    # #     #    #     #  #     # #
[gzserver-1] # #   # #     #    #     #  #       #
[gzserver-1] #  #  # #     #    #     #  #       #####
[gzserver-1] #   # # #     #    #     #  #       #
[gzserver-1] #    ## #     #    #     #  #     # #
[gzserver-1] #     # #######    #    ###  #####  #######
[gzserver-1] 
[gzserver-1] This version of Gazebo, now called Gazebo classic, reaches end-of-life
[gzserver-1] in January 2025. Users are highly encouraged to migrate to the new Gazebo
[gzserver-1] using our migration guides (https://gazebosim.org/docs/latest/gazebo_classic_migration?utm_source=gazebo_ros_pkgs&utm_medium=cli)
[gzserver-1] 
[gzserver-1] [0m[1;33m
[gzserver-1] [0m[1;33m[0m[1;33m[0m[INFO] [1791215874.305085129] [gazebo.gazebo_ros_state]: Publishing states of gazebo models at [/gazebo/model_states]
[spawn_entity.py-3] [INFO] [1791215874.305289210] [spawn_entity]: Calling service /spawn_entity
[gzserver-1] [INFO] [1791215874.305443038] [gazebo.gazebo_ros_state]: Publishing states of gazebo links at [/gazebo/link_states]
[spawn_entity.py-3] [INFO] [1791215874.593055876] [spawn_entity]: Spawn status: SpawnEntity: Successfully spawned entity [mower]
[gzserver-1] [INFO] [1791215874.702599716] [diff_drive]: Wheel pair 1 separation set to [0.700000m]
[gzserver-1] [INFO] [1791215874.702632100] [diff_drive]: Wheel pair 1 diameter set to [0.300000m]
[gzserver-1] [INFO] [1791215874.702984050] [diff_drive]: Subscribed to [/cmd_vel]
[gzserver-1] [INFO] [1791215874.703688126] [diff_drive]: Advertise odometry on [/odom]
[gzserver-1] [INFO] [1791215874.704497813] [diff_drive]: Publishing odom transforms between [odom] and [base_footprint]
[gzserver-1] [INFO] [1791215874.709365568] [joint_states]: Going to publish joint [left_wheel_joint]
[gzserver-1] [INFO] [1791215874.709382276] [joint_states]: Going to publish joint [right_wheel_joint]
[ground_truth_tf_publisher-4] [WARN] [1791215874.717458241] [ground_truth_tf_publisher]: Waiting for odom -> base_footprint: "odom" passed to lookupTransform argument target_frame does not exist. 
[INFO] [spawn_entity.py-3]: process has finished cleanly [pid 10147]
[gzserver-1] [1;32m[Msg] [0m[1;32mWaiting for master.[0m[1;32m
[gzserver-1] [0m[1;32m[0m[1;32m[0m[1;32m[Msg] [0m[1;32mConnected to gazebo master @ [0m[1;32mhttp://127.0.0.1:11345[0m[1;32m
[gzserver-1] [0m[1;32m[0m[1;32m[0m[1;32m[Msg] [0m[1;32mPublicized address: [0m[1;32m192.168.1.6[0m[1;32m
[gzserver-1] [0m[1;32m[0m[1;32m[0m[1;32m[Msg] [0m[1;32mLoading world file [[0m[1;32m/home/nermin/Documents/Thesis/code/Autonomous-Lawn-Mower-Navigation/install/mower_sim/share/mower_sim/worlds/empty_field.world[0m[1;32m][0m[1;32m
[INFO] [map_server-7]: process started with pid [10548]
[INFO] [lifecycle_manager-8]: process started with pid [10550]
[INFO] [controller_server-9]: process started with pid [10552]
[INFO] [smoother_server-10]: process started with pid [10554]
[INFO] [planner_server-11]: process started with pid [10556]
[INFO] [behavior_server-12]: process started with pid [10558]
[INFO] [bt_navigator-13]: process started with pid [10560]
[INFO] [waypoint_follower-14]: process started with pid [10562]
[INFO] [velocity_smoother-15]: process started with pid [10564]
[INFO] [lifecycle_manager-16]: process started with pid [10566]
[lifecycle_manager-8] [INFO] [1791215893.464634505] [lifecycle_manager_map_server]: Creating
[lifecycle_manager-8] [INFO] [1791215893.466107018] [lifecycle_manager_map_server]: [34m[1mCreating and initializing lifecycle service clients[0m[0m
[velocity_smoother-15] [INFO] [1791215893.479254417] [velocity_smoother]: 
[velocity_smoother-15] 	velocity_smoother lifecycle node launched. 
[velocity_smoother-15] 	Waiting on external lifecycle transitions to activate
[velocity_smoother-15] 	See https://design.ros2.org/articles/node_lifecycle.html for more information.
[map_server-7] [INFO] [1791215893.479280397] [map_server]: 
[map_server-7] 	map_server lifecycle node launched. 
[map_server-7] 	Waiting on external lifecycle transitions to activate
[map_server-7] 	See https://design.ros2.org/articles/node_lifecycle.html for more information.
[map_server-7] [INFO] [1791215893.479346655] [map_server]: Creating
[controller_server-9] [INFO] [1791215893.479698817] [controller_server]: 
[controller_server-9] 	controller_server lifecycle node launched. 
[controller_server-9] 	Waiting on external lifecycle transitions to activate
[controller_server-9] 	See https://design.ros2.org/articles/node_lifecycle.html for more information.
[smoother_server-10] [INFO] [1791215893.480385647] [smoother_server]: 
[smoother_server-10] 	smoother_server lifecycle node launched. 
[smoother_server-10] 	Waiting on external lifecycle transitions to activate
[smoother_server-10] 	See https://design.ros2.org/articles/node_lifecycle.html for more information.
[lifecycle_manager-8] [INFO] [1791215893.480539307] [lifecycle_manager_map_server]: [34m[1mStarting managed nodes bringup...[0m[0m
[lifecycle_manager-8] [INFO] [1791215893.480578264] [lifecycle_manager_map_server]: [34m[1mConfiguring map_server[0m[0m
[bt_navigator-13] [INFO] [1791215893.480546688] [bt_navigator]: 
[bt_navigator-13] 	bt_navigator lifecycle node launched. 
[bt_navigator-13] 	Waiting on external lifecycle transitions to activate
[bt_navigator-13] 	See https://design.ros2.org/articles/node_lifecycle.html for more information.
[bt_navigator-13] [INFO] [1791215893.480614827] [bt_navigator]: Creating
[waypoint_follower-14] [INFO] [1791215893.481179270] [waypoint_follower]: 
[waypoint_follower-14] 	waypoint_follower lifecycle node launched. 
[waypoint_follower-14] 	Waiting on external lifecycle transitions to activate
[waypoint_follower-14] 	See https://design.ros2.org/articles/node_lifecycle.html for more information.
[behavior_server-12] [INFO] [1791215893.482610842] [behavior_server]: 
[behavior_server-12] 	behavior_server lifecycle node launched. 
[behavior_server-12] 	Waiting on external lifecycle transitions to activate
[behavior_server-12] 	See https://design.ros2.org/articles/node_lifecycle.html for more information.
[waypoint_follower-14] [INFO] [1791215893.483114521] [waypoint_follower]: Creating
[lifecycle_manager-16] [INFO] [1791215893.483155771] [lifecycle_manager_navigation]: Creating
[lifecycle_manager-16] [INFO] [1791215893.484850419] [lifecycle_manager_navigation]: [34m[1mCreating and initializing lifecycle service clients[0m[0m
[controller_server-9] [INFO] [1791215893.485026756] [controller_server]: Creating controller server
[smoother_server-10] [INFO] [1791215893.485376037] [smoother_server]: Creating smoother server
[controller_server-9] [INFO] [1791215893.488444061] [local_costmap.local_costmap]: 
[controller_server-9] 	local_costmap lifecycle node launched. 
[controller_server-9] 	Waiting on external lifecycle transitions to activate
[controller_server-9] 	See https://design.ros2.org/articles/node_lifecycle.html for more information.
[planner_server-11] [INFO] [1791215893.488496883] [planner_server]: 
[planner_server-11] 	planner_server lifecycle node launched. 
[planner_server-11] 	Waiting on external lifecycle transitions to activate
[planner_server-11] 	See https://design.ros2.org/articles/node_lifecycle.html for more information.
[controller_server-9] [INFO] [1791215893.489034442] [local_costmap.local_costmap]: Creating Costmap
[planner_server-11] [INFO] [1791215893.492206265] [planner_server]: Creating
[map_server-7] [INFO] [1791215893.503011602] [map_server]: Configuring
[map_server-7] [INFO] [1791215893.503084200] [map_io]: Loading yaml file: /home/nermin/Documents/Thesis/code/Autonomous-Lawn-Mower-Navigation/install/mower_sim/share/mower_sim/maps/empty_map.yaml
[planner_server-11] [INFO] [1791215893.503167084] [global_costmap.global_costmap]: 
[planner_server-11] 	global_costmap lifecycle node launched. 
[planner_server-11] 	Waiting on external lifecycle transitions to activate
[planner_server-11] 	See https://design.ros2.org/articles/node_lifecycle.html for more information.
[map_server-7] [INFO] [1791215893.503333287] [map_io]: resolution: 0.05
[map_server-7] [INFO] [1791215893.503345205] [map_io]: origin[0]: -50
[map_server-7] [INFO] [1791215893.503349460] [map_io]: origin[1]: -50
[map_server-7] [INFO] [1791215893.503353474] [map_io]: origin[2]: 0
[map_server-7] [INFO] [1791215893.503358170] [map_io]: free_thresh: 0.196
[map_server-7] [INFO] [1791215893.503362654] [map_io]: occupied_thresh: 0.65
[map_server-7] [INFO] [1791215893.503366969] [map_io]: mode: trinary
[map_server-7] [INFO] [1791215893.503372352] [map_io]: negate: 0
[map_server-7] [INFO] [1791215893.503546047] [map_io]: Loading image_file: /home/nermin/Documents/Thesis/code/Autonomous-Lawn-Mower-Navigation/install/mower_sim/share/mower_sim/maps/empty_map.pgm
[planner_server-11] [INFO] [1791215893.503568584] [global_costmap.global_costmap]: Creating Costmap
[lifecycle_manager-16] [INFO] [1791215893.590474095] [lifecycle_manager_navigation]: [34m[1mStarting managed nodes bringup...[0m[0m
[lifecycle_manager-16] [INFO] [1791215893.590525249] [lifecycle_manager_navigation]: [34m[1mConfiguring controller_server[0m[0m
[controller_server-9] [INFO] [1791215893.590653961] [controller_server]: Configuring controller interface
[controller_server-9] [INFO] [1791215893.590761727] [controller_server]: getting goal checker plugins..
[controller_server-9] [INFO] [1791215893.590778282] [controller_server]: Controller frequency set to 30.0000Hz
[controller_server-9] [INFO] [1791215893.590804662] [local_costmap.local_costmap]: Configuring
[controller_server-9] [INFO] [1791215893.592767050] [local_costmap.local_costmap]: Using plugin "static_layer"
[controller_server-9] [INFO] [1791215893.594931934] [local_costmap.local_costmap]: Subscribing to the map topic (/map) with transient local durability
[controller_server-9] [INFO] [1791215893.595267869] [local_costmap.local_costmap]: Initialized plugin "static_layer"
[controller_server-9] [INFO] [1791215893.595282269] [local_costmap.local_costmap]: Using plugin "voxel_layer"
[controller_server-9] [INFO] [1791215893.595604357] [local_costmap.local_costmap]: Subscribed to Topics: scan
[controller_server-9] [INFO] [1791215893.598032599] [local_costmap.local_costmap]: Initialized plugin "voxel_layer"
[controller_server-9] [INFO] [1791215893.598049559] [local_costmap.local_costmap]: Using plugin "inflation_layer"
[controller_server-9] [INFO] [1791215893.598532345] [local_costmap.local_costmap]: Initialized plugin "inflation_layer"
[controller_server-9] [INFO] [1791215893.600729911] [controller_server]: Created progress_checker : progress_checker of type nav2_controller::SimpleProgressChecker
[controller_server-9] [INFO] [1791215893.601129359] [controller_server]: Created goal checker : general_goal_checker of type nav2_controller::SimpleGoalChecker
[controller_server-9] [INFO] [1791215893.601319337] [controller_server]: Controller Server has general_goal_checker  goal checkers available.
[controller_server-9] [INFO] [1791215893.601664294] [controller_server]: Created controller : RPP of type nav2_regulated_pure_pursuit_controller::RegulatedPurePursuitController
[controller_server-9] [INFO] [1791215893.604126092] [controller_server]: Created controller : MPPI of type nav2_mppi_controller::MPPIController
[controller_server-9] [WARN] [1791215893.605073310] [controller_server]: Controller period is less then model dt, consider setting it equal
[controller_server-9] [INFO] [1791215893.605841691] [controller_server]: ConstraintCritic instantiated with 1 power and 4.000000 weight.
[controller_server-9] [INFO] [1791215893.605860196] [controller_server]: Critic loaded : mppi::critics::ConstraintCritic
[controller_server-9] [INFO] [1791215893.606092103] [controller_server]: GoalCritic instantiated with 1 power and 2.000000 weight.
[controller_server-9] [INFO] [1791215893.606105273] [controller_server]: Critic loaded : mppi::critics::GoalCritic
[controller_server-9] [INFO] [1791215893.606320926] [controller_server]: GoalAngleCritic instantiated with 1 power, 1.000000 weight, and 0.300000 angular threshold.
[controller_server-9] [INFO] [1791215893.606336934] [controller_server]: Critic loaded : mppi::critics::GoalAngleCritic
[controller_server-9] [INFO] [1791215893.606796619] [controller_server]: ReferenceTrajectoryCritic instantiated with 1 power and 14.000000 weight
[controller_server-9] [INFO] [1791215893.606811894] [controller_server]: Critic loaded : mppi::critics::PathAlignCritic
[controller_server-9] [INFO] [1791215893.607064257] [controller_server]: Critic loaded : mppi::critics::PathFollowCritic
[controller_server-9] [INFO] [1791215893.607401498] [controller_server]: PathAngleCritic instantiated with 1 power and 2.000000 weight. Reversing allowed.
[controller_server-9] [INFO] [1791215893.607413023] [controller_server]: Critic loaded : mppi::critics::PathAngleCritic
[controller_server-9] [INFO] [1791215893.607940766] [controller_server]: ObstaclesCritic instantiated with 1 power and 20.000000 / 2.000000 weights. Critic will collision check based on footprint cost.
[controller_server-9] [INFO] [1791215893.607953662] [controller_server]: Critic loaded : mppi::critics::ObstaclesCritic
[controller_server-9] [INFO] [1791215893.608154367] [controller_server]: PreferForwardCritic instantiated with 1 power and 1.000000 weight.
[controller_server-9] [INFO] [1791215893.608180046] [controller_server]: Critic loaded : mppi::critics::PreferForwardCritic
[controller_server-9] [INFO] [1791215893.608425167] [controller_server]: VelocityDeadbandCritic instantiated with 1 power, 0.5 weight, deadband_velocity [0.02,0,0.02]
[controller_server-9] [INFO] [1791215893.608440710] [controller_server]: Critic loaded : mppi::critics::VelocityDeadbandCritic
[controller_server-9] [INFO] [1791215893.608650920] [controller_server]: TwirlingCritic instantiated with 1 power and 1.000000 weight.
[controller_server-9] [INFO] [1791215893.608665824] [controller_server]: Critic loaded : mppi::critics::TwirlingCritic
[controller_server-9] [INFO] [1791215893.610509853] [controller_server]: Optimizer reset
[controller_server-9] [INFO] [1791215893.611481306] [MPPIController]: Configured MPPI Controller: MPPI
[controller_server-9] [INFO] [1791215893.612338205] [controller_server]: Created controller : DWB of type dwb_core::DWBLocalPlanner
[controller_server-9] [INFO] [1791215893.612854609] [controller_server]: Setting transform_tolerance to 0.200000
[controller_server-9] [INFO] [1791215893.616232043] [controller_server]: Using critic "RotateToGoal" (dwb_critics::RotateToGoalCritic)
[controller_server-9] [INFO] [1791215893.616519840] [controller_server]: Critic plugin initialized
[controller_server-9] [INFO] [1791215893.616588103] [controller_server]: Using critic "BaseObstacle" (dwb_critics::BaseObstacleCritic)
[controller_server-9] [INFO] [1791215893.616687921] [controller_server]: Critic plugin initialized
[controller_server-9] [INFO] [1791215893.616748932] [controller_server]: Using critic "PathAlign" (dwb_critics::PathAlignCritic)
[controller_server-9] [INFO] [1791215893.616936581] [controller_server]: Critic plugin initialized
[controller_server-9] [INFO] [1791215893.617000048] [controller_server]: Using critic "PathDist" (dwb_critics::PathDistCritic)
[controller_server-9] [INFO] [1791215893.617127773] [controller_server]: Critic plugin initialized
[controller_server-9] [INFO] [1791215893.617189712] [controller_server]: Using critic "GoalDist" (dwb_critics::GoalDistCritic)
[controller_server-9] [INFO] [1791215893.617340979] [controller_server]: Critic plugin initialized
[controller_server-9] [INFO] [1791215893.617351217] [controller_server]: Controller Server has RPP MPPI DWB  controllers available.
[lifecycle_manager-16] [INFO] [1791215893.619302747] [lifecycle_manager_navigation]: [34m[1mConfiguring smoother_server[0m[0m
[smoother_server-10] [INFO] [1791215893.619422598] [smoother_server]: Configuring smoother server
[smoother_server-10] [INFO] [1791215893.622238150] [smoother_server]: Created smoother : simple_smoother of type nav2_smoother::SimpleSmoother
[smoother_server-10] [INFO] [1791215893.622583866] [smoother_server]: Smoother Server has simple_smoother  smoothers available.
[lifecycle_manager-16] [INFO] [1791215893.624104135] [lifecycle_manager_navigation]: [34m[1mConfiguring planner_server[0m[0m
[planner_server-11] [INFO] [1791215893.624214362] [planner_server]: Configuring
[planner_server-11] [INFO] [1791215893.624243665] [global_costmap.global_costmap]: Configuring
[planner_server-11] [INFO] [1791215893.626229092] [global_costmap.global_costmap]: Using plugin "static_layer"
[planner_server-11] [INFO] [1791215893.628207068] [global_costmap.global_costmap]: Subscribing to the map topic (/map) with transient local durability
[planner_server-11] [INFO] [1791215893.628613698] [global_costmap.global_costmap]: Initialized plugin "static_layer"
[planner_server-11] [INFO] [1791215893.628631766] [global_costmap.global_costmap]: Using plugin "obstacle_layer"
[planner_server-11] [INFO] [1791215893.629046327] [global_costmap.global_costmap]: Subscribed to Topics: scan
[planner_server-11] [INFO] [1791215893.630318707] [global_costmap.global_costmap]: Initialized plugin "obstacle_layer"
[planner_server-11] [INFO] [1791215893.630337808] [global_costmap.global_costmap]: Using plugin "inflation_layer"
[planner_server-11] [INFO] [1791215893.630806169] [global_costmap.global_costmap]: Initialized plugin "inflation_layer"
[planner_server-11] [INFO] [1791215893.633557452] [planner_server]: Created global planner plugin GridBased of type nav2_navfn_planner/NavfnPlanner
[planner_server-11] [INFO] [1791215893.633579680] [planner_server]: Configuring plugin GridBased of type NavfnPlanner
[planner_server-11] [INFO] [1791215893.633859188] [planner_server]: Planner Server has GridBased  planners available.
[lifecycle_manager-16] [INFO] [1791215893.636412447] [lifecycle_manager_navigation]: [34m[1mConfiguring behavior_server[0m[0m
[behavior_server-12] [INFO] [1791215893.636536835] [behavior_server]: Configuring
[behavior_server-12] [INFO] [1791215893.639271270] [behavior_server]: Creating behavior plugin spin of type nav2_behaviors/Spin
[behavior_server-12] [INFO] [1791215893.639681703] [behavior_server]: Configuring spin
[behavior_server-12] [INFO] [1791215893.641159659] [behavior_server]: Creating behavior plugin backup of type nav2_behaviors/BackUp
[behavior_server-12] [INFO] [1791215893.641637263] [behavior_server]: Configuring backup
[behavior_server-12] [INFO] [1791215893.642956617] [behavior_server]: Creating behavior plugin drive_on_heading of type nav2_behaviors/DriveOnHeading
[behavior_server-12] [INFO] [1791215893.643332523] [behavior_server]: Configuring drive_on_heading
[behavior_server-12] [INFO] [1791215893.644742687] [behavior_server]: Creating behavior plugin assisted_teleop of type nav2_behaviors/AssistedTeleop
[behavior_server-12] [INFO] [1791215893.645648083] [behavior_server]: Configuring assisted_teleop
[behavior_server-12] [INFO] [1791215893.647164945] [behavior_server]: Creating behavior plugin wait of type nav2_behaviors/Wait
[behavior_server-12] [INFO] [1791215893.647602810] [behavior_server]: Configuring wait
[lifecycle_manager-16] [INFO] [1791215893.649101887] [lifecycle_manager_navigation]: [34m[1mConfiguring bt_navigator[0m[0m
[bt_navigator-13] [INFO] [1791215893.649209397] [bt_navigator]: Configuring
[lifecycle_manager-16] [INFO] [1791215893.674627547] [lifecycle_manager_navigation]: [34m[1mConfiguring waypoint_follower[0m[0m
[waypoint_follower-14] [INFO] [1791215893.674757679] [waypoint_follower]: Configuring
[waypoint_follower-14] [INFO] [1791215893.677629342] [waypoint_follower]: Created waypoint_task_executor : wait_at_waypoint of type nav2_waypoint_follower::WaitAtWaypoint
[lifecycle_manager-16] [INFO] [1791215893.678012865] [lifecycle_manager_navigation]: [34m[1mConfiguring velocity_smoother[0m[0m
[velocity_smoother-15] [INFO] [1791215893.678472333] [velocity_smoother]: Configuring velocity smoother
[lifecycle_manager-16] [INFO] [1791215893.679832537] [lifecycle_manager_navigation]: [34m[1mActivating controller_server[0m[0m
[controller_server-9] [INFO] [1791215893.679932042] [controller_server]: Activating
[controller_server-9] [INFO] [1791215893.679969005] [local_costmap.local_costmap]: Activating
[controller_server-9] [INFO] [1791215893.679981967] [local_costmap.local_costmap]: Checking transform
[controller_server-9] [INFO] [1791215893.680086445] [local_costmap.local_costmap]: start
[map_server-7] [INFO] [1791215893.772867499] [map_io]: Read map /home/nermin/Documents/Thesis/code/Autonomous-Lawn-Mower-Navigation/install/mower_sim/share/mower_sim/maps/empty_map.pgm: 2000 X 2000 map @ 0.05 m/cell
[lifecycle_manager-8] [INFO] [1791215893.778949358] [lifecycle_manager_map_server]: [34m[1mActivating map_server[0m[0m
[map_server-7] [INFO] [1791215893.779051332] [map_server]: Activating
[map_server-7] [INFO] [1791215893.784368235] [map_server]: Creating bond (map_server) to lifecycle manager.
[planner_server-11] [INFO] [1791215893.787830196] [global_costmap.global_costmap]: StaticLayer: Resizing costmap to 2000 X 2000 at 0.050000 m/pix
[controller_server-9] [INFO] [1791215893.788408843] [local_costmap.local_costmap]: StaticLayer: Resizing static layer to 2000 X 2000 at 0.050000 m/pix
[lifecycle_manager-8] [INFO] [1791215893.886196106] [lifecycle_manager_map_server]: Server map_server connected with bond.
[lifecycle_manager-8] [INFO] [1791215893.886229501] [lifecycle_manager_map_server]: [34m[1mManaged nodes are active[0m[0m
[lifecycle_manager-8] [INFO] [1791215893.886236380] [lifecycle_manager_map_server]: [34m[1mCreating bond timer...[0m[0m
[controller_server-9] [WARN] [1791215893.930448792] [controller_server]: Parameter controller_server.verbose not found
[controller_server-9] [INFO] [1791215893.931052275] [controller_server]: Optimizer reset
[controller_server-9] [INFO] [1791215893.931143132] [MPPIController]: Activated MPPI Controller: MPPI
[controller_server-9] [INFO] [1791215893.931153905] [controller_server]: Activating controller: RPP of type regulated_pure_pursuit_controller::RegulatedPurePursuitController
[controller_server-9] [INFO] [1791215893.931196294] [controller_server]: Creating bond (controller_server) to lifecycle manager.
[lifecycle_manager-16] [INFO] [1791215894.032690324] [lifecycle_manager_navigation]: Server controller_server connected with bond.
[lifecycle_manager-16] [INFO] [1791215894.032725983] [lifecycle_manager_navigation]: [34m[1mActivating smoother_server[0m[0m
[smoother_server-10] [INFO] [1791215894.032875499] [smoother_server]: Activating
[smoother_server-10] [INFO] [1791215894.032910751] [smoother_server]: Creating bond (smoother_server) to lifecycle manager.
[lifecycle_manager-16] [INFO] [1791215894.134162795] [lifecycle_manager_navigation]: Server smoother_server connected with bond.
[lifecycle_manager-16] [INFO] [1791215894.134193014] [lifecycle_manager_navigation]: [34m[1mActivating planner_server[0m[0m
[planner_server-11] [INFO] [1791215894.134323346] [planner_server]: Activating
[planner_server-11] [INFO] [1791215894.134362214] [global_costmap.global_costmap]: Activating
[planner_server-11] [INFO] [1791215894.134371203] [global_costmap.global_costmap]: Checking transform
[planner_server-11] [INFO] [1791215894.134437749] [global_costmap.global_costmap]: start
[planner_server-11] [INFO] [1791215895.184751951] [planner_server]: Activating plugin GridBased of type NavfnPlanner
[planner_server-11] [INFO] [1791215895.185100866] [planner_server]: Creating bond (planner_server) to lifecycle manager.
[lifecycle_manager-16] [INFO] [1791215895.286558209] [lifecycle_manager_navigation]: Server planner_server connected with bond.
[lifecycle_manager-16] [INFO] [1791215895.286598764] [lifecycle_manager_navigation]: [34m[1mActivating behavior_server[0m[0m
[behavior_server-12] [INFO] [1791215895.286766784] [behavior_server]: Activating
[behavior_server-12] [INFO] [1791215895.286789631] [behavior_server]: Activating spin
[behavior_server-12] [INFO] [1791215895.286799825] [behavior_server]: Activating backup
[behavior_server-12] [INFO] [1791215895.286807282] [behavior_server]: Activating drive_on_heading
[behavior_server-12] [INFO] [1791215895.286814277] [behavior_server]: Activating assisted_teleop
[behavior_server-12] [INFO] [1791215895.286821355] [behavior_server]: Activating wait
[behavior_server-12] [INFO] [1791215895.286831720] [behavior_server]: Creating bond (behavior_server) to lifecycle manager.
[lifecycle_manager-16] [INFO] [1791215895.388203874] [lifecycle_manager_navigation]: Server behavior_server connected with bond.
[lifecycle_manager-16] [INFO] [1791215895.388239177] [lifecycle_manager_navigation]: [34m[1mActivating bt_navigator[0m[0m
[bt_navigator-13] [INFO] [1791215895.388414515] [bt_navigator]: Activating
[bt_navigator-13] [INFO] [1791215895.401428954] [bt_navigator]: Creating bond (bt_navigator) to lifecycle manager.
[lifecycle_manager-16] [INFO] [1791215895.502813806] [lifecycle_manager_navigation]: Server bt_navigator connected with bond.
[lifecycle_manager-16] [INFO] [1791215895.502852067] [lifecycle_manager_navigation]: [34m[1mActivating waypoint_follower[0m[0m
[waypoint_follower-14] [INFO] [1791215895.503011079] [waypoint_follower]: Activating
[waypoint_follower-14] [INFO] [1791215895.503041172] [waypoint_follower]: Creating bond (waypoint_follower) to lifecycle manager.
[lifecycle_manager-16] [INFO] [1791215895.604307205] [lifecycle_manager_navigation]: Server waypoint_follower connected with bond.
[lifecycle_manager-16] [INFO] [1791215895.604352576] [lifecycle_manager_navigation]: [34m[1mActivating velocity_smoother[0m[0m
[velocity_smoother-15] [INFO] [1791215895.604542676] [velocity_smoother]: Activating
[velocity_smoother-15] [INFO] [1791215895.604593089] [velocity_smoother]: Creating bond (velocity_smoother) to lifecycle manager.
[lifecycle_manager-16] [INFO] [1791215895.706155144] [lifecycle_manager_navigation]: Server velocity_smoother connected with bond.
[lifecycle_manager-16] [INFO] [1791215895.706199640] [lifecycle_manager_navigation]: [34m[1mManaged nodes are active[0m[0m
[lifecycle_manager-16] [INFO] [1791215895.706213288] [lifecycle_manager_navigation]: [34m[1mCreating bond timer...[0m[0m
[controller_server-9] [INFO] [1791215896.533561499] [controller_server]: Received a goal, begin computing control effort.
[robot_trail_publisher-5] [INFO] [1791215896.534101907] [robot_trail_publisher]: New run, trail cleared
[controller_server-9] [INFO] [1791215896.534348681] [controller_server]: Optimizer reset
[coverage_monitor-6] [INFO] [1791215896.692320400] [coverage_monitor]: New coverage path, field rebuilt
[controller_server-9] [INFO] [1791215926.635367832] [controller_server]: Reached the goal!
[WARNING] [launch]: user interrupted with ctrl-c (SIGINT)
[INFO] [lifecycle_manager-16]: sending signal 'SIGINT' to process[lifecycle_manager-16]
[INFO] [velocity_smoother-15]: sending signal 'SIGINT' to process[velocity_smoother-15]
[INFO] [waypoint_follower-14]: sending signal 'SIGINT' to process[waypoint_follower-14]
[INFO] [bt_navigator-13]: sending signal 'SIGINT' to process[bt_navigator-13]
[INFO] [behavior_server-12]: sending signal 'SIGINT' to process[behavior_server-12]
[INFO] [planner_server-11]: sending signal 'SIGINT' to process[planner_server-11]
[INFO] [smoother_server-10]: sending signal 'SIGINT' to process[smoother_server-10]
[INFO] [controller_server-9]: sending signal 'SIGINT' to process[controller_server-9]
[INFO] [lifecycle_manager-8]: sending signal 'SIGINT' to process[lifecycle_manager-8]
[INFO] [map_server-7]: sending signal 'SIGINT' to process[map_server-7]
[INFO] [coverage_monitor-6]: sending signal 'SIGINT' to process[coverage_monitor-6]
[INFO] [robot_trail_publisher-5]: sending signal 'SIGINT' to process[robot_trail_publisher-5]
[INFO] [ground_truth_tf_publisher-4]: sending signal 'SIGINT' to process[ground_truth_tf_publisher-4]
[INFO] [robot_state_publisher-2]: sending signal 'SIGINT' to process[robot_state_publisher-2]
[INFO] [gzserver-1]: sending signal 'SIGINT' to process[gzserver-1]
[waypoint_follower-14] [INFO] [1791215926.982291677] [rclcpp]: signal_handler(SIGINT/SIGTERM)
[waypoint_follower-14] [INFO] [1791215926.982408607] [waypoint_follower]: Running Nav2 LifecycleNode rcl preshutdown (waypoint_follower)
[waypoint_follower-14] [INFO] [1791215926.982478938] [waypoint_follower]: Deactivating
[waypoint_follower-14] [INFO] [1791215926.982500047] [waypoint_follower]: Destroying bond (waypoint_follower) to lifecycle manager.
[lifecycle_manager-16] [INFO] [1791215926.982291999] [rclcpp]: signal_handler(SIGINT/SIGTERM)
[lifecycle_manager-16] [INFO] [1791215926.982381868] [lifecycle_manager_navigation]: Running Nav2 LifecycleManager rcl preshutdown (lifecycle_manager_navigation)
[lifecycle_manager-16] [INFO] [1791215926.982426177] [lifecycle_manager_navigation]: [34m[1mTerminating bond timer...[0m[0m
[lifecycle_manager-8] [INFO] [1791215926.982329278] [rclcpp]: signal_handler(SIGINT/SIGTERM)
[lifecycle_manager-8] [INFO] [1791215926.982381679] [lifecycle_manager_map_server]: Running Nav2 LifecycleManager rcl preshutdown (lifecycle_manager_map_server)
[lifecycle_manager-8] [INFO] [1791215926.982426160] [lifecycle_manager_map_server]: [34m[1mTerminating bond timer...[0m[0m
[robot_state_publisher-2] [INFO] [1791215926.982329526] [rclcpp]: signal_handler(SIGINT/SIGTERM)
[controller_server-9] [INFO] [1791215926.982391267] [rclcpp]: signal_handler(SIGINT/SIGTERM)
[controller_server-9] [INFO] [1791215926.982440517] [controller_server]: Running Nav2 LifecycleNode rcl preshutdown (controller_server)
[controller_server-9] [INFO] [1791215926.982515506] [controller_server]: Deactivating
[controller_server-9] [INFO] [1791215926.982561462] [MPPIController]: Deactivated MPPI Controller: MPPI
[controller_server-9] [INFO] [1791215926.982568109] [controller_server]: Deactivating controller: RPP of type regulated_pure_pursuit_controller::RegulatedPurePursuitController
[controller_server-9] [INFO] [1791215926.982597753] [local_costmap.local_costmap]: Deactivating
[behavior_server-12] [INFO] [1791215926.982403522] [rclcpp]: signal_handler(SIGINT/SIGTERM)
[behavior_server-12] [INFO] [1791215926.982463766] [behavior_server]: Running Nav2 LifecycleNode rcl preshutdown (behavior_server)
[behavior_server-12] [INFO] [1791215926.982527324] [behavior_server]: Deactivating
[behavior_server-12] [INFO] [1791215926.982568513] [behavior_server]: Destroying bond (behavior_server) to lifecycle manager.
[planner_server-11] [INFO] [1791215926.982407766] [rclcpp]: signal_handler(SIGINT/SIGTERM)
[planner_server-11] [INFO] [1791215926.982472479] [planner_server]: Running Nav2 LifecycleNode rcl preshutdown (planner_server)
[planner_server-11] [INFO] [1791215926.982539868] [planner_server]: Deactivating
[planner_server-11] [INFO] [1791215926.982572989] [global_costmap.global_costmap]: Deactivating
[bt_navigator-13] [INFO] [1791215926.982407082] [rclcpp]: signal_handler(SIGINT/SIGTERM)
[bt_navigator-13] [INFO] [1791215926.982465761] [bt_navigator]: Running Nav2 LifecycleNode rcl preshutdown (bt_navigator)
[bt_navigator-13] [INFO] [1791215926.982538586] [bt_navigator]: Deactivating
[bt_navigator-13] [INFO] [1791215926.982563039] [bt_navigator]: Destroying bond (bt_navigator) to lifecycle manager.
[smoother_server-10] [INFO] [1791215926.982408880] [rclcpp]: signal_handler(SIGINT/SIGTERM)
[smoother_server-10] [INFO] [1791215926.982466500] [smoother_server]: Running Nav2 LifecycleNode rcl preshutdown (smoother_server)
[smoother_server-10] [INFO] [1791215926.982547943] [smoother_server]: Deactivating
[smoother_server-10] [INFO] [1791215926.982573586] [smoother_server]: Destroying bond (smoother_server) to lifecycle manager.
[map_server-7] [INFO] [1791215926.982408924] [rclcpp]: signal_handler(SIGINT/SIGTERM)
[map_server-7] [INFO] [1791215926.982482225] [map_server]: Running Nav2 LifecycleNode rcl preshutdown (map_server)
[map_server-7] [INFO] [1791215926.982671339] [map_server]: Deactivating
[map_server-7] [INFO] [1791215926.982690795] [map_server]: Destroying bond (map_server) to lifecycle manager.
[velocity_smoother-15] [INFO] [1791215926.982408687] [rclcpp]: signal_handler(SIGINT/SIGTERM)
[velocity_smoother-15] [INFO] [1791215926.982493485] [velocity_smoother]: Running Nav2 LifecycleNode rcl preshutdown (velocity_smoother)
[velocity_smoother-15] [INFO] [1791215926.982572542] [velocity_smoother]: Deactivating
[velocity_smoother-15] [INFO] [1791215926.982594144] [velocity_smoother]: Destroying bond (velocity_smoother) to lifecycle manager.
[waypoint_follower-14] [INFO] [1791215926.992771881] [waypoint_follower]: Cleaning up
[behavior_server-12] [INFO] [1791215926.992783440] [behavior_server]: Cleaning up
[smoother_server-10] [INFO] [1791215926.992788680] [smoother_server]: Cleaning up
[bt_navigator-13] [INFO] [1791215926.992787581] [bt_navigator]: Cleaning up
[velocity_smoother-15] [INFO] [1791215926.992827461] [velocity_smoother]: Cleaning up
[velocity_smoother-15] [INFO] [1791215926.992860533] [velocity_smoother]: Destroying bond (velocity_smoother) to lifecycle manager.
[map_server-7] [INFO] [1791215926.992891128] [map_server]: Cleaning up
[map_server-7] [INFO] [1791215926.993219452] [map_server]: Destroying bond (map_server) to lifecycle manager.
[velocity_smoother-15] [INFO] [1791215926.993259760] [rclcpp]: signal_handler(SIGINT/SIGTERM)
[behavior_server-12] [INFO] [1791215926.997631117] [behavior_server]: Destroying bond (behavior_server) to lifecycle manager.
[behavior_server-12] [INFO] [1791215926.998611644] [rclcpp]: signal_handler(SIGINT/SIGTERM)
[lifecycle_manager-8] [INFO] [1791215926.998842510] [rclcpp]: signal_handler(SIGINT/SIGTERM)
[lifecycle_manager-8] [INFO] [1791215926.999079221] [lifecycle_manager_map_server]: Destroying lifecycle_manager_map_server
[map_server-7] [INFO] [1791215927.000324574] [rclcpp]: signal_handler(SIGINT/SIGTERM)
[waypoint_follower-14] [INFO] [1791215927.000669516] [waypoint_follower]: Destroying bond (waypoint_follower) to lifecycle manager.
[map_server-7] [INFO] [1791215927.001147005] [map_server]: Destroying
[waypoint_follower-14] [INFO] [1791215927.001774892] [rclcpp]: signal_handler(SIGINT/SIGTERM)
[coverage_monitor-6] Traceback (most recent call last):
[coverage_monitor-6]   File "/home/nermin/Documents/Thesis/code/Autonomous-Lawn-Mower-Navigation/install/mower_sim/lib/mower_sim/coverage_monitor", line 33, in <module>
[coverage_monitor-6]     sys.exit(load_entry_point('mower-sim==0.0.0', 'console_scripts', 'coverage_monitor')())
[coverage_monitor-6]   File "/home/nermin/Documents/Thesis/code/Autonomous-Lawn-Mower-Navigation/install/mower_sim/lib/python3.10/site-packages/mower_sim/coverage_monitor.py", line 153, in main
[coverage_monitor-6]     node.destroy_node()
[coverage_monitor-6]   File "/opt/ros/humble/local/lib/python3.10/dist-packages/rclpy/node.py", line 1691, in destroy_node
[coverage_monitor-6]     self.destroy_service(self._services[0])
[coverage_monitor-6]   File "/opt/ros/humble/local/lib/python3.10/dist-packages/rclpy/node.py", line 1615, in destroy_service
[coverage_monitor-6]     service.destroy()
[coverage_monitor-6]   File "/opt/ros/humble/local/lib/python3.10/dist-packages/rclpy/service.py", line 93, in destroy
[coverage_monitor-6]     self.__service.destroy_when_not_in_use()
[coverage_monitor-6] KeyboardInterrupt
[robot_state_publisher-2] [INFO] [1791215927.006565287] [rclcpp]: signal_handler(SIGINT/SIGTERM)
[smoother_server-10] [INFO] [1791215927.008248182] [smoother_server]: Destroying bond (smoother_server) to lifecycle manager.
[smoother_server-10] [INFO] [1791215927.008862249] [rclcpp]: signal_handler(SIGINT/SIGTERM)
[behavior_server-12] [INFO] [1791215927.053497082] [behavior_server]: Destroying
[ground_truth_tf_publisher-4] Traceback (most recent call last):
[ground_truth_tf_publisher-4]   File "/home/nermin/Documents/Thesis/code/Autonomous-Lawn-Mower-Navigation/install/mower_sim/lib/mower_sim/ground_truth_tf_publisher", line 33, in <module>
[ground_truth_tf_publisher-4]     sys.exit(load_entry_point('mower-sim==0.0.0', 'console_scripts', 'ground_truth_tf_publisher')())
[ground_truth_tf_publisher-4]   File "/home/nermin/Documents/Thesis/code/Autonomous-Lawn-Mower-Navigation/install/mower_sim/lib/python3.10/site-packages/mower_sim/ground_truth_tf_publisher.py", line 169, in main
[ground_truth_tf_publisher-4]     node.destroy_node()
[ground_truth_tf_publisher-4]   File "/opt/ros/humble/local/lib/python3.10/dist-packages/rclpy/node.py", line 1685, in destroy_node
[ground_truth_tf_publisher-4]     self.destroy_publisher(self._publishers[0])
[ground_truth_tf_publisher-4]   File "/opt/ros/humble/local/lib/python3.10/dist-packages/rclpy/node.py", line 1565, in destroy_publisher
[ground_truth_tf_publisher-4]     publisher.destroy()
[ground_truth_tf_publisher-4]   File "/opt/ros/humble/local/lib/python3.10/dist-packages/rclpy/publisher.py", line 99, in destroy
[ground_truth_tf_publisher-4]     self.__publisher.destroy_when_not_in_use()
[ground_truth_tf_publisher-4] KeyboardInterrupt
[controller_server-9] [INFO] [1791215927.080208339] [controller_server]: Destroying bond (controller_server) to lifecycle manager.
[waypoint_follower-14] [INFO] [1791215927.084525350] [waypoint_follower]: Destroying
[velocity_smoother-15] [INFO] [1791215927.108519263] [velocity_smoother]: Destroying
[controller_server-9] [INFO] [1791215927.110453702] [controller_server]: Cleaning up
[controller_server-9] [INFO] [1791215927.110538012] [MPPIController]: Cleaned up MPPI Controller: MPPI
[controller_server-9] [INFO] [1791215927.110545512] [controller_server]: Cleaning up controller: RPP of type regulated_pure_pursuit_controller::RegulatedPurePursuitController
[controller_server-9] [INFO] [1791215927.110666455] [local_costmap.local_costmap]: Cleaning up
[planner_server-11] [INFO] [1791215927.134564047] [planner_server]: Deactivating plugin GridBased of type NavfnPlanner
[planner_server-11] [INFO] [1791215927.134599896] [planner_server]: Destroying bond (planner_server) to lifecycle manager.
[bt_navigator-13] [INFO] [1791215927.136026166] [bt_navigator]: Completed Cleaning up
[bt_navigator-13] [INFO] [1791215927.136074013] [bt_navigator]: Destroying bond (bt_navigator) to lifecycle manager.
[bt_navigator-13] [INFO] [1791215927.136978748] [rclcpp]: signal_handler(SIGINT/SIGTERM)
[smoother_server-10] [INFO] [1791215927.137237875] [smoother_server]: Destroying
[controller_server-9] [INFO] [1791215927.140693876] [controller_server]: Destroying bond (controller_server) to lifecycle manager.
[controller_server-9] [INFO] [1791215927.142962109] [rclcpp]: signal_handler(SIGINT/SIGTERM)
[planner_server-11] [INFO] [1791215927.144718693] [planner_server]: Cleaning up
[bt_navigator-13] [INFO] [1791215927.146857020] [bt_navigator]: Destroying
[lifecycle_manager-16] [INFO] [1791215927.146974460] [rclcpp]: signal_handler(SIGINT/SIGTERM)
[planner_server-11] [INFO] [1791215927.161248395] [global_costmap.global_costmap]: Cleaning up
[planner_server-11] [INFO] [1791215927.165817925] [planner_server]: Cleaning up plugin GridBased of type NavfnPlanner
[planner_server-11] [INFO] [1791215927.165967746] [planner_server]: Destroying plugin GridBased of type NavfnPlanner
[planner_server-11] [INFO] [1791215927.180846143] [planner_server]: Destroying bond (planner_server) to lifecycle manager.
[controller_server-9] [INFO] [1791215927.182454649] [local_costmap.local_costmap]: Destroying
[planner_server-11] [INFO] [1791215927.183052199] [rclcpp]: signal_handler(SIGINT/SIGTERM)
[robot_trail_publisher-5] Traceback (most recent call last):
[robot_trail_publisher-5]   File "/home/nermin/Documents/Thesis/code/Autonomous-Lawn-Mower-Navigation/install/mower_sim/lib/mower_sim/robot_trail_publisher", line 33, in <module>
[robot_trail_publisher-5]     sys.exit(load_entry_point('mower-sim==0.0.0', 'console_scripts', 'robot_trail_publisher')())
[robot_trail_publisher-5]   File "/home/nermin/Documents/Thesis/code/Autonomous-Lawn-Mower-Navigation/install/mower_sim/lib/python3.10/site-packages/mower_sim/robot_trail_publisher.py", line 98, in main
[robot_trail_publisher-5]     node.destroy_node()
[robot_trail_publisher-5]   File "/opt/ros/humble/local/lib/python3.10/dist-packages/rclpy/node.py", line 1696, in destroy_node
[robot_trail_publisher-5]     self.__node.destroy_when_not_in_use()
[robot_trail_publisher-5] KeyboardInterrupt
[INFO] [lifecycle_manager-8]: process has finished cleanly [pid 10550]
[INFO] [behavior_server-12]: process has finished cleanly [pid 10558]
[INFO] [map_server-7]: process has finished cleanly [pid 10548]
[ERROR] [coverage_monitor-6]: process has died [pid 10153, exit code -2, cmd '/home/nermin/Documents/Thesis/code/Autonomous-Lawn-Mower-Navigation/install/mower_sim/lib/mower_sim/coverage_monitor --ros-args --params-file /tmp/launch_params_q25gcix0'].
[controller_server-9] [INFO] [1791215927.208995640] [controller_server]: Destroying
[planner_server-11] [INFO] [1791215927.213284225] [global_costmap.global_costmap]: Destroying
[ERROR] [robot_trail_publisher-5]: process has died [pid 10151, exit code -2, cmd '/home/nermin/Documents/Thesis/code/Autonomous-Lawn-Mower-Navigation/install/mower_sim/lib/mower_sim/robot_trail_publisher --ros-args --params-file /tmp/launch_params_mry13s51'].
[lifecycle_manager-16] [INFO] [1791215927.217542839] [lifecycle_manager_navigation]: Destroying lifecycle_manager_navigation
[planner_server-11] [INFO] [1791215927.239327092] [planner_server]: Destroying
[INFO] [robot_state_publisher-2]: process has finished cleanly [pid 10145]
[INFO] [waypoint_follower-14]: process has finished cleanly [pid 10562]
[INFO] [smoother_server-10]: process has finished cleanly [pid 10554]
[INFO] [velocity_smoother-15]: process has finished cleanly [pid 10564]
[INFO] [bt_navigator-13]: process has finished cleanly [pid 10560]
[ERROR] [ground_truth_tf_publisher-4]: process has died [pid 10149, exit code -2, cmd '/home/nermin/Documents/Thesis/code/Autonomous-Lawn-Mower-Navigation/install/mower_sim/lib/mower_sim/ground_truth_tf_publisher --ros-args --params-file /tmp/launch_params_cu_r4xl8'].
[INFO] [lifecycle_manager-16]: process has finished cleanly [pid 10566]
[INFO] [controller_server-9]: process has finished cleanly [pid 10552]
[INFO] [planner_server-11]: process has finished cleanly [pid 10556]
[INFO] [gzserver-1]: process has finished cleanly [pid 10143]
[gzserver-1] [0m[1;32m[0m[1;32m[0m[1;36m[0m[1;32m[0m
[gzserver-1] [1;33m[0m[1;31m[0m
