[INFO] [1791215645.243564071] [mowing_path_client]: Controller schedule: MPPI from 0.00 m
[INFO] [1791215645.250674810] [mowing_path_client]: Waiting for FollowPath action server...
[INFO] [1791215645.251086808] [mowing_path_client]: Sending coverage path: 349 poses
[INFO] [1791215645.256879599] [mowing_path_client]: Distance to goal: 17.35 m, speed: 0.03 m/s, controller: MPPI
[INFO] [1791215646.289144472] [mowing_path_client]: Distance to goal: 16.95 m, speed: 0.76 m/s, controller: MPPI
[INFO] [1791215647.322557471] [mowing_path_client]: Distance to goal: 16.10 m, speed: 0.83 m/s, controller: MPPI
[INFO] [1791215648.322641192] [mowing_path_client]: Distance to goal: 15.25 m, speed: 0.83 m/s, controller: MPPI
[INFO] [1791215649.355838896] [mowing_path_client]: Distance to goal: 14.40 m, speed: 0.83 m/s, controller: MPPI
[INFO] [1791215650.356063956] [mowing_path_client]: Distance to goal: 13.60 m, speed: 0.83 m/s, controller: MPPI
[INFO] [1791215651.389238632] [mowing_path_client]: Distance to goal: 12.80 m, speed: 0.62 m/s, controller: MPPI
[INFO] [1791215652.389389646] [mowing_path_client]: Distance to goal: 12.31 m, speed: 0.34 m/s, controller: MPPI
[INFO] [1791215653.423117830] [mowing_path_client]: Distance to goal: 12.06 m, speed: 0.19 m/s, controller: MPPI
[INFO] [1791215654.456017146] [mowing_path_client]: Distance to goal: 11.81 m, speed: 0.22 m/s, controller: MPPI
[INFO] [1791215655.489436194] [mowing_path_client]: Distance to goal: 11.57 m, speed: 0.30 m/s, controller: MPPI
[INFO] [1791215656.522689725] [mowing_path_client]: Distance to goal: 11.18 m, speed: 0.60 m/s, controller: MPPI
[INFO] [1791215657.522732196] [mowing_path_client]: Distance to goal: 10.43 m, speed: 0.80 m/s, controller: MPPI
[INFO] [1791215658.522910044] [mowing_path_client]: Distance to goal: 9.63 m, speed: 0.83 m/s, controller: MPPI
[INFO] [1791215659.556529605] [mowing_path_client]: Distance to goal: 8.73 m, speed: 0.83 m/s, controller: MPPI
[INFO] [1791215660.590815838] [mowing_path_client]: Distance to goal: 7.93 m, speed: 0.83 m/s, controller: MPPI
[INFO] [1791215661.622510118] [mowing_path_client]: Distance to goal: 7.03 m, speed: 0.80 m/s, controller: MPPI
[INFO] [1791215662.622584486] [mowing_path_client]: Distance to goal: 6.38 m, speed: 0.45 m/s, controller: MPPI
[INFO] [1791215663.655792040] [mowing_path_client]: Distance to goal: 6.08 m, speed: 0.18 m/s, controller: MPPI
[INFO] [1791215664.655910266] [mowing_path_client]: Distance to goal: 5.88 m, speed: 0.17 m/s, controller: MPPI
[INFO] [1791215665.689216806] [mowing_path_client]: Distance to goal: 5.74 m, speed: 0.16 m/s, controller: MPPI
[INFO] [1791215666.689283702] [mowing_path_client]: Distance to goal: 5.59 m, speed: 0.17 m/s, controller: MPPI
[INFO] [1791215667.692278560] [mowing_path_client]: Distance to goal: 5.39 m, speed: 0.21 m/s, controller: MPPI
[INFO] [1791215668.722428294] [mowing_path_client]: Distance to goal: 5.15 m, speed: 0.27 m/s, controller: MPPI
[INFO] [1791215669.722460431] [mowing_path_client]: Distance to goal: 4.70 m, speed: 0.74 m/s, controller: MPPI
[INFO] [1791215670.722748934] [mowing_path_client]: Distance to goal: 3.90 m, speed: 0.83 m/s, controller: MPPI
[INFO] [1791215671.755750378] [mowing_path_client]: Distance to goal: 3.05 m, speed: 0.83 m/s, controller: MPPI
[INFO] [1791215672.758515026] [mowing_path_client]: Distance to goal: 2.25 m, speed: 0.83 m/s, controller: MPPI
[INFO] [1791215673.789136830] [mowing_path_client]: Distance to goal: 1.35 m, speed: 0.83 m/s, controller: MPPI
[INFO] [1791215674.789141540] [mowing_path_client]: Distance to goal: 0.60 m, speed: 0.59 m/s, controller: MPPI
[INFO] [1791215675.323353894] [mowing_path_client]: Coverage path completed
