[INFO] [launch]: All log files can be found below /home/nermin/.ros/log/2026-10-05-14-57-52-834026-Nermin-213179
[INFO] [launch]: Default logging verbosity is set to INFO

[mower_sim] Controller: SWITCHING
[mower_sim] Odometry: ground_truth
[mower_sim] Params: /home/nermin/Documents/Thesis/code/Autonomous-Lawn-Mower-Navigation/install/mower_sim/share/mower_sim/config/nav2_switching.yaml

[INFO] [gzserver-1]: process started with pid [213197]
[INFO] [robot_state_publisher-2]: process started with pid [213199]
[INFO] [spawn_entity.py-3]: process started with pid [213201]
[INFO] [ground_truth_tf_publisher-4]: process started with pid [213203]
[INFO] [robot_trail_publisher-5]: process started with pid [213205]
[INFO] [coverage_monitor-6]: process started with pid [213207]
[robot_state_publisher-2] [INFO] [1791205072.950859828] [robot_state_publisher]: got segment base_footprint
[robot_state_publisher-2] [INFO] [1791205072.950931828] [robot_state_publisher]: got segment base_link
[robot_state_publisher-2] [INFO] [1791205072.950943624] [robot_state_publisher]: got segment base_scan
[robot_state_publisher-2] [INFO] [1791205072.950951425] [robot_state_publisher]: got segment front_left_caster
[robot_state_publisher-2] [INFO] [1791205072.950959019] [robot_state_publisher]: got segment front_right_caster
[robot_state_publisher-2] [INFO] [1791205072.950966766] [robot_state_publisher]: got segment left_wheel
[robot_state_publisher-2] [INFO] [1791205072.950974173] [robot_state_publisher]: got segment right_wheel
[gzserver-1] Gazebo multi-robot simulator, version 11.10.2
[gzserver-1] Copyright (C) 2012 Open Source Robotics Foundation.
[gzserver-1] Released under the Apache 2 License.
[gzserver-1] http://gazebosim.org
[gzserver-1] 
[robot_trail_publisher-5] [INFO] [1791205073.362299251] [robot_trail_publisher]: Robot trail: /ground_truth/pose on /robot_trail
[coverage_monitor-6] [INFO] [1791205073.379648500] [coverage_monitor]: Coverage monitor: field from /coverage_path
[spawn_entity.py-3] [INFO] [1791205073.391604072] [spawn_entity]: Spawn Entity started
[spawn_entity.py-3] [INFO] [1791205073.391864895] [spawn_entity]: Loading entity published on topic robot_description
[spawn_entity.py-3] [INFO] [1791205073.392787072] [spawn_entity]: Waiting for entity xml on robot_description
[spawn_entity.py-3] [INFO] [1791205073.394595157] [spawn_entity]: Waiting for service /spawn_entity, timeout = 120
[spawn_entity.py-3] [INFO] [1791205073.394823262] [spawn_entity]: Waiting for service /spawn_entity
[ground_truth_tf_publisher-4] [INFO] [1791205073.405519728] [ground_truth_tf_publisher]: Ground truth TF publisher started for "mower": map -> odom (ground truth correction)
[gzserver-1] [1;33m[Wrn] [gazebo_ros_init.cpp:178] [0m[1;33m
[gzserver-1] #     # ####### ####### ###  #####  #######
[gzserver-1] ##    # #     #    #     #  #     # #
[gzserver-1] # #   # #     #    #     #  #       #
[gzserver-1] #  #  # #     #    #     #  #       #####
[gzserver-1] #   # # #     #    #     #  #       #
[gzserver-1] #    ## #     #    #     #  #     # #
[gzserver-1] #     # #######    #    ###  #####  #######
[gzserver-1] 
[gzserver-1] This version of Gazebo, now called Gazebo classic, reaches end-of-life
[gzserver-1] in January 2025. Users are highly encouraged to migrate to the new Gazebo
[gzserver-1] using our migration guides (https://gazebosim.org/docs/latest/gazebo_classic_migration?utm_source=gazebo_ros_pkgs&utm_medium=cli)
[gzserver-1] 
[gzserver-1] [0m[1;33m
[gzserver-1] [0m[1;33m[0m[1;33m[0m[INFO] [1791205073.896942936] [gazebo.gazebo_ros_state]: Publishing states of gazebo models at [/gazebo/model_states]
[spawn_entity.py-3] [INFO] [1791205073.897192967] [spawn_entity]: Calling service /spawn_entity
[gzserver-1] [INFO] [1791205073.897246004] [gazebo.gazebo_ros_state]: Publishing states of gazebo links at [/gazebo/link_states]
[spawn_entity.py-3] [INFO] [1791205074.187847606] [spawn_entity]: Spawn status: SpawnEntity: Successfully spawned entity [mower]
[gzserver-1] [INFO] [1791205074.297654357] [diff_drive]: Wheel pair 1 separation set to [0.700000m]
[gzserver-1] [INFO] [1791205074.297689007] [diff_drive]: Wheel pair 1 diameter set to [0.300000m]
[gzserver-1] [INFO] [1791205074.298041062] [diff_drive]: Subscribed to [/cmd_vel]
[gzserver-1] [INFO] [1791205074.298720933] [diff_drive]: Advertise odometry on [/odom]
[gzserver-1] [INFO] [1791205074.299518656] [diff_drive]: Publishing odom transforms between [odom] and [base_footprint]
[gzserver-1] [INFO] [1791205074.304466136] [joint_states]: Going to publish joint [left_wheel_joint]
[gzserver-1] [INFO] [1791205074.304486969] [joint_states]: Going to publish joint [right_wheel_joint]
[ground_truth_tf_publisher-4] [WARN] [1791205074.312584634] [ground_truth_tf_publisher]: Waiting for odom -> base_footprint: "odom" passed to lookupTransform argument target_frame does not exist. 
[INFO] [spawn_entity.py-3]: process has finished cleanly [pid 213201]
[gzserver-1] [1;32m[Msg] [0m[1;32mWaiting for master.[0m[1;32m
[gzserver-1] [0m[1;32m[0m[1;32m[0m[1;32m[Msg] [0m[1;32mConnected to gazebo master @ [0m[1;32mhttp://127.0.0.1:11345[0m[1;32m
[gzserver-1] [0m[1;32m[0m[1;32m[0m[1;32m[Msg] [0m[1;32mPublicized address: [0m[1;32m10.169.222.221[0m[1;32m
[gzserver-1] [0m[1;32m[0m[1;32m[0m[1;32m[Msg] [0m[1;32mLoading world file [[0m[1;32m/home/nermin/Documents/Thesis/code/Autonomous-Lawn-Mower-Navigation/install/mower_sim/share/mower_sim/worlds/empty_field.world[0m[1;32m][0m[1;32m
[INFO] [map_server-7]: process started with pid [213564]
[INFO] [lifecycle_manager-8]: process started with pid [213566]
[INFO] [controller_server-9]: process started with pid [213568]
[INFO] [smoother_server-10]: process started with pid [213570]
[INFO] [planner_server-11]: process started with pid [213572]
[INFO] [behavior_server-12]: process started with pid [213574]
[INFO] [bt_navigator-13]: process started with pid [213576]
[INFO] [waypoint_follower-14]: process started with pid [213578]
[INFO] [velocity_smoother-15]: process started with pid [213580]
[INFO] [lifecycle_manager-16]: process started with pid [213582]
[lifecycle_manager-8] [INFO] [1791205093.082789610] [lifecycle_manager_map_server]: Creating
[lifecycle_manager-8] [INFO] [1791205093.084262236] [lifecycle_manager_map_server]: [34m[1mCreating and initializing lifecycle service clients[0m[0m
[smoother_server-10] [INFO] [1791205093.087361487] [smoother_server]: 
[smoother_server-10] 	smoother_server lifecycle node launched. 
[smoother_server-10] 	Waiting on external lifecycle transitions to activate
[smoother_server-10] 	See https://design.ros2.org/articles/node_lifecycle.html for more information.
[planner_server-11] [INFO] [1791205093.087416346] [planner_server]: 
[planner_server-11] 	planner_server lifecycle node launched. 
[planner_server-11] 	Waiting on external lifecycle transitions to activate
[planner_server-11] 	See https://design.ros2.org/articles/node_lifecycle.html for more information.
[smoother_server-10] [INFO] [1791205093.088346976] [smoother_server]: Creating smoother server
[planner_server-11] [INFO] [1791205093.088608408] [planner_server]: Creating
[waypoint_follower-14] [INFO] [1791205093.090472965] [waypoint_follower]: 
[waypoint_follower-14] 	waypoint_follower lifecycle node launched. 
[waypoint_follower-14] 	Waiting on external lifecycle transitions to activate
[waypoint_follower-14] 	See https://design.ros2.org/articles/node_lifecycle.html for more information.
[waypoint_follower-14] [INFO] [1791205093.090799064] [waypoint_follower]: Creating
[planner_server-11] [INFO] [1791205093.091147365] [global_costmap.global_costmap]: 
[planner_server-11] 	global_costmap lifecycle node launched. 
[planner_server-11] 	Waiting on external lifecycle transitions to activate
[planner_server-11] 	See https://design.ros2.org/articles/node_lifecycle.html for more information.
[planner_server-11] [INFO] [1791205093.091818252] [global_costmap.global_costmap]: Creating Costmap
[controller_server-9] [INFO] [1791205093.093013190] [controller_server]: 
[controller_server-9] 	controller_server lifecycle node launched. 
[controller_server-9] 	Waiting on external lifecycle transitions to activate
[controller_server-9] 	See https://design.ros2.org/articles/node_lifecycle.html for more information.
[controller_server-9] [INFO] [1791205093.096170166] [controller_server]: Creating controller server
[lifecycle_manager-16] [INFO] [1791205093.101892508] [lifecycle_manager_navigation]: Creating
[velocity_smoother-15] [INFO] [1791205093.102196063] [velocity_smoother]: 
[velocity_smoother-15] 	velocity_smoother lifecycle node launched. 
[velocity_smoother-15] 	Waiting on external lifecycle transitions to activate
[velocity_smoother-15] 	See https://design.ros2.org/articles/node_lifecycle.html for more information.
[bt_navigator-13] [INFO] [1791205093.102265917] [bt_navigator]: 
[bt_navigator-13] 	bt_navigator lifecycle node launched. 
[bt_navigator-13] 	Waiting on external lifecycle transitions to activate
[bt_navigator-13] 	See https://design.ros2.org/articles/node_lifecycle.html for more information.
[bt_navigator-13] [INFO] [1791205093.102341173] [bt_navigator]: Creating
[map_server-7] [INFO] [1791205093.102653401] [map_server]: 
[map_server-7] 	map_server lifecycle node launched. 
[map_server-7] 	Waiting on external lifecycle transitions to activate
[map_server-7] 	See https://design.ros2.org/articles/node_lifecycle.html for more information.
[map_server-7] [INFO] [1791205093.102707651] [map_server]: Creating
[behavior_server-12] [INFO] [1791205093.102753341] [behavior_server]: 
[behavior_server-12] 	behavior_server lifecycle node launched. 
[behavior_server-12] 	Waiting on external lifecycle transitions to activate
[behavior_server-12] 	See https://design.ros2.org/articles/node_lifecycle.html for more information.
[lifecycle_manager-16] [INFO] [1791205093.102948404] [lifecycle_manager_navigation]: [34m[1mCreating and initializing lifecycle service clients[0m[0m
[controller_server-9] [INFO] [1791205093.106738545] [local_costmap.local_costmap]: 
[controller_server-9] 	local_costmap lifecycle node launched. 
[controller_server-9] 	Waiting on external lifecycle transitions to activate
[controller_server-9] 	See https://design.ros2.org/articles/node_lifecycle.html for more information.
[controller_server-9] [INFO] [1791205093.107128763] [local_costmap.local_costmap]: Creating Costmap
[lifecycle_manager-8] [INFO] [1791205093.113337538] [lifecycle_manager_map_server]: [34m[1mStarting managed nodes bringup...[0m[0m
[lifecycle_manager-8] [INFO] [1791205093.113387564] [lifecycle_manager_map_server]: [34m[1mConfiguring map_server[0m[0m
[map_server-7] [INFO] [1791205093.114716953] [map_server]: Configuring
[map_server-7] [INFO] [1791205093.114826960] [map_io]: Loading yaml file: /home/nermin/Documents/Thesis/code/Autonomous-Lawn-Mower-Navigation/install/mower_sim/share/mower_sim/maps/empty_map.yaml
[map_server-7] [INFO] [1791205093.115287413] [map_io]: resolution: 0.05
[map_server-7] [INFO] [1791205093.115302732] [map_io]: origin[0]: -50
[map_server-7] [INFO] [1791205093.115312879] [map_io]: origin[1]: -50
[map_server-7] [INFO] [1791205093.115322022] [map_io]: origin[2]: 0
[map_server-7] [INFO] [1791205093.115331750] [map_io]: free_thresh: 0.196
[map_server-7] [INFO] [1791205093.115341181] [map_io]: occupied_thresh: 0.65
[map_server-7] [INFO] [1791205093.115351730] [map_io]: mode: trinary
[map_server-7] [INFO] [1791205093.115362635] [map_io]: negate: 0
[map_server-7] [INFO] [1791205093.115682722] [map_io]: Loading image_file: /home/nermin/Documents/Thesis/code/Autonomous-Lawn-Mower-Navigation/install/mower_sim/share/mower_sim/maps/empty_map.pgm
[lifecycle_manager-16] [INFO] [1791205093.125508530] [lifecycle_manager_navigation]: [34m[1mStarting managed nodes bringup...[0m[0m
[lifecycle_manager-16] [INFO] [1791205093.125548744] [lifecycle_manager_navigation]: [34m[1mConfiguring controller_server[0m[0m
[controller_server-9] [INFO] [1791205093.125743222] [controller_server]: Configuring controller interface
[controller_server-9] [INFO] [1791205093.125882875] [controller_server]: getting goal checker plugins..
[controller_server-9] [INFO] [1791205093.125905203] [controller_server]: Controller frequency set to 30.0000Hz
[controller_server-9] [INFO] [1791205093.125932671] [local_costmap.local_costmap]: Configuring
[controller_server-9] [INFO] [1791205093.128509517] [local_costmap.local_costmap]: Using plugin "static_layer"
[controller_server-9] [INFO] [1791205093.130811772] [local_costmap.local_costmap]: Subscribing to the map topic (/map) with transient local durability
[controller_server-9] [INFO] [1791205093.131218153] [local_costmap.local_costmap]: Initialized plugin "static_layer"
[controller_server-9] [INFO] [1791205093.131232168] [local_costmap.local_costmap]: Using plugin "voxel_layer"
[controller_server-9] [INFO] [1791205093.131562134] [local_costmap.local_costmap]: Subscribed to Topics: scan
[controller_server-9] [INFO] [1791205093.134182312] [local_costmap.local_costmap]: Initialized plugin "voxel_layer"
[controller_server-9] [INFO] [1791205093.134197387] [local_costmap.local_costmap]: Using plugin "inflation_layer"
[controller_server-9] [INFO] [1791205093.134694592] [local_costmap.local_costmap]: Initialized plugin "inflation_layer"
[controller_server-9] [INFO] [1791205093.136998747] [controller_server]: Created progress_checker : progress_checker of type nav2_controller::SimpleProgressChecker
[controller_server-9] [INFO] [1791205093.137426501] [controller_server]: Created goal checker : general_goal_checker of type nav2_controller::SimpleGoalChecker
[controller_server-9] [INFO] [1791205093.137621262] [controller_server]: Controller Server has general_goal_checker  goal checkers available.
[controller_server-9] [INFO] [1791205093.137984101] [controller_server]: Created controller : RPP of type nav2_regulated_pure_pursuit_controller::RegulatedPurePursuitController
[controller_server-9] [INFO] [1791205093.140452245] [controller_server]: Created controller : MPPI of type nav2_mppi_controller::MPPIController
[controller_server-9] [WARN] [1791205093.141321792] [controller_server]: Controller period is less then model dt, consider setting it equal
[controller_server-9] [INFO] [1791205093.142093527] [controller_server]: ConstraintCritic instantiated with 1 power and 4.000000 weight.
[controller_server-9] [INFO] [1791205093.142111090] [controller_server]: Critic loaded : mppi::critics::ConstraintCritic
[controller_server-9] [INFO] [1791205093.142320990] [controller_server]: GoalCritic instantiated with 1 power and 2.000000 weight.
[controller_server-9] [INFO] [1791205093.142333577] [controller_server]: Critic loaded : mppi::critics::GoalCritic
[controller_server-9] [INFO] [1791205093.142600698] [controller_server]: GoalAngleCritic instantiated with 1 power, 1.000000 weight, and 0.300000 angular threshold.
[controller_server-9] [INFO] [1791205093.142618644] [controller_server]: Critic loaded : mppi::critics::GoalAngleCritic
[controller_server-9] [INFO] [1791205093.143060201] [controller_server]: ReferenceTrajectoryCritic instantiated with 1 power and 14.000000 weight
[controller_server-9] [INFO] [1791205093.143077613] [controller_server]: Critic loaded : mppi::critics::PathAlignCritic
[controller_server-9] [INFO] [1791205093.143327175] [controller_server]: Critic loaded : mppi::critics::PathFollowCritic
[controller_server-9] [INFO] [1791205093.143695240] [controller_server]: PathAngleCritic instantiated with 1 power and 2.000000 weight. Reversing allowed.
[controller_server-9] [INFO] [1791205093.143709078] [controller_server]: Critic loaded : mppi::critics::PathAngleCritic
[controller_server-9] [INFO] [1791205093.144225275] [controller_server]: ObstaclesCritic instantiated with 1 power and 20.000000 / 2.000000 weights. Critic will collision check based on footprint cost.
[controller_server-9] [INFO] [1791205093.144239499] [controller_server]: Critic loaded : mppi::critics::ObstaclesCritic
[controller_server-9] [INFO] [1791205093.144453034] [controller_server]: PreferForwardCritic instantiated with 1 power and 1.000000 weight.
[controller_server-9] [INFO] [1791205093.144480025] [controller_server]: Critic loaded : mppi::critics::PreferForwardCritic
[controller_server-9] [INFO] [1791205093.144697120] [controller_server]: VelocityDeadbandCritic instantiated with 1 power, 0.5 weight, deadband_velocity [0.02,0,0.02]
[controller_server-9] [INFO] [1791205093.144706477] [controller_server]: Critic loaded : mppi::critics::VelocityDeadbandCritic
[controller_server-9] [INFO] [1791205093.144900122] [controller_server]: TwirlingCritic instantiated with 1 power and 1.000000 weight.
[controller_server-9] [INFO] [1791205093.144909440] [controller_server]: Critic loaded : mppi::critics::TwirlingCritic
[controller_server-9] [INFO] [1791205093.146472840] [controller_server]: Optimizer reset
[controller_server-9] [INFO] [1791205093.147733216] [MPPIController]: Configured MPPI Controller: MPPI
[controller_server-9] [INFO] [1791205093.148590717] [controller_server]: Created controller : DWB of type dwb_core::DWBLocalPlanner
[controller_server-9] [INFO] [1791205093.149134186] [controller_server]: Setting transform_tolerance to 0.200000
[controller_server-9] [INFO] [1791205093.152560965] [controller_server]: Using critic "RotateToGoal" (dwb_critics::RotateToGoalCritic)
[controller_server-9] [INFO] [1791205093.152867347] [controller_server]: Critic plugin initialized
[controller_server-9] [INFO] [1791205093.152949974] [controller_server]: Using critic "BaseObstacle" (dwb_critics::BaseObstacleCritic)
[controller_server-9] [INFO] [1791205093.153066808] [controller_server]: Critic plugin initialized
[controller_server-9] [INFO] [1791205093.153139895] [controller_server]: Using critic "PathAlign" (dwb_critics::PathAlignCritic)
[controller_server-9] [INFO] [1791205093.153339513] [controller_server]: Critic plugin initialized
[controller_server-9] [INFO] [1791205093.153417387] [controller_server]: Using critic "PathDist" (dwb_critics::PathDistCritic)
[controller_server-9] [INFO] [1791205093.153561106] [controller_server]: Critic plugin initialized
[controller_server-9] [INFO] [1791205093.153639616] [controller_server]: Using critic "GoalDist" (dwb_critics::GoalDistCritic)
[controller_server-9] [INFO] [1791205093.153797808] [controller_server]: Critic plugin initialized
[controller_server-9] [INFO] [1791205093.153810874] [controller_server]: Controller Server has RPP MPPI DWB  controllers available.
[lifecycle_manager-16] [INFO] [1791205093.155750522] [lifecycle_manager_navigation]: [34m[1mConfiguring smoother_server[0m[0m
[smoother_server-10] [INFO] [1791205093.155864128] [smoother_server]: Configuring smoother server
[smoother_server-10] [INFO] [1791205093.158759035] [smoother_server]: Created smoother : simple_smoother of type nav2_smoother::SimpleSmoother
[smoother_server-10] [INFO] [1791205093.159062969] [smoother_server]: Smoother Server has simple_smoother  smoothers available.
[lifecycle_manager-16] [INFO] [1791205093.160465382] [lifecycle_manager_navigation]: [34m[1mConfiguring planner_server[0m[0m
[planner_server-11] [INFO] [1791205093.160570776] [planner_server]: Configuring
[planner_server-11] [INFO] [1791205093.160598459] [global_costmap.global_costmap]: Configuring
[planner_server-11] [INFO] [1791205093.162535075] [global_costmap.global_costmap]: Using plugin "static_layer"
[planner_server-11] [INFO] [1791205093.164993018] [global_costmap.global_costmap]: Subscribing to the map topic (/map) with transient local durability
[planner_server-11] [INFO] [1791205093.165399291] [global_costmap.global_costmap]: Initialized plugin "static_layer"
[planner_server-11] [INFO] [1791205093.165414860] [global_costmap.global_costmap]: Using plugin "obstacle_layer"
[planner_server-11] [INFO] [1791205093.165818165] [global_costmap.global_costmap]: Subscribed to Topics: scan
[planner_server-11] [INFO] [1791205093.167373705] [global_costmap.global_costmap]: Initialized plugin "obstacle_layer"
[planner_server-11] [INFO] [1791205093.167393901] [global_costmap.global_costmap]: Using plugin "inflation_layer"
[planner_server-11] [INFO] [1791205093.167881089] [global_costmap.global_costmap]: Initialized plugin "inflation_layer"
[planner_server-11] [INFO] [1791205093.170682811] [planner_server]: Created global planner plugin GridBased of type nav2_navfn_planner/NavfnPlanner
[planner_server-11] [INFO] [1791205093.170706776] [planner_server]: Configuring plugin GridBased of type NavfnPlanner
[planner_server-11] [INFO] [1791205093.171045290] [planner_server]: Planner Server has GridBased  planners available.
[lifecycle_manager-16] [INFO] [1791205093.173936543] [lifecycle_manager_navigation]: [34m[1mConfiguring behavior_server[0m[0m
[behavior_server-12] [INFO] [1791205093.174052229] [behavior_server]: Configuring
[behavior_server-12] [INFO] [1791205093.176742606] [behavior_server]: Creating behavior plugin spin of type nav2_behaviors/Spin
[behavior_server-12] [INFO] [1791205093.177161994] [behavior_server]: Configuring spin
[behavior_server-12] [INFO] [1791205093.178628999] [behavior_server]: Creating behavior plugin backup of type nav2_behaviors/BackUp
[behavior_server-12] [INFO] [1791205093.179049229] [behavior_server]: Configuring backup
[behavior_server-12] [INFO] [1791205093.180371556] [behavior_server]: Creating behavior plugin drive_on_heading of type nav2_behaviors/DriveOnHeading
[behavior_server-12] [INFO] [1791205093.180797592] [behavior_server]: Configuring drive_on_heading
[behavior_server-12] [INFO] [1791205093.182267627] [behavior_server]: Creating behavior plugin assisted_teleop of type nav2_behaviors/AssistedTeleop
[behavior_server-12] [INFO] [1791205093.183197524] [behavior_server]: Configuring assisted_teleop
[behavior_server-12] [INFO] [1791205093.184869152] [behavior_server]: Creating behavior plugin wait of type nav2_behaviors/Wait
[behavior_server-12] [INFO] [1791205093.185252710] [behavior_server]: Configuring wait
[lifecycle_manager-16] [INFO] [1791205093.186490304] [lifecycle_manager_navigation]: [34m[1mConfiguring bt_navigator[0m[0m
[bt_navigator-13] [INFO] [1791205093.186610250] [bt_navigator]: Configuring
[lifecycle_manager-16] [INFO] [1791205093.211989372] [lifecycle_manager_navigation]: [34m[1mConfiguring waypoint_follower[0m[0m
[waypoint_follower-14] [INFO] [1791205093.212113148] [waypoint_follower]: Configuring
[waypoint_follower-14] [INFO] [1791205093.215084084] [waypoint_follower]: Created waypoint_task_executor : wait_at_waypoint of type nav2_waypoint_follower::WaitAtWaypoint
[lifecycle_manager-16] [INFO] [1791205093.215443204] [lifecycle_manager_navigation]: [34m[1mConfiguring velocity_smoother[0m[0m
[velocity_smoother-15] [INFO] [1791205093.215553335] [velocity_smoother]: Configuring velocity smoother
[lifecycle_manager-16] [INFO] [1791205093.217079105] [lifecycle_manager_navigation]: [34m[1mActivating controller_server[0m[0m
[controller_server-9] [INFO] [1791205093.217173210] [controller_server]: Activating
[controller_server-9] [INFO] [1791205093.217217318] [local_costmap.local_costmap]: Activating
[controller_server-9] [INFO] [1791205093.217232407] [local_costmap.local_costmap]: Checking transform
[controller_server-9] [INFO] [1791205093.217335092] [local_costmap.local_costmap]: start
[map_server-7] [INFO] [1791205093.396270577] [map_io]: Read map /home/nermin/Documents/Thesis/code/Autonomous-Lawn-Mower-Navigation/install/mower_sim/share/mower_sim/maps/empty_map.pgm: 2000 X 2000 map @ 0.05 m/cell
[lifecycle_manager-8] [INFO] [1791205093.402580474] [lifecycle_manager_map_server]: [34m[1mActivating map_server[0m[0m
[map_server-7] [INFO] [1791205093.402660103] [map_server]: Activating
[map_server-7] [INFO] [1791205093.406824278] [map_server]: Creating bond (map_server) to lifecycle manager.
[controller_server-9] [INFO] [1791205093.411238034] [local_costmap.local_costmap]: StaticLayer: Resizing static layer to 2000 X 2000 at 0.050000 m/pix
[planner_server-11] [INFO] [1791205093.411243394] [global_costmap.global_costmap]: StaticLayer: Resizing costmap to 2000 X 2000 at 0.050000 m/pix
[controller_server-9] [WARN] [1791205093.467743988] [controller_server]: Parameter controller_server.verbose not found
[controller_server-9] [INFO] [1791205093.468482055] [controller_server]: Optimizer reset
[controller_server-9] [INFO] [1791205093.468586702] [MPPIController]: Activated MPPI Controller: MPPI
[controller_server-9] [INFO] [1791205093.468615688] [controller_server]: Activating controller: RPP of type regulated_pure_pursuit_controller::RegulatedPurePursuitController
[controller_server-9] [INFO] [1791205093.468638296] [controller_server]: Creating bond (controller_server) to lifecycle manager.
[lifecycle_manager-8] [INFO] [1791205093.508702343] [lifecycle_manager_map_server]: Server map_server connected with bond.
[lifecycle_manager-8] [INFO] [1791205093.508737323] [lifecycle_manager_map_server]: [34m[1mManaged nodes are active[0m[0m
[lifecycle_manager-8] [INFO] [1791205093.508748708] [lifecycle_manager_map_server]: [34m[1mCreating bond timer...[0m[0m
[lifecycle_manager-16] [INFO] [1791205093.570452735] [lifecycle_manager_navigation]: Server controller_server connected with bond.
[lifecycle_manager-16] [INFO] [1791205093.570496535] [lifecycle_manager_navigation]: [34m[1mActivating smoother_server[0m[0m
[smoother_server-10] [INFO] [1791205093.570780195] [smoother_server]: Activating
[smoother_server-10] [INFO] [1791205093.570809468] [smoother_server]: Creating bond (smoother_server) to lifecycle manager.
[lifecycle_manager-16] [INFO] [1791205093.672021618] [lifecycle_manager_navigation]: Server smoother_server connected with bond.
[lifecycle_manager-16] [INFO] [1791205093.672054302] [lifecycle_manager_navigation]: [34m[1mActivating planner_server[0m[0m
[planner_server-11] [INFO] [1791205093.672187996] [planner_server]: Activating
[planner_server-11] [INFO] [1791205093.672230172] [global_costmap.global_costmap]: Activating
[planner_server-11] [INFO] [1791205093.672239488] [global_costmap.global_costmap]: Checking transform
[planner_server-11] [INFO] [1791205093.672303932] [global_costmap.global_costmap]: start
[planner_server-11] [INFO] [1791205094.722763274] [planner_server]: Activating plugin GridBased of type NavfnPlanner
[planner_server-11] [INFO] [1791205094.723155249] [planner_server]: Creating bond (planner_server) to lifecycle manager.
[lifecycle_manager-16] [INFO] [1791205094.824571201] [lifecycle_manager_navigation]: Server planner_server connected with bond.
[lifecycle_manager-16] [INFO] [1791205094.824604738] [lifecycle_manager_navigation]: [34m[1mActivating behavior_server[0m[0m
[behavior_server-12] [INFO] [1791205094.824745391] [behavior_server]: Activating
[behavior_server-12] [INFO] [1791205094.824774071] [behavior_server]: Activating spin
[behavior_server-12] [INFO] [1791205094.824783015] [behavior_server]: Activating backup
[behavior_server-12] [INFO] [1791205094.824790854] [behavior_server]: Activating drive_on_heading
[behavior_server-12] [INFO] [1791205094.824797786] [behavior_server]: Activating assisted_teleop
[behavior_server-12] [INFO] [1791205094.824804174] [behavior_server]: Activating wait
[behavior_server-12] [INFO] [1791205094.824813004] [behavior_server]: Creating bond (behavior_server) to lifecycle manager.
[lifecycle_manager-16] [INFO] [1791205094.926142375] [lifecycle_manager_navigation]: Server behavior_server connected with bond.
[lifecycle_manager-16] [INFO] [1791205094.926173765] [lifecycle_manager_navigation]: [34m[1mActivating bt_navigator[0m[0m
[bt_navigator-13] [INFO] [1791205094.926311701] [bt_navigator]: Activating
[bt_navigator-13] [INFO] [1791205094.939489366] [bt_navigator]: Creating bond (bt_navigator) to lifecycle manager.
[lifecycle_manager-16] [INFO] [1791205095.040791475] [lifecycle_manager_navigation]: Server bt_navigator connected with bond.
[lifecycle_manager-16] [INFO] [1791205095.040851409] [lifecycle_manager_navigation]: [34m[1mActivating waypoint_follower[0m[0m
[waypoint_follower-14] [INFO] [1791205095.040991817] [waypoint_follower]: Activating
[waypoint_follower-14] [INFO] [1791205095.041020559] [waypoint_follower]: Creating bond (waypoint_follower) to lifecycle manager.
[lifecycle_manager-16] [INFO] [1791205095.142418030] [lifecycle_manager_navigation]: Server waypoint_follower connected with bond.
[lifecycle_manager-16] [INFO] [1791205095.142456068] [lifecycle_manager_navigation]: [34m[1mActivating velocity_smoother[0m[0m
[velocity_smoother-15] [INFO] [1791205095.142638357] [velocity_smoother]: Activating
[velocity_smoother-15] [INFO] [1791205095.142686692] [velocity_smoother]: Creating bond (velocity_smoother) to lifecycle manager.
[lifecycle_manager-16] [INFO] [1791205095.244115009] [lifecycle_manager_navigation]: Server velocity_smoother connected with bond.
[lifecycle_manager-16] [INFO] [1791205095.244167245] [lifecycle_manager_navigation]: [34m[1mManaged nodes are active[0m[0m
[lifecycle_manager-16] [INFO] [1791205095.244178605] [lifecycle_manager_navigation]: [34m[1mCreating bond timer...[0m[0m
[controller_server-9] [INFO] [1791205096.139093828] [controller_server]: Received a goal, begin computing control effort.
[robot_trail_publisher-5] [INFO] [1791205096.139555987] [robot_trail_publisher]: New run, trail cleared
[controller_server-9] [INFO] [1791205096.139863393] [controller_server]: Optimizer reset
[coverage_monitor-6] [INFO] [1791205096.303406184] [coverage_monitor]: New coverage path, field rebuilt
[controller_server-9] [INFO] [1791205126.240696044] [controller_server]: Reached the goal!
[WARNING] [launch]: user interrupted with ctrl-c (SIGINT)
[INFO] [lifecycle_manager-16]: sending signal 'SIGINT' to process[lifecycle_manager-16]
[INFO] [velocity_smoother-15]: sending signal 'SIGINT' to process[velocity_smoother-15]
[INFO] [waypoint_follower-14]: sending signal 'SIGINT' to process[waypoint_follower-14]
[INFO] [bt_navigator-13]: sending signal 'SIGINT' to process[bt_navigator-13]
[INFO] [behavior_server-12]: sending signal 'SIGINT' to process[behavior_server-12]
[INFO] [planner_server-11]: sending signal 'SIGINT' to process[planner_server-11]
[INFO] [smoother_server-10]: sending signal 'SIGINT' to process[smoother_server-10]
[INFO] [controller_server-9]: sending signal 'SIGINT' to process[controller_server-9]
[INFO] [lifecycle_manager-8]: sending signal 'SIGINT' to process[lifecycle_manager-8]
[INFO] [map_server-7]: sending signal 'SIGINT' to process[map_server-7]
[INFO] [coverage_monitor-6]: sending signal 'SIGINT' to process[coverage_monitor-6]
[INFO] [robot_trail_publisher-5]: sending signal 'SIGINT' to process[robot_trail_publisher-5]
[INFO] [ground_truth_tf_publisher-4]: sending signal 'SIGINT' to process[ground_truth_tf_publisher-4]
[ERROR] [map_server-7]: process has died [pid 213564, exit code -2, cmd '/opt/ros/humble/lib/nav2_map_server/map_server --ros-args -r __node:=map_server --params-file /tmp/launch_params_8sht4ctu'].
[INFO] [robot_state_publisher-2]: sending signal 'SIGINT' to process[robot_state_publisher-2]
[INFO] [gzserver-1]: sending signal 'SIGINT' to process[gzserver-1]
[planner_server-11] [INFO] [1791205126.602657794] [rclcpp]: signal_handler(SIGINT/SIGTERM)
[planner_server-11] [INFO] [1791205126.602739917] [planner_server]: Running Nav2 LifecycleNode rcl preshutdown (planner_server)
[planner_server-11] [INFO] [1791205126.602810608] [planner_server]: Deactivating
[planner_server-11] [INFO] [1791205126.602842736] [global_costmap.global_costmap]: Deactivating
[controller_server-9] [INFO] [1791205126.602661967] [rclcpp]: signal_handler(SIGINT/SIGTERM)
[controller_server-9] [INFO] [1791205126.602724856] [controller_server]: Running Nav2 LifecycleNode rcl preshutdown (controller_server)
[controller_server-9] [INFO] [1791205126.602809292] [controller_server]: Deactivating
[controller_server-9] [INFO] [1791205126.602855920] [MPPIController]: Deactivated MPPI Controller: MPPI
[controller_server-9] [INFO] [1791205126.602863347] [controller_server]: Deactivating controller: RPP of type regulated_pure_pursuit_controller::RegulatedPurePursuitController
[controller_server-9] [INFO] [1791205126.602888546] [local_costmap.local_costmap]: Deactivating
[smoother_server-10] [INFO] [1791205126.602658687] [rclcpp]: signal_handler(SIGINT/SIGTERM)
[smoother_server-10] [INFO] [1791205126.602731424] [smoother_server]: Running Nav2 LifecycleNode rcl preshutdown (smoother_server)
[smoother_server-10] [INFO] [1791205126.602810172] [smoother_server]: Deactivating
[smoother_server-10] [INFO] [1791205126.602833551] [smoother_server]: Destroying bond (smoother_server) to lifecycle manager.
[map_server-7] [INFO] [1791205126.602657684] [rclcpp]: signal_handler(SIGINT/SIGTERM)
[map_server-7] [INFO] [1791205126.602792542] [map_server]: Running Nav2 LifecycleNode rcl preshutdown (map_server)
[map_server-7] [INFO] [1791205126.602858869] [map_server]: Deactivating
[map_server-7] [INFO] [1791205126.602878089] [map_server]: Destroying bond (map_server) to lifecycle manager.
[velocity_smoother-15] [INFO] [1791205126.602657833] [rclcpp]: signal_handler(SIGINT/SIGTERM)
[velocity_smoother-15] [INFO] [1791205126.602772440] [velocity_smoother]: Running Nav2 LifecycleNode rcl preshutdown (velocity_smoother)
[velocity_smoother-15] [INFO] [1791205126.602846043] [velocity_smoother]: Deactivating
[velocity_smoother-15] [INFO] [1791205126.602869432] [velocity_smoother]: Destroying bond (velocity_smoother) to lifecycle manager.
[behavior_server-12] [INFO] [1791205126.602664237] [rclcpp]: signal_handler(SIGINT/SIGTERM)
[behavior_server-12] [INFO] [1791205126.602732090] [behavior_server]: Running Nav2 LifecycleNode rcl preshutdown (behavior_server)
[behavior_server-12] [INFO] [1791205126.602810623] [behavior_server]: Deactivating
[behavior_server-12] [INFO] [1791205126.602846920] [behavior_server]: Destroying bond (behavior_server) to lifecycle manager.
[robot_state_publisher-2] [INFO] [1791205126.602666174] [rclcpp]: signal_handler(SIGINT/SIGTERM)
[lifecycle_manager-16] [INFO] [1791205126.602685724] [rclcpp]: signal_handler(SIGINT/SIGTERM)
[lifecycle_manager-16] [INFO] [1791205126.602811790] [lifecycle_manager_navigation]: Running Nav2 LifecycleManager rcl preshutdown (lifecycle_manager_navigation)
[lifecycle_manager-16] [INFO] [1791205126.602860887] [lifecycle_manager_navigation]: [34m[1mTerminating bond timer...[0m[0m
[lifecycle_manager-8] [INFO] [1791205126.602728426] [rclcpp]: signal_handler(SIGINT/SIGTERM)
[lifecycle_manager-8] [INFO] [1791205126.602799890] [lifecycle_manager_map_server]: Running Nav2 LifecycleManager rcl preshutdown (lifecycle_manager_map_server)
[lifecycle_manager-8] [INFO] [1791205126.602853426] [lifecycle_manager_map_server]: [34m[1mTerminating bond timer...[0m[0m
[waypoint_follower-14] [INFO] [1791205126.602897011] [rclcpp]: signal_handler(SIGINT/SIGTERM)
[waypoint_follower-14] [INFO] [1791205126.602980005] [waypoint_follower]: Running Nav2 LifecycleNode rcl preshutdown (waypoint_follower)
[waypoint_follower-14] [INFO] [1791205126.603051585] [waypoint_follower]: Deactivating
[waypoint_follower-14] [INFO] [1791205126.603073197] [waypoint_follower]: Destroying bond (waypoint_follower) to lifecycle manager.
[bt_navigator-13] [INFO] [1791205126.603088151] [rclcpp]: signal_handler(SIGINT/SIGTERM)
[bt_navigator-13] [INFO] [1791205126.603148585] [bt_navigator]: Running Nav2 LifecycleNode rcl preshutdown (bt_navigator)
[bt_navigator-13] [INFO] [1791205126.603205374] [bt_navigator]: Deactivating
[bt_navigator-13] [INFO] [1791205126.603226980] [bt_navigator]: Destroying bond (bt_navigator) to lifecycle manager.
[behavior_server-12] [INFO] [1791205126.613086344] [behavior_server]: Cleaning up
[map_server-7] [INFO] [1791205126.613082338] [map_server]: Cleaning up
[map_server-7] [INFO] [1791205126.613329519] [map_server]: Destroying bond (map_server) to lifecycle manager.
[velocity_smoother-15] [INFO] [1791205126.613085620] [velocity_smoother]: Cleaning up
[velocity_smoother-15] [INFO] [1791205126.613124057] [velocity_smoother]: Destroying bond (velocity_smoother) to lifecycle manager.
[bt_navigator-13] [INFO] [1791205126.613436525] [bt_navigator]: Cleaning up
[waypoint_follower-14] [INFO] [1791205126.613464764] [waypoint_follower]: Cleaning up
[smoother_server-10] [INFO] [1791205126.613532577] [smoother_server]: Cleaning up
[velocity_smoother-15] [INFO] [1791205126.614209695] [rclcpp]: signal_handler(SIGINT/SIGTERM)
[controller_server-9] [INFO] [1791205126.617474803] [controller_server]: Destroying bond (controller_server) to lifecycle manager.
[behavior_server-12] [INFO] [1791205126.619782935] [behavior_server]: Destroying bond (behavior_server) to lifecycle manager.
[lifecycle_manager-8] [INFO] [1791205126.620221345] [rclcpp]: signal_handler(SIGINT/SIGTERM)
[lifecycle_manager-8] [INFO] [1791205126.620347430] [lifecycle_manager_map_server]: Destroying lifecycle_manager_map_server
[waypoint_follower-14] [INFO] [1791205126.620346325] [waypoint_follower]: Destroying bond (waypoint_follower) to lifecycle manager.
[behavior_server-12] [INFO] [1791205126.621029833] [rclcpp]: signal_handler(SIGINT/SIGTERM)
[map_server-7] [INFO] [1791205126.621285567] [map_server]: Destroying
[waypoint_follower-14] [INFO] [1791205126.621486361] [rclcpp]: signal_handler(SIGINT/SIGTERM)
[controller_server-9] [INFO] [1791205126.627729925] [controller_server]: Cleaning up
[controller_server-9] [INFO] [1791205126.627832793] [MPPIController]: Cleaned up MPPI Controller: MPPI
[controller_server-9] [INFO] [1791205126.627840873] [controller_server]: Cleaning up controller: RPP of type regulated_pure_pursuit_controller::RegulatedPurePursuitController
[controller_server-9] [INFO] [1791205126.627963590] [local_costmap.local_costmap]: Cleaning up
[robot_state_publisher-2] [INFO] [1791205126.628968142] [rclcpp]: signal_handler(SIGINT/SIGTERM)
[smoother_server-10] [INFO] [1791205126.630745853] [smoother_server]: Destroying bond (smoother_server) to lifecycle manager.
[smoother_server-10] [INFO] [1791205126.631380586] [rclcpp]: signal_handler(SIGINT/SIGTERM)
[controller_server-9] [INFO] [1791205126.659951199] [controller_server]: Destroying bond (controller_server) to lifecycle manager.
[controller_server-9] [INFO] [1791205126.662085680] [rclcpp]: signal_handler(SIGINT/SIGTERM)
[planner_server-11] [INFO] [1791205126.672504239] [planner_server]: Deactivating plugin GridBased of type NavfnPlanner
[planner_server-11] [INFO] [1791205126.672531209] [planner_server]: Destroying bond (planner_server) to lifecycle manager.
[ground_truth_tf_publisher-4] Traceback (most recent call last):
[ground_truth_tf_publisher-4]   File "/home/nermin/Documents/Thesis/code/Autonomous-Lawn-Mower-Navigation/install/mower_sim/lib/mower_sim/ground_truth_tf_publisher", line 33, in <module>
[ground_truth_tf_publisher-4]     sys.exit(load_entry_point('mower-sim==0.0.0', 'console_scripts', 'ground_truth_tf_publisher')())
[ground_truth_tf_publisher-4]   File "/home/nermin/Documents/Thesis/code/Autonomous-Lawn-Mower-Navigation/install/mower_sim/lib/python3.10/site-packages/mower_sim/ground_truth_tf_publisher.py", line 169, in main
[ground_truth_tf_publisher-4]     node.destroy_node()
[ground_truth_tf_publisher-4]   File "/opt/ros/humble/local/lib/python3.10/dist-packages/rclpy/node.py", line 1685, in destroy_node
[ground_truth_tf_publisher-4]     self.destroy_publisher(self._publishers[0])
[ground_truth_tf_publisher-4]   File "/opt/ros/humble/local/lib/python3.10/dist-packages/rclpy/node.py", line 1565, in destroy_publisher
[ground_truth_tf_publisher-4]     publisher.destroy()
[ground_truth_tf_publisher-4]   File "/opt/ros/humble/local/lib/python3.10/dist-packages/rclpy/publisher.py", line 99, in destroy
[ground_truth_tf_publisher-4]     self.__publisher.destroy_when_not_in_use()
[ground_truth_tf_publisher-4] KeyboardInterrupt
[behavior_server-12] [INFO] [1791205126.726928242] [behavior_server]: Destroying
[waypoint_follower-14] [INFO] [1791205126.743121407] [waypoint_follower]: Destroying
[bt_navigator-13] [INFO] [1791205126.749437362] [bt_navigator]: Completed Cleaning up
[bt_navigator-13] [INFO] [1791205126.749483792] [bt_navigator]: Destroying bond (bt_navigator) to lifecycle manager.
[bt_navigator-13] [INFO] [1791205126.750465141] [rclcpp]: signal_handler(SIGINT/SIGTERM)
[planner_server-11] [INFO] [1791205126.752708399] [planner_server]: Cleaning up
[bt_navigator-13] [INFO] [1791205126.760289111] [bt_navigator]: Destroying
[velocity_smoother-15] [INFO] [1791205126.765997853] [velocity_smoother]: Destroying
[planner_server-11] [INFO] [1791205126.770312500] [global_costmap.global_costmap]: Cleaning up
[controller_server-9] [INFO] [1791205126.770751389] [local_costmap.local_costmap]: Destroying
[smoother_server-10] [INFO] [1791205126.773952904] [smoother_server]: Destroying
[planner_server-11] [INFO] [1791205126.775955369] [planner_server]: Cleaning up plugin GridBased of type NavfnPlanner
[planner_server-11] [INFO] [1791205126.776008118] [planner_server]: Destroying plugin GridBased of type NavfnPlanner
[planner_server-11] [INFO] [1791205126.791864206] [planner_server]: Destroying bond (planner_server) to lifecycle manager.
[planner_server-11] [INFO] [1791205126.793959273] [rclcpp]: signal_handler(SIGINT/SIGTERM)
[controller_server-9] [INFO] [1791205126.798108243] [controller_server]: Destroying
[lifecycle_manager-16] [INFO] [1791205126.813169336] [rclcpp]: signal_handler(SIGINT/SIGTERM)
[planner_server-11] [INFO] [1791205126.828273540] [global_costmap.global_costmap]: Destroying
[lifecycle_manager-16] [INFO] [1791205126.831703608] [lifecycle_manager_navigation]: Destroying lifecycle_manager_navigation
[planner_server-11] [INFO] [1791205126.857022881] [planner_server]: Destroying
[robot_trail_publisher-5] Traceback (most recent call last):
[robot_trail_publisher-5]   File "/home/nermin/Documents/Thesis/code/Autonomous-Lawn-Mower-Navigation/install/mower_sim/lib/mower_sim/robot_trail_publisher", line 33, in <module>
[robot_trail_publisher-5]     sys.exit(load_entry_point('mower-sim==0.0.0', 'console_scripts', 'robot_trail_publisher')())
[robot_trail_publisher-5]   File "/home/nermin/Documents/Thesis/code/Autonomous-Lawn-Mower-Navigation/install/mower_sim/lib/python3.10/site-packages/mower_sim/robot_trail_publisher.py", line 98, in main
[robot_trail_publisher-5]     node.destroy_node()
[robot_trail_publisher-5]   File "/opt/ros/humble/local/lib/python3.10/dist-packages/rclpy/node.py", line 1696, in destroy_node
[robot_trail_publisher-5]     self.__node.destroy_when_not_in_use()
[robot_trail_publisher-5] KeyboardInterrupt
[coverage_monitor-6] Traceback (most recent call last):
[coverage_monitor-6]   File "/home/nermin/Documents/Thesis/code/Autonomous-Lawn-Mower-Navigation/install/mower_sim/lib/mower_sim/coverage_monitor", line 33, in <module>
[coverage_monitor-6]     sys.exit(load_entry_point('mower-sim==0.0.0', 'console_scripts', 'coverage_monitor')())
[coverage_monitor-6]   File "/home/nermin/Documents/Thesis/code/Autonomous-Lawn-Mower-Navigation/install/mower_sim/lib/python3.10/site-packages/mower_sim/coverage_monitor.py", line 153, in main
[coverage_monitor-6]     node.destroy_node()
[coverage_monitor-6]   File "/opt/ros/humble/local/lib/python3.10/dist-packages/rclpy/node.py", line 1696, in destroy_node
[coverage_monitor-6]     self.__node.destroy_when_not_in_use()
[coverage_monitor-6] KeyboardInterrupt
[INFO] [lifecycle_manager-8]: process has finished cleanly [pid 213566]
[ERROR] [robot_trail_publisher-5]: process has died [pid 213205, exit code -2, cmd '/home/nermin/Documents/Thesis/code/Autonomous-Lawn-Mower-Navigation/install/mower_sim/lib/mower_sim/robot_trail_publisher --ros-args --params-file /tmp/launch_params_47kzejbz'].
[ERROR] [coverage_monitor-6]: process has died [pid 213207, exit code -2, cmd '/home/nermin/Documents/Thesis/code/Autonomous-Lawn-Mower-Navigation/install/mower_sim/lib/mower_sim/coverage_monitor --ros-args --params-file /tmp/launch_params_z9g5qhcu'].
[INFO] [robot_state_publisher-2]: process has finished cleanly [pid 213199]
[INFO] [behavior_server-12]: process has finished cleanly [pid 213574]
[ERROR] [ground_truth_tf_publisher-4]: process has died [pid 213203, exit code -2, cmd '/home/nermin/Documents/Thesis/code/Autonomous-Lawn-Mower-Navigation/install/mower_sim/lib/mower_sim/ground_truth_tf_publisher --ros-args --params-file /tmp/launch_params_yec0mua1'].
[INFO] [waypoint_follower-14]: process has finished cleanly [pid 213578]
[INFO] [bt_navigator-13]: process has finished cleanly [pid 213576]
[INFO] [velocity_smoother-15]: process has finished cleanly [pid 213580]
[INFO] [smoother_server-10]: process has finished cleanly [pid 213570]
[INFO] [controller_server-9]: process has finished cleanly [pid 213568]
[INFO] [lifecycle_manager-16]: process has finished cleanly [pid 213582]
[INFO] [gzserver-1]: process has finished cleanly [pid 213197]
[gzserver-1] [0m[1;32m[0m[1;32m[0m[1;36m[0m[1;32m[0m
[gzserver-1] [1;33m[0m[1;31m[0m
[INFO] [planner_server-11]: process has finished cleanly [pid 213572]
