[INFO] [1791204842.099897115] [mowing_path_client]: Controller schedule: MPPI from 0.00 m
[INFO] [1791204842.105121800] [mowing_path_client]: Waiting for FollowPath action server...
[INFO] [1791204842.356094889] [mowing_path_client]: Sending coverage path: 349 poses
[INFO] [1791204842.362543765] [mowing_path_client]: Distance to goal: 17.35 m, speed: 0.03 m/s, controller: MPPI
[INFO] [1791204843.394759934] [mowing_path_client]: Distance to goal: 16.95 m, speed: 0.76 m/s, controller: MPPI
[INFO] [1791204844.394980817] [mowing_path_client]: Distance to goal: 16.15 m, speed: 0.83 m/s, controller: MPPI
[INFO] [1791204845.428115791] [mowing_path_client]: Distance to goal: 15.25 m, speed: 0.84 m/s, controller: MPPI
[INFO] [1791204846.428180349] [mowing_path_client]: Distance to goal: 14.45 m, speed: 0.84 m/s, controller: MPPI
[INFO] [1791204847.461378701] [mowing_path_client]: Distance to goal: 13.60 m, speed: 0.84 m/s, controller: MPPI
[INFO] [1791204848.461422351] [mowing_path_client]: Distance to goal: 12.80 m, speed: 0.63 m/s, controller: MPPI
[INFO] [1791204849.494869546] [mowing_path_client]: Distance to goal: 12.31 m, speed: 0.33 m/s, controller: MPPI
[INFO] [1791204850.495008583] [mowing_path_client]: Distance to goal: 12.06 m, speed: 0.20 m/s, controller: MPPI
[INFO] [1791204851.528206948] [mowing_path_client]: Distance to goal: 11.81 m, speed: 0.22 m/s, controller: MPPI
[INFO] [1791204852.561431816] [mowing_path_client]: Distance to goal: 11.57 m, speed: 0.29 m/s, controller: MPPI
[INFO] [1791204853.561457531] [mowing_path_client]: Distance to goal: 11.18 m, speed: 0.58 m/s, controller: MPPI
[INFO] [1791204854.561526211] [mowing_path_client]: Distance to goal: 10.48 m, speed: 0.79 m/s, controller: MPPI
[INFO] [1791204855.561724220] [mowing_path_client]: Distance to goal: 9.68 m, speed: 0.84 m/s, controller: MPPI
[INFO] [1791204856.594957760] [mowing_path_client]: Distance to goal: 8.78 m, speed: 0.83 m/s, controller: MPPI
[INFO] [1791204857.628061537] [mowing_path_client]: Distance to goal: 7.93 m, speed: 0.83 m/s, controller: MPPI
[INFO] [1791204858.628089293] [mowing_path_client]: Distance to goal: 7.13 m, speed: 0.81 m/s, controller: MPPI
[INFO] [1791204859.628333643] [mowing_path_client]: Distance to goal: 6.43 m, speed: 0.49 m/s, controller: MPPI
[INFO] [1791204860.661587171] [mowing_path_client]: Distance to goal: 6.08 m, speed: 0.19 m/s, controller: MPPI
[INFO] [1791204861.661690593] [mowing_path_client]: Distance to goal: 5.93 m, speed: 0.18 m/s, controller: MPPI
[INFO] [1791204862.661805617] [mowing_path_client]: Distance to goal: 5.74 m, speed: 0.13 m/s, controller: MPPI
[INFO] [1791204863.694901608] [mowing_path_client]: Distance to goal: 5.59 m, speed: 0.16 m/s, controller: MPPI
[INFO] [1791204864.728538534] [mowing_path_client]: Distance to goal: 5.44 m, speed: 0.21 m/s, controller: MPPI
[INFO] [1791204865.761361590] [mowing_path_client]: Distance to goal: 5.20 m, speed: 0.28 m/s, controller: MPPI
[INFO] [1791204866.761394980] [mowing_path_client]: Distance to goal: 4.75 m, speed: 0.71 m/s, controller: MPPI
[INFO] [1791204867.761601751] [mowing_path_client]: Distance to goal: 3.95 m, speed: 0.83 m/s, controller: MPPI
[INFO] [1791204868.794749996] [mowing_path_client]: Distance to goal: 3.10 m, speed: 0.83 m/s, controller: MPPI
[INFO] [1791204869.794842649] [mowing_path_client]: Distance to goal: 2.25 m, speed: 0.83 m/s, controller: MPPI
[INFO] [1791204870.828206782] [mowing_path_client]: Distance to goal: 1.45 m, speed: 0.83 m/s, controller: MPPI
[INFO] [1791204871.828235184] [mowing_path_client]: Distance to goal: 0.65 m, speed: 0.62 m/s, controller: MPPI
[INFO] [1791204872.462397981] [mowing_path_client]: Coverage path completed
