[INFO] [1791205349.216081024] [mowing_path_client]: Controller schedule: MPPI from 0.00 m
[INFO] [1791205349.220939407] [mowing_path_client]: Waiting for FollowPath action server...
[INFO] [1791205349.221371658] [mowing_path_client]: Sending coverage path: 349 poses
[INFO] [1791205349.228377150] [mowing_path_client]: Distance to goal: 17.35 m, speed: 0.03 m/s, controller: MPPI
[INFO] [1791205350.259403588] [mowing_path_client]: Distance to goal: 16.95 m, speed: 0.76 m/s, controller: MPPI
[INFO] [1791205351.292695451] [mowing_path_client]: Distance to goal: 16.10 m, speed: 0.83 m/s, controller: MPPI
[INFO] [1791205352.326133483] [mowing_path_client]: Distance to goal: 15.25 m, speed: 0.83 m/s, controller: MPPI
[INFO] [1791205353.359489885] [mowing_path_client]: Distance to goal: 14.40 m, speed: 0.83 m/s, controller: MPPI
[INFO] [1791205354.392627262] [mowing_path_client]: Distance to goal: 13.55 m, speed: 0.83 m/s, controller: MPPI
[INFO] [1791205355.393206168] [mowing_path_client]: Distance to goal: 12.80 m, speed: 0.62 m/s, controller: MPPI
[INFO] [1791205356.426353361] [mowing_path_client]: Distance to goal: 12.26 m, speed: 0.31 m/s, controller: MPPI
[INFO] [1791205357.459405016] [mowing_path_client]: Distance to goal: 12.06 m, speed: 0.20 m/s, controller: MPPI
[INFO] [1791205358.492700484] [mowing_path_client]: Distance to goal: 11.81 m, speed: 0.22 m/s, controller: MPPI
[INFO] [1791205359.492807460] [mowing_path_client]: Distance to goal: 11.57 m, speed: 0.30 m/s, controller: MPPI
[INFO] [1791205360.526064246] [mowing_path_client]: Distance to goal: 11.18 m, speed: 0.59 m/s, controller: MPPI
[INFO] [1791205361.526198908] [mowing_path_client]: Distance to goal: 10.48 m, speed: 0.79 m/s, controller: MPPI
[INFO] [1791205362.559469391] [mowing_path_client]: Distance to goal: 9.63 m, speed: 0.84 m/s, controller: MPPI
[INFO] [1791205363.592720485] [mowing_path_client]: Distance to goal: 8.78 m, speed: 0.83 m/s, controller: MPPI
[INFO] [1791205364.626265026] [mowing_path_client]: Distance to goal: 7.88 m, speed: 0.83 m/s, controller: MPPI
[INFO] [1791205365.659565028] [mowing_path_client]: Distance to goal: 7.03 m, speed: 0.80 m/s, controller: MPPI
[INFO] [1791205366.659592524] [mowing_path_client]: Distance to goal: 6.38 m, speed: 0.45 m/s, controller: MPPI
[INFO] [1791205367.659826135] [mowing_path_client]: Distance to goal: 6.08 m, speed: 0.18 m/s, controller: MPPI
[INFO] [1791205368.692821265] [mowing_path_client]: Distance to goal: 5.88 m, speed: 0.17 m/s, controller: MPPI
[INFO] [1791205369.692940087] [mowing_path_client]: Distance to goal: 5.74 m, speed: 0.16 m/s, controller: MPPI
[INFO] [1791205370.726098550] [mowing_path_client]: Distance to goal: 5.59 m, speed: 0.17 m/s, controller: MPPI
[INFO] [1791205371.726247954] [mowing_path_client]: Distance to goal: 5.39 m, speed: 0.21 m/s, controller: MPPI
[INFO] [1791205372.759280013] [mowing_path_client]: Distance to goal: 5.15 m, speed: 0.26 m/s, controller: MPPI
[INFO] [1791205373.759487826] [mowing_path_client]: Distance to goal: 4.70 m, speed: 0.73 m/s, controller: MPPI
[INFO] [1791205374.792602965] [mowing_path_client]: Distance to goal: 3.90 m, speed: 0.83 m/s, controller: MPPI
[INFO] [1791205375.792626913] [mowing_path_client]: Distance to goal: 3.10 m, speed: 0.83 m/s, controller: MPPI
[INFO] [1791205376.792818141] [mowing_path_client]: Distance to goal: 2.25 m, speed: 0.83 m/s, controller: MPPI
[INFO] [1791205377.826050640] [mowing_path_client]: Distance to goal: 1.40 m, speed: 0.83 m/s, controller: MPPI
[INFO] [1791205378.859223211] [mowing_path_client]: Distance to goal: 0.60 m, speed: 0.58 m/s, controller: MPPI
[INFO] [1791205379.426745624] [mowing_path_client]: Coverage path completed
