[INFO] [launch]: All log files can be found below /home/nermin/.ros/log/2026-10-05-14-53-38-803431-Nermin-209108
[INFO] [launch]: Default logging verbosity is set to INFO

[mower_sim] Controller: SWITCHING
[mower_sim] Odometry: ground_truth
[mower_sim] Params: /home/nermin/Documents/Thesis/code/Autonomous-Lawn-Mower-Navigation/install/mower_sim/share/mower_sim/config/nav2_switching.yaml

[INFO] [gzserver-1]: process started with pid [209126]
[INFO] [robot_state_publisher-2]: process started with pid [209128]
[INFO] [spawn_entity.py-3]: process started with pid [209130]
[INFO] [ground_truth_tf_publisher-4]: process started with pid [209132]
[INFO] [robot_trail_publisher-5]: process started with pid [209134]
[INFO] [coverage_monitor-6]: process started with pid [209136]
[robot_state_publisher-2] [INFO] [1791204818.921120257] [robot_state_publisher]: got segment base_footprint
[robot_state_publisher-2] [INFO] [1791204818.921192272] [robot_state_publisher]: got segment base_link
[robot_state_publisher-2] [INFO] [1791204818.921201997] [robot_state_publisher]: got segment base_scan
[robot_state_publisher-2] [INFO] [1791204818.921208209] [robot_state_publisher]: got segment front_left_caster
[robot_state_publisher-2] [INFO] [1791204818.921214063] [robot_state_publisher]: got segment front_right_caster
[robot_state_publisher-2] [INFO] [1791204818.921220086] [robot_state_publisher]: got segment left_wheel
[robot_state_publisher-2] [INFO] [1791204818.921225817] [robot_state_publisher]: got segment right_wheel
[gzserver-1] Gazebo multi-robot simulator, version 11.10.2
[gzserver-1] Copyright (C) 2012 Open Source Robotics Foundation.
[gzserver-1] Released under the Apache 2 License.
[gzserver-1] http://gazebosim.org
[gzserver-1] 
[robot_trail_publisher-5] [INFO] [1791204819.330398645] [robot_trail_publisher]: Robot trail: /ground_truth/pose on /robot_trail
[coverage_monitor-6] [INFO] [1791204819.336592794] [coverage_monitor]: Coverage monitor: field from /coverage_path
[spawn_entity.py-3] [INFO] [1791204819.357845013] [spawn_entity]: Spawn Entity started
[spawn_entity.py-3] [INFO] [1791204819.358100222] [spawn_entity]: Loading entity published on topic robot_description
[spawn_entity.py-3] [INFO] [1791204819.359001549] [spawn_entity]: Waiting for entity xml on robot_description
[spawn_entity.py-3] [INFO] [1791204819.360452597] [spawn_entity]: Waiting for service /spawn_entity, timeout = 120
[spawn_entity.py-3] [INFO] [1791204819.360676255] [spawn_entity]: Waiting for service /spawn_entity
[ground_truth_tf_publisher-4] [INFO] [1791204819.369017770] [ground_truth_tf_publisher]: Ground truth TF publisher started for "mower": map -> odom (ground truth correction)
[gzserver-1] [1;33m[Wrn] [gazebo_ros_init.cpp:178] [0m[1;33m
[gzserver-1] #     # ####### ####### ###  #####  #######
[gzserver-1] ##    # #     #    #     #  #     # #
[gzserver-1] # #   # #     #    #     #  #       #
[gzserver-1] #  #  # #     #    #     #  #       #####
[gzserver-1] #   # # #     #    #     #  #       #
[gzserver-1] #    ## #     #    #     #  #     # #
[gzserver-1] #     # #######    #    ###  #####  #######
[gzserver-1] 
[gzserver-1] This version of Gazebo, now called Gazebo classic, reaches end-of-life
[gzserver-1] in January 2025. Users are highly encouraged to migrate to the new Gazebo
[gzserver-1] using our migration guides (https://gazebosim.org/docs/latest/gazebo_classic_migration?utm_source=gazebo_ros_pkgs&utm_medium=cli)
[gzserver-1] 
[gzserver-1] [0m[1;33m
[spawn_entity.py-3] [INFO] [1791204819.864263099] [spawn_entity]: Calling service /spawn_entity
[gzserver-1] [0m[1;33m[0m[1;33m[0m[INFO] [1791204819.910396827] [gazebo.gazebo_ros_state]: Publishing states of gazebo models at [/gazebo/model_states]
[gzserver-1] [INFO] [1791204819.910723189] [gazebo.gazebo_ros_state]: Publishing states of gazebo links at [/gazebo/link_states]
[spawn_entity.py-3] [INFO] [1791204819.998259380] [spawn_entity]: Spawn status: SpawnEntity: Successfully spawned entity [mower]
[gzserver-1] [INFO] [1791204820.107088139] [diff_drive]: Wheel pair 1 separation set to [0.700000m]
[gzserver-1] [INFO] [1791204820.107136701] [diff_drive]: Wheel pair 1 diameter set to [0.300000m]
[gzserver-1] [INFO] [1791204820.107586501] [diff_drive]: Subscribed to [/cmd_vel]
[gzserver-1] [INFO] [1791204820.108402178] [diff_drive]: Advertise odometry on [/odom]
[gzserver-1] [INFO] [1791204820.109248706] [diff_drive]: Publishing odom transforms between [odom] and [base_footprint]
[gzserver-1] [INFO] [1791204820.114133371] [joint_states]: Going to publish joint [left_wheel_joint]
[gzserver-1] [INFO] [1791204820.114153681] [joint_states]: Going to publish joint [right_wheel_joint]
[INFO] [spawn_entity.py-3]: process has finished cleanly [pid 209130]
[gzserver-1] [1;32m[Msg] [0m[1;32mWaiting for master.[0m[1;32m
[gzserver-1] [0m[1;32m[0m[1;32m[0m[1;32m[Msg] [0m[1;32mConnected to gazebo master @ [0m[1;32mhttp://127.0.0.1:11345[0m[1;32m
[gzserver-1] [0m[1;32m[0m[1;32m[0m[1;32m[Msg] [0m[1;32mPublicized address: [0m[1;32m10.169.222.221[0m[1;32m
[gzserver-1] [0m[1;32m[0m[1;32m[0m[1;32m[Msg] [0m[1;32mLoading world file [[0m[1;32m/home/nermin/Documents/Thesis/code/Autonomous-Lawn-Mower-Navigation/install/mower_sim/share/mower_sim/worlds/empty_field.world[0m[1;32m][0m[1;32m
[INFO] [map_server-7]: process started with pid [209499]
[INFO] [lifecycle_manager-8]: process started with pid [209501]
[INFO] [controller_server-9]: process started with pid [209503]
[INFO] [smoother_server-10]: process started with pid [209505]
[INFO] [planner_server-11]: process started with pid [209507]
[INFO] [behavior_server-12]: process started with pid [209509]
[INFO] [bt_navigator-13]: process started with pid [209511]
[INFO] [waypoint_follower-14]: process started with pid [209513]
[INFO] [velocity_smoother-15]: process started with pid [209515]
[INFO] [lifecycle_manager-16]: process started with pid [209517]
[lifecycle_manager-8] [INFO] [1791204839.040752851] [lifecycle_manager_map_server]: Creating
[lifecycle_manager-8] [INFO] [1791204839.042259776] [lifecycle_manager_map_server]: [34m[1mCreating and initializing lifecycle service clients[0m[0m
[controller_server-9] [INFO] [1791204839.046440007] [controller_server]: 
[controller_server-9] 	controller_server lifecycle node launched. 
[controller_server-9] 	Waiting on external lifecycle transitions to activate
[controller_server-9] 	See https://design.ros2.org/articles/node_lifecycle.html for more information.
[velocity_smoother-15] [INFO] [1791204839.048610908] [velocity_smoother]: 
[velocity_smoother-15] 	velocity_smoother lifecycle node launched. 
[velocity_smoother-15] 	Waiting on external lifecycle transitions to activate
[velocity_smoother-15] 	See https://design.ros2.org/articles/node_lifecycle.html for more information.
[planner_server-11] [INFO] [1791204839.049098524] [planner_server]: 
[planner_server-11] 	planner_server lifecycle node launched. 
[planner_server-11] 	Waiting on external lifecycle transitions to activate
[planner_server-11] 	See https://design.ros2.org/articles/node_lifecycle.html for more information.
[behavior_server-12] [INFO] [1791204839.050275601] [behavior_server]: 
[behavior_server-12] 	behavior_server lifecycle node launched. 
[behavior_server-12] 	Waiting on external lifecycle transitions to activate
[behavior_server-12] 	See https://design.ros2.org/articles/node_lifecycle.html for more information.
[planner_server-11] [INFO] [1791204839.050353114] [planner_server]: Creating
[smoother_server-10] [INFO] [1791204839.051785902] [smoother_server]: 
[smoother_server-10] 	smoother_server lifecycle node launched. 
[smoother_server-10] 	Waiting on external lifecycle transitions to activate
[smoother_server-10] 	See https://design.ros2.org/articles/node_lifecycle.html for more information.
[smoother_server-10] [INFO] [1791204839.053530850] [smoother_server]: Creating smoother server
[lifecycle_manager-8] [INFO] [1791204839.056287522] [lifecycle_manager_map_server]: [34m[1mStarting managed nodes bringup...[0m[0m
[lifecycle_manager-8] [INFO] [1791204839.056327651] [lifecycle_manager_map_server]: [34m[1mConfiguring map_server[0m[0m
[waypoint_follower-14] [INFO] [1791204839.056997753] [waypoint_follower]: 
[waypoint_follower-14] 	waypoint_follower lifecycle node launched. 
[waypoint_follower-14] 	Waiting on external lifecycle transitions to activate
[waypoint_follower-14] 	See https://design.ros2.org/articles/node_lifecycle.html for more information.
[waypoint_follower-14] [INFO] [1791204839.057392016] [waypoint_follower]: Creating
[lifecycle_manager-16] [INFO] [1791204839.057238359] [lifecycle_manager_navigation]: Creating
[lifecycle_manager-16] [INFO] [1791204839.059468681] [lifecycle_manager_navigation]: [34m[1mCreating and initializing lifecycle service clients[0m[0m
[map_server-7] [INFO] [1791204839.057278785] [map_server]: 
[map_server-7] 	map_server lifecycle node launched. 
[map_server-7] 	Waiting on external lifecycle transitions to activate
[map_server-7] 	See https://design.ros2.org/articles/node_lifecycle.html for more information.
[map_server-7] [INFO] [1791204839.057356445] [map_server]: Creating
[controller_server-9] [INFO] [1791204839.058062851] [controller_server]: Creating controller server
[planner_server-11] [INFO] [1791204839.060784482] [global_costmap.global_costmap]: 
[planner_server-11] 	global_costmap lifecycle node launched. 
[planner_server-11] 	Waiting on external lifecycle transitions to activate
[planner_server-11] 	See https://design.ros2.org/articles/node_lifecycle.html for more information.
[planner_server-11] [INFO] [1791204839.061184560] [global_costmap.global_costmap]: Creating Costmap
[bt_navigator-13] [INFO] [1791204839.061090585] [bt_navigator]: 
[bt_navigator-13] 	bt_navigator lifecycle node launched. 
[bt_navigator-13] 	Waiting on external lifecycle transitions to activate
[bt_navigator-13] 	See https://design.ros2.org/articles/node_lifecycle.html for more information.
[bt_navigator-13] [INFO] [1791204839.061183126] [bt_navigator]: Creating
[controller_server-9] [INFO] [1791204839.067808654] [local_costmap.local_costmap]: 
[controller_server-9] 	local_costmap lifecycle node launched. 
[controller_server-9] 	Waiting on external lifecycle transitions to activate
[controller_server-9] 	See https://design.ros2.org/articles/node_lifecycle.html for more information.
[controller_server-9] [INFO] [1791204839.068261741] [local_costmap.local_costmap]: Creating Costmap
[map_server-7] [INFO] [1791204839.073236634] [map_server]: Configuring
[map_server-7] [INFO] [1791204839.073311930] [map_io]: Loading yaml file: /home/nermin/Documents/Thesis/code/Autonomous-Lawn-Mower-Navigation/install/mower_sim/share/mower_sim/maps/empty_map.yaml
[map_server-7] [INFO] [1791204839.073619628] [map_io]: resolution: 0.05
[map_server-7] [INFO] [1791204839.073632429] [map_io]: origin[0]: -50
[map_server-7] [INFO] [1791204839.073636900] [map_io]: origin[1]: -50
[map_server-7] [INFO] [1791204839.073641403] [map_io]: origin[2]: 0
[map_server-7] [INFO] [1791204839.073645856] [map_io]: free_thresh: 0.196
[map_server-7] [INFO] [1791204839.073650082] [map_io]: occupied_thresh: 0.65
[map_server-7] [INFO] [1791204839.073654827] [map_io]: mode: trinary
[map_server-7] [INFO] [1791204839.073658875] [map_io]: negate: 0
[map_server-7] [INFO] [1791204839.073814490] [map_io]: Loading image_file: /home/nermin/Documents/Thesis/code/Autonomous-Lawn-Mower-Navigation/install/mower_sim/share/mower_sim/maps/empty_map.pgm
[lifecycle_manager-16] [INFO] [1791204839.178284104] [lifecycle_manager_navigation]: [34m[1mStarting managed nodes bringup...[0m[0m
[lifecycle_manager-16] [INFO] [1791204839.178325710] [lifecycle_manager_navigation]: [34m[1mConfiguring controller_server[0m[0m
[controller_server-9] [INFO] [1791204839.178479195] [controller_server]: Configuring controller interface
[controller_server-9] [INFO] [1791204839.178588399] [controller_server]: getting goal checker plugins..
[controller_server-9] [INFO] [1791204839.178604225] [controller_server]: Controller frequency set to 30.0000Hz
[controller_server-9] [INFO] [1791204839.178625116] [local_costmap.local_costmap]: Configuring
[controller_server-9] [INFO] [1791204839.180691529] [local_costmap.local_costmap]: Using plugin "static_layer"
[controller_server-9] [INFO] [1791204839.182742103] [local_costmap.local_costmap]: Subscribing to the map topic (/map) with transient local durability
[controller_server-9] [INFO] [1791204839.183073513] [local_costmap.local_costmap]: Initialized plugin "static_layer"
[controller_server-9] [INFO] [1791204839.183090466] [local_costmap.local_costmap]: Using plugin "voxel_layer"
[controller_server-9] [INFO] [1791204839.183430727] [local_costmap.local_costmap]: Subscribed to Topics: scan
[controller_server-9] [INFO] [1791204839.185898442] [local_costmap.local_costmap]: Initialized plugin "voxel_layer"
[controller_server-9] [INFO] [1791204839.185914580] [local_costmap.local_costmap]: Using plugin "inflation_layer"
[controller_server-9] [INFO] [1791204839.186358819] [local_costmap.local_costmap]: Initialized plugin "inflation_layer"
[controller_server-9] [INFO] [1791204839.188510905] [controller_server]: Created progress_checker : progress_checker of type nav2_controller::SimpleProgressChecker
[controller_server-9] [INFO] [1791204839.188977631] [controller_server]: Created goal checker : general_goal_checker of type nav2_controller::SimpleGoalChecker
[controller_server-9] [INFO] [1791204839.189176338] [controller_server]: Controller Server has general_goal_checker  goal checkers available.
[controller_server-9] [INFO] [1791204839.189542599] [controller_server]: Created controller : RPP of type nav2_regulated_pure_pursuit_controller::RegulatedPurePursuitController
[controller_server-9] [INFO] [1791204839.191867620] [controller_server]: Created controller : MPPI of type nav2_mppi_controller::MPPIController
[controller_server-9] [WARN] [1791204839.192717805] [controller_server]: Controller period is less then model dt, consider setting it equal
[controller_server-9] [INFO] [1791204839.193440289] [controller_server]: ConstraintCritic instantiated with 1 power and 4.000000 weight.
[controller_server-9] [INFO] [1791204839.193463070] [controller_server]: Critic loaded : mppi::critics::ConstraintCritic
[controller_server-9] [INFO] [1791204839.193696114] [controller_server]: GoalCritic instantiated with 1 power and 2.000000 weight.
[controller_server-9] [INFO] [1791204839.193707713] [controller_server]: Critic loaded : mppi::critics::GoalCritic
[controller_server-9] [INFO] [1791204839.193923167] [controller_server]: GoalAngleCritic instantiated with 1 power, 1.000000 weight, and 0.300000 angular threshold.
[controller_server-9] [INFO] [1791204839.193937402] [controller_server]: Critic loaded : mppi::critics::GoalAngleCritic
[controller_server-9] [INFO] [1791204839.194373046] [controller_server]: ReferenceTrajectoryCritic instantiated with 1 power and 14.000000 weight
[controller_server-9] [INFO] [1791204839.194387551] [controller_server]: Critic loaded : mppi::critics::PathAlignCritic
[controller_server-9] [INFO] [1791204839.194658480] [controller_server]: Critic loaded : mppi::critics::PathFollowCritic
[controller_server-9] [INFO] [1791204839.195030566] [controller_server]: PathAngleCritic instantiated with 1 power and 2.000000 weight. Reversing allowed.
[controller_server-9] [INFO] [1791204839.195043087] [controller_server]: Critic loaded : mppi::critics::PathAngleCritic
[controller_server-9] [INFO] [1791204839.195568106] [controller_server]: ObstaclesCritic instantiated with 1 power and 20.000000 / 2.000000 weights. Critic will collision check based on footprint cost.
[controller_server-9] [INFO] [1791204839.195580457] [controller_server]: Critic loaded : mppi::critics::ObstaclesCritic
[controller_server-9] [INFO] [1791204839.195802238] [controller_server]: PreferForwardCritic instantiated with 1 power and 1.000000 weight.
[controller_server-9] [INFO] [1791204839.195830439] [controller_server]: Critic loaded : mppi::critics::PreferForwardCritic
[controller_server-9] [INFO] [1791204839.196046567] [controller_server]: VelocityDeadbandCritic instantiated with 1 power, 0.5 weight, deadband_velocity [0.02,0,0.02]
[controller_server-9] [INFO] [1791204839.196055508] [controller_server]: Critic loaded : mppi::critics::VelocityDeadbandCritic
[controller_server-9] [INFO] [1791204839.196216266] [controller_server]: TwirlingCritic instantiated with 1 power and 1.000000 weight.
[controller_server-9] [INFO] [1791204839.196225648] [controller_server]: Critic loaded : mppi::critics::TwirlingCritic
[controller_server-9] [INFO] [1791204839.197338546] [controller_server]: Optimizer reset
[controller_server-9] [INFO] [1791204839.198283277] [MPPIController]: Configured MPPI Controller: MPPI
[controller_server-9] [INFO] [1791204839.199173229] [controller_server]: Created controller : DWB of type dwb_core::DWBLocalPlanner
[controller_server-9] [INFO] [1791204839.199776664] [controller_server]: Setting transform_tolerance to 0.200000
[controller_server-9] [INFO] [1791204839.203316656] [controller_server]: Using critic "RotateToGoal" (dwb_critics::RotateToGoalCritic)
[controller_server-9] [INFO] [1791204839.203637816] [controller_server]: Critic plugin initialized
[controller_server-9] [INFO] [1791204839.203727690] [controller_server]: Using critic "BaseObstacle" (dwb_critics::BaseObstacleCritic)
[controller_server-9] [INFO] [1791204839.203847801] [controller_server]: Critic plugin initialized
[controller_server-9] [INFO] [1791204839.203923970] [controller_server]: Using critic "PathAlign" (dwb_critics::PathAlignCritic)
[controller_server-9] [INFO] [1791204839.204140724] [controller_server]: Critic plugin initialized
[controller_server-9] [INFO] [1791204839.204217877] [controller_server]: Using critic "PathDist" (dwb_critics::PathDistCritic)
[controller_server-9] [INFO] [1791204839.204357811] [controller_server]: Critic plugin initialized
[controller_server-9] [INFO] [1791204839.204430827] [controller_server]: Using critic "GoalDist" (dwb_critics::GoalDistCritic)
[controller_server-9] [INFO] [1791204839.204573802] [controller_server]: Critic plugin initialized
[controller_server-9] [INFO] [1791204839.204589130] [controller_server]: Controller Server has RPP MPPI DWB  controllers available.
[lifecycle_manager-16] [INFO] [1791204839.206611316] [lifecycle_manager_navigation]: [34m[1mConfiguring smoother_server[0m[0m
[smoother_server-10] [INFO] [1791204839.206730017] [smoother_server]: Configuring smoother server
[smoother_server-10] [INFO] [1791204839.209829898] [smoother_server]: Created smoother : simple_smoother of type nav2_smoother::SimpleSmoother
[smoother_server-10] [INFO] [1791204839.210350209] [smoother_server]: Smoother Server has simple_smoother  smoothers available.
[lifecycle_manager-16] [INFO] [1791204839.212009513] [lifecycle_manager_navigation]: [34m[1mConfiguring planner_server[0m[0m
[planner_server-11] [INFO] [1791204839.212120849] [planner_server]: Configuring
[planner_server-11] [INFO] [1791204839.212152536] [global_costmap.global_costmap]: Configuring
[planner_server-11] [INFO] [1791204839.214330532] [global_costmap.global_costmap]: Using plugin "static_layer"
[planner_server-11] [INFO] [1791204839.216307510] [global_costmap.global_costmap]: Subscribing to the map topic (/map) with transient local durability
[planner_server-11] [INFO] [1791204839.216630510] [global_costmap.global_costmap]: Initialized plugin "static_layer"
[planner_server-11] [INFO] [1791204839.216645590] [global_costmap.global_costmap]: Using plugin "obstacle_layer"
[planner_server-11] [INFO] [1791204839.216968063] [global_costmap.global_costmap]: Subscribed to Topics: scan
[planner_server-11] [INFO] [1791204839.218340674] [global_costmap.global_costmap]: Initialized plugin "obstacle_layer"
[planner_server-11] [INFO] [1791204839.218360955] [global_costmap.global_costmap]: Using plugin "inflation_layer"
[planner_server-11] [INFO] [1791204839.218892804] [global_costmap.global_costmap]: Initialized plugin "inflation_layer"
[planner_server-11] [INFO] [1791204839.221627098] [planner_server]: Created global planner plugin GridBased of type nav2_navfn_planner/NavfnPlanner
[planner_server-11] [INFO] [1791204839.221648284] [planner_server]: Configuring plugin GridBased of type NavfnPlanner
[planner_server-11] [INFO] [1791204839.221942309] [planner_server]: Planner Server has GridBased  planners available.
[lifecycle_manager-16] [INFO] [1791204839.224541739] [lifecycle_manager_navigation]: [34m[1mConfiguring behavior_server[0m[0m
[behavior_server-12] [INFO] [1791204839.224656912] [behavior_server]: Configuring
[behavior_server-12] [INFO] [1791204839.227350251] [behavior_server]: Creating behavior plugin spin of type nav2_behaviors/Spin
[behavior_server-12] [INFO] [1791204839.227822401] [behavior_server]: Configuring spin
[behavior_server-12] [INFO] [1791204839.229285945] [behavior_server]: Creating behavior plugin backup of type nav2_behaviors/BackUp
[behavior_server-12] [INFO] [1791204839.229691725] [behavior_server]: Configuring backup
[behavior_server-12] [INFO] [1791204839.230949966] [behavior_server]: Creating behavior plugin drive_on_heading of type nav2_behaviors/DriveOnHeading
[behavior_server-12] [INFO] [1791204839.231372490] [behavior_server]: Configuring drive_on_heading
[behavior_server-12] [INFO] [1791204839.232669653] [behavior_server]: Creating behavior plugin assisted_teleop of type nav2_behaviors/AssistedTeleop
[behavior_server-12] [INFO] [1791204839.233578152] [behavior_server]: Configuring assisted_teleop
[behavior_server-12] [INFO] [1791204839.235174434] [behavior_server]: Creating behavior plugin wait of type nav2_behaviors/Wait
[behavior_server-12] [INFO] [1791204839.235540767] [behavior_server]: Configuring wait
[lifecycle_manager-16] [INFO] [1791204839.236804872] [lifecycle_manager_navigation]: [34m[1mConfiguring bt_navigator[0m[0m
[bt_navigator-13] [INFO] [1791204839.236915625] [bt_navigator]: Configuring
[lifecycle_manager-16] [INFO] [1791204839.262792572] [lifecycle_manager_navigation]: [34m[1mConfiguring waypoint_follower[0m[0m
[waypoint_follower-14] [INFO] [1791204839.262974245] [waypoint_follower]: Configuring
[waypoint_follower-14] [INFO] [1791204839.266310169] [waypoint_follower]: Created waypoint_task_executor : wait_at_waypoint of type nav2_waypoint_follower::WaitAtWaypoint
[lifecycle_manager-16] [INFO] [1791204839.266747136] [lifecycle_manager_navigation]: [34m[1mConfiguring velocity_smoother[0m[0m
[velocity_smoother-15] [INFO] [1791204839.266900098] [velocity_smoother]: Configuring velocity smoother
[lifecycle_manager-16] [INFO] [1791204839.268266001] [lifecycle_manager_navigation]: [34m[1mActivating controller_server[0m[0m
[controller_server-9] [INFO] [1791204839.268356223] [controller_server]: Activating
[controller_server-9] [INFO] [1791204839.268394816] [local_costmap.local_costmap]: Activating
[controller_server-9] [INFO] [1791204839.268409753] [local_costmap.local_costmap]: Checking transform
[controller_server-9] [INFO] [1791204839.268522691] [local_costmap.local_costmap]: start
[map_server-7] [INFO] [1791204839.344062815] [map_io]: Read map /home/nermin/Documents/Thesis/code/Autonomous-Lawn-Mower-Navigation/install/mower_sim/share/mower_sim/maps/empty_map.pgm: 2000 X 2000 map @ 0.05 m/cell
[lifecycle_manager-8] [INFO] [1791204839.350131622] [lifecycle_manager_map_server]: [34m[1mActivating map_server[0m[0m
[map_server-7] [INFO] [1791204839.350213376] [map_server]: Activating
[map_server-7] [INFO] [1791204839.354850129] [map_server]: Creating bond (map_server) to lifecycle manager.
[controller_server-9] [INFO] [1791204839.359249156] [local_costmap.local_costmap]: StaticLayer: Resizing static layer to 2000 X 2000 at 0.050000 m/pix
[planner_server-11] [INFO] [1791204839.359457937] [global_costmap.global_costmap]: StaticLayer: Resizing costmap to 2000 X 2000 at 0.050000 m/pix
[lifecycle_manager-8] [INFO] [1791204839.457079471] [lifecycle_manager_map_server]: Server map_server connected with bond.
[lifecycle_manager-8] [INFO] [1791204839.457114927] [lifecycle_manager_map_server]: [34m[1mManaged nodes are active[0m[0m
[lifecycle_manager-8] [INFO] [1791204839.457122345] [lifecycle_manager_map_server]: [34m[1mCreating bond timer...[0m[0m
[controller_server-9] [WARN] [1791204839.518881252] [controller_server]: Parameter controller_server.verbose not found
[controller_server-9] [INFO] [1791204839.519629208] [controller_server]: Optimizer reset
[controller_server-9] [INFO] [1791204839.519765958] [MPPIController]: Activated MPPI Controller: MPPI
[controller_server-9] [INFO] [1791204839.519796133] [controller_server]: Activating controller: RPP of type regulated_pure_pursuit_controller::RegulatedPurePursuitController
[controller_server-9] [INFO] [1791204839.519822343] [controller_server]: Creating bond (controller_server) to lifecycle manager.
[lifecycle_manager-16] [INFO] [1791204839.621681033] [lifecycle_manager_navigation]: Server controller_server connected with bond.
[lifecycle_manager-16] [INFO] [1791204839.621711106] [lifecycle_manager_navigation]: [34m[1mActivating smoother_server[0m[0m
[smoother_server-10] [INFO] [1791204839.621845823] [smoother_server]: Activating
[smoother_server-10] [INFO] [1791204839.621873622] [smoother_server]: Creating bond (smoother_server) to lifecycle manager.
[lifecycle_manager-16] [INFO] [1791204839.723028085] [lifecycle_manager_navigation]: Server smoother_server connected with bond.
[lifecycle_manager-16] [INFO] [1791204839.723081820] [lifecycle_manager_navigation]: [34m[1mActivating planner_server[0m[0m
[planner_server-11] [INFO] [1791204839.723270383] [planner_server]: Activating
[planner_server-11] [INFO] [1791204839.723310028] [global_costmap.global_costmap]: Activating
[planner_server-11] [INFO] [1791204839.723323283] [global_costmap.global_costmap]: Checking transform
[planner_server-11] [INFO] [1791204839.723404910] [global_costmap.global_costmap]: start
[planner_server-11] [INFO] [1791204840.773815998] [planner_server]: Activating plugin GridBased of type NavfnPlanner
[planner_server-11] [INFO] [1791204840.774250553] [planner_server]: Creating bond (planner_server) to lifecycle manager.
[lifecycle_manager-16] [INFO] [1791204840.875764118] [lifecycle_manager_navigation]: Server planner_server connected with bond.
[lifecycle_manager-16] [INFO] [1791204840.875831025] [lifecycle_manager_navigation]: [34m[1mActivating behavior_server[0m[0m
[behavior_server-12] [INFO] [1791204840.875996643] [behavior_server]: Activating
[behavior_server-12] [INFO] [1791204840.876026101] [behavior_server]: Activating spin
[behavior_server-12] [INFO] [1791204840.876040633] [behavior_server]: Activating backup
[behavior_server-12] [INFO] [1791204840.876051531] [behavior_server]: Activating drive_on_heading
[behavior_server-12] [INFO] [1791204840.876062035] [behavior_server]: Activating assisted_teleop
[behavior_server-12] [INFO] [1791204840.876072298] [behavior_server]: Activating wait
[behavior_server-12] [INFO] [1791204840.876085842] [behavior_server]: Creating bond (behavior_server) to lifecycle manager.
[lifecycle_manager-16] [INFO] [1791204840.977567986] [lifecycle_manager_navigation]: Server behavior_server connected with bond.
[lifecycle_manager-16] [INFO] [1791204840.977601186] [lifecycle_manager_navigation]: [34m[1mActivating bt_navigator[0m[0m
[bt_navigator-13] [INFO] [1791204840.977742832] [bt_navigator]: Activating
[bt_navigator-13] [INFO] [1791204840.990546446] [bt_navigator]: Creating bond (bt_navigator) to lifecycle manager.
[lifecycle_manager-16] [INFO] [1791204841.091835962] [lifecycle_manager_navigation]: Server bt_navigator connected with bond.
[lifecycle_manager-16] [INFO] [1791204841.091876276] [lifecycle_manager_navigation]: [34m[1mActivating waypoint_follower[0m[0m
[waypoint_follower-14] [INFO] [1791204841.092041760] [waypoint_follower]: Activating
[waypoint_follower-14] [INFO] [1791204841.092072860] [waypoint_follower]: Creating bond (waypoint_follower) to lifecycle manager.
[lifecycle_manager-16] [INFO] [1791204841.193432233] [lifecycle_manager_navigation]: Server waypoint_follower connected with bond.
[lifecycle_manager-16] [INFO] [1791204841.193477103] [lifecycle_manager_navigation]: [34m[1mActivating velocity_smoother[0m[0m
[velocity_smoother-15] [INFO] [1791204841.193647542] [velocity_smoother]: Activating
[velocity_smoother-15] [INFO] [1791204841.193696441] [velocity_smoother]: Creating bond (velocity_smoother) to lifecycle manager.
[lifecycle_manager-16] [INFO] [1791204841.295034383] [lifecycle_manager_navigation]: Server velocity_smoother connected with bond.
[lifecycle_manager-16] [INFO] [1791204841.295077520] [lifecycle_manager_navigation]: [34m[1mManaged nodes are active[0m[0m
[lifecycle_manager-16] [INFO] [1791204841.295091008] [lifecycle_manager_navigation]: [34m[1mCreating bond timer...[0m[0m
[controller_server-9] [INFO] [1791204842.359470045] [controller_server]: Received a goal, begin computing control effort.
[robot_trail_publisher-5] [INFO] [1791204842.360272795] [robot_trail_publisher]: New run, trail cleared
[controller_server-9] [INFO] [1791204842.360509272] [controller_server]: Optimizer reset
[coverage_monitor-6] [INFO] [1791204842.531151970] [coverage_monitor]: New coverage path, field rebuilt
[controller_server-9] [INFO] [1791204872.461128744] [controller_server]: Reached the goal!
[WARNING] [launch]: user interrupted with ctrl-c (SIGINT)
[controller_server-9] [INFO] [1791204872.822501988] [rclcpp]: signal_handler(SIGINT/SIGTERM)
[controller_server-9] [INFO] [1791204872.822559519] [controller_server]: Running Nav2 LifecycleNode rcl preshutdown (controller_server)
[controller_server-9] [INFO] [1791204872.822642121] [controller_server]: Deactivating
[controller_server-9] [INFO] [1791204872.822685258] [MPPIController]: Deactivated MPPI Controller: MPPI
[controller_server-9] [INFO] [1791204872.822691477] [controller_server]: Deactivating controller: RPP of type regulated_pure_pursuit_controller::RegulatedPurePursuitController
[controller_server-9] [INFO] [1791204872.822720180] [local_costmap.local_costmap]: Deactivating
[smoother_server-10] [INFO] [1791204872.822500260] [rclcpp]: signal_handler(SIGINT/SIGTERM)
[smoother_server-10] [INFO] [1791204872.822571132] [smoother_server]: Running Nav2 LifecycleNode rcl preshutdown (smoother_server)
[smoother_server-10] [INFO] [1791204872.822643976] [smoother_server]: Deactivating
[smoother_server-10] [INFO] [1791204872.822666167] [smoother_server]: Destroying bond (smoother_server) to lifecycle manager.
[waypoint_follower-14] [INFO] [1791204872.822503328] [rclcpp]: signal_handler(SIGINT/SIGTERM)
[waypoint_follower-14] [INFO] [1791204872.822607829] [waypoint_follower]: Running Nav2 LifecycleNode rcl preshutdown (waypoint_follower)
[waypoint_follower-14] [INFO] [1791204872.822681245] [waypoint_follower]: Deactivating
[waypoint_follower-14] [INFO] [1791204872.822702125] [waypoint_follower]: Destroying bond (waypoint_follower) to lifecycle manager.
[planner_server-11] [INFO] [1791204872.822498573] [rclcpp]: signal_handler(SIGINT/SIGTERM)
[planner_server-11] [INFO] [1791204872.822569985] [planner_server]: Running Nav2 LifecycleNode rcl preshutdown (planner_server)
[planner_server-11] [INFO] [1791204872.822642329] [planner_server]: Deactivating
[planner_server-11] [INFO] [1791204872.822677337] [global_costmap.global_costmap]: Deactivating
[lifecycle_manager-16] [INFO] [1791204872.822495232] [rclcpp]: signal_handler(SIGINT/SIGTERM)
[lifecycle_manager-16] [INFO] [1791204872.822569520] [lifecycle_manager_navigation]: Running Nav2 LifecycleManager rcl preshutdown (lifecycle_manager_navigation)
[lifecycle_manager-16] [INFO] [1791204872.822607146] [lifecycle_manager_navigation]: [34m[1mTerminating bond timer...[0m[0m
[map_server-7] [INFO] [1791204872.822503592] [rclcpp]: signal_handler(SIGINT/SIGTERM)
[map_server-7] [INFO] [1791204872.822600574] [map_server]: Running Nav2 LifecycleNode rcl preshutdown (map_server)
[map_server-7] [INFO] [1791204872.822680461] [map_server]: Deactivating
[map_server-7] [INFO] [1791204872.822695960] [map_server]: Destroying bond (map_server) to lifecycle manager.
[velocity_smoother-15] [INFO] [1791204872.822509898] [rclcpp]: signal_handler(SIGINT/SIGTERM)
[velocity_smoother-15] [INFO] [1791204872.822610832] [velocity_smoother]: Running Nav2 LifecycleNode rcl preshutdown (velocity_smoother)
[velocity_smoother-15] [INFO] [1791204872.822683075] [velocity_smoother]: Deactivating
[velocity_smoother-15] [INFO] [1791204872.822707401] [velocity_smoother]: Destroying bond (velocity_smoother) to lifecycle manager.
[bt_navigator-13] [INFO] [1791204872.822496880] [rclcpp]: signal_handler(SIGINT/SIGTERM)
[bt_navigator-13] [INFO] [1791204872.822567894] [bt_navigator]: Running Nav2 LifecycleNode rcl preshutdown (bt_navigator)
[bt_navigator-13] [INFO] [1791204872.822640024] [bt_navigator]: Deactivating
[bt_navigator-13] [INFO] [1791204872.822666118] [bt_navigator]: Destroying bond (bt_navigator) to lifecycle manager.
[behavior_server-12] [INFO] [1791204872.822515027] [rclcpp]: signal_handler(SIGINT/SIGTERM)
[behavior_server-12] [INFO] [1791204872.822576635] [behavior_server]: Running Nav2 LifecycleNode rcl preshutdown (behavior_server)
[behavior_server-12] [INFO] [1791204872.822640597] [behavior_server]: Deactivating
[behavior_server-12] [INFO] [1791204872.822683759] [behavior_server]: Destroying bond (behavior_server) to lifecycle manager.
[robot_state_publisher-2] [INFO] [1791204872.822515569] [rclcpp]: signal_handler(SIGINT/SIGTERM)
[INFO] [lifecycle_manager-16]: sending signal 'SIGINT' to process[lifecycle_manager-16]
[INFO] [velocity_smoother-15]: sending signal 'SIGINT' to process[velocity_smoother-15]
[INFO] [waypoint_follower-14]: sending signal 'SIGINT' to process[waypoint_follower-14]
[INFO] [bt_navigator-13]: sending signal 'SIGINT' to process[bt_navigator-13]
[INFO] [behavior_server-12]: sending signal 'SIGINT' to process[behavior_server-12]
[INFO] [planner_server-11]: sending signal 'SIGINT' to process[planner_server-11]
[INFO] [smoother_server-10]: sending signal 'SIGINT' to process[smoother_server-10]
[INFO] [controller_server-9]: sending signal 'SIGINT' to process[controller_server-9]
[INFO] [lifecycle_manager-8]: sending signal 'SIGINT' to process[lifecycle_manager-8]
[INFO] [map_server-7]: sending signal 'SIGINT' to process[map_server-7]
[INFO] [coverage_monitor-6]: sending signal 'SIGINT' to process[coverage_monitor-6]
[INFO] [robot_trail_publisher-5]: sending signal 'SIGINT' to process[robot_trail_publisher-5]
[INFO] [ground_truth_tf_publisher-4]: sending signal 'SIGINT' to process[ground_truth_tf_publisher-4]
[INFO] [robot_state_publisher-2]: sending signal 'SIGINT' to process[robot_state_publisher-2]
[INFO] [gzserver-1]: sending signal 'SIGINT' to process[gzserver-1]
[lifecycle_manager-8] [INFO] [1791204872.822820651] [rclcpp]: signal_handler(SIGINT/SIGTERM)
[lifecycle_manager-8] [INFO] [1791204872.822891221] [lifecycle_manager_map_server]: Running Nav2 LifecycleManager rcl preshutdown (lifecycle_manager_map_server)
[lifecycle_manager-8] [INFO] [1791204872.822930265] [lifecycle_manager_map_server]: [34m[1mTerminating bond timer...[0m[0m
[map_server-7] [INFO] [1791204872.832899258] [map_server]: Cleaning up
[map_server-7] [INFO] [1791204872.833125088] [map_server]: Destroying bond (map_server) to lifecycle manager.
[behavior_server-12] [INFO] [1791204872.832899412] [behavior_server]: Cleaning up
[bt_navigator-13] [INFO] [1791204872.832899353] [bt_navigator]: Cleaning up
[smoother_server-10] [INFO] [1791204872.832900772] [smoother_server]: Cleaning up
[waypoint_follower-14] [INFO] [1791204872.832902550] [waypoint_follower]: Cleaning up
[velocity_smoother-15] [INFO] [1791204872.832902159] [velocity_smoother]: Cleaning up
[velocity_smoother-15] [INFO] [1791204872.832934458] [velocity_smoother]: Destroying bond (velocity_smoother) to lifecycle manager.
[velocity_smoother-15] [INFO] [1791204872.833257761] [rclcpp]: signal_handler(SIGINT/SIGTERM)
[behavior_server-12] [INFO] [1791204872.836838823] [behavior_server]: Destroying bond (behavior_server) to lifecycle manager.
[behavior_server-12] [INFO] [1791204872.837767560] [rclcpp]: signal_handler(SIGINT/SIGTERM)
[waypoint_follower-14] [INFO] [1791204872.840819159] [waypoint_follower]: Destroying bond (waypoint_follower) to lifecycle manager.
[waypoint_follower-14] [INFO] [1791204872.841906880] [rclcpp]: signal_handler(SIGINT/SIGTERM)
[lifecycle_manager-8] [INFO] [1791204872.841578128] [rclcpp]: signal_handler(SIGINT/SIGTERM)
[map_server-7] [INFO] [1791204872.842858790] [rclcpp]: signal_handler(SIGINT/SIGTERM)
[robot_state_publisher-2] [INFO] [1791204872.848273678] [rclcpp]: signal_handler(SIGINT/SIGTERM)
[smoother_server-10] [INFO] [1791204872.849077220] [smoother_server]: Destroying bond (smoother_server) to lifecycle manager.
[smoother_server-10] [INFO] [1791204872.849627795] [rclcpp]: signal_handler(SIGINT/SIGTERM)
[controller_server-9] [INFO] [1791204872.868710342] [controller_server]: Destroying bond (controller_server) to lifecycle manager.
[behavior_server-12] [INFO] [1791204872.924071690] [behavior_server]: Destroying
[map_server-7] [INFO] [1791204872.957018116] [map_server]: Destroying
[lifecycle_manager-8] [INFO] [1791204872.958351908] [lifecycle_manager_map_server]: Destroying lifecycle_manager_map_server
[ground_truth_tf_publisher-4] Traceback (most recent call last):
[ground_truth_tf_publisher-4]   File "/home/nermin/Documents/Thesis/code/Autonomous-Lawn-Mower-Navigation/install/mower_sim/lib/mower_sim/ground_truth_tf_publisher", line 33, in <module>
[ground_truth_tf_publisher-4]     sys.exit(load_entry_point('mower-sim==0.0.0', 'console_scripts', 'ground_truth_tf_publisher')())
[ground_truth_tf_publisher-4]   File "/home/nermin/Documents/Thesis/code/Autonomous-Lawn-Mower-Navigation/install/mower_sim/lib/python3.10/site-packages/mower_sim/ground_truth_tf_publisher.py", line 169, in main
[ground_truth_tf_publisher-4]     node.destroy_node()
[ground_truth_tf_publisher-4]   File "/opt/ros/humble/local/lib/python3.10/dist-packages/rclpy/node.py", line 1685, in destroy_node
[ground_truth_tf_publisher-4]     self.destroy_publisher(self._publishers[0])
[ground_truth_tf_publisher-4]   File "/opt/ros/humble/local/lib/python3.10/dist-packages/rclpy/node.py", line 1565, in destroy_publisher
[ground_truth_tf_publisher-4]     publisher.destroy()
[ground_truth_tf_publisher-4]   File "/opt/ros/humble/local/lib/python3.10/dist-packages/rclpy/publisher.py", line 99, in destroy
[ground_truth_tf_publisher-4]     self.__publisher.destroy_when_not_in_use()
[ground_truth_tf_publisher-4] KeyboardInterrupt
[bt_navigator-13] [INFO] [1791204872.979915029] [bt_navigator]: Completed Cleaning up
[bt_navigator-13] [INFO] [1791204872.979983473] [bt_navigator]: Destroying bond (bt_navigator) to lifecycle manager.
[bt_navigator-13] [INFO] [1791204872.980953147] [rclcpp]: signal_handler(SIGINT/SIGTERM)
[waypoint_follower-14] [INFO] [1791204872.994126271] [waypoint_follower]: Destroying
[bt_navigator-13] [INFO] [1791204872.994217773] [bt_navigator]: Destroying
[velocity_smoother-15] [INFO] [1791204872.995637301] [velocity_smoother]: Destroying
[smoother_server-10] [INFO] [1791204873.024484712] [smoother_server]: Destroying
[robot_trail_publisher-5] Traceback (most recent call last):
[robot_trail_publisher-5]   File "/home/nermin/Documents/Thesis/code/Autonomous-Lawn-Mower-Navigation/install/mower_sim/lib/mower_sim/robot_trail_publisher", line 33, in <module>
[robot_trail_publisher-5]     sys.exit(load_entry_point('mower-sim==0.0.0', 'console_scripts', 'robot_trail_publisher')())
[robot_trail_publisher-5]   File "/home/nermin/Documents/Thesis/code/Autonomous-Lawn-Mower-Navigation/install/mower_sim/lib/python3.10/site-packages/mower_sim/robot_trail_publisher.py", line 98, in main
[robot_trail_publisher-5]     node.destroy_node()
[robot_trail_publisher-5]   File "/opt/ros/humble/local/lib/python3.10/dist-packages/rclpy/node.py", line 1696, in destroy_node
[coverage_monitor-6] Traceback (most recent call last):
[coverage_monitor-6]   File "/home/nermin/Documents/Thesis/code/Autonomous-Lawn-Mower-Navigation/install/mower_sim/lib/mower_sim/coverage_monitor", line 33, in <module>
[coverage_monitor-6]     sys.exit(load_entry_point('mower-sim==0.0.0', 'console_scripts', 'coverage_monitor')())
[coverage_monitor-6]   File "/home/nermin/Documents/Thesis/code/Autonomous-Lawn-Mower-Navigation/install/mower_sim/lib/python3.10/site-packages/mower_sim/coverage_monitor.py", line 153, in main
[coverage_monitor-6]     node.destroy_node()
[coverage_monitor-6]   File "/opt/ros/humble/local/lib/python3.10/dist-packages/rclpy/node.py", line 1696, in destroy_node
[robot_trail_publisher-5]     self.__node.destroy_when_not_in_use()
[robot_trail_publisher-5] KeyboardInterrupt
[coverage_monitor-6]     self.__node.destroy_when_not_in_use()
[coverage_monitor-6] KeyboardInterrupt
[ERROR] [robot_trail_publisher-5]: process has died [pid 209134, exit code -2, cmd '/home/nermin/Documents/Thesis/code/Autonomous-Lawn-Mower-Navigation/install/mower_sim/lib/mower_sim/robot_trail_publisher --ros-args --params-file /tmp/launch_params_cbe_3dqi'].
[ERROR] [coverage_monitor-6]: process has died [pid 209136, exit code -2, cmd '/home/nermin/Documents/Thesis/code/Autonomous-Lawn-Mower-Navigation/install/mower_sim/lib/mower_sim/coverage_monitor --ros-args --params-file /tmp/launch_params_xbi_9g8o'].
[lifecycle_manager-16] [INFO] [1791204873.064537976] [rclcpp]: signal_handler(SIGINT/SIGTERM)
[controller_server-9] [INFO] [1791204873.121357292] [controller_server]: Cleaning up
[controller_server-9] [INFO] [1791204873.121529256] [MPPIController]: Cleaned up MPPI Controller: MPPI
[controller_server-9] [INFO] [1791204873.121547401] [controller_server]: Cleaning up controller: RPP of type regulated_pure_pursuit_controller::RegulatedPurePursuitController
[controller_server-9] [INFO] [1791204873.121788026] [local_costmap.local_costmap]: Cleaning up
[INFO] [robot_state_publisher-2]: process has finished cleanly [pid 209128]
[INFO] [lifecycle_manager-8]: process has finished cleanly [pid 209501]
[INFO] [waypoint_follower-14]: process has finished cleanly [pid 209513]
[INFO] [velocity_smoother-15]: process has finished cleanly [pid 209515]
[INFO] [behavior_server-12]: process has finished cleanly [pid 209509]
[INFO] [map_server-7]: process has finished cleanly [pid 209499]
[controller_server-9] [INFO] [1791204873.147735099] [controller_server]: Destroying bond (controller_server) to lifecycle manager.
[INFO] [bt_navigator-13]: process has finished cleanly [pid 209511]
[controller_server-9] [INFO] [1791204873.149879882] [rclcpp]: signal_handler(SIGINT/SIGTERM)
[ERROR] [ground_truth_tf_publisher-4]: process has died [pid 209132, exit code -2, cmd '/home/nermin/Documents/Thesis/code/Autonomous-Lawn-Mower-Navigation/install/mower_sim/lib/mower_sim/ground_truth_tf_publisher --ros-args --params-file /tmp/launch_params__cojhg42'].
[controller_server-9] [INFO] [1791204873.159967248] [local_costmap.local_costmap]: Destroying
[controller_server-9] [INFO] [1791204873.182057311] [controller_server]: Destroying
[lifecycle_manager-16] [INFO] [1791204873.203461016] [lifecycle_manager_navigation]: Destroying lifecycle_manager_navigation
[INFO] [smoother_server-10]: process has finished cleanly [pid 209505]
[INFO] [gzserver-1]: process has finished cleanly [pid 209126]
[gzserver-1] [0m[1;32m[0m[1;32m[0m[1;36m[0m[1;32m[0m
[gzserver-1] [1;33m[0m[1;31m[0m
[INFO] [lifecycle_manager-16]: process has finished cleanly [pid 209517]
[INFO] [controller_server-9]: process has finished cleanly [pid 209503]
[planner_server-11] [INFO] [1791204873.723860551] [planner_server]: Deactivating plugin GridBased of type NavfnPlanner
[planner_server-11] [INFO] [1791204873.723959289] [planner_server]: Destroying bond (planner_server) to lifecycle manager.
[planner_server-11] [INFO] [1791204873.734343407] [planner_server]: Cleaning up
[planner_server-11] [INFO] [1791204873.739370360] [global_costmap.global_costmap]: Cleaning up
[planner_server-11] [INFO] [1791204873.740737908] [planner_server]: Cleaning up plugin GridBased of type NavfnPlanner
[planner_server-11] [INFO] [1791204873.741026959] [planner_server]: Destroying plugin GridBased of type NavfnPlanner
[planner_server-11] [INFO] [1791204873.743763444] [planner_server]: Destroying bond (planner_server) to lifecycle manager.
[planner_server-11] [INFO] [1791204873.744140119] [rclcpp]: signal_handler(SIGINT/SIGTERM)
[planner_server-11] [INFO] [1791204873.745589209] [global_costmap.global_costmap]: Destroying
[planner_server-11] [INFO] [1791204873.746463941] [planner_server]: Destroying
[INFO] [planner_server-11]: process has finished cleanly [pid 209507]
