[INFO] [1791205604.164474168] [mowing_path_client]: Controller schedule: MPPI from 0.00 m
[INFO] [1791205604.170143299] [mowing_path_client]: Waiting for FollowPath action server...
[INFO] [1791205604.170637726] [mowing_path_client]: Sending coverage path: 349 poses
[INFO] [1791205604.177223701] [mowing_path_client]: Distance to goal: 17.35 m, speed: 0.03 m/s, controller: MPPI
[INFO] [1791205605.208994903] [mowing_path_client]: Distance to goal: 16.95 m, speed: 0.76 m/s, controller: MPPI
[INFO] [1791205606.209117303] [mowing_path_client]: Distance to goal: 16.15 m, speed: 0.83 m/s, controller: MPPI
[INFO] [1791205607.242253557] [mowing_path_client]: Distance to goal: 15.30 m, speed: 0.83 m/s, controller: MPPI
[INFO] [1791205608.242286409] [mowing_path_client]: Distance to goal: 14.45 m, speed: 0.83 m/s, controller: MPPI
[INFO] [1791205609.242497202] [mowing_path_client]: Distance to goal: 13.60 m, speed: 0.83 m/s, controller: MPPI
[INFO] [1791205610.275581997] [mowing_path_client]: Distance to goal: 12.80 m, speed: 0.64 m/s, controller: MPPI
[INFO] [1791205611.275854259] [mowing_path_client]: Distance to goal: 12.31 m, speed: 0.34 m/s, controller: MPPI
[INFO] [1791205612.275979661] [mowing_path_client]: Distance to goal: 12.06 m, speed: 0.19 m/s, controller: MPPI
[INFO] [1791205613.308995123] [mowing_path_client]: Distance to goal: 11.86 m, speed: 0.22 m/s, controller: MPPI
[INFO] [1791205614.309332187] [mowing_path_client]: Distance to goal: 11.62 m, speed: 0.28 m/s, controller: MPPI
[INFO] [1791205615.342440571] [mowing_path_client]: Distance to goal: 11.23 m, speed: 0.53 m/s, controller: MPPI
[INFO] [1791205616.375700938] [mowing_path_client]: Distance to goal: 10.53 m, speed: 0.79 m/s, controller: MPPI
[INFO] [1791205617.376214604] [mowing_path_client]: Distance to goal: 9.73 m, speed: 0.84 m/s, controller: MPPI
[INFO] [1791205618.408956270] [mowing_path_client]: Distance to goal: 8.83 m, speed: 0.83 m/s, controller: MPPI
[INFO] [1791205619.409067325] [mowing_path_client]: Distance to goal: 8.03 m, speed: 0.83 m/s, controller: MPPI
[INFO] [1791205620.442275126] [mowing_path_client]: Distance to goal: 7.18 m, speed: 0.85 m/s, controller: MPPI
[INFO] [1791205621.475618049] [mowing_path_client]: Distance to goal: 6.43 m, speed: 0.48 m/s, controller: MPPI
[INFO] [1791205622.509003835] [mowing_path_client]: Distance to goal: 6.08 m, speed: 0.18 m/s, controller: MPPI
[INFO] [1791205623.509100418] [mowing_path_client]: Distance to goal: 5.93 m, speed: 0.18 m/s, controller: MPPI
[INFO] [1791205624.542376020] [mowing_path_client]: Distance to goal: 5.74 m, speed: 0.14 m/s, controller: MPPI
[INFO] [1791205625.575656581] [mowing_path_client]: Distance to goal: 5.59 m, speed: 0.16 m/s, controller: MPPI
[INFO] [1791205626.575657169] [mowing_path_client]: Distance to goal: 5.44 m, speed: 0.21 m/s, controller: MPPI
[INFO] [1791205627.608868453] [mowing_path_client]: Distance to goal: 5.20 m, speed: 0.27 m/s, controller: MPPI
[INFO] [1791205628.642223976] [mowing_path_client]: Distance to goal: 4.75 m, speed: 0.73 m/s, controller: MPPI
[INFO] [1791205629.642259615] [mowing_path_client]: Distance to goal: 3.95 m, speed: 0.83 m/s, controller: MPPI
[INFO] [1791205630.675654293] [mowing_path_client]: Distance to goal: 3.10 m, speed: 0.83 m/s, controller: MPPI
[INFO] [1791205631.708932827] [mowing_path_client]: Distance to goal: 2.20 m, speed: 0.83 m/s, controller: MPPI
[INFO] [1791205632.708972708] [mowing_path_client]: Distance to goal: 1.40 m, speed: 0.83 m/s, controller: MPPI
[INFO] [1791205633.742165175] [mowing_path_client]: Distance to goal: 0.60 m, speed: 0.59 m/s, controller: MPPI
[INFO] [1791205634.309579796] [mowing_path_client]: Coverage path completed
