[INFO] [launch]: All log files can be found below /home/nermin/.ros/log/2026-10-05-15-06-20-861785-Nermin-221485
[INFO] [launch]: Default logging verbosity is set to INFO

[mower_sim] Controller: SWITCHING
[mower_sim] Odometry: ground_truth
[mower_sim] Params: /home/nermin/Documents/Thesis/code/Autonomous-Lawn-Mower-Navigation/install/mower_sim/share/mower_sim/config/nav2_switching.yaml

[INFO] [gzserver-1]: process started with pid [221507]
[INFO] [robot_state_publisher-2]: process started with pid [221509]
[INFO] [spawn_entity.py-3]: process started with pid [221511]
[INFO] [ground_truth_tf_publisher-4]: process started with pid [221513]
[INFO] [robot_trail_publisher-5]: process started with pid [221515]
[INFO] [coverage_monitor-6]: process started with pid [221517]
[robot_state_publisher-2] [INFO] [1791205580.979524678] [robot_state_publisher]: got segment base_footprint
[robot_state_publisher-2] [INFO] [1791205580.979576227] [robot_state_publisher]: got segment base_link
[robot_state_publisher-2] [INFO] [1791205580.979582246] [robot_state_publisher]: got segment base_scan
[robot_state_publisher-2] [INFO] [1791205580.979586043] [robot_state_publisher]: got segment front_left_caster
[robot_state_publisher-2] [INFO] [1791205580.979589872] [robot_state_publisher]: got segment front_right_caster
[robot_state_publisher-2] [INFO] [1791205580.979593742] [robot_state_publisher]: got segment left_wheel
[robot_state_publisher-2] [INFO] [1791205580.979597412] [robot_state_publisher]: got segment right_wheel
[gzserver-1] Gazebo multi-robot simulator, version 11.10.2
[gzserver-1] Copyright (C) 2012 Open Source Robotics Foundation.
[gzserver-1] Released under the Apache 2 License.
[gzserver-1] http://gazebosim.org
[gzserver-1] 
[robot_trail_publisher-5] [INFO] [1791205581.393300938] [robot_trail_publisher]: Robot trail: /ground_truth/pose on /robot_trail
[spawn_entity.py-3] [INFO] [1791205581.447792118] [spawn_entity]: Spawn Entity started
[spawn_entity.py-3] [INFO] [1791205581.448083587] [spawn_entity]: Loading entity published on topic robot_description
[spawn_entity.py-3] [INFO] [1791205581.449230072] [spawn_entity]: Waiting for entity xml on robot_description
[spawn_entity.py-3] [INFO] [1791205581.450940714] [spawn_entity]: Waiting for service /spawn_entity, timeout = 120
[spawn_entity.py-3] [INFO] [1791205581.451207425] [spawn_entity]: Waiting for service /spawn_entity
[coverage_monitor-6] [INFO] [1791205581.466122091] [coverage_monitor]: Coverage monitor: field from /coverage_path
[gzserver-1] [1;33m[Wrn] [gazebo_ros_init.cpp:178] [0m[1;33m
[gzserver-1] #     # ####### ####### ###  #####  #######
[gzserver-1] ##    # #     #    #     #  #     # #
[gzserver-1] # #   # #     #    #     #  #       #
[gzserver-1] #  #  # #     #    #     #  #       #####
[gzserver-1] #   # # #     #    #     #  #       #
[gzserver-1] #    ## #     #    #     #  #     # #
[gzserver-1] #     # #######    #    ###  #####  #######
[gzserver-1] 
[gzserver-1] This version of Gazebo, now called Gazebo classic, reaches end-of-life
[gzserver-1] in January 2025. Users are highly encouraged to migrate to the new Gazebo
[gzserver-1] using our migration guides (https://gazebosim.org/docs/latest/gazebo_classic_migration?utm_source=gazebo_ros_pkgs&utm_medium=cli)
[gzserver-1] 
[gzserver-1] [0m[1;33m
[ground_truth_tf_publisher-4] [INFO] [1791205581.503833866] [ground_truth_tf_publisher]: Ground truth TF publisher started for "mower": map -> odom (ground truth correction)
[gzserver-1] [0m[1;33m[0m[1;33m[0m[INFO] [1791205581.760327905] [gazebo.gazebo_ros_state]: Publishing states of gazebo models at [/gazebo/model_states]
[gzserver-1] [INFO] [1791205581.760667669] [gazebo.gazebo_ros_state]: Publishing states of gazebo links at [/gazebo/link_states]
[spawn_entity.py-3] [INFO] [1791205581.954290794] [spawn_entity]: Calling service /spawn_entity
[spawn_entity.py-3] [INFO] [1791205582.224197739] [spawn_entity]: Spawn status: SpawnEntity: Successfully spawned entity [mower]
[gzserver-1] [INFO] [1791205582.334017495] [diff_drive]: Wheel pair 1 separation set to [0.700000m]
[gzserver-1] [INFO] [1791205582.334053135] [diff_drive]: Wheel pair 1 diameter set to [0.300000m]
[gzserver-1] [INFO] [1791205582.334394808] [diff_drive]: Subscribed to [/cmd_vel]
[gzserver-1] [INFO] [1791205582.335100838] [diff_drive]: Advertise odometry on [/odom]
[gzserver-1] [INFO] [1791205582.335940028] [diff_drive]: Publishing odom transforms between [odom] and [base_footprint]
[gzserver-1] [INFO] [1791205582.340970402] [joint_states]: Going to publish joint [left_wheel_joint]
[gzserver-1] [INFO] [1791205582.340991137] [joint_states]: Going to publish joint [right_wheel_joint]
[ground_truth_tf_publisher-4] [WARN] [1791205582.343209181] [ground_truth_tf_publisher]: Waiting for odom -> base_footprint: "odom" passed to lookupTransform argument target_frame does not exist. 
[INFO] [spawn_entity.py-3]: process has finished cleanly [pid 221511]
[gzserver-1] [1;32m[Msg] [0m[1;32mWaiting for master.[0m[1;32m
[gzserver-1] [0m[1;32m[0m[1;32m[0m[1;32m[Msg] [0m[1;32mConnected to gazebo master @ [0m[1;32mhttp://127.0.0.1:11345[0m[1;32m
[gzserver-1] [0m[1;32m[0m[1;32m[0m[1;32m[Msg] [0m[1;32mPublicized address: [0m[1;32m10.169.222.221[0m[1;32m
[gzserver-1] [0m[1;32m[0m[1;32m[0m[1;32m[Msg] [0m[1;32mLoading world file [[0m[1;32m/home/nermin/Documents/Thesis/code/Autonomous-Lawn-Mower-Navigation/install/mower_sim/share/mower_sim/worlds/empty_field.world[0m[1;32m][0m[1;32m
[INFO] [map_server-7]: process started with pid [221906]
[INFO] [lifecycle_manager-8]: process started with pid [221908]
[INFO] [controller_server-9]: process started with pid [221910]
[INFO] [smoother_server-10]: process started with pid [221912]
[INFO] [planner_server-11]: process started with pid [221914]
[INFO] [behavior_server-12]: process started with pid [221916]
[INFO] [bt_navigator-13]: process started with pid [221918]
[INFO] [waypoint_follower-14]: process started with pid [221920]
[INFO] [velocity_smoother-15]: process started with pid [221922]
[INFO] [lifecycle_manager-16]: process started with pid [221924]
[lifecycle_manager-8] [INFO] [1791205601.119120889] [lifecycle_manager_map_server]: Creating
[lifecycle_manager-8] [INFO] [1791205601.121368557] [lifecycle_manager_map_server]: [34m[1mCreating and initializing lifecycle service clients[0m[0m
[waypoint_follower-14] [INFO] [1791205601.122490493] [waypoint_follower]: 
[waypoint_follower-14] 	waypoint_follower lifecycle node launched. 
[waypoint_follower-14] 	Waiting on external lifecycle transitions to activate
[waypoint_follower-14] 	See https://design.ros2.org/articles/node_lifecycle.html for more information.
[controller_server-9] [INFO] [1791205601.122747182] [controller_server]: 
[controller_server-9] 	controller_server lifecycle node launched. 
[controller_server-9] 	Waiting on external lifecycle transitions to activate
[controller_server-9] 	See https://design.ros2.org/articles/node_lifecycle.html for more information.
[waypoint_follower-14] [INFO] [1791205601.124459000] [waypoint_follower]: Creating
[smoother_server-10] [INFO] [1791205601.125276503] [smoother_server]: 
[smoother_server-10] 	smoother_server lifecycle node launched. 
[smoother_server-10] 	Waiting on external lifecycle transitions to activate
[smoother_server-10] 	See https://design.ros2.org/articles/node_lifecycle.html for more information.
[smoother_server-10] [INFO] [1791205601.126274590] [smoother_server]: Creating smoother server
[velocity_smoother-15] [INFO] [1791205601.128185761] [velocity_smoother]: 
[velocity_smoother-15] 	velocity_smoother lifecycle node launched. 
[velocity_smoother-15] 	Waiting on external lifecycle transitions to activate
[velocity_smoother-15] 	See https://design.ros2.org/articles/node_lifecycle.html for more information.
[controller_server-9] [INFO] [1791205601.128904356] [controller_server]: Creating controller server
[map_server-7] [INFO] [1791205601.129219222] [map_server]: 
[map_server-7] 	map_server lifecycle node launched. 
[map_server-7] 	Waiting on external lifecycle transitions to activate
[map_server-7] 	See https://design.ros2.org/articles/node_lifecycle.html for more information.
[map_server-7] [INFO] [1791205601.129288190] [map_server]: Creating
[lifecycle_manager-16] [INFO] [1791205601.135397676] [lifecycle_manager_navigation]: Creating
[bt_navigator-13] [INFO] [1791205601.135813241] [bt_navigator]: 
[bt_navigator-13] 	bt_navigator lifecycle node launched. 
[bt_navigator-13] 	Waiting on external lifecycle transitions to activate
[bt_navigator-13] 	See https://design.ros2.org/articles/node_lifecycle.html for more information.
[bt_navigator-13] [INFO] [1791205601.135905231] [bt_navigator]: Creating
[behavior_server-12] [INFO] [1791205601.135951642] [behavior_server]: 
[behavior_server-12] 	behavior_server lifecycle node launched. 
[behavior_server-12] 	Waiting on external lifecycle transitions to activate
[behavior_server-12] 	See https://design.ros2.org/articles/node_lifecycle.html for more information.
[planner_server-11] [INFO] [1791205601.136262135] [planner_server]: 
[planner_server-11] 	planner_server lifecycle node launched. 
[planner_server-11] 	Waiting on external lifecycle transitions to activate
[planner_server-11] 	See https://design.ros2.org/articles/node_lifecycle.html for more information.
[lifecycle_manager-16] [INFO] [1791205601.136963916] [lifecycle_manager_navigation]: [34m[1mCreating and initializing lifecycle service clients[0m[0m
[planner_server-11] [INFO] [1791205601.137548398] [planner_server]: Creating
[controller_server-9] [INFO] [1791205601.139412634] [local_costmap.local_costmap]: 
[controller_server-9] 	local_costmap lifecycle node launched. 
[controller_server-9] 	Waiting on external lifecycle transitions to activate
[controller_server-9] 	See https://design.ros2.org/articles/node_lifecycle.html for more information.
[controller_server-9] [INFO] [1791205601.139914616] [local_costmap.local_costmap]: Creating Costmap
[lifecycle_manager-8] [INFO] [1791205601.139679570] [lifecycle_manager_map_server]: [34m[1mStarting managed nodes bringup...[0m[0m
[lifecycle_manager-8] [INFO] [1791205601.139720108] [lifecycle_manager_map_server]: [34m[1mConfiguring map_server[0m[0m
[map_server-7] [INFO] [1791205601.142083215] [map_server]: Configuring
[map_server-7] [INFO] [1791205601.142148982] [map_io]: Loading yaml file: /home/nermin/Documents/Thesis/code/Autonomous-Lawn-Mower-Navigation/install/mower_sim/share/mower_sim/maps/empty_map.yaml
[map_server-7] [INFO] [1791205601.143134428] [map_io]: resolution: 0.05
[map_server-7] [INFO] [1791205601.143177641] [map_io]: origin[0]: -50
[map_server-7] [INFO] [1791205601.143189654] [map_io]: origin[1]: -50
[map_server-7] [INFO] [1791205601.143200070] [map_io]: origin[2]: 0
[map_server-7] [INFO] [1791205601.143211557] [map_io]: free_thresh: 0.196
[map_server-7] [INFO] [1791205601.143223292] [map_io]: occupied_thresh: 0.65
[map_server-7] [INFO] [1791205601.143235191] [map_io]: mode: trinary
[map_server-7] [INFO] [1791205601.143246883] [map_io]: negate: 0
[map_server-7] [INFO] [1791205601.143628894] [map_io]: Loading image_file: /home/nermin/Documents/Thesis/code/Autonomous-Lawn-Mower-Navigation/install/mower_sim/share/mower_sim/maps/empty_map.pgm
[lifecycle_manager-16] [INFO] [1791205601.154357498] [lifecycle_manager_navigation]: [34m[1mStarting managed nodes bringup...[0m[0m
[lifecycle_manager-16] [INFO] [1791205601.154402193] [lifecycle_manager_navigation]: [34m[1mConfiguring controller_server[0m[0m
[controller_server-9] [INFO] [1791205601.154638757] [controller_server]: Configuring controller interface
[controller_server-9] [INFO] [1791205601.154777623] [controller_server]: getting goal checker plugins..
[controller_server-9] [INFO] [1791205601.154805388] [controller_server]: Controller frequency set to 30.0000Hz
[controller_server-9] [INFO] [1791205601.154828608] [local_costmap.local_costmap]: Configuring
[planner_server-11] [INFO] [1791205601.154705508] [global_costmap.global_costmap]: 
[planner_server-11] 	global_costmap lifecycle node launched. 
[planner_server-11] 	Waiting on external lifecycle transitions to activate
[planner_server-11] 	See https://design.ros2.org/articles/node_lifecycle.html for more information.
[planner_server-11] [INFO] [1791205601.155169068] [global_costmap.global_costmap]: Creating Costmap
[controller_server-9] [INFO] [1791205601.158452482] [local_costmap.local_costmap]: Using plugin "static_layer"
[controller_server-9] [INFO] [1791205601.160817790] [local_costmap.local_costmap]: Subscribing to the map topic (/map) with transient local durability
[controller_server-9] [INFO] [1791205601.161164212] [local_costmap.local_costmap]: Initialized plugin "static_layer"
[controller_server-9] [INFO] [1791205601.161178788] [local_costmap.local_costmap]: Using plugin "voxel_layer"
[controller_server-9] [INFO] [1791205601.161664716] [local_costmap.local_costmap]: Subscribed to Topics: scan
[controller_server-9] [INFO] [1791205601.164162878] [local_costmap.local_costmap]: Initialized plugin "voxel_layer"
[controller_server-9] [INFO] [1791205601.164179364] [local_costmap.local_costmap]: Using plugin "inflation_layer"
[controller_server-9] [INFO] [1791205601.164629201] [local_costmap.local_costmap]: Initialized plugin "inflation_layer"
[controller_server-9] [INFO] [1791205601.167358285] [controller_server]: Created progress_checker : progress_checker of type nav2_controller::SimpleProgressChecker
[controller_server-9] [INFO] [1791205601.167801774] [controller_server]: Created goal checker : general_goal_checker of type nav2_controller::SimpleGoalChecker
[controller_server-9] [INFO] [1791205601.168018555] [controller_server]: Controller Server has general_goal_checker  goal checkers available.
[controller_server-9] [INFO] [1791205601.168375137] [controller_server]: Created controller : RPP of type nav2_regulated_pure_pursuit_controller::RegulatedPurePursuitController
[controller_server-9] [INFO] [1791205601.171002685] [controller_server]: Created controller : MPPI of type nav2_mppi_controller::MPPIController
[controller_server-9] [WARN] [1791205601.171982778] [controller_server]: Controller period is less then model dt, consider setting it equal
[controller_server-9] [INFO] [1791205601.172749473] [controller_server]: ConstraintCritic instantiated with 1 power and 4.000000 weight.
[controller_server-9] [INFO] [1791205601.172774098] [controller_server]: Critic loaded : mppi::critics::ConstraintCritic
[controller_server-9] [INFO] [1791205601.173007312] [controller_server]: GoalCritic instantiated with 1 power and 2.000000 weight.
[controller_server-9] [INFO] [1791205601.173017685] [controller_server]: Critic loaded : mppi::critics::GoalCritic
[controller_server-9] [INFO] [1791205601.173218890] [controller_server]: GoalAngleCritic instantiated with 1 power, 1.000000 weight, and 0.300000 angular threshold.
[controller_server-9] [INFO] [1791205601.173228867] [controller_server]: Critic loaded : mppi::critics::GoalAngleCritic
[controller_server-9] [INFO] [1791205601.173685100] [controller_server]: ReferenceTrajectoryCritic instantiated with 1 power and 14.000000 weight
[controller_server-9] [INFO] [1791205601.173701640] [controller_server]: Critic loaded : mppi::critics::PathAlignCritic
[controller_server-9] [INFO] [1791205601.173981986] [controller_server]: Critic loaded : mppi::critics::PathFollowCritic
[controller_server-9] [INFO] [1791205601.174374468] [controller_server]: PathAngleCritic instantiated with 1 power and 2.000000 weight. Reversing allowed.
[controller_server-9] [INFO] [1791205601.174390615] [controller_server]: Critic loaded : mppi::critics::PathAngleCritic
[controller_server-9] [INFO] [1791205601.174953431] [controller_server]: ObstaclesCritic instantiated with 1 power and 20.000000 / 2.000000 weights. Critic will collision check based on footprint cost.
[controller_server-9] [INFO] [1791205601.174967431] [controller_server]: Critic loaded : mppi::critics::ObstaclesCritic
[controller_server-9] [INFO] [1791205601.175197224] [controller_server]: PreferForwardCritic instantiated with 1 power and 1.000000 weight.
[controller_server-9] [INFO] [1791205601.175225712] [controller_server]: Critic loaded : mppi::critics::PreferForwardCritic
[controller_server-9] [INFO] [1791205601.175490349] [controller_server]: VelocityDeadbandCritic instantiated with 1 power, 0.5 weight, deadband_velocity [0.02,0,0.02]
[controller_server-9] [INFO] [1791205601.175502640] [controller_server]: Critic loaded : mppi::critics::VelocityDeadbandCritic
[controller_server-9] [INFO] [1791205601.175674341] [controller_server]: TwirlingCritic instantiated with 1 power and 1.000000 weight.
[controller_server-9] [INFO] [1791205601.175687422] [controller_server]: Critic loaded : mppi::critics::TwirlingCritic
[controller_server-9] [INFO] [1791205601.176905724] [controller_server]: Optimizer reset
[controller_server-9] [INFO] [1791205601.177917949] [MPPIController]: Configured MPPI Controller: MPPI
[controller_server-9] [INFO] [1791205601.178822455] [controller_server]: Created controller : DWB of type dwb_core::DWBLocalPlanner
[controller_server-9] [INFO] [1791205601.179383562] [controller_server]: Setting transform_tolerance to 0.200000
[controller_server-9] [INFO] [1791205601.183057455] [controller_server]: Using critic "RotateToGoal" (dwb_critics::RotateToGoalCritic)
[controller_server-9] [INFO] [1791205601.183373833] [controller_server]: Critic plugin initialized
[controller_server-9] [INFO] [1791205601.183452370] [controller_server]: Using critic "BaseObstacle" (dwb_critics::BaseObstacleCritic)
[controller_server-9] [INFO] [1791205601.183559777] [controller_server]: Critic plugin initialized
[controller_server-9] [INFO] [1791205601.183632189] [controller_server]: Using critic "PathAlign" (dwb_critics::PathAlignCritic)
[controller_server-9] [INFO] [1791205601.183822663] [controller_server]: Critic plugin initialized
[controller_server-9] [INFO] [1791205601.183894901] [controller_server]: Using critic "PathDist" (dwb_critics::PathDistCritic)
[controller_server-9] [INFO] [1791205601.184039891] [controller_server]: Critic plugin initialized
[controller_server-9] [INFO] [1791205601.184116938] [controller_server]: Using critic "GoalDist" (dwb_critics::GoalDistCritic)
[controller_server-9] [INFO] [1791205601.184255089] [controller_server]: Critic plugin initialized
[controller_server-9] [INFO] [1791205601.184267809] [controller_server]: Controller Server has RPP MPPI DWB  controllers available.
[lifecycle_manager-16] [INFO] [1791205601.186270332] [lifecycle_manager_navigation]: [34m[1mConfiguring smoother_server[0m[0m
[smoother_server-10] [INFO] [1791205601.186395003] [smoother_server]: Configuring smoother server
[smoother_server-10] [INFO] [1791205601.189383751] [smoother_server]: Created smoother : simple_smoother of type nav2_smoother::SimpleSmoother
[smoother_server-10] [INFO] [1791205601.189649076] [smoother_server]: Smoother Server has simple_smoother  smoothers available.
[lifecycle_manager-16] [INFO] [1791205601.191175846] [lifecycle_manager_navigation]: [34m[1mConfiguring planner_server[0m[0m
[planner_server-11] [INFO] [1791205601.191286170] [planner_server]: Configuring
[planner_server-11] [INFO] [1791205601.191313569] [global_costmap.global_costmap]: Configuring
[planner_server-11] [INFO] [1791205601.193091045] [global_costmap.global_costmap]: Using plugin "static_layer"
[planner_server-11] [INFO] [1791205601.195079068] [global_costmap.global_costmap]: Subscribing to the map topic (/map) with transient local durability
[planner_server-11] [INFO] [1791205601.195380328] [global_costmap.global_costmap]: Initialized plugin "static_layer"
[planner_server-11] [INFO] [1791205601.195393089] [global_costmap.global_costmap]: Using plugin "obstacle_layer"
[planner_server-11] [INFO] [1791205601.195719104] [global_costmap.global_costmap]: Subscribed to Topics: scan
[planner_server-11] [INFO] [1791205601.196945084] [global_costmap.global_costmap]: Initialized plugin "obstacle_layer"
[planner_server-11] [INFO] [1791205601.196962851] [global_costmap.global_costmap]: Using plugin "inflation_layer"
[planner_server-11] [INFO] [1791205601.197394539] [global_costmap.global_costmap]: Initialized plugin "inflation_layer"
[planner_server-11] [INFO] [1791205601.200078548] [planner_server]: Created global planner plugin GridBased of type nav2_navfn_planner/NavfnPlanner
[planner_server-11] [INFO] [1791205601.200107274] [planner_server]: Configuring plugin GridBased of type NavfnPlanner
[planner_server-11] [INFO] [1791205601.200462868] [planner_server]: Planner Server has GridBased  planners available.
[lifecycle_manager-16] [INFO] [1791205601.203312368] [lifecycle_manager_navigation]: [34m[1mConfiguring behavior_server[0m[0m
[behavior_server-12] [INFO] [1791205601.203415494] [behavior_server]: Configuring
[behavior_server-12] [INFO] [1791205601.206446377] [behavior_server]: Creating behavior plugin spin of type nav2_behaviors/Spin
[behavior_server-12] [INFO] [1791205601.206893124] [behavior_server]: Configuring spin
[behavior_server-12] [INFO] [1791205601.208371586] [behavior_server]: Creating behavior plugin backup of type nav2_behaviors/BackUp
[behavior_server-12] [INFO] [1791205601.208773668] [behavior_server]: Configuring backup
[behavior_server-12] [INFO] [1791205601.210036528] [behavior_server]: Creating behavior plugin drive_on_heading of type nav2_behaviors/DriveOnHeading
[behavior_server-12] [INFO] [1791205601.210406264] [behavior_server]: Configuring drive_on_heading
[behavior_server-12] [INFO] [1791205601.211705700] [behavior_server]: Creating behavior plugin assisted_teleop of type nav2_behaviors/AssistedTeleop
[behavior_server-12] [INFO] [1791205601.212597278] [behavior_server]: Configuring assisted_teleop
[behavior_server-12] [INFO] [1791205601.214263632] [behavior_server]: Creating behavior plugin wait of type nav2_behaviors/Wait
[behavior_server-12] [INFO] [1791205601.214638335] [behavior_server]: Configuring wait
[lifecycle_manager-16] [INFO] [1791205601.215956461] [lifecycle_manager_navigation]: [34m[1mConfiguring bt_navigator[0m[0m
[bt_navigator-13] [INFO] [1791205601.216061399] [bt_navigator]: Configuring
[lifecycle_manager-16] [INFO] [1791205601.242327617] [lifecycle_manager_navigation]: [34m[1mConfiguring waypoint_follower[0m[0m
[waypoint_follower-14] [INFO] [1791205601.242440860] [waypoint_follower]: Configuring
[waypoint_follower-14] [INFO] [1791205601.245484170] [waypoint_follower]: Created waypoint_task_executor : wait_at_waypoint of type nav2_waypoint_follower::WaitAtWaypoint
[lifecycle_manager-16] [INFO] [1791205601.245869664] [lifecycle_manager_navigation]: [34m[1mConfiguring velocity_smoother[0m[0m
[velocity_smoother-15] [INFO] [1791205601.245978546] [velocity_smoother]: Configuring velocity smoother
[lifecycle_manager-16] [INFO] [1791205601.247396820] [lifecycle_manager_navigation]: [34m[1mActivating controller_server[0m[0m
[controller_server-9] [INFO] [1791205601.247479656] [controller_server]: Activating
[controller_server-9] [INFO] [1791205601.247511232] [local_costmap.local_costmap]: Activating
[controller_server-9] [INFO] [1791205601.247521103] [local_costmap.local_costmap]: Checking transform
[controller_server-9] [INFO] [1791205601.247608656] [local_costmap.local_costmap]: start
[map_server-7] [INFO] [1791205601.416501689] [map_io]: Read map /home/nermin/Documents/Thesis/code/Autonomous-Lawn-Mower-Navigation/install/mower_sim/share/mower_sim/maps/empty_map.pgm: 2000 X 2000 map @ 0.05 m/cell
[lifecycle_manager-8] [INFO] [1791205601.423046895] [lifecycle_manager_map_server]: [34m[1mActivating map_server[0m[0m
[map_server-7] [INFO] [1791205601.423126778] [map_server]: Activating
[map_server-7] [INFO] [1791205601.427283899] [map_server]: Creating bond (map_server) to lifecycle manager.
[planner_server-11] [INFO] [1791205601.431763742] [global_costmap.global_costmap]: StaticLayer: Resizing costmap to 2000 X 2000 at 0.050000 m/pix
[controller_server-9] [INFO] [1791205601.431816681] [local_costmap.local_costmap]: StaticLayer: Resizing static layer to 2000 X 2000 at 0.050000 m/pix
[controller_server-9] [WARN] [1791205601.497953756] [controller_server]: Parameter controller_server.verbose not found
[controller_server-9] [INFO] [1791205601.498600355] [controller_server]: Optimizer reset
[controller_server-9] [INFO] [1791205601.498693973] [MPPIController]: Activated MPPI Controller: MPPI
[controller_server-9] [INFO] [1791205601.498719031] [controller_server]: Activating controller: RPP of type regulated_pure_pursuit_controller::RegulatedPurePursuitController
[controller_server-9] [INFO] [1791205601.498766183] [controller_server]: Creating bond (controller_server) to lifecycle manager.
[lifecycle_manager-8] [INFO] [1791205601.528900024] [lifecycle_manager_map_server]: Server map_server connected with bond.
[lifecycle_manager-8] [INFO] [1791205601.528939657] [lifecycle_manager_map_server]: [34m[1mManaged nodes are active[0m[0m
[lifecycle_manager-8] [INFO] [1791205601.528966450] [lifecycle_manager_map_server]: [34m[1mCreating bond timer...[0m[0m
[lifecycle_manager-16] [INFO] [1791205601.600390678] [lifecycle_manager_navigation]: Server controller_server connected with bond.
[lifecycle_manager-16] [INFO] [1791205601.600432615] [lifecycle_manager_navigation]: [34m[1mActivating smoother_server[0m[0m
[smoother_server-10] [INFO] [1791205601.600579109] [smoother_server]: Activating
[smoother_server-10] [INFO] [1791205601.600609717] [smoother_server]: Creating bond (smoother_server) to lifecycle manager.
[lifecycle_manager-16] [INFO] [1791205601.701898458] [lifecycle_manager_navigation]: Server smoother_server connected with bond.
[lifecycle_manager-16] [INFO] [1791205601.701935223] [lifecycle_manager_navigation]: [34m[1mActivating planner_server[0m[0m
[planner_server-11] [INFO] [1791205601.702088522] [planner_server]: Activating
[planner_server-11] [INFO] [1791205601.702127286] [global_costmap.global_costmap]: Activating
[planner_server-11] [INFO] [1791205601.702136372] [global_costmap.global_costmap]: Checking transform
[planner_server-11] [INFO] [1791205601.702190860] [global_costmap.global_costmap]: start
[planner_server-11] [INFO] [1791205602.752632000] [planner_server]: Activating plugin GridBased of type NavfnPlanner
[planner_server-11] [INFO] [1791205602.753007584] [planner_server]: Creating bond (planner_server) to lifecycle manager.
[lifecycle_manager-16] [INFO] [1791205602.854457414] [lifecycle_manager_navigation]: Server planner_server connected with bond.
[lifecycle_manager-16] [INFO] [1791205602.854496077] [lifecycle_manager_navigation]: [34m[1mActivating behavior_server[0m[0m
[behavior_server-12] [INFO] [1791205602.854643174] [behavior_server]: Activating
[behavior_server-12] [INFO] [1791205602.854667180] [behavior_server]: Activating spin
[behavior_server-12] [INFO] [1791205602.854676809] [behavior_server]: Activating backup
[behavior_server-12] [INFO] [1791205602.854683918] [behavior_server]: Activating drive_on_heading
[behavior_server-12] [INFO] [1791205602.854691349] [behavior_server]: Activating assisted_teleop
[behavior_server-12] [INFO] [1791205602.854698702] [behavior_server]: Activating wait
[behavior_server-12] [INFO] [1791205602.854710067] [behavior_server]: Creating bond (behavior_server) to lifecycle manager.
[lifecycle_manager-16] [INFO] [1791205602.956233878] [lifecycle_manager_navigation]: Server behavior_server connected with bond.
[lifecycle_manager-16] [INFO] [1791205602.956272009] [lifecycle_manager_navigation]: [34m[1mActivating bt_navigator[0m[0m
[bt_navigator-13] [INFO] [1791205602.956416291] [bt_navigator]: Activating
[bt_navigator-13] [INFO] [1791205602.969329818] [bt_navigator]: Creating bond (bt_navigator) to lifecycle manager.
[lifecycle_manager-16] [INFO] [1791205603.070709991] [lifecycle_manager_navigation]: Server bt_navigator connected with bond.
[lifecycle_manager-16] [INFO] [1791205603.070776312] [lifecycle_manager_navigation]: [34m[1mActivating waypoint_follower[0m[0m
[waypoint_follower-14] [INFO] [1791205603.070972303] [waypoint_follower]: Activating
[waypoint_follower-14] [INFO] [1791205603.071007270] [waypoint_follower]: Creating bond (waypoint_follower) to lifecycle manager.
[lifecycle_manager-16] [INFO] [1791205603.172543208] [lifecycle_manager_navigation]: Server waypoint_follower connected with bond.
[lifecycle_manager-16] [INFO] [1791205603.172602925] [lifecycle_manager_navigation]: [34m[1mActivating velocity_smoother[0m[0m
[velocity_smoother-15] [INFO] [1791205603.172803416] [velocity_smoother]: Activating
[velocity_smoother-15] [INFO] [1791205603.172860932] [velocity_smoother]: Creating bond (velocity_smoother) to lifecycle manager.
[lifecycle_manager-16] [INFO] [1791205603.274423633] [lifecycle_manager_navigation]: Server velocity_smoother connected with bond.
[lifecycle_manager-16] [INFO] [1791205603.274460002] [lifecycle_manager_navigation]: [34m[1mManaged nodes are active[0m[0m
[lifecycle_manager-16] [INFO] [1791205603.274472067] [lifecycle_manager_navigation]: [34m[1mCreating bond timer...[0m[0m
[controller_server-9] [INFO] [1791205604.173666058] [controller_server]: Received a goal, begin computing control effort.
[robot_trail_publisher-5] [INFO] [1791205604.174276910] [robot_trail_publisher]: New run, trail cleared
[controller_server-9] [INFO] [1791205604.175161555] [controller_server]: Optimizer reset
[coverage_monitor-6] [INFO] [1791205604.343053236] [coverage_monitor]: New coverage path, field rebuilt
[controller_server-9] [INFO] [1791205634.308589938] [controller_server]: Reached the goal!
[WARNING] [launch]: user interrupted with ctrl-c (SIGINT)
[waypoint_follower-14] [INFO] [1791205634.670336008] [rclcpp]: signal_handler(SIGINT/SIGTERM)
[waypoint_follower-14] [INFO] [1791205634.670463100] [waypoint_follower]: Running Nav2 LifecycleNode rcl preshutdown (waypoint_follower)
[waypoint_follower-14] [INFO] [1791205634.670535647] [waypoint_follower]: Deactivating
[waypoint_follower-14] [INFO] [1791205634.670556196] [waypoint_follower]: Destroying bond (waypoint_follower) to lifecycle manager.
[lifecycle_manager-16] [INFO] [1791205634.670336174] [rclcpp]: signal_handler(SIGINT/SIGTERM)
[lifecycle_manager-16] [INFO] [1791205634.670414922] [lifecycle_manager_navigation]: Running Nav2 LifecycleManager rcl preshutdown (lifecycle_manager_navigation)
[lifecycle_manager-16] [INFO] [1791205634.670455053] [lifecycle_manager_navigation]: [34m[1mTerminating bond timer...[0m[0m
[controller_server-9] [INFO] [1791205634.670344829] [rclcpp]: signal_handler(SIGINT/SIGTERM)
[controller_server-9] [INFO] [1791205634.670407300] [controller_server]: Running Nav2 LifecycleNode rcl preshutdown (controller_server)
[controller_server-9] [INFO] [1791205634.670488814] [controller_server]: Deactivating
[controller_server-9] [INFO] [1791205634.670536889] [MPPIController]: Deactivated MPPI Controller: MPPI
[controller_server-9] [INFO] [1791205634.670542778] [controller_server]: Deactivating controller: RPP of type regulated_pure_pursuit_controller::RegulatedPurePursuitController
[controller_server-9] [INFO] [1791205634.670572560] [local_costmap.local_costmap]: Deactivating
[robot_state_publisher-2] [INFO] [1791205634.670355730] [rclcpp]: signal_handler(SIGINT/SIGTERM)
[behavior_server-12] [INFO] [1791205634.670364026] [rclcpp]: signal_handler(SIGINT/SIGTERM)
[behavior_server-12] [INFO] [1791205634.670426261] [behavior_server]: Running Nav2 LifecycleNode rcl preshutdown (behavior_server)
[behavior_server-12] [INFO] [1791205634.670492446] [behavior_server]: Deactivating
[behavior_server-12] [INFO] [1791205634.670530528] [behavior_server]: Destroying bond (behavior_server) to lifecycle manager.
[velocity_smoother-15] [INFO] [1791205634.670364854] [rclcpp]: signal_handler(SIGINT/SIGTERM)
[velocity_smoother-15] [INFO] [1791205634.670456676] [velocity_smoother]: Running Nav2 LifecycleNode rcl preshutdown (velocity_smoother)
[velocity_smoother-15] [INFO] [1791205634.670529295] [velocity_smoother]: Deactivating
[velocity_smoother-15] [INFO] [1791205634.670555905] [velocity_smoother]: Destroying bond (velocity_smoother) to lifecycle manager.
[INFO] [lifecycle_manager-16]: sending signal 'SIGINT' to process[lifecycle_manager-16]
[INFO] [velocity_smoother-15]: sending signal 'SIGINT' to process[velocity_smoother-15]
[INFO] [waypoint_follower-14]: sending signal 'SIGINT' to process[waypoint_follower-14]
[INFO] [bt_navigator-13]: sending signal 'SIGINT' to process[bt_navigator-13]
[INFO] [behavior_server-12]: sending signal 'SIGINT' to process[behavior_server-12]
[INFO] [planner_server-11]: sending signal 'SIGINT' to process[planner_server-11]
[INFO] [smoother_server-10]: sending signal 'SIGINT' to process[smoother_server-10]
[INFO] [controller_server-9]: sending signal 'SIGINT' to process[controller_server-9]
[INFO] [lifecycle_manager-8]: sending signal 'SIGINT' to process[lifecycle_manager-8]
[INFO] [map_server-7]: sending signal 'SIGINT' to process[map_server-7]
[INFO] [coverage_monitor-6]: sending signal 'SIGINT' to process[coverage_monitor-6]
[INFO] [robot_trail_publisher-5]: sending signal 'SIGINT' to process[robot_trail_publisher-5]
[INFO] [ground_truth_tf_publisher-4]: sending signal 'SIGINT' to process[ground_truth_tf_publisher-4]
[INFO] [robot_state_publisher-2]: sending signal 'SIGINT' to process[robot_state_publisher-2]
[INFO] [gzserver-1]: sending signal 'SIGINT' to process[gzserver-1]
[planner_server-11] [INFO] [1791205634.670383150] [rclcpp]: signal_handler(SIGINT/SIGTERM)
[planner_server-11] [INFO] [1791205634.670454127] [planner_server]: Running Nav2 LifecycleNode rcl preshutdown (planner_server)
[planner_server-11] [INFO] [1791205634.670521789] [planner_server]: Deactivating
[planner_server-11] [INFO] [1791205634.670551571] [global_costmap.global_costmap]: Deactivating
[smoother_server-10] [INFO] [1791205634.670381480] [rclcpp]: signal_handler(SIGINT/SIGTERM)
[smoother_server-10] [INFO] [1791205634.670449392] [smoother_server]: Running Nav2 LifecycleNode rcl preshutdown (smoother_server)
[smoother_server-10] [INFO] [1791205634.670521220] [smoother_server]: Deactivating
[smoother_server-10] [INFO] [1791205634.670539856] [smoother_server]: Destroying bond (smoother_server) to lifecycle manager.
[lifecycle_manager-8] [INFO] [1791205634.670384775] [rclcpp]: signal_handler(SIGINT/SIGTERM)
[lifecycle_manager-8] [INFO] [1791205634.670456511] [lifecycle_manager_map_server]: Running Nav2 LifecycleManager rcl preshutdown (lifecycle_manager_map_server)
[lifecycle_manager-8] [INFO] [1791205634.670504021] [lifecycle_manager_map_server]: [34m[1mTerminating bond timer...[0m[0m
[bt_navigator-13] [INFO] [1791205634.670597565] [rclcpp]: signal_handler(SIGINT/SIGTERM)
[bt_navigator-13] [INFO] [1791205634.670647146] [bt_navigator]: Running Nav2 LifecycleNode rcl preshutdown (bt_navigator)
[bt_navigator-13] [INFO] [1791205634.670714164] [bt_navigator]: Deactivating
[bt_navigator-13] [INFO] [1791205634.670737534] [bt_navigator]: Destroying bond (bt_navigator) to lifecycle manager.
[map_server-7] [INFO] [1791205634.670615503] [rclcpp]: signal_handler(SIGINT/SIGTERM)
[map_server-7] [INFO] [1791205634.670692453] [map_server]: Running Nav2 LifecycleNode rcl preshutdown (map_server)
[map_server-7] [INFO] [1791205634.670767600] [map_server]: Deactivating
[map_server-7] [INFO] [1791205634.670784880] [map_server]: Destroying bond (map_server) to lifecycle manager.
[behavior_server-12] [INFO] [1791205634.680761232] [behavior_server]: Cleaning up
[velocity_smoother-15] [INFO] [1791205634.680761166] [velocity_smoother]: Cleaning up
[velocity_smoother-15] [INFO] [1791205634.680807396] [velocity_smoother]: Destroying bond (velocity_smoother) to lifecycle manager.
[smoother_server-10] [INFO] [1791205634.680761171] [smoother_server]: Cleaning up
[waypoint_follower-14] [INFO] [1791205634.680766429] [waypoint_follower]: Cleaning up
[bt_navigator-13] [INFO] [1791205634.680952508] [bt_navigator]: Cleaning up
[map_server-7] [INFO] [1791205634.681047625] [map_server]: Cleaning up
[velocity_smoother-15] [INFO] [1791205634.681155019] [rclcpp]: signal_handler(SIGINT/SIGTERM)
[map_server-7] [INFO] [1791205634.681292278] [map_server]: Destroying bond (map_server) to lifecycle manager.
[behavior_server-12] [INFO] [1791205634.685644873] [behavior_server]: Destroying bond (behavior_server) to lifecycle manager.
[behavior_server-12] [INFO] [1791205634.686594497] [rclcpp]: signal_handler(SIGINT/SIGTERM)
[lifecycle_manager-8] [INFO] [1791205634.688365807] [rclcpp]: signal_handler(SIGINT/SIGTERM)
[map_server-7] [INFO] [1791205634.689630435] [rclcpp]: signal_handler(SIGINT/SIGTERM)
[waypoint_follower-14] [INFO] [1791205634.689775387] [waypoint_follower]: Destroying bond (waypoint_follower) to lifecycle manager.
[waypoint_follower-14] [INFO] [1791205634.690867953] [rclcpp]: signal_handler(SIGINT/SIGTERM)
[coverage_monitor-6] Traceback (most recent call last):
[coverage_monitor-6]   File "/home/nermin/Documents/Thesis/code/Autonomous-Lawn-Mower-Navigation/install/mower_sim/lib/mower_sim/coverage_monitor", line 33, in <module>
[coverage_monitor-6]     sys.exit(load_entry_point('mower-sim==0.0.0', 'console_scripts', 'coverage_monitor')())
[coverage_monitor-6]   File "/home/nermin/Documents/Thesis/code/Autonomous-Lawn-Mower-Navigation/install/mower_sim/lib/python3.10/site-packages/mower_sim/coverage_monitor.py", line 153, in main
[coverage_monitor-6]     node.destroy_node()
[coverage_monitor-6]   File "/opt/ros/humble/local/lib/python3.10/dist-packages/rclpy/node.py", line 1691, in destroy_node
[coverage_monitor-6]     self.destroy_service(self._services[0])
[coverage_monitor-6]   File "/opt/ros/humble/local/lib/python3.10/dist-packages/rclpy/node.py", line 1615, in destroy_service
[coverage_monitor-6]     service.destroy()
[coverage_monitor-6]   File "/opt/ros/humble/local/lib/python3.10/dist-packages/rclpy/service.py", line 93, in destroy
[coverage_monitor-6]     self.__service.destroy_when_not_in_use()
[coverage_monitor-6] KeyboardInterrupt
[smoother_server-10] [INFO] [1791205634.696470344] [smoother_server]: Destroying bond (smoother_server) to lifecycle manager.
[robot_state_publisher-2] [INFO] [1791205634.696702761] [rclcpp]: signal_handler(SIGINT/SIGTERM)
[smoother_server-10] [INFO] [1791205634.697071408] [rclcpp]: signal_handler(SIGINT/SIGTERM)
[planner_server-11] [INFO] [1791205634.702327966] [planner_server]: Deactivating plugin GridBased of type NavfnPlanner
[planner_server-11] [INFO] [1791205634.702360493] [planner_server]: Destroying bond (planner_server) to lifecycle manager.
[planner_server-11] [INFO] [1791205634.712564640] [planner_server]: Cleaning up
[planner_server-11] [INFO] [1791205634.728892935] [global_costmap.global_costmap]: Cleaning up
[planner_server-11] [INFO] [1791205634.734527789] [planner_server]: Cleaning up plugin GridBased of type NavfnPlanner
[planner_server-11] [INFO] [1791205634.734637512] [planner_server]: Destroying plugin GridBased of type NavfnPlanner
[velocity_smoother-15] [INFO] [1791205634.746862547] [velocity_smoother]: Destroying
[planner_server-11] [INFO] [1791205634.748107276] [planner_server]: Destroying bond (planner_server) to lifecycle manager.
[planner_server-11] [INFO] [1791205634.749334055] [rclcpp]: signal_handler(SIGINT/SIGTERM)
[ground_truth_tf_publisher-4] Traceback (most recent call last):
[ground_truth_tf_publisher-4]   File "/home/nermin/Documents/Thesis/code/Autonomous-Lawn-Mower-Navigation/install/mower_sim/lib/mower_sim/ground_truth_tf_publisher", line 33, in <module>
[ground_truth_tf_publisher-4]     sys.exit(load_entry_point('mower-sim==0.0.0', 'console_scripts', 'ground_truth_tf_publisher')())
[ground_truth_tf_publisher-4]   File "/home/nermin/Documents/Thesis/code/Autonomous-Lawn-Mower-Navigation/install/mower_sim/lib/python3.10/site-packages/mower_sim/ground_truth_tf_publisher.py", line 169, in main
[ground_truth_tf_publisher-4]     node.destroy_node()
[ground_truth_tf_publisher-4]   File "/opt/ros/humble/local/lib/python3.10/dist-packages/rclpy/node.py", line 1685, in destroy_node
[ground_truth_tf_publisher-4]     self.destroy_publisher(self._publishers[0])
[ground_truth_tf_publisher-4]   File "/opt/ros/humble/local/lib/python3.10/dist-packages/rclpy/node.py", line 1565, in destroy_publisher
[ground_truth_tf_publisher-4]     publisher.destroy()
[ground_truth_tf_publisher-4]   File "/opt/ros/humble/local/lib/python3.10/dist-packages/rclpy/publisher.py", line 99, in destroy
[ground_truth_tf_publisher-4]     self.__publisher.destroy_when_not_in_use()
[ground_truth_tf_publisher-4] KeyboardInterrupt
[map_server-7] [INFO] [1791205634.772302988] [map_server]: Destroying
[smoother_server-10] [INFO] [1791205634.773026923] [smoother_server]: Destroying
[waypoint_follower-14] [INFO] [1791205634.773192024] [waypoint_follower]: Destroying
[lifecycle_manager-8] [INFO] [1791205634.773457423] [lifecycle_manager_map_server]: Destroying lifecycle_manager_map_server
[bt_navigator-13] [INFO] [1791205634.836252947] [bt_navigator]: Completed Cleaning up
[bt_navigator-13] [INFO] [1791205634.836296872] [bt_navigator]: Destroying bond (bt_navigator) to lifecycle manager.
[bt_navigator-13] [INFO] [1791205634.837311983] [rclcpp]: signal_handler(SIGINT/SIGTERM)
[controller_server-9] [INFO] [1791205634.847743452] [controller_server]: Destroying bond (controller_server) to lifecycle manager.
[behavior_server-12] [INFO] [1791205634.856797068] [behavior_server]: Destroying
[planner_server-11] [INFO] [1791205634.857377325] [global_costmap.global_costmap]: Destroying
[controller_server-9] [INFO] [1791205634.857877258] [controller_server]: Cleaning up
[controller_server-9] [INFO] [1791205634.857960360] [MPPIController]: Cleaned up MPPI Controller: MPPI
[controller_server-9] [INFO] [1791205634.857967574] [controller_server]: Cleaning up controller: RPP of type regulated_pure_pursuit_controller::RegulatedPurePursuitController
[controller_server-9] [INFO] [1791205634.858090580] [local_costmap.local_costmap]: Cleaning up
[bt_navigator-13] [INFO] [1791205634.872203257] [bt_navigator]: Destroying
[robot_trail_publisher-5] Traceback (most recent call last):
[robot_trail_publisher-5]   File "/home/nermin/Documents/Thesis/code/Autonomous-Lawn-Mower-Navigation/install/mower_sim/lib/mower_sim/robot_trail_publisher", line 33, in <module>
[robot_trail_publisher-5]     sys.exit(load_entry_point('mower-sim==0.0.0', 'console_scripts', 'robot_trail_publisher')())
[robot_trail_publisher-5]   File "/home/nermin/Documents/Thesis/code/Autonomous-Lawn-Mower-Navigation/install/mower_sim/lib/python3.10/site-packages/mower_sim/robot_trail_publisher.py", line 98, in main
[robot_trail_publisher-5]     node.destroy_node()
[robot_trail_publisher-5]   File "/opt/ros/humble/local/lib/python3.10/dist-packages/rclpy/node.py", line 1696, in destroy_node
[robot_trail_publisher-5]     self.__node.destroy_when_not_in_use()
[robot_trail_publisher-5] KeyboardInterrupt
[INFO] [robot_state_publisher-2]: process has finished cleanly [pid 221509]
[planner_server-11] [INFO] [1791205634.884167017] [planner_server]: Destroying
[controller_server-9] [INFO] [1791205634.887527770] [controller_server]: Destroying bond (controller_server) to lifecycle manager.
[INFO] [velocity_smoother-15]: process has finished cleanly [pid 221922]
[controller_server-9] [INFO] [1791205634.889003701] [rclcpp]: signal_handler(SIGINT/SIGTERM)
[ERROR] [coverage_monitor-6]: process has died [pid 221517, exit code -2, cmd '/home/nermin/Documents/Thesis/code/Autonomous-Lawn-Mower-Navigation/install/mower_sim/lib/mower_sim/coverage_monitor --ros-args --params-file /tmp/launch_params_lemnggtn'].
[ERROR] [robot_trail_publisher-5]: process has died [pid 221515, exit code -2, cmd '/home/nermin/Documents/Thesis/code/Autonomous-Lawn-Mower-Navigation/install/mower_sim/lib/mower_sim/robot_trail_publisher --ros-args --params-file /tmp/launch_params_xlr2h2pt'].
[controller_server-9] [INFO] [1791205634.905183756] [local_costmap.local_costmap]: Destroying
[lifecycle_manager-16] [INFO] [1791205634.920879356] [rclcpp]: signal_handler(SIGINT/SIGTERM)
[lifecycle_manager-16] [INFO] [1791205634.925386831] [lifecycle_manager_navigation]: Destroying lifecycle_manager_navigation
[controller_server-9] [INFO] [1791205634.933332307] [controller_server]: Destroying
[INFO] [lifecycle_manager-8]: process has finished cleanly [pid 221908]
[INFO] [waypoint_follower-14]: process has finished cleanly [pid 221920]
[INFO] [map_server-7]: process has finished cleanly [pid 221906]
[INFO] [smoother_server-10]: process has finished cleanly [pid 221912]
[ERROR] [ground_truth_tf_publisher-4]: process has died [pid 221513, exit code -2, cmd '/home/nermin/Documents/Thesis/code/Autonomous-Lawn-Mower-Navigation/install/mower_sim/lib/mower_sim/ground_truth_tf_publisher --ros-args --params-file /tmp/launch_params_ml_e13u6'].
[INFO] [planner_server-11]: process has finished cleanly [pid 221914]
[INFO] [lifecycle_manager-16]: process has finished cleanly [pid 221924]
[INFO] [behavior_server-12]: process has finished cleanly [pid 221916]
[INFO] [bt_navigator-13]: process has finished cleanly [pid 221918]
[INFO] [controller_server-9]: process has finished cleanly [pid 221910]
[INFO] [gzserver-1]: process has finished cleanly [pid 221507]
[gzserver-1] [0m[1;32m[0m[1;32m[0m[1;36m[0m[1;32m[0m
[gzserver-1] [1;33m[0m[1;31m[0m
