[INFO] [launch]: All log files can be found below /home/nermin/.ros/log/2026-10-05-15-02-05-920014-Nermin-217073
[INFO] [launch]: Default logging verbosity is set to INFO

[mower_sim] Controller: SWITCHING
[mower_sim] Odometry: ground_truth
[mower_sim] Params: /home/nermin/Documents/Thesis/code/Autonomous-Lawn-Mower-Navigation/install/mower_sim/share/mower_sim/config/nav2_switching.yaml

[INFO] [gzserver-1]: process started with pid [217091]
[INFO] [robot_state_publisher-2]: process started with pid [217093]
[INFO] [spawn_entity.py-3]: process started with pid [217095]
[INFO] [ground_truth_tf_publisher-4]: process started with pid [217097]
[INFO] [robot_trail_publisher-5]: process started with pid [217099]
[INFO] [coverage_monitor-6]: process started with pid [217101]
[robot_state_publisher-2] [INFO] [1791205326.036591937] [robot_state_publisher]: got segment base_footprint
[robot_state_publisher-2] [INFO] [1791205326.036645904] [robot_state_publisher]: got segment base_link
[robot_state_publisher-2] [INFO] [1791205326.036652343] [robot_state_publisher]: got segment base_scan
[robot_state_publisher-2] [INFO] [1791205326.036656323] [robot_state_publisher]: got segment front_left_caster
[robot_state_publisher-2] [INFO] [1791205326.036660435] [robot_state_publisher]: got segment front_right_caster
[robot_state_publisher-2] [INFO] [1791205326.036664251] [robot_state_publisher]: got segment left_wheel
[robot_state_publisher-2] [INFO] [1791205326.036668092] [robot_state_publisher]: got segment right_wheel
[gzserver-1] Gazebo multi-robot simulator, version 11.10.2
[gzserver-1] Copyright (C) 2012 Open Source Robotics Foundation.
[gzserver-1] Released under the Apache 2 License.
[gzserver-1] http://gazebosim.org
[gzserver-1] 
[robot_trail_publisher-5] [INFO] [1791205326.437065774] [robot_trail_publisher]: Robot trail: /ground_truth/pose on /robot_trail
[coverage_monitor-6] [INFO] [1791205326.449296842] [coverage_monitor]: Coverage monitor: field from /coverage_path
[ground_truth_tf_publisher-4] [INFO] [1791205326.457454696] [ground_truth_tf_publisher]: Ground truth TF publisher started for "mower": map -> odom (ground truth correction)
[spawn_entity.py-3] [INFO] [1791205326.502027799] [spawn_entity]: Spawn Entity started
[spawn_entity.py-3] [INFO] [1791205326.502263813] [spawn_entity]: Loading entity published on topic robot_description
[spawn_entity.py-3] [INFO] [1791205326.503144109] [spawn_entity]: Waiting for entity xml on robot_description
[spawn_entity.py-3] [INFO] [1791205326.504652121] [spawn_entity]: Waiting for service /spawn_entity, timeout = 120
[spawn_entity.py-3] [INFO] [1791205326.504880426] [spawn_entity]: Waiting for service /spawn_entity
[gzserver-1] [1;33m[Wrn] [gazebo_ros_init.cpp:178] [0m[1;33m
[gzserver-1] #     # ####### ####### ###  #####  #######
[gzserver-1] ##    # #     #    #     #  #     # #
[gzserver-1] # #   # #     #    #     #  #       #
[gzserver-1] #  #  # #     #    #     #  #       #####
[gzserver-1] #   # # #     #    #     #  #       #
[gzserver-1] #    ## #     #    #     #  #     # #
[gzserver-1] #     # #######    #    ###  #####  #######
[gzserver-1] 
[gzserver-1] This version of Gazebo, now called Gazebo classic, reaches end-of-life
[gzserver-1] in January 2025. Users are highly encouraged to migrate to the new Gazebo
[gzserver-1] using our migration guides (https://gazebosim.org/docs/latest/gazebo_classic_migration?utm_source=gazebo_ros_pkgs&utm_medium=cli)
[gzserver-1] 
[gzserver-1] [0m[1;33m
[gzserver-1] [0m[1;33m[0m[1;33m[0m[INFO] [1791205326.982790114] [gazebo.gazebo_ros_state]: Publishing states of gazebo models at [/gazebo/model_states]
[gzserver-1] [INFO] [1791205326.983095109] [gazebo.gazebo_ros_state]: Publishing states of gazebo links at [/gazebo/link_states]
[spawn_entity.py-3] [INFO] [1791205327.007255152] [spawn_entity]: Calling service /spawn_entity
[spawn_entity.py-3] [INFO] [1791205327.270313153] [spawn_entity]: Spawn status: SpawnEntity: Successfully spawned entity [mower]
[gzserver-1] [INFO] [1791205327.379894763] [diff_drive]: Wheel pair 1 separation set to [0.700000m]
[gzserver-1] [INFO] [1791205327.379930699] [diff_drive]: Wheel pair 1 diameter set to [0.300000m]
[gzserver-1] [INFO] [1791205327.380274252] [diff_drive]: Subscribed to [/cmd_vel]
[gzserver-1] [INFO] [1791205327.380969229] [diff_drive]: Advertise odometry on [/odom]
[gzserver-1] [INFO] [1791205327.381773791] [diff_drive]: Publishing odom transforms between [odom] and [base_footprint]
[gzserver-1] [INFO] [1791205327.386644403] [joint_states]: Going to publish joint [left_wheel_joint]
[gzserver-1] [INFO] [1791205327.386662169] [joint_states]: Going to publish joint [right_wheel_joint]
[ground_truth_tf_publisher-4] [WARN] [1791205327.393748104] [ground_truth_tf_publisher]: Waiting for odom -> base_footprint: "odom" passed to lookupTransform argument target_frame does not exist. 
[INFO] [spawn_entity.py-3]: process has finished cleanly [pid 217095]
[gzserver-1] [1;32m[Msg] [0m[1;32mWaiting for master.[0m[1;32m
[gzserver-1] [0m[1;32m[0m[1;32m[0m[1;32m[Msg] [0m[1;32mConnected to gazebo master @ [0m[1;32mhttp://127.0.0.1:11345[0m[1;32m
[gzserver-1] [0m[1;32m[0m[1;32m[0m[1;32m[Msg] [0m[1;32mPublicized address: [0m[1;32m10.169.222.221[0m[1;32m
[gzserver-1] [0m[1;32m[0m[1;32m[0m[1;32m[Msg] [0m[1;32mLoading world file [[0m[1;32m/home/nermin/Documents/Thesis/code/Autonomous-Lawn-Mower-Navigation/install/mower_sim/share/mower_sim/worlds/empty_field.world[0m[1;32m][0m[1;32m
[INFO] [map_server-7]: process started with pid [217455]
[INFO] [lifecycle_manager-8]: process started with pid [217457]
[INFO] [controller_server-9]: process started with pid [217459]
[INFO] [smoother_server-10]: process started with pid [217461]
[INFO] [planner_server-11]: process started with pid [217463]
[INFO] [behavior_server-12]: process started with pid [217465]
[INFO] [bt_navigator-13]: process started with pid [217467]
[INFO] [waypoint_follower-14]: process started with pid [217469]
[INFO] [velocity_smoother-15]: process started with pid [217471]
[INFO] [lifecycle_manager-16]: process started with pid [217473]
[lifecycle_manager-8] [INFO] [1791205346.172226912] [lifecycle_manager_map_server]: Creating
[smoother_server-10] [INFO] [1791205346.173772106] [smoother_server]: 
[smoother_server-10] 	smoother_server lifecycle node launched. 
[smoother_server-10] 	Waiting on external lifecycle transitions to activate
[smoother_server-10] 	See https://design.ros2.org/articles/node_lifecycle.html for more information.
[controller_server-9] [INFO] [1791205346.176014992] [controller_server]: 
[controller_server-9] 	controller_server lifecycle node launched. 
[controller_server-9] 	Waiting on external lifecycle transitions to activate
[controller_server-9] 	See https://design.ros2.org/articles/node_lifecycle.html for more information.
[planner_server-11] [INFO] [1791205346.176293622] [planner_server]: 
[planner_server-11] 	planner_server lifecycle node launched. 
[planner_server-11] 	Waiting on external lifecycle transitions to activate
[planner_server-11] 	See https://design.ros2.org/articles/node_lifecycle.html for more information.
[lifecycle_manager-8] [INFO] [1791205346.176502823] [lifecycle_manager_map_server]: [34m[1mCreating and initializing lifecycle service clients[0m[0m
[smoother_server-10] [INFO] [1791205346.176998620] [smoother_server]: Creating smoother server
[planner_server-11] [INFO] [1791205346.177408739] [planner_server]: Creating
[waypoint_follower-14] [INFO] [1791205346.177458420] [waypoint_follower]: 
[waypoint_follower-14] 	waypoint_follower lifecycle node launched. 
[waypoint_follower-14] 	Waiting on external lifecycle transitions to activate
[waypoint_follower-14] 	See https://design.ros2.org/articles/node_lifecycle.html for more information.
[waypoint_follower-14] [INFO] [1791205346.177830154] [waypoint_follower]: Creating
[velocity_smoother-15] [INFO] [1791205346.181250732] [velocity_smoother]: 
[velocity_smoother-15] 	velocity_smoother lifecycle node launched. 
[velocity_smoother-15] 	Waiting on external lifecycle transitions to activate
[velocity_smoother-15] 	See https://design.ros2.org/articles/node_lifecycle.html for more information.
[controller_server-9] [INFO] [1791205346.182222520] [controller_server]: Creating controller server
[planner_server-11] [INFO] [1791205346.182969335] [global_costmap.global_costmap]: 
[planner_server-11] 	global_costmap lifecycle node launched. 
[planner_server-11] 	Waiting on external lifecycle transitions to activate
[planner_server-11] 	See https://design.ros2.org/articles/node_lifecycle.html for more information.
[planner_server-11] [INFO] [1791205346.183781479] [global_costmap.global_costmap]: Creating Costmap
[lifecycle_manager-16] [INFO] [1791205346.185940883] [lifecycle_manager_navigation]: Creating
[map_server-7] [INFO] [1791205346.186749174] [map_server]: 
[map_server-7] 	map_server lifecycle node launched. 
[map_server-7] 	Waiting on external lifecycle transitions to activate
[map_server-7] 	See https://design.ros2.org/articles/node_lifecycle.html for more information.
[map_server-7] [INFO] [1791205346.187018848] [map_server]: Creating
[lifecycle_manager-16] [INFO] [1791205346.188073178] [lifecycle_manager_navigation]: [34m[1mCreating and initializing lifecycle service clients[0m[0m
[bt_navigator-13] [INFO] [1791205346.190154098] [bt_navigator]: 
[bt_navigator-13] 	bt_navigator lifecycle node launched. 
[bt_navigator-13] 	Waiting on external lifecycle transitions to activate
[bt_navigator-13] 	See https://design.ros2.org/articles/node_lifecycle.html for more information.
[bt_navigator-13] [INFO] [1791205346.190234349] [bt_navigator]: Creating
[behavior_server-12] [INFO] [1791205346.190395471] [behavior_server]: 
[behavior_server-12] 	behavior_server lifecycle node launched. 
[behavior_server-12] 	Waiting on external lifecycle transitions to activate
[behavior_server-12] 	See https://design.ros2.org/articles/node_lifecycle.html for more information.
[controller_server-9] [INFO] [1791205346.193363076] [local_costmap.local_costmap]: 
[controller_server-9] 	local_costmap lifecycle node launched. 
[controller_server-9] 	Waiting on external lifecycle transitions to activate
[controller_server-9] 	See https://design.ros2.org/articles/node_lifecycle.html for more information.
[controller_server-9] [INFO] [1791205346.193798934] [local_costmap.local_costmap]: Creating Costmap
[lifecycle_manager-8] [INFO] [1791205346.196659394] [lifecycle_manager_map_server]: [34m[1mStarting managed nodes bringup...[0m[0m
[lifecycle_manager-8] [INFO] [1791205346.198210658] [lifecycle_manager_map_server]: [34m[1mConfiguring map_server[0m[0m
[lifecycle_manager-16] [INFO] [1791205346.206919315] [lifecycle_manager_navigation]: [34m[1mStarting managed nodes bringup...[0m[0m
[lifecycle_manager-16] [INFO] [1791205346.206961122] [lifecycle_manager_navigation]: [34m[1mConfiguring controller_server[0m[0m
[controller_server-9] [INFO] [1791205346.207092629] [controller_server]: Configuring controller interface
[controller_server-9] [INFO] [1791205346.207203377] [controller_server]: getting goal checker plugins..
[controller_server-9] [INFO] [1791205346.207219724] [controller_server]: Controller frequency set to 30.0000Hz
[controller_server-9] [INFO] [1791205346.207244365] [local_costmap.local_costmap]: Configuring
[map_server-7] [INFO] [1791205346.209478198] [map_server]: Configuring
[map_server-7] [INFO] [1791205346.209531682] [map_io]: Loading yaml file: /home/nermin/Documents/Thesis/code/Autonomous-Lawn-Mower-Navigation/install/mower_sim/share/mower_sim/maps/empty_map.yaml
[map_server-7] [INFO] [1791205346.209695451] [map_io]: resolution: 0.05
[map_server-7] [INFO] [1791205346.209701065] [map_io]: origin[0]: -50
[map_server-7] [INFO] [1791205346.209703790] [map_io]: origin[1]: -50
[map_server-7] [INFO] [1791205346.209706306] [map_io]: origin[2]: 0
[map_server-7] [INFO] [1791205346.209708923] [map_io]: free_thresh: 0.196
[map_server-7] [INFO] [1791205346.209711569] [map_io]: occupied_thresh: 0.65
[map_server-7] [INFO] [1791205346.209714397] [map_io]: mode: trinary
[map_server-7] [INFO] [1791205346.209717543] [map_io]: negate: 0
[map_server-7] [INFO] [1791205346.209853704] [map_io]: Loading image_file: /home/nermin/Documents/Thesis/code/Autonomous-Lawn-Mower-Navigation/install/mower_sim/share/mower_sim/maps/empty_map.pgm
[controller_server-9] [INFO] [1791205346.210045600] [local_costmap.local_costmap]: Using plugin "static_layer"
[controller_server-9] [INFO] [1791205346.212299814] [local_costmap.local_costmap]: Subscribing to the map topic (/map) with transient local durability
[controller_server-9] [INFO] [1791205346.212675434] [local_costmap.local_costmap]: Initialized plugin "static_layer"
[controller_server-9] [INFO] [1791205346.212690480] [local_costmap.local_costmap]: Using plugin "voxel_layer"
[controller_server-9] [INFO] [1791205346.213031649] [local_costmap.local_costmap]: Subscribed to Topics: scan
[controller_server-9] [INFO] [1791205346.215397495] [local_costmap.local_costmap]: Initialized plugin "voxel_layer"
[controller_server-9] [INFO] [1791205346.215417060] [local_costmap.local_costmap]: Using plugin "inflation_layer"
[controller_server-9] [INFO] [1791205346.215876895] [local_costmap.local_costmap]: Initialized plugin "inflation_layer"
[controller_server-9] [INFO] [1791205346.218430643] [controller_server]: Created progress_checker : progress_checker of type nav2_controller::SimpleProgressChecker
[controller_server-9] [INFO] [1791205346.218919407] [controller_server]: Created goal checker : general_goal_checker of type nav2_controller::SimpleGoalChecker
[controller_server-9] [INFO] [1791205346.219142693] [controller_server]: Controller Server has general_goal_checker  goal checkers available.
[controller_server-9] [INFO] [1791205346.219510469] [controller_server]: Created controller : RPP of type nav2_regulated_pure_pursuit_controller::RegulatedPurePursuitController
[controller_server-9] [INFO] [1791205346.222159562] [controller_server]: Created controller : MPPI of type nav2_mppi_controller::MPPIController
[controller_server-9] [WARN] [1791205346.223132884] [controller_server]: Controller period is less then model dt, consider setting it equal
[controller_server-9] [INFO] [1791205346.224053924] [controller_server]: ConstraintCritic instantiated with 1 power and 4.000000 weight.
[controller_server-9] [INFO] [1791205346.224073541] [controller_server]: Critic loaded : mppi::critics::ConstraintCritic
[controller_server-9] [INFO] [1791205346.224334268] [controller_server]: GoalCritic instantiated with 1 power and 2.000000 weight.
[controller_server-9] [INFO] [1791205346.224346837] [controller_server]: Critic loaded : mppi::critics::GoalCritic
[controller_server-9] [INFO] [1791205346.224564037] [controller_server]: GoalAngleCritic instantiated with 1 power, 1.000000 weight, and 0.300000 angular threshold.
[controller_server-9] [INFO] [1791205346.224575319] [controller_server]: Critic loaded : mppi::critics::GoalAngleCritic
[controller_server-9] [INFO] [1791205346.225006815] [controller_server]: ReferenceTrajectoryCritic instantiated with 1 power and 14.000000 weight
[controller_server-9] [INFO] [1791205346.225019969] [controller_server]: Critic loaded : mppi::critics::PathAlignCritic
[controller_server-9] [INFO] [1791205346.225298343] [controller_server]: Critic loaded : mppi::critics::PathFollowCritic
[controller_server-9] [INFO] [1791205346.225683301] [controller_server]: PathAngleCritic instantiated with 1 power and 2.000000 weight. Reversing allowed.
[controller_server-9] [INFO] [1791205346.225694466] [controller_server]: Critic loaded : mppi::critics::PathAngleCritic
[controller_server-9] [INFO] [1791205346.226239228] [controller_server]: ObstaclesCritic instantiated with 1 power and 20.000000 / 2.000000 weights. Critic will collision check based on footprint cost.
[controller_server-9] [INFO] [1791205346.226252326] [controller_server]: Critic loaded : mppi::critics::ObstaclesCritic
[controller_server-9] [INFO] [1791205346.226464112] [controller_server]: PreferForwardCritic instantiated with 1 power and 1.000000 weight.
[controller_server-9] [INFO] [1791205346.226508964] [controller_server]: Critic loaded : mppi::critics::PreferForwardCritic
[controller_server-9] [INFO] [1791205346.226742524] [controller_server]: VelocityDeadbandCritic instantiated with 1 power, 0.5 weight, deadband_velocity [0.02,0,0.02]
[controller_server-9] [INFO] [1791205346.226752431] [controller_server]: Critic loaded : mppi::critics::VelocityDeadbandCritic
[controller_server-9] [INFO] [1791205346.226917662] [controller_server]: TwirlingCritic instantiated with 1 power and 1.000000 weight.
[controller_server-9] [INFO] [1791205346.226926490] [controller_server]: Critic loaded : mppi::critics::TwirlingCritic
[controller_server-9] [INFO] [1791205346.228034284] [controller_server]: Optimizer reset
[controller_server-9] [INFO] [1791205346.229073088] [MPPIController]: Configured MPPI Controller: MPPI
[controller_server-9] [INFO] [1791205346.229930067] [controller_server]: Created controller : DWB of type dwb_core::DWBLocalPlanner
[controller_server-9] [INFO] [1791205346.230476141] [controller_server]: Setting transform_tolerance to 0.200000
[controller_server-9] [INFO] [1791205346.233839784] [controller_server]: Using critic "RotateToGoal" (dwb_critics::RotateToGoalCritic)
[controller_server-9] [INFO] [1791205346.234129033] [controller_server]: Critic plugin initialized
[controller_server-9] [INFO] [1791205346.234197097] [controller_server]: Using critic "BaseObstacle" (dwb_critics::BaseObstacleCritic)
[controller_server-9] [INFO] [1791205346.234296121] [controller_server]: Critic plugin initialized
[controller_server-9] [INFO] [1791205346.234358664] [controller_server]: Using critic "PathAlign" (dwb_critics::PathAlignCritic)
[controller_server-9] [INFO] [1791205346.234551271] [controller_server]: Critic plugin initialized
[controller_server-9] [INFO] [1791205346.234615223] [controller_server]: Using critic "PathDist" (dwb_critics::PathDistCritic)
[controller_server-9] [INFO] [1791205346.234764957] [controller_server]: Critic plugin initialized
[controller_server-9] [INFO] [1791205346.234840606] [controller_server]: Using critic "GoalDist" (dwb_critics::GoalDistCritic)
[controller_server-9] [INFO] [1791205346.234984601] [controller_server]: Critic plugin initialized
[controller_server-9] [INFO] [1791205346.234997604] [controller_server]: Controller Server has RPP MPPI DWB  controllers available.
[lifecycle_manager-16] [INFO] [1791205346.237082922] [lifecycle_manager_navigation]: [34m[1mConfiguring smoother_server[0m[0m
[smoother_server-10] [INFO] [1791205346.237217151] [smoother_server]: Configuring smoother server
[smoother_server-10] [INFO] [1791205346.240803021] [smoother_server]: Created smoother : simple_smoother of type nav2_smoother::SimpleSmoother
[smoother_server-10] [INFO] [1791205346.241133422] [smoother_server]: Smoother Server has simple_smoother  smoothers available.
[lifecycle_manager-16] [INFO] [1791205346.242799911] [lifecycle_manager_navigation]: [34m[1mConfiguring planner_server[0m[0m
[planner_server-11] [INFO] [1791205346.242931542] [planner_server]: Configuring
[planner_server-11] [INFO] [1791205346.242959492] [global_costmap.global_costmap]: Configuring
[planner_server-11] [INFO] [1791205346.244810587] [global_costmap.global_costmap]: Using plugin "static_layer"
[planner_server-11] [INFO] [1791205346.246719509] [global_costmap.global_costmap]: Subscribing to the map topic (/map) with transient local durability
[planner_server-11] [INFO] [1791205346.247045524] [global_costmap.global_costmap]: Initialized plugin "static_layer"
[planner_server-11] [INFO] [1791205346.247062345] [global_costmap.global_costmap]: Using plugin "obstacle_layer"
[planner_server-11] [INFO] [1791205346.247408093] [global_costmap.global_costmap]: Subscribed to Topics: scan
[planner_server-11] [INFO] [1791205346.248677677] [global_costmap.global_costmap]: Initialized plugin "obstacle_layer"
[planner_server-11] [INFO] [1791205346.248696404] [global_costmap.global_costmap]: Using plugin "inflation_layer"
[planner_server-11] [INFO] [1791205346.249162541] [global_costmap.global_costmap]: Initialized plugin "inflation_layer"
[planner_server-11] [INFO] [1791205346.251868575] [planner_server]: Created global planner plugin GridBased of type nav2_navfn_planner/NavfnPlanner
[planner_server-11] [INFO] [1791205346.251889616] [planner_server]: Configuring plugin GridBased of type NavfnPlanner
[planner_server-11] [INFO] [1791205346.252144892] [planner_server]: Planner Server has GridBased  planners available.
[lifecycle_manager-16] [INFO] [1791205346.254898704] [lifecycle_manager_navigation]: [34m[1mConfiguring behavior_server[0m[0m
[behavior_server-12] [INFO] [1791205346.255018223] [behavior_server]: Configuring
[behavior_server-12] [INFO] [1791205346.257854075] [behavior_server]: Creating behavior plugin spin of type nav2_behaviors/Spin
[behavior_server-12] [INFO] [1791205346.258300855] [behavior_server]: Configuring spin
[behavior_server-12] [INFO] [1791205346.259860802] [behavior_server]: Creating behavior plugin backup of type nav2_behaviors/BackUp
[behavior_server-12] [INFO] [1791205346.260269638] [behavior_server]: Configuring backup
[behavior_server-12] [INFO] [1791205346.261546657] [behavior_server]: Creating behavior plugin drive_on_heading of type nav2_behaviors/DriveOnHeading
[behavior_server-12] [INFO] [1791205346.261938870] [behavior_server]: Configuring drive_on_heading
[behavior_server-12] [INFO] [1791205346.263263676] [behavior_server]: Creating behavior plugin assisted_teleop of type nav2_behaviors/AssistedTeleop
[behavior_server-12] [INFO] [1791205346.264206742] [behavior_server]: Configuring assisted_teleop
[behavior_server-12] [INFO] [1791205346.265842860] [behavior_server]: Creating behavior plugin wait of type nav2_behaviors/Wait
[behavior_server-12] [INFO] [1791205346.266201304] [behavior_server]: Configuring wait
[lifecycle_manager-16] [INFO] [1791205346.267489419] [lifecycle_manager_navigation]: [34m[1mConfiguring bt_navigator[0m[0m
[bt_navigator-13] [INFO] [1791205346.267629541] [bt_navigator]: Configuring
[lifecycle_manager-16] [INFO] [1791205346.293261520] [lifecycle_manager_navigation]: [34m[1mConfiguring waypoint_follower[0m[0m
[waypoint_follower-14] [INFO] [1791205346.293493565] [waypoint_follower]: Configuring
[waypoint_follower-14] [INFO] [1791205346.296932794] [waypoint_follower]: Created waypoint_task_executor : wait_at_waypoint of type nav2_waypoint_follower::WaitAtWaypoint
[lifecycle_manager-16] [INFO] [1791205346.297283664] [lifecycle_manager_navigation]: [34m[1mConfiguring velocity_smoother[0m[0m
[velocity_smoother-15] [INFO] [1791205346.297397758] [velocity_smoother]: Configuring velocity smoother
[lifecycle_manager-16] [INFO] [1791205346.298849783] [lifecycle_manager_navigation]: [34m[1mActivating controller_server[0m[0m
[controller_server-9] [INFO] [1791205346.298932279] [controller_server]: Activating
[controller_server-9] [INFO] [1791205346.298962862] [local_costmap.local_costmap]: Activating
[controller_server-9] [INFO] [1791205346.298972384] [local_costmap.local_costmap]: Checking transform
[controller_server-9] [INFO] [1791205346.299041548] [local_costmap.local_costmap]: start
[map_server-7] [INFO] [1791205346.465555375] [map_io]: Read map /home/nermin/Documents/Thesis/code/Autonomous-Lawn-Mower-Navigation/install/mower_sim/share/mower_sim/maps/empty_map.pgm: 2000 X 2000 map @ 0.05 m/cell
[lifecycle_manager-8] [INFO] [1791205346.472342354] [lifecycle_manager_map_server]: [34m[1mActivating map_server[0m[0m
[map_server-7] [INFO] [1791205346.472421751] [map_server]: Activating
[map_server-7] [INFO] [1791205346.476641741] [map_server]: Creating bond (map_server) to lifecycle manager.
[controller_server-9] [INFO] [1791205346.480706609] [local_costmap.local_costmap]: StaticLayer: Resizing static layer to 2000 X 2000 at 0.050000 m/pix
[planner_server-11] [INFO] [1791205346.480839772] [global_costmap.global_costmap]: StaticLayer: Resizing costmap to 2000 X 2000 at 0.050000 m/pix
[controller_server-9] [WARN] [1791205346.549405705] [controller_server]: Parameter controller_server.verbose not found
[controller_server-9] [INFO] [1791205346.550103515] [controller_server]: Optimizer reset
[controller_server-9] [INFO] [1791205346.550233044] [MPPIController]: Activated MPPI Controller: MPPI
[controller_server-9] [INFO] [1791205346.550244483] [controller_server]: Activating controller: RPP of type regulated_pure_pursuit_controller::RegulatedPurePursuitController
[controller_server-9] [INFO] [1791205346.550267642] [controller_server]: Creating bond (controller_server) to lifecycle manager.
[lifecycle_manager-8] [INFO] [1791205346.578308849] [lifecycle_manager_map_server]: Server map_server connected with bond.
[lifecycle_manager-8] [INFO] [1791205346.578342532] [lifecycle_manager_map_server]: [34m[1mManaged nodes are active[0m[0m
[lifecycle_manager-8] [INFO] [1791205346.578353081] [lifecycle_manager_map_server]: [34m[1mCreating bond timer...[0m[0m
[lifecycle_manager-16] [INFO] [1791205346.651829379] [lifecycle_manager_navigation]: Server controller_server connected with bond.
[lifecycle_manager-16] [INFO] [1791205346.651859849] [lifecycle_manager_navigation]: [34m[1mActivating smoother_server[0m[0m
[smoother_server-10] [INFO] [1791205346.651988071] [smoother_server]: Activating
[smoother_server-10] [INFO] [1791205346.652016491] [smoother_server]: Creating bond (smoother_server) to lifecycle manager.
[lifecycle_manager-16] [INFO] [1791205346.753244237] [lifecycle_manager_navigation]: Server smoother_server connected with bond.
[lifecycle_manager-16] [INFO] [1791205346.753295812] [lifecycle_manager_navigation]: [34m[1mActivating planner_server[0m[0m
[planner_server-11] [INFO] [1791205346.753432670] [planner_server]: Activating
[planner_server-11] [INFO] [1791205346.753468959] [global_costmap.global_costmap]: Activating
[planner_server-11] [INFO] [1791205346.753478302] [global_costmap.global_costmap]: Checking transform
[planner_server-11] [INFO] [1791205346.753571761] [global_costmap.global_costmap]: start
[planner_server-11] [INFO] [1791205347.803931890] [planner_server]: Activating plugin GridBased of type NavfnPlanner
[planner_server-11] [INFO] [1791205347.804263807] [planner_server]: Creating bond (planner_server) to lifecycle manager.
[lifecycle_manager-16] [INFO] [1791205347.905594492] [lifecycle_manager_navigation]: Server planner_server connected with bond.
[lifecycle_manager-16] [INFO] [1791205347.905631976] [lifecycle_manager_navigation]: [34m[1mActivating behavior_server[0m[0m
[behavior_server-12] [INFO] [1791205347.905764073] [behavior_server]: Activating
[behavior_server-12] [INFO] [1791205347.905787760] [behavior_server]: Activating spin
[behavior_server-12] [INFO] [1791205347.905796969] [behavior_server]: Activating backup
[behavior_server-12] [INFO] [1791205347.905804317] [behavior_server]: Activating drive_on_heading
[behavior_server-12] [INFO] [1791205347.905811743] [behavior_server]: Activating assisted_teleop
[behavior_server-12] [INFO] [1791205347.905818627] [behavior_server]: Activating wait
[behavior_server-12] [INFO] [1791205347.905827485] [behavior_server]: Creating bond (behavior_server) to lifecycle manager.
[lifecycle_manager-16] [INFO] [1791205348.007179885] [lifecycle_manager_navigation]: Server behavior_server connected with bond.
[lifecycle_manager-16] [INFO] [1791205348.007212466] [lifecycle_manager_navigation]: [34m[1mActivating bt_navigator[0m[0m
[bt_navigator-13] [INFO] [1791205348.007343150] [bt_navigator]: Activating
[bt_navigator-13] [INFO] [1791205348.020348042] [bt_navigator]: Creating bond (bt_navigator) to lifecycle manager.
[lifecycle_manager-16] [INFO] [1791205348.121724078] [lifecycle_manager_navigation]: Server bt_navigator connected with bond.
[lifecycle_manager-16] [INFO] [1791205348.121758708] [lifecycle_manager_navigation]: [34m[1mActivating waypoint_follower[0m[0m
[waypoint_follower-14] [INFO] [1791205348.121922519] [waypoint_follower]: Activating
[waypoint_follower-14] [INFO] [1791205348.121952925] [waypoint_follower]: Creating bond (waypoint_follower) to lifecycle manager.
[lifecycle_manager-16] [INFO] [1791205348.223266918] [lifecycle_manager_navigation]: Server waypoint_follower connected with bond.
[lifecycle_manager-16] [INFO] [1791205348.223298173] [lifecycle_manager_navigation]: [34m[1mActivating velocity_smoother[0m[0m
[velocity_smoother-15] [INFO] [1791205348.223439057] [velocity_smoother]: Activating
[velocity_smoother-15] [INFO] [1791205348.223486863] [velocity_smoother]: Creating bond (velocity_smoother) to lifecycle manager.
[lifecycle_manager-16] [INFO] [1791205348.324934466] [lifecycle_manager_navigation]: Server velocity_smoother connected with bond.
[lifecycle_manager-16] [INFO] [1791205348.324963402] [lifecycle_manager_navigation]: [34m[1mManaged nodes are active[0m[0m
[lifecycle_manager-16] [INFO] [1791205348.324970974] [lifecycle_manager_navigation]: [34m[1mCreating bond timer...[0m[0m
[controller_server-9] [INFO] [1791205349.224174071] [controller_server]: Received a goal, begin computing control effort.
[robot_trail_publisher-5] [INFO] [1791205349.224690123] [robot_trail_publisher]: New run, trail cleared
[controller_server-9] [INFO] [1791205349.224947705] [controller_server]: Optimizer reset
[coverage_monitor-6] [INFO] [1791205349.393662149] [coverage_monitor]: New coverage path, field rebuilt
[controller_server-9] [INFO] [1791205379.425739545] [controller_server]: Reached the goal!
[WARNING] [launch]: user interrupted with ctrl-c (SIGINT)
[INFO] [lifecycle_manager-16]: sending signal 'SIGINT' to process[lifecycle_manager-16]
[INFO] [velocity_smoother-15]: sending signal 'SIGINT' to process[velocity_smoother-15]
[INFO] [waypoint_follower-14]: sending signal 'SIGINT' to process[waypoint_follower-14]
[INFO] [bt_navigator-13]: sending signal 'SIGINT' to process[bt_navigator-13]
[INFO] [behavior_server-12]: sending signal 'SIGINT' to process[behavior_server-12]
[INFO] [planner_server-11]: sending signal 'SIGINT' to process[planner_server-11]
[INFO] [smoother_server-10]: sending signal 'SIGINT' to process[smoother_server-10]
[INFO] [controller_server-9]: sending signal 'SIGINT' to process[controller_server-9]
[INFO] [lifecycle_manager-8]: sending signal 'SIGINT' to process[lifecycle_manager-8]
[INFO] [map_server-7]: sending signal 'SIGINT' to process[map_server-7]
[INFO] [coverage_monitor-6]: sending signal 'SIGINT' to process[coverage_monitor-6]
[INFO] [robot_trail_publisher-5]: sending signal 'SIGINT' to process[robot_trail_publisher-5]
[INFO] [ground_truth_tf_publisher-4]: sending signal 'SIGINT' to process[ground_truth_tf_publisher-4]
[INFO] [robot_state_publisher-2]: sending signal 'SIGINT' to process[robot_state_publisher-2]
[INFO] [gzserver-1]: sending signal 'SIGINT' to process[gzserver-1]
[map_server-7] [INFO] [1791205379.782723373] [rclcpp]: signal_handler(SIGINT/SIGTERM)
[map_server-7] [INFO] [1791205379.782856749] [map_server]: Running Nav2 LifecycleNode rcl preshutdown (map_server)
[map_server-7] [INFO] [1791205379.782947170] [map_server]: Deactivating
[map_server-7] [INFO] [1791205379.782965371] [map_server]: Destroying bond (map_server) to lifecycle manager.
[planner_server-11] [INFO] [1791205379.782722669] [rclcpp]: signal_handler(SIGINT/SIGTERM)
[planner_server-11] [INFO] [1791205379.782836420] [planner_server]: Running Nav2 LifecycleNode rcl preshutdown (planner_server)
[planner_server-11] [INFO] [1791205379.782945197] [planner_server]: Deactivating
[planner_server-11] [INFO] [1791205379.782973764] [global_costmap.global_costmap]: Deactivating
[waypoint_follower-14] [INFO] [1791205379.782748608] [rclcpp]: signal_handler(SIGINT/SIGTERM)
[waypoint_follower-14] [INFO] [1791205379.782851163] [waypoint_follower]: Running Nav2 LifecycleNode rcl preshutdown (waypoint_follower)
[waypoint_follower-14] [INFO] [1791205379.782949312] [waypoint_follower]: Deactivating
[waypoint_follower-14] [INFO] [1791205379.782967583] [waypoint_follower]: Destroying bond (waypoint_follower) to lifecycle manager.
[velocity_smoother-15] [INFO] [1791205379.782749375] [rclcpp]: signal_handler(SIGINT/SIGTERM)
[velocity_smoother-15] [INFO] [1791205379.782848900] [velocity_smoother]: Running Nav2 LifecycleNode rcl preshutdown (velocity_smoother)
[velocity_smoother-15] [INFO] [1791205379.782951428] [velocity_smoother]: Deactivating
[velocity_smoother-15] [INFO] [1791205379.782975015] [velocity_smoother]: Destroying bond (velocity_smoother) to lifecycle manager.
[lifecycle_manager-8] [INFO] [1791205379.782757990] [rclcpp]: signal_handler(SIGINT/SIGTERM)
[lifecycle_manager-8] [INFO] [1791205379.782870194] [lifecycle_manager_map_server]: Running Nav2 LifecycleManager rcl preshutdown (lifecycle_manager_map_server)
[lifecycle_manager-8] [INFO] [1791205379.782932624] [lifecycle_manager_map_server]: [34m[1mTerminating bond timer...[0m[0m
[controller_server-9] [INFO] [1791205379.782818748] [rclcpp]: signal_handler(SIGINT/SIGTERM)
[controller_server-9] [INFO] [1791205379.782881001] [controller_server]: Running Nav2 LifecycleNode rcl preshutdown (controller_server)
[controller_server-9] [INFO] [1791205379.782975516] [controller_server]: Deactivating
[controller_server-9] [INFO] [1791205379.783015823] [MPPIController]: Deactivated MPPI Controller: MPPI
[controller_server-9] [INFO] [1791205379.783022315] [controller_server]: Deactivating controller: RPP of type regulated_pure_pursuit_controller::RegulatedPurePursuitController
[controller_server-9] [INFO] [1791205379.783045874] [local_costmap.local_costmap]: Deactivating
[robot_state_publisher-2] [INFO] [1791205379.782818625] [rclcpp]: signal_handler(SIGINT/SIGTERM)
[smoother_server-10] [INFO] [1791205379.782974121] [rclcpp]: signal_handler(SIGINT/SIGTERM)
[smoother_server-10] [INFO] [1791205379.783031021] [smoother_server]: Running Nav2 LifecycleNode rcl preshutdown (smoother_server)
[smoother_server-10] [INFO] [1791205379.783090471] [smoother_server]: Deactivating
[smoother_server-10] [INFO] [1791205379.783111207] [smoother_server]: Destroying bond (smoother_server) to lifecycle manager.
[behavior_server-12] [INFO] [1791205379.783101815] [rclcpp]: signal_handler(SIGINT/SIGTERM)
[behavior_server-12] [INFO] [1791205379.783170887] [behavior_server]: Running Nav2 LifecycleNode rcl preshutdown (behavior_server)
[behavior_server-12] [INFO] [1791205379.783233028] [behavior_server]: Deactivating
[behavior_server-12] [INFO] [1791205379.783268167] [behavior_server]: Destroying bond (behavior_server) to lifecycle manager.
[bt_navigator-13] [INFO] [1791205379.783124876] [rclcpp]: signal_handler(SIGINT/SIGTERM)
[bt_navigator-13] [INFO] [1791205379.783192814] [bt_navigator]: Running Nav2 LifecycleNode rcl preshutdown (bt_navigator)
[bt_navigator-13] [INFO] [1791205379.783259772] [bt_navigator]: Deactivating
[bt_navigator-13] [INFO] [1791205379.783317442] [bt_navigator]: Destroying bond (bt_navigator) to lifecycle manager.
[lifecycle_manager-16] [INFO] [1791205379.783440087] [rclcpp]: signal_handler(SIGINT/SIGTERM)
[lifecycle_manager-16] [INFO] [1791205379.783483634] [lifecycle_manager_navigation]: Running Nav2 LifecycleManager rcl preshutdown (lifecycle_manager_navigation)
[lifecycle_manager-16] [INFO] [1791205379.783530511] [lifecycle_manager_navigation]: [34m[1mTerminating bond timer...[0m[0m
[waypoint_follower-14] [INFO] [1791205379.793183033] [waypoint_follower]: Cleaning up
[map_server-7] [INFO] [1791205379.793182596] [map_server]: Cleaning up
[map_server-7] [INFO] [1791205379.793438660] [map_server]: Destroying bond (map_server) to lifecycle manager.
[velocity_smoother-15] [INFO] [1791205379.793181935] [velocity_smoother]: Cleaning up
[velocity_smoother-15] [INFO] [1791205379.793224484] [velocity_smoother]: Destroying bond (velocity_smoother) to lifecycle manager.
[velocity_smoother-15] [INFO] [1791205379.793455386] [rclcpp]: signal_handler(SIGINT/SIGTERM)
[smoother_server-10] [INFO] [1791205379.793324834] [smoother_server]: Cleaning up
[behavior_server-12] [INFO] [1791205379.793508668] [behavior_server]: Cleaning up
[bt_navigator-13] [INFO] [1791205379.793533620] [bt_navigator]: Cleaning up
[behavior_server-12] [INFO] [1791205379.798437691] [behavior_server]: Destroying bond (behavior_server) to lifecycle manager.
[behavior_server-12] [INFO] [1791205379.799347602] [rclcpp]: signal_handler(SIGINT/SIGTERM)
[lifecycle_manager-8] [INFO] [1791205379.799708658] [rclcpp]: signal_handler(SIGINT/SIGTERM)
[waypoint_follower-14] [INFO] [1791205379.800971395] [waypoint_follower]: Destroying bond (waypoint_follower) to lifecycle manager.
[map_server-7] [INFO] [1791205379.801007837] [rclcpp]: signal_handler(SIGINT/SIGTERM)
[waypoint_follower-14] [INFO] [1791205379.802057523] [rclcpp]: signal_handler(SIGINT/SIGTERM)
[coverage_monitor-6] Traceback (most recent call last):
[coverage_monitor-6]   File "/home/nermin/Documents/Thesis/code/Autonomous-Lawn-Mower-Navigation/install/mower_sim/lib/mower_sim/coverage_monitor", line 33, in <module>
[coverage_monitor-6]     sys.exit(load_entry_point('mower-sim==0.0.0', 'console_scripts', 'coverage_monitor')())
[coverage_monitor-6]   File "/home/nermin/Documents/Thesis/code/Autonomous-Lawn-Mower-Navigation/install/mower_sim/lib/python3.10/site-packages/mower_sim/coverage_monitor.py", line 153, in main
[coverage_monitor-6]     node.destroy_node()
[coverage_monitor-6]   File "/opt/ros/humble/local/lib/python3.10/dist-packages/rclpy/node.py", line 1691, in destroy_node
[coverage_monitor-6]     self.destroy_service(self._services[0])
[coverage_monitor-6]   File "/opt/ros/humble/local/lib/python3.10/dist-packages/rclpy/node.py", line 1615, in destroy_service
[coverage_monitor-6]     service.destroy()
[coverage_monitor-6]   File "/opt/ros/humble/local/lib/python3.10/dist-packages/rclpy/service.py", line 93, in destroy
[coverage_monitor-6]     self.__service.destroy_when_not_in_use()
[coverage_monitor-6] KeyboardInterrupt
[robot_state_publisher-2] [INFO] [1791205379.806514923] [rclcpp]: signal_handler(SIGINT/SIGTERM)
[smoother_server-10] [INFO] [1791205379.809476876] [smoother_server]: Destroying bond (smoother_server) to lifecycle manager.
[smoother_server-10] [INFO] [1791205379.809992689] [rclcpp]: signal_handler(SIGINT/SIGTERM)
[map_server-7] [INFO] [1791205379.884379641] [map_server]: Destroying
[ground_truth_tf_publisher-4] Traceback (most recent call last):
[ground_truth_tf_publisher-4]   File "/home/nermin/Documents/Thesis/code/Autonomous-Lawn-Mower-Navigation/install/mower_sim/lib/mower_sim/ground_truth_tf_publisher", line 33, in <module>
[ground_truth_tf_publisher-4]     sys.exit(load_entry_point('mower-sim==0.0.0', 'console_scripts', 'ground_truth_tf_publisher')())
[ground_truth_tf_publisher-4]   File "/home/nermin/Documents/Thesis/code/Autonomous-Lawn-Mower-Navigation/install/mower_sim/lib/python3.10/site-packages/mower_sim/ground_truth_tf_publisher.py", line 169, in main
[ground_truth_tf_publisher-4]     node.destroy_node()
[ground_truth_tf_publisher-4]   File "/opt/ros/humble/local/lib/python3.10/dist-packages/rclpy/node.py", line 1685, in destroy_node
[ground_truth_tf_publisher-4]     self.destroy_publisher(self._publishers[0])
[ground_truth_tf_publisher-4]   File "/opt/ros/humble/local/lib/python3.10/dist-packages/rclpy/node.py", line 1565, in destroy_publisher
[ground_truth_tf_publisher-4]     publisher.destroy()
[ground_truth_tf_publisher-4]   File "/opt/ros/humble/local/lib/python3.10/dist-packages/rclpy/publisher.py", line 99, in destroy
[ground_truth_tf_publisher-4]     self.__publisher.destroy_when_not_in_use()
[ground_truth_tf_publisher-4] KeyboardInterrupt
[controller_server-9] [INFO] [1791205379.899209158] [controller_server]: Destroying bond (controller_server) to lifecycle manager.
[behavior_server-12] [INFO] [1791205379.907829141] [behavior_server]: Destroying
[waypoint_follower-14] [INFO] [1791205379.924779579] [waypoint_follower]: Destroying
[velocity_smoother-15] [INFO] [1791205379.925417991] [velocity_smoother]: Destroying
[controller_server-9] [INFO] [1791205379.929509934] [controller_server]: Cleaning up
[controller_server-9] [INFO] [1791205379.929578435] [MPPIController]: Cleaned up MPPI Controller: MPPI
[controller_server-9] [INFO] [1791205379.929582550] [controller_server]: Cleaning up controller: RPP of type regulated_pure_pursuit_controller::RegulatedPurePursuitController
[controller_server-9] [INFO] [1791205379.929662322] [local_costmap.local_costmap]: Cleaning up
[bt_navigator-13] [INFO] [1791205379.938803921] [bt_navigator]: Completed Cleaning up
[bt_navigator-13] [INFO] [1791205379.938843362] [bt_navigator]: Destroying bond (bt_navigator) to lifecycle manager.
[bt_navigator-13] [INFO] [1791205379.939905920] [rclcpp]: signal_handler(SIGINT/SIGTERM)
[bt_navigator-13] [INFO] [1791205379.948610815] [bt_navigator]: Destroying
[smoother_server-10] [INFO] [1791205379.954081857] [smoother_server]: Destroying
[controller_server-9] [INFO] [1791205379.964083602] [controller_server]: Destroying bond (controller_server) to lifecycle manager.
[lifecycle_manager-16] [INFO] [1791205379.966175533] [rclcpp]: signal_handler(SIGINT/SIGTERM)
[controller_server-9] [INFO] [1791205379.966266093] [rclcpp]: signal_handler(SIGINT/SIGTERM)
[lifecycle_manager-8] [INFO] [1791205379.980473428] [lifecycle_manager_map_server]: Destroying lifecycle_manager_map_server
[robot_trail_publisher-5] Traceback (most recent call last):
[robot_trail_publisher-5]   File "/home/nermin/Documents/Thesis/code/Autonomous-Lawn-Mower-Navigation/install/mower_sim/lib/mower_sim/robot_trail_publisher", line 33, in <module>
[robot_trail_publisher-5]     sys.exit(load_entry_point('mower-sim==0.0.0', 'console_scripts', 'robot_trail_publisher')())
[robot_trail_publisher-5]   File "/home/nermin/Documents/Thesis/code/Autonomous-Lawn-Mower-Navigation/install/mower_sim/lib/python3.10/site-packages/mower_sim/robot_trail_publisher.py", line 98, in main
[robot_trail_publisher-5]     node.destroy_node()
[robot_trail_publisher-5]   File "/opt/ros/humble/local/lib/python3.10/dist-packages/rclpy/node.py", line 1696, in destroy_node
[robot_trail_publisher-5]     self.__node.destroy_when_not_in_use()
[robot_trail_publisher-5] KeyboardInterrupt
[controller_server-9] [INFO] [1791205380.001776049] [local_costmap.local_costmap]: Destroying
[ERROR] [coverage_monitor-6]: process has died [pid 217101, exit code -2, cmd '/home/nermin/Documents/Thesis/code/Autonomous-Lawn-Mower-Navigation/install/mower_sim/lib/mower_sim/coverage_monitor --ros-args --params-file /tmp/launch_params_xt4urqu5'].
[ERROR] [robot_trail_publisher-5]: process has died [pid 217099, exit code -2, cmd '/home/nermin/Documents/Thesis/code/Autonomous-Lawn-Mower-Navigation/install/mower_sim/lib/mower_sim/robot_trail_publisher --ros-args --params-file /tmp/launch_params_j580dlfx'].
[controller_server-9] [INFO] [1791205380.023060525] [controller_server]: Destroying
[INFO] [robot_state_publisher-2]: process has finished cleanly [pid 217093]
[INFO] [smoother_server-10]: process has finished cleanly [pid 217461]
[INFO] [behavior_server-12]: process has finished cleanly [pid 217465]
[INFO] [velocity_smoother-15]: process has finished cleanly [pid 217471]
[INFO] [waypoint_follower-14]: process has finished cleanly [pid 217469]
[INFO] [map_server-7]: process has finished cleanly [pid 217455]
[INFO] [bt_navigator-13]: process has finished cleanly [pid 217467]
[ERROR] [ground_truth_tf_publisher-4]: process has died [pid 217097, exit code -2, cmd '/home/nermin/Documents/Thesis/code/Autonomous-Lawn-Mower-Navigation/install/mower_sim/lib/mower_sim/ground_truth_tf_publisher --ros-args --params-file /tmp/launch_params_zpd25kt8'].
[lifecycle_manager-16] [INFO] [1791205380.134101362] [lifecycle_manager_navigation]: Destroying lifecycle_manager_navigation
[INFO] [lifecycle_manager-8]: process has finished cleanly [pid 217457]
[INFO] [gzserver-1]: process has finished cleanly [pid 217091]
[gzserver-1] [0m[1;32m[0m[1;32m[0m[1;36m[0m[1;32m[0m
[gzserver-1] [1;33m[0m[1;31m[0m
[INFO] [controller_server-9]: process has finished cleanly [pid 217459]
[INFO] [lifecycle_manager-16]: process has finished cleanly [pid 217473]
[planner_server-11] [INFO] [1791205380.754063140] [planner_server]: Deactivating plugin GridBased of type NavfnPlanner
[planner_server-11] [INFO] [1791205380.754167586] [planner_server]: Destroying bond (planner_server) to lifecycle manager.
[planner_server-11] [INFO] [1791205380.764477265] [planner_server]: Cleaning up
[planner_server-11] [INFO] [1791205380.766911282] [global_costmap.global_costmap]: Cleaning up
[planner_server-11] [INFO] [1791205380.768059970] [planner_server]: Cleaning up plugin GridBased of type NavfnPlanner
[planner_server-11] [INFO] [1791205380.768302732] [planner_server]: Destroying plugin GridBased of type NavfnPlanner
[planner_server-11] [INFO] [1791205380.770804596] [planner_server]: Destroying bond (planner_server) to lifecycle manager.
[planner_server-11] [INFO] [1791205380.770941450] [rclcpp]: signal_handler(SIGINT/SIGTERM)
[planner_server-11] [INFO] [1791205380.771258536] [global_costmap.global_costmap]: Destroying
[planner_server-11] [INFO] [1791205380.771749175] [planner_server]: Destroying
[INFO] [planner_server-11]: process has finished cleanly [pid 217463]
