[INFO] [launch]: All log files can be found below /home/nermin/.ros/log/2026-10-05-14-57-05-618156-Nermin-212419
[INFO] [launch]: Default logging verbosity is set to INFO

[mower_sim] Controller: SWITCHING
[mower_sim] Odometry: ground_truth
[mower_sim] Params: /home/nermin/Documents/Thesis/code/Autonomous-Lawn-Mower-Navigation/install/mower_sim/share/mower_sim/config/nav2_switching.yaml

[INFO] [gzserver-1]: process started with pid [212450]
[INFO] [robot_state_publisher-2]: process started with pid [212452]
[INFO] [spawn_entity.py-3]: process started with pid [212454]
[INFO] [ground_truth_tf_publisher-4]: process started with pid [212456]
[INFO] [robot_trail_publisher-5]: process started with pid [212458]
[INFO] [coverage_monitor-6]: process started with pid [212460]
[robot_state_publisher-2] [INFO] [1791205025.735291080] [robot_state_publisher]: got segment base_footprint
[robot_state_publisher-2] [INFO] [1791205025.735345000] [robot_state_publisher]: got segment base_link
[robot_state_publisher-2] [INFO] [1791205025.735351335] [robot_state_publisher]: got segment base_scan
[robot_state_publisher-2] [INFO] [1791205025.735355293] [robot_state_publisher]: got segment front_left_caster
[robot_state_publisher-2] [INFO] [1791205025.735359209] [robot_state_publisher]: got segment front_right_caster
[robot_state_publisher-2] [INFO] [1791205025.735363004] [robot_state_publisher]: got segment left_wheel
[robot_state_publisher-2] [INFO] [1791205025.735366793] [robot_state_publisher]: got segment right_wheel
[gzserver-1] Gazebo multi-robot simulator, version 11.10.2
[gzserver-1] Copyright (C) 2012 Open Source Robotics Foundation.
[gzserver-1] Released under the Apache 2 License.
[gzserver-1] http://gazebosim.org
[gzserver-1] 
[robot_trail_publisher-5] [INFO] [1791205026.135066123] [robot_trail_publisher]: Robot trail: /ground_truth/pose on /robot_trail
[coverage_monitor-6] [INFO] [1791205026.159698368] [coverage_monitor]: Coverage monitor: field from /coverage_path
[spawn_entity.py-3] [INFO] [1791205026.178015104] [spawn_entity]: Spawn Entity started
[spawn_entity.py-3] [INFO] [1791205026.178271813] [spawn_entity]: Loading entity published on topic robot_description
[spawn_entity.py-3] [INFO] [1791205026.179178213] [spawn_entity]: Waiting for entity xml on robot_description
[spawn_entity.py-3] [INFO] [1791205026.180655344] [spawn_entity]: Waiting for service /spawn_entity, timeout = 120
[spawn_entity.py-3] [INFO] [1791205026.180887398] [spawn_entity]: Waiting for service /spawn_entity
[ground_truth_tf_publisher-4] [INFO] [1791205026.185113824] [ground_truth_tf_publisher]: Ground truth TF publisher started for "mower": map -> odom (ground truth correction)
[gzserver-1] [1;33m[Wrn] [gazebo_ros_init.cpp:178] [0m[1;33m
[gzserver-1] #     # ####### ####### ###  #####  #######
[gzserver-1] ##    # #     #    #     #  #     # #
[gzserver-1] # #   # #     #    #     #  #       #
[gzserver-1] #  #  # #     #    #     #  #       #####
[gzserver-1] #   # # #     #    #     #  #       #
[gzserver-1] #    ## #     #    #     #  #     # #
[gzserver-1] #     # #######    #    ###  #####  #######
[gzserver-1] 
[gzserver-1] This version of Gazebo, now called Gazebo classic, reaches end-of-life
[gzserver-1] in January 2025. Users are highly encouraged to migrate to the new Gazebo
[gzserver-1] using our migration guides (https://gazebosim.org/docs/latest/gazebo_classic_migration?utm_source=gazebo_ros_pkgs&utm_medium=cli)
[gzserver-1] 
[gzserver-1] [0m[1;33m
[spawn_entity.py-3] [INFO] [1791205026.684596179] [spawn_entity]: Calling service /spawn_entity
[gzserver-1] [0m[1;33m[0m[1;33m[0m[INFO] [1791205026.699417219] [gazebo.gazebo_ros_state]: Publishing states of gazebo models at [/gazebo/model_states]
[gzserver-1] [INFO] [1791205026.699745177] [gazebo.gazebo_ros_state]: Publishing states of gazebo links at [/gazebo/link_states]
[spawn_entity.py-3] [INFO] [1791205026.985874939] [spawn_entity]: Spawn status: SpawnEntity: Successfully spawned entity [mower]
[gzserver-1] [INFO] [1791205027.095493314] [diff_drive]: Wheel pair 1 separation set to [0.700000m]
[gzserver-1] [INFO] [1791205027.095534209] [diff_drive]: Wheel pair 1 diameter set to [0.300000m]
[gzserver-1] [INFO] [1791205027.095900519] [diff_drive]: Subscribed to [/cmd_vel]
[gzserver-1] [INFO] [1791205027.096614749] [diff_drive]: Advertise odometry on [/odom]
[gzserver-1] [INFO] [1791205027.097420704] [diff_drive]: Publishing odom transforms between [odom] and [base_footprint]
[gzserver-1] [INFO] [1791205027.102337416] [joint_states]: Going to publish joint [left_wheel_joint]
[gzserver-1] [INFO] [1791205027.102354628] [joint_states]: Going to publish joint [right_wheel_joint]
[ground_truth_tf_publisher-4] [WARN] [1791205027.109809630] [ground_truth_tf_publisher]: Waiting for odom -> base_footprint: "odom" passed to lookupTransform argument target_frame does not exist. 
[INFO] [spawn_entity.py-3]: process has finished cleanly [pid 212454]
[gzserver-1] [1;32m[Msg] [0m[1;32mWaiting for master.[0m[1;32m
[gzserver-1] [0m[1;32m[0m[1;32m[0m[1;32m[Msg] [0m[1;32mConnected to gazebo master @ [0m[1;32mhttp://127.0.0.1:11345[0m[1;32m
[gzserver-1] [0m[1;32m[0m[1;32m[0m[1;32m[Msg] [0m[1;32mPublicized address: [0m[1;32m10.169.222.221[0m[1;32m
[gzserver-1] [0m[1;32m[0m[1;32m[0m[1;32m[Msg] [0m[1;32mLoading world file [[0m[1;32m/home/nermin/Documents/Thesis/code/Autonomous-Lawn-Mower-Navigation/install/mower_sim/share/mower_sim/worlds/empty_field.world[0m[1;32m][0m[1;32m
[INFO] [map_server-7]: process started with pid [212804]
[INFO] [lifecycle_manager-8]: process started with pid [212806]
[INFO] [controller_server-9]: process started with pid [212808]
[INFO] [smoother_server-10]: process started with pid [212810]
[INFO] [planner_server-11]: process started with pid [212812]
[INFO] [behavior_server-12]: process started with pid [212814]
[INFO] [bt_navigator-13]: process started with pid [212816]
[INFO] [waypoint_follower-14]: process started with pid [212818]
[INFO] [velocity_smoother-15]: process started with pid [212820]
[INFO] [lifecycle_manager-16]: process started with pid [212822]
[lifecycle_manager-8] [INFO] [1791205045.864539350] [lifecycle_manager_map_server]: Creating
[lifecycle_manager-8] [INFO] [1791205045.866949519] [lifecycle_manager_map_server]: [34m[1mCreating and initializing lifecycle service clients[0m[0m
[controller_server-9] [INFO] [1791205045.867915779] [controller_server]: 
[controller_server-9] 	controller_server lifecycle node launched. 
[controller_server-9] 	Waiting on external lifecycle transitions to activate
[controller_server-9] 	See https://design.ros2.org/articles/node_lifecycle.html for more information.
[smoother_server-10] [INFO] [1791205045.868465039] [smoother_server]: 
[smoother_server-10] 	smoother_server lifecycle node launched. 
[smoother_server-10] 	Waiting on external lifecycle transitions to activate
[smoother_server-10] 	See https://design.ros2.org/articles/node_lifecycle.html for more information.
[smoother_server-10] [INFO] [1791205045.870613891] [smoother_server]: Creating smoother server
[planner_server-11] [INFO] [1791205045.872222011] [planner_server]: 
[planner_server-11] 	planner_server lifecycle node launched. 
[planner_server-11] 	Waiting on external lifecycle transitions to activate
[planner_server-11] 	See https://design.ros2.org/articles/node_lifecycle.html for more information.
[controller_server-9] [INFO] [1791205045.872481726] [controller_server]: Creating controller server
[waypoint_follower-14] [INFO] [1791205045.873321886] [waypoint_follower]: 
[waypoint_follower-14] 	waypoint_follower lifecycle node launched. 
[waypoint_follower-14] 	Waiting on external lifecycle transitions to activate
[waypoint_follower-14] 	See https://design.ros2.org/articles/node_lifecycle.html for more information.
[planner_server-11] [INFO] [1791205045.873911582] [planner_server]: Creating
[bt_navigator-13] [INFO] [1791205045.874733446] [bt_navigator]: 
[bt_navigator-13] 	bt_navigator lifecycle node launched. 
[bt_navigator-13] 	Waiting on external lifecycle transitions to activate
[bt_navigator-13] 	See https://design.ros2.org/articles/node_lifecycle.html for more information.
[bt_navigator-13] [INFO] [1791205045.874937175] [bt_navigator]: Creating
[waypoint_follower-14] [INFO] [1791205045.877746291] [waypoint_follower]: Creating
[velocity_smoother-15] [INFO] [1791205045.879106050] [velocity_smoother]: 
[planner_server-11] [INFO] [1791205045.879481645] [global_costmap.global_costmap]: 
[planner_server-11] 	global_costmap lifecycle node launched. 
[planner_server-11] 	Waiting on external lifecycle transitions to activate
[planner_server-11] 	See https://design.ros2.org/articles/node_lifecycle.html for more information.
[planner_server-11] [INFO] [1791205045.879881886] [global_costmap.global_costmap]: Creating Costmap
[behavior_server-12] [INFO] [1791205045.879956336] [behavior_server]: 
[behavior_server-12] 	behavior_server lifecycle node launched. 
[behavior_server-12] 	Waiting on external lifecycle transitions to activate
[behavior_server-12] 	See https://design.ros2.org/articles/node_lifecycle.html for more information.
[map_server-7] [INFO] [1791205045.880321968] [map_server]: 
[map_server-7] 	map_server lifecycle node launched. 
[map_server-7] 	Waiting on external lifecycle transitions to activate
[map_server-7] 	See https://design.ros2.org/articles/node_lifecycle.html for more information.
[map_server-7] [INFO] [1791205045.880398131] [map_server]: Creating
[controller_server-9] [INFO] [1791205045.880930978] [local_costmap.local_costmap]: 
[controller_server-9] 	local_costmap lifecycle node launched. 
[controller_server-9] 	Waiting on external lifecycle transitions to activate
[controller_server-9] 	See https://design.ros2.org/articles/node_lifecycle.html for more information.
[controller_server-9] [INFO] [1791205045.881568878] [local_costmap.local_costmap]: Creating Costmap
[lifecycle_manager-16] [INFO] [1791205045.882536849] [lifecycle_manager_navigation]: Creating
[velocity_smoother-15] 	velocity_smoother lifecycle node launched. 
[velocity_smoother-15] 	Waiting on external lifecycle transitions to activate
[velocity_smoother-15] 	See https://design.ros2.org/articles/node_lifecycle.html for more information.
[lifecycle_manager-16] [INFO] [1791205045.887919735] [lifecycle_manager_navigation]: [34m[1mCreating and initializing lifecycle service clients[0m[0m
[lifecycle_manager-8] [INFO] [1791205045.892401148] [lifecycle_manager_map_server]: [34m[1mStarting managed nodes bringup...[0m[0m
[lifecycle_manager-8] [INFO] [1791205045.892447209] [lifecycle_manager_map_server]: [34m[1mConfiguring map_server[0m[0m
[map_server-7] [INFO] [1791205045.904548738] [map_server]: Configuring
[map_server-7] [INFO] [1791205045.904614451] [map_io]: Loading yaml file: /home/nermin/Documents/Thesis/code/Autonomous-Lawn-Mower-Navigation/install/mower_sim/share/mower_sim/maps/empty_map.yaml
[map_server-7] [INFO] [1791205045.904822322] [map_io]: resolution: 0.05
[map_server-7] [INFO] [1791205045.904828438] [map_io]: origin[0]: -50
[map_server-7] [INFO] [1791205045.904831015] [map_io]: origin[1]: -50
[map_server-7] [INFO] [1791205045.904833452] [map_io]: origin[2]: 0
[map_server-7] [INFO] [1791205045.904836048] [map_io]: free_thresh: 0.196
[map_server-7] [INFO] [1791205045.904838574] [map_io]: occupied_thresh: 0.65
[map_server-7] [INFO] [1791205045.904841276] [map_io]: mode: trinary
[map_server-7] [INFO] [1791205045.904844633] [map_io]: negate: 0
[map_server-7] [INFO] [1791205045.904980373] [map_io]: Loading image_file: /home/nermin/Documents/Thesis/code/Autonomous-Lawn-Mower-Navigation/install/mower_sim/share/mower_sim/maps/empty_map.pgm
[lifecycle_manager-16] [INFO] [1791205045.993721741] [lifecycle_manager_navigation]: [34m[1mStarting managed nodes bringup...[0m[0m
[lifecycle_manager-16] [INFO] [1791205045.993763890] [lifecycle_manager_navigation]: [34m[1mConfiguring controller_server[0m[0m
[controller_server-9] [INFO] [1791205045.993884555] [controller_server]: Configuring controller interface
[controller_server-9] [INFO] [1791205045.994006618] [controller_server]: getting goal checker plugins..
[controller_server-9] [INFO] [1791205045.994025666] [controller_server]: Controller frequency set to 30.0000Hz
[controller_server-9] [INFO] [1791205045.994051629] [local_costmap.local_costmap]: Configuring
[controller_server-9] [INFO] [1791205045.996063928] [local_costmap.local_costmap]: Using plugin "static_layer"
[controller_server-9] [INFO] [1791205045.998169773] [local_costmap.local_costmap]: Subscribing to the map topic (/map) with transient local durability
[controller_server-9] [INFO] [1791205045.998522443] [local_costmap.local_costmap]: Initialized plugin "static_layer"
[controller_server-9] [INFO] [1791205045.998537268] [local_costmap.local_costmap]: Using plugin "voxel_layer"
[controller_server-9] [INFO] [1791205045.998883303] [local_costmap.local_costmap]: Subscribed to Topics: scan
[controller_server-9] [INFO] [1791205046.001409334] [local_costmap.local_costmap]: Initialized plugin "voxel_layer"
[controller_server-9] [INFO] [1791205046.001427465] [local_costmap.local_costmap]: Using plugin "inflation_layer"
[controller_server-9] [INFO] [1791205046.001924099] [local_costmap.local_costmap]: Initialized plugin "inflation_layer"
[controller_server-9] [INFO] [1791205046.004148763] [controller_server]: Created progress_checker : progress_checker of type nav2_controller::SimpleProgressChecker
[controller_server-9] [INFO] [1791205046.004584663] [controller_server]: Created goal checker : general_goal_checker of type nav2_controller::SimpleGoalChecker
[controller_server-9] [INFO] [1791205046.004821140] [controller_server]: Controller Server has general_goal_checker  goal checkers available.
[controller_server-9] [INFO] [1791205046.005189100] [controller_server]: Created controller : RPP of type nav2_regulated_pure_pursuit_controller::RegulatedPurePursuitController
[controller_server-9] [INFO] [1791205046.007477540] [controller_server]: Created controller : MPPI of type nav2_mppi_controller::MPPIController
[controller_server-9] [WARN] [1791205046.008364983] [controller_server]: Controller period is less then model dt, consider setting it equal
[controller_server-9] [INFO] [1791205046.009083477] [controller_server]: ConstraintCritic instantiated with 1 power and 4.000000 weight.
[controller_server-9] [INFO] [1791205046.009103455] [controller_server]: Critic loaded : mppi::critics::ConstraintCritic
[controller_server-9] [INFO] [1791205046.009332677] [controller_server]: GoalCritic instantiated with 1 power and 2.000000 weight.
[controller_server-9] [INFO] [1791205046.009344736] [controller_server]: Critic loaded : mppi::critics::GoalCritic
[controller_server-9] [INFO] [1791205046.009557016] [controller_server]: GoalAngleCritic instantiated with 1 power, 1.000000 weight, and 0.300000 angular threshold.
[controller_server-9] [INFO] [1791205046.009568729] [controller_server]: Critic loaded : mppi::critics::GoalAngleCritic
[controller_server-9] [INFO] [1791205046.009986702] [controller_server]: ReferenceTrajectoryCritic instantiated with 1 power and 14.000000 weight
[controller_server-9] [INFO] [1791205046.010000991] [controller_server]: Critic loaded : mppi::critics::PathAlignCritic
[controller_server-9] [INFO] [1791205046.010257121] [controller_server]: Critic loaded : mppi::critics::PathFollowCritic
[controller_server-9] [INFO] [1791205046.010646226] [controller_server]: PathAngleCritic instantiated with 1 power and 2.000000 weight. Reversing allowed.
[controller_server-9] [INFO] [1791205046.010660407] [controller_server]: Critic loaded : mppi::critics::PathAngleCritic
[controller_server-9] [INFO] [1791205046.011183288] [controller_server]: ObstaclesCritic instantiated with 1 power and 20.000000 / 2.000000 weights. Critic will collision check based on footprint cost.
[controller_server-9] [INFO] [1791205046.011197023] [controller_server]: Critic loaded : mppi::critics::ObstaclesCritic
[controller_server-9] [INFO] [1791205046.011401861] [controller_server]: PreferForwardCritic instantiated with 1 power and 1.000000 weight.
[controller_server-9] [INFO] [1791205046.011429970] [controller_server]: Critic loaded : mppi::critics::PreferForwardCritic
[controller_server-9] [INFO] [1791205046.011646209] [controller_server]: VelocityDeadbandCritic instantiated with 1 power, 0.5 weight, deadband_velocity [0.02,0,0.02]
[controller_server-9] [INFO] [1791205046.011656682] [controller_server]: Critic loaded : mppi::critics::VelocityDeadbandCritic
[controller_server-9] [INFO] [1791205046.011831789] [controller_server]: TwirlingCritic instantiated with 1 power and 1.000000 weight.
[controller_server-9] [INFO] [1791205046.011847642] [controller_server]: Critic loaded : mppi::critics::TwirlingCritic
[controller_server-9] [INFO] [1791205046.012961494] [controller_server]: Optimizer reset
[controller_server-9] [INFO] [1791205046.013860240] [MPPIController]: Configured MPPI Controller: MPPI
[controller_server-9] [INFO] [1791205046.014725371] [controller_server]: Created controller : DWB of type dwb_core::DWBLocalPlanner
[controller_server-9] [INFO] [1791205046.015312913] [controller_server]: Setting transform_tolerance to 0.200000
[controller_server-9] [INFO] [1791205046.018807453] [controller_server]: Using critic "RotateToGoal" (dwb_critics::RotateToGoalCritic)
[controller_server-9] [INFO] [1791205046.019085164] [controller_server]: Critic plugin initialized
[controller_server-9] [INFO] [1791205046.019161796] [controller_server]: Using critic "BaseObstacle" (dwb_critics::BaseObstacleCritic)
[controller_server-9] [INFO] [1791205046.019281006] [controller_server]: Critic plugin initialized
[controller_server-9] [INFO] [1791205046.019356109] [controller_server]: Using critic "PathAlign" (dwb_critics::PathAlignCritic)
[controller_server-9] [INFO] [1791205046.019542833] [controller_server]: Critic plugin initialized
[controller_server-9] [INFO] [1791205046.019607248] [controller_server]: Using critic "PathDist" (dwb_critics::PathDistCritic)
[controller_server-9] [INFO] [1791205046.019744050] [controller_server]: Critic plugin initialized
[controller_server-9] [INFO] [1791205046.019827811] [controller_server]: Using critic "GoalDist" (dwb_critics::GoalDistCritic)
[controller_server-9] [INFO] [1791205046.019968895] [controller_server]: Critic plugin initialized
[controller_server-9] [INFO] [1791205046.019980481] [controller_server]: Controller Server has RPP MPPI DWB  controllers available.
[lifecycle_manager-16] [INFO] [1791205046.022015134] [lifecycle_manager_navigation]: [34m[1mConfiguring smoother_server[0m[0m
[smoother_server-10] [INFO] [1791205046.022146084] [smoother_server]: Configuring smoother server
[smoother_server-10] [INFO] [1791205046.025505282] [smoother_server]: Created smoother : simple_smoother of type nav2_smoother::SimpleSmoother
[smoother_server-10] [INFO] [1791205046.025821431] [smoother_server]: Smoother Server has simple_smoother  smoothers available.
[lifecycle_manager-16] [INFO] [1791205046.027291275] [lifecycle_manager_navigation]: [34m[1mConfiguring planner_server[0m[0m
[planner_server-11] [INFO] [1791205046.027399410] [planner_server]: Configuring
[planner_server-11] [INFO] [1791205046.027428568] [global_costmap.global_costmap]: Configuring
[planner_server-11] [INFO] [1791205046.029271688] [global_costmap.global_costmap]: Using plugin "static_layer"
[planner_server-11] [INFO] [1791205046.031138169] [global_costmap.global_costmap]: Subscribing to the map topic (/map) with transient local durability
[planner_server-11] [INFO] [1791205046.031455395] [global_costmap.global_costmap]: Initialized plugin "static_layer"
[planner_server-11] [INFO] [1791205046.031468932] [global_costmap.global_costmap]: Using plugin "obstacle_layer"
[planner_server-11] [INFO] [1791205046.031786941] [global_costmap.global_costmap]: Subscribed to Topics: scan
[planner_server-11] [INFO] [1791205046.033212012] [global_costmap.global_costmap]: Initialized plugin "obstacle_layer"
[planner_server-11] [INFO] [1791205046.033231787] [global_costmap.global_costmap]: Using plugin "inflation_layer"
[planner_server-11] [INFO] [1791205046.033757077] [global_costmap.global_costmap]: Initialized plugin "inflation_layer"
[planner_server-11] [INFO] [1791205046.036416218] [planner_server]: Created global planner plugin GridBased of type nav2_navfn_planner/NavfnPlanner
[planner_server-11] [INFO] [1791205046.036438857] [planner_server]: Configuring plugin GridBased of type NavfnPlanner
[planner_server-11] [INFO] [1791205046.036750573] [planner_server]: Planner Server has GridBased  planners available.
[lifecycle_manager-16] [INFO] [1791205046.039330762] [lifecycle_manager_navigation]: [34m[1mConfiguring behavior_server[0m[0m
[behavior_server-12] [INFO] [1791205046.039438184] [behavior_server]: Configuring
[behavior_server-12] [INFO] [1791205046.042173399] [behavior_server]: Creating behavior plugin spin of type nav2_behaviors/Spin
[behavior_server-12] [INFO] [1791205046.042584038] [behavior_server]: Configuring spin
[behavior_server-12] [INFO] [1791205046.044114128] [behavior_server]: Creating behavior plugin backup of type nav2_behaviors/BackUp
[behavior_server-12] [INFO] [1791205046.044595206] [behavior_server]: Configuring backup
[behavior_server-12] [INFO] [1791205046.045891270] [behavior_server]: Creating behavior plugin drive_on_heading of type nav2_behaviors/DriveOnHeading
[behavior_server-12] [INFO] [1791205046.046267999] [behavior_server]: Configuring drive_on_heading
[behavior_server-12] [INFO] [1791205046.047504717] [behavior_server]: Creating behavior plugin assisted_teleop of type nav2_behaviors/AssistedTeleop
[behavior_server-12] [INFO] [1791205046.048411864] [behavior_server]: Configuring assisted_teleop
[behavior_server-12] [INFO] [1791205046.049996374] [behavior_server]: Creating behavior plugin wait of type nav2_behaviors/Wait
[behavior_server-12] [INFO] [1791205046.050366935] [behavior_server]: Configuring wait
[lifecycle_manager-16] [INFO] [1791205046.051702493] [lifecycle_manager_navigation]: [34m[1mConfiguring bt_navigator[0m[0m
[bt_navigator-13] [INFO] [1791205046.051832927] [bt_navigator]: Configuring
[lifecycle_manager-16] [INFO] [1791205046.077651404] [lifecycle_manager_navigation]: [34m[1mConfiguring waypoint_follower[0m[0m
[waypoint_follower-14] [INFO] [1791205046.077796055] [waypoint_follower]: Configuring
[waypoint_follower-14] [INFO] [1791205046.080970245] [waypoint_follower]: Created waypoint_task_executor : wait_at_waypoint of type nav2_waypoint_follower::WaitAtWaypoint
[lifecycle_manager-16] [INFO] [1791205046.081366256] [lifecycle_manager_navigation]: [34m[1mConfiguring velocity_smoother[0m[0m
[velocity_smoother-15] [INFO] [1791205046.081476946] [velocity_smoother]: Configuring velocity smoother
[lifecycle_manager-16] [INFO] [1791205046.083035994] [lifecycle_manager_navigation]: [34m[1mActivating controller_server[0m[0m
[controller_server-9] [INFO] [1791205046.083132247] [controller_server]: Activating
[controller_server-9] [INFO] [1791205046.083165685] [local_costmap.local_costmap]: Activating
[controller_server-9] [INFO] [1791205046.083176162] [local_costmap.local_costmap]: Checking transform
[controller_server-9] [INFO] [1791205046.083255616] [local_costmap.local_costmap]: start
[map_server-7] [INFO] [1791205046.170102665] [map_io]: Read map /home/nermin/Documents/Thesis/code/Autonomous-Lawn-Mower-Navigation/install/mower_sim/share/mower_sim/maps/empty_map.pgm: 2000 X 2000 map @ 0.05 m/cell
[lifecycle_manager-8] [INFO] [1791205046.177240768] [lifecycle_manager_map_server]: [34m[1mActivating map_server[0m[0m
[map_server-7] [INFO] [1791205046.177319917] [map_server]: Activating
[map_server-7] [INFO] [1791205046.181573363] [map_server]: Creating bond (map_server) to lifecycle manager.
[planner_server-11] [INFO] [1791205046.186147954] [global_costmap.global_costmap]: StaticLayer: Resizing costmap to 2000 X 2000 at 0.050000 m/pix
[controller_server-9] [INFO] [1791205046.186157106] [local_costmap.local_costmap]: StaticLayer: Resizing static layer to 2000 X 2000 at 0.050000 m/pix
[lifecycle_manager-8] [INFO] [1791205046.283261782] [lifecycle_manager_map_server]: Server map_server connected with bond.
[lifecycle_manager-8] [INFO] [1791205046.283302547] [lifecycle_manager_map_server]: [34m[1mManaged nodes are active[0m[0m
[lifecycle_manager-8] [INFO] [1791205046.283312048] [lifecycle_manager_map_server]: [34m[1mCreating bond timer...[0m[0m
[controller_server-9] [WARN] [1791205046.333636611] [controller_server]: Parameter controller_server.verbose not found
[controller_server-9] [INFO] [1791205046.334373437] [controller_server]: Optimizer reset
[controller_server-9] [INFO] [1791205046.334497462] [MPPIController]: Activated MPPI Controller: MPPI
[controller_server-9] [INFO] [1791205046.334508179] [controller_server]: Activating controller: RPP of type regulated_pure_pursuit_controller::RegulatedPurePursuitController
[controller_server-9] [INFO] [1791205046.334551018] [controller_server]: Creating bond (controller_server) to lifecycle manager.
[lifecycle_manager-16] [INFO] [1791205046.436074345] [lifecycle_manager_navigation]: Server controller_server connected with bond.
[lifecycle_manager-16] [INFO] [1791205046.436105539] [lifecycle_manager_navigation]: [34m[1mActivating smoother_server[0m[0m
[smoother_server-10] [INFO] [1791205046.436236068] [smoother_server]: Activating
[smoother_server-10] [INFO] [1791205046.436264587] [smoother_server]: Creating bond (smoother_server) to lifecycle manager.
[lifecycle_manager-16] [INFO] [1791205046.537455187] [lifecycle_manager_navigation]: Server smoother_server connected with bond.
[lifecycle_manager-16] [INFO] [1791205046.537490055] [lifecycle_manager_navigation]: [34m[1mActivating planner_server[0m[0m
[planner_server-11] [INFO] [1791205046.537625197] [planner_server]: Activating
[planner_server-11] [INFO] [1791205046.537658587] [global_costmap.global_costmap]: Activating
[planner_server-11] [INFO] [1791205046.537668093] [global_costmap.global_costmap]: Checking transform
[planner_server-11] [INFO] [1791205046.537742098] [global_costmap.global_costmap]: start
[planner_server-11] [INFO] [1791205047.588091297] [planner_server]: Activating plugin GridBased of type NavfnPlanner
[planner_server-11] [INFO] [1791205047.588461273] [planner_server]: Creating bond (planner_server) to lifecycle manager.
[lifecycle_manager-16] [INFO] [1791205047.689761836] [lifecycle_manager_navigation]: Server planner_server connected with bond.
[lifecycle_manager-16] [INFO] [1791205047.689796694] [lifecycle_manager_navigation]: [34m[1mActivating behavior_server[0m[0m
[behavior_server-12] [INFO] [1791205047.689941681] [behavior_server]: Activating
[behavior_server-12] [INFO] [1791205047.689964987] [behavior_server]: Activating spin
[behavior_server-12] [INFO] [1791205047.689974416] [behavior_server]: Activating backup
[behavior_server-12] [INFO] [1791205047.689982390] [behavior_server]: Activating drive_on_heading
[behavior_server-12] [INFO] [1791205047.689989461] [behavior_server]: Activating assisted_teleop
[behavior_server-12] [INFO] [1791205047.689996028] [behavior_server]: Activating wait
[behavior_server-12] [INFO] [1791205047.690005045] [behavior_server]: Creating bond (behavior_server) to lifecycle manager.
[lifecycle_manager-16] [INFO] [1791205047.791313433] [lifecycle_manager_navigation]: Server behavior_server connected with bond.
[lifecycle_manager-16] [INFO] [1791205047.791338046] [lifecycle_manager_navigation]: [34m[1mActivating bt_navigator[0m[0m
[bt_navigator-13] [INFO] [1791205047.791471495] [bt_navigator]: Activating
[bt_navigator-13] [INFO] [1791205047.804364335] [bt_navigator]: Creating bond (bt_navigator) to lifecycle manager.
[lifecycle_manager-16] [INFO] [1791205047.905957821] [lifecycle_manager_navigation]: Server bt_navigator connected with bond.
[lifecycle_manager-16] [INFO] [1791205047.905993515] [lifecycle_manager_navigation]: [34m[1mActivating waypoint_follower[0m[0m
[waypoint_follower-14] [INFO] [1791205047.906139551] [waypoint_follower]: Activating
[waypoint_follower-14] [INFO] [1791205047.906169987] [waypoint_follower]: Creating bond (waypoint_follower) to lifecycle manager.
[lifecycle_manager-16] [INFO] [1791205048.007508286] [lifecycle_manager_navigation]: Server waypoint_follower connected with bond.
[lifecycle_manager-16] [INFO] [1791205048.007553475] [lifecycle_manager_navigation]: [34m[1mActivating velocity_smoother[0m[0m
[velocity_smoother-15] [INFO] [1791205048.007717965] [velocity_smoother]: Activating
[velocity_smoother-15] [INFO] [1791205048.007772972] [velocity_smoother]: Creating bond (velocity_smoother) to lifecycle manager.
[lifecycle_manager-16] [INFO] [1791205048.109228548] [lifecycle_manager_navigation]: Server velocity_smoother connected with bond.
[lifecycle_manager-16] [INFO] [1791205048.109270731] [lifecycle_manager_navigation]: [34m[1mManaged nodes are active[0m[0m
[lifecycle_manager-16] [INFO] [1791205048.109291628] [lifecycle_manager_navigation]: [34m[1mCreating bond timer...[0m[0m
[controller_server-9] [INFO] [1791205048.923157070] [controller_server]: Received a goal, begin computing control effort.
[robot_trail_publisher-5] [INFO] [1791205048.923640911] [robot_trail_publisher]: New run, trail cleared
[coverage_monitor-6] [INFO] [1791205049.092527755] [coverage_monitor]: New coverage path, field rebuilt
[controller_server-9] [INFO] [1791205071.556838603] [controller_server]: Reached the goal!
[WARNING] [launch]: user interrupted with ctrl-c (SIGINT)
[INFO] [lifecycle_manager-16]: sending signal 'SIGINT' to process[lifecycle_manager-16]
[INFO] [velocity_smoother-15]: sending signal 'SIGINT' to process[velocity_smoother-15]
[INFO] [waypoint_follower-14]: sending signal 'SIGINT' to process[waypoint_follower-14]
[INFO] [bt_navigator-13]: sending signal 'SIGINT' to process[bt_navigator-13]
[INFO] [behavior_server-12]: sending signal 'SIGINT' to process[behavior_server-12]
[INFO] [planner_server-11]: sending signal 'SIGINT' to process[planner_server-11]
[INFO] [smoother_server-10]: sending signal 'SIGINT' to process[smoother_server-10]
[INFO] [controller_server-9]: sending signal 'SIGINT' to process[controller_server-9]
[INFO] [lifecycle_manager-8]: sending signal 'SIGINT' to process[lifecycle_manager-8]
[INFO] [map_server-7]: sending signal 'SIGINT' to process[map_server-7]
[INFO] [coverage_monitor-6]: sending signal 'SIGINT' to process[coverage_monitor-6]
[INFO] [robot_trail_publisher-5]: sending signal 'SIGINT' to process[robot_trail_publisher-5]
[INFO] [ground_truth_tf_publisher-4]: sending signal 'SIGINT' to process[ground_truth_tf_publisher-4]
[INFO] [robot_state_publisher-2]: sending signal 'SIGINT' to process[robot_state_publisher-2]
[INFO] [gzserver-1]: sending signal 'SIGINT' to process[gzserver-1]
[bt_navigator-13] [INFO] [1791205071.914515026] [rclcpp]: signal_handler(SIGINT/SIGTERM)
[bt_navigator-13] [INFO] [1791205071.914610359] [bt_navigator]: Running Nav2 LifecycleNode rcl preshutdown (bt_navigator)
[bt_navigator-13] [INFO] [1791205071.914679182] [bt_navigator]: Deactivating
[bt_navigator-13] [INFO] [1791205071.914699698] [bt_navigator]: Destroying bond (bt_navigator) to lifecycle manager.
[velocity_smoother-15] [INFO] [1791205071.914513655] [rclcpp]: signal_handler(SIGINT/SIGTERM)
[velocity_smoother-15] [INFO] [1791205071.914638353] [velocity_smoother]: Running Nav2 LifecycleNode rcl preshutdown (velocity_smoother)
[velocity_smoother-15] [INFO] [1791205071.914709480] [velocity_smoother]: Deactivating
[velocity_smoother-15] [INFO] [1791205071.914729690] [velocity_smoother]: Destroying bond (velocity_smoother) to lifecycle manager.
[waypoint_follower-14] [INFO] [1791205071.914511010] [rclcpp]: signal_handler(SIGINT/SIGTERM)
[waypoint_follower-14] [INFO] [1791205071.914646851] [waypoint_follower]: Running Nav2 LifecycleNode rcl preshutdown (waypoint_follower)
[waypoint_follower-14] [INFO] [1791205071.914710145] [waypoint_follower]: Deactivating
[waypoint_follower-14] [INFO] [1791205071.914728417] [waypoint_follower]: Destroying bond (waypoint_follower) to lifecycle manager.
[map_server-7] [INFO] [1791205071.914516980] [rclcpp]: signal_handler(SIGINT/SIGTERM)
[map_server-7] [INFO] [1791205071.914656615] [map_server]: Running Nav2 LifecycleNode rcl preshutdown (map_server)
[map_server-7] [INFO] [1791205071.914724055] [map_server]: Deactivating
[map_server-7] [INFO] [1791205071.914740010] [map_server]: Destroying bond (map_server) to lifecycle manager.
[planner_server-11] [INFO] [1791205071.914521562] [rclcpp]: signal_handler(SIGINT/SIGTERM)
[planner_server-11] [INFO] [1791205071.914614651] [planner_server]: Running Nav2 LifecycleNode rcl preshutdown (planner_server)
[planner_server-11] [INFO] [1791205071.914680207] [planner_server]: Deactivating
[planner_server-11] [INFO] [1791205071.914709325] [global_costmap.global_costmap]: Deactivating
[behavior_server-12] [INFO] [1791205071.914522628] [rclcpp]: signal_handler(SIGINT/SIGTERM)
[behavior_server-12] [INFO] [1791205071.914610763] [behavior_server]: Running Nav2 LifecycleNode rcl preshutdown (behavior_server)
[behavior_server-12] [INFO] [1791205071.914679873] [behavior_server]: Deactivating
[behavior_server-12] [INFO] [1791205071.914718200] [behavior_server]: Destroying bond (behavior_server) to lifecycle manager.
[smoother_server-10] [INFO] [1791205071.914549107] [rclcpp]: signal_handler(SIGINT/SIGTERM)
[smoother_server-10] [INFO] [1791205071.914611572] [smoother_server]: Running Nav2 LifecycleNode rcl preshutdown (smoother_server)
[smoother_server-10] [INFO] [1791205071.914681556] [smoother_server]: Deactivating
[smoother_server-10] [INFO] [1791205071.914701453] [smoother_server]: Destroying bond (smoother_server) to lifecycle manager.
[lifecycle_manager-16] [INFO] [1791205071.914547311] [rclcpp]: signal_handler(SIGINT/SIGTERM)
[lifecycle_manager-16] [INFO] [1791205071.914611548] [lifecycle_manager_navigation]: Running Nav2 LifecycleManager rcl preshutdown (lifecycle_manager_navigation)
[lifecycle_manager-16] [INFO] [1791205071.914650037] [lifecycle_manager_navigation]: [34m[1mTerminating bond timer...[0m[0m
[controller_server-9] [INFO] [1791205071.914619465] [rclcpp]: signal_handler(SIGINT/SIGTERM)
[controller_server-9] [INFO] [1791205071.914671913] [controller_server]: Running Nav2 LifecycleNode rcl preshutdown (controller_server)
[controller_server-9] [INFO] [1791205071.914736731] [controller_server]: Deactivating
[controller_server-9] [INFO] [1791205071.914776254] [MPPIController]: Deactivated MPPI Controller: MPPI
[controller_server-9] [INFO] [1791205071.914782499] [controller_server]: Deactivating controller: RPP of type regulated_pure_pursuit_controller::RegulatedPurePursuitController
[controller_server-9] [INFO] [1791205071.914807167] [local_costmap.local_costmap]: Deactivating
[robot_state_publisher-2] [INFO] [1791205071.914619161] [rclcpp]: signal_handler(SIGINT/SIGTERM)
[lifecycle_manager-8] [INFO] [1791205071.914847060] [rclcpp]: signal_handler(SIGINT/SIGTERM)
[lifecycle_manager-8] [INFO] [1791205071.914912417] [lifecycle_manager_map_server]: Running Nav2 LifecycleManager rcl preshutdown (lifecycle_manager_map_server)
[lifecycle_manager-8] [INFO] [1791205071.914949487] [lifecycle_manager_map_server]: [34m[1mTerminating bond timer...[0m[0m
[map_server-7] [INFO] [1791205071.924928934] [map_server]: Cleaning up
[smoother_server-10] [INFO] [1791205071.924928901] [smoother_server]: Cleaning up
[behavior_server-12] [INFO] [1791205071.924929317] [behavior_server]: Cleaning up
[waypoint_follower-14] [INFO] [1791205071.924931750] [waypoint_follower]: Cleaning up
[velocity_smoother-15] [INFO] [1791205071.924931365] [velocity_smoother]: Cleaning up
[velocity_smoother-15] [INFO] [1791205071.924969716] [velocity_smoother]: Destroying bond (velocity_smoother) to lifecycle manager.
[bt_navigator-13] [INFO] [1791205071.924939602] [bt_navigator]: Cleaning up
[map_server-7] [INFO] [1791205071.925476643] [map_server]: Destroying bond (map_server) to lifecycle manager.
[velocity_smoother-15] [INFO] [1791205071.926254857] [rclcpp]: signal_handler(SIGINT/SIGTERM)
[behavior_server-12] [INFO] [1791205071.929979403] [behavior_server]: Destroying bond (behavior_server) to lifecycle manager.
[behavior_server-12] [INFO] [1791205071.930926817] [rclcpp]: signal_handler(SIGINT/SIGTERM)
[lifecycle_manager-8] [INFO] [1791205071.930931754] [rclcpp]: signal_handler(SIGINT/SIGTERM)
[map_server-7] [INFO] [1791205071.932255040] [rclcpp]: signal_handler(SIGINT/SIGTERM)
[waypoint_follower-14] [INFO] [1791205071.932850556] [waypoint_follower]: Destroying bond (waypoint_follower) to lifecycle manager.
[coverage_monitor-6] Traceback (most recent call last):
[coverage_monitor-6]   File "/home/nermin/Documents/Thesis/code/Autonomous-Lawn-Mower-Navigation/install/mower_sim/lib/mower_sim/coverage_monitor", line 33, in <module>
[coverage_monitor-6]     sys.exit(load_entry_point('mower-sim==0.0.0', 'console_scripts', 'coverage_monitor')())
[coverage_monitor-6]   File "/home/nermin/Documents/Thesis/code/Autonomous-Lawn-Mower-Navigation/install/mower_sim/lib/python3.10/site-packages/mower_sim/coverage_monitor.py", line 153, in main
[coverage_monitor-6]     node.destroy_node()
[coverage_monitor-6]   File "/opt/ros/humble/local/lib/python3.10/dist-packages/rclpy/node.py", line 1691, in destroy_node
[coverage_monitor-6]     self.destroy_service(self._services[0])
[coverage_monitor-6]   File "/opt/ros/humble/local/lib/python3.10/dist-packages/rclpy/node.py", line 1615, in destroy_service
[coverage_monitor-6]     service.destroy()
[coverage_monitor-6]   File "/opt/ros/humble/local/lib/python3.10/dist-packages/rclpy/service.py", line 93, in destroy
[coverage_monitor-6]     self.__service.destroy_when_not_in_use()
[coverage_monitor-6] KeyboardInterrupt
[waypoint_follower-14] [INFO] [1791205071.934066065] [rclcpp]: signal_handler(SIGINT/SIGTERM)
[robot_state_publisher-2] [INFO] [1791205071.937633329] [rclcpp]: signal_handler(SIGINT/SIGTERM)
[smoother_server-10] [INFO] [1791205071.942265521] [smoother_server]: Destroying bond (smoother_server) to lifecycle manager.
[smoother_server-10] [INFO] [1791205071.942828928] [rclcpp]: signal_handler(SIGINT/SIGTERM)
[smoother_server-10] [INFO] [1791205072.016213643] [smoother_server]: Destroying
[ground_truth_tf_publisher-4] Traceback (most recent call last):
[ground_truth_tf_publisher-4]   File "/home/nermin/Documents/Thesis/code/Autonomous-Lawn-Mower-Navigation/install/mower_sim/lib/mower_sim/ground_truth_tf_publisher", line 33, in <module>
[ground_truth_tf_publisher-4]     sys.exit(load_entry_point('mower-sim==0.0.0', 'console_scripts', 'ground_truth_tf_publisher')())
[ground_truth_tf_publisher-4]   File "/home/nermin/Documents/Thesis/code/Autonomous-Lawn-Mower-Navigation/install/mower_sim/lib/python3.10/site-packages/mower_sim/ground_truth_tf_publisher.py", line 169, in main
[ground_truth_tf_publisher-4]     node.destroy_node()
[ground_truth_tf_publisher-4]   File "/opt/ros/humble/local/lib/python3.10/dist-packages/rclpy/node.py", line 1685, in destroy_node
[ground_truth_tf_publisher-4]     self.destroy_publisher(self._publishers[0])
[ground_truth_tf_publisher-4]   File "/opt/ros/humble/local/lib/python3.10/dist-packages/rclpy/node.py", line 1565, in destroy_publisher
[ground_truth_tf_publisher-4]     publisher.destroy()
[ground_truth_tf_publisher-4]   File "/opt/ros/humble/local/lib/python3.10/dist-packages/rclpy/publisher.py", line 99, in destroy
[ground_truth_tf_publisher-4]     self.__publisher.destroy_when_not_in_use()
[ground_truth_tf_publisher-4] KeyboardInterrupt
[bt_navigator-13] [INFO] [1791205072.080957423] [bt_navigator]: Completed Cleaning up
[bt_navigator-13] [INFO] [1791205072.081011081] [bt_navigator]: Destroying bond (bt_navigator) to lifecycle manager.
[bt_navigator-13] [INFO] [1791205072.081172849] [rclcpp]: signal_handler(SIGINT/SIGTERM)
[controller_server-9] [INFO] [1791205072.083406951] [controller_server]: Destroying bond (controller_server) to lifecycle manager.
[map_server-7] [INFO] [1791205072.083697297] [map_server]: Destroying
[lifecycle_manager-8] [INFO] [1791205072.084453748] [lifecycle_manager_map_server]: Destroying lifecycle_manager_map_server
[behavior_server-12] [INFO] [1791205072.093170465] [behavior_server]: Destroying
[controller_server-9] [INFO] [1791205072.093555471] [controller_server]: Cleaning up
[controller_server-9] [INFO] [1791205072.093624598] [MPPIController]: Cleaned up MPPI Controller: MPPI
[controller_server-9] [INFO] [1791205072.093628936] [controller_server]: Cleaning up controller: RPP of type regulated_pure_pursuit_controller::RegulatedPurePursuitController
[controller_server-9] [INFO] [1791205072.093711499] [local_costmap.local_costmap]: Cleaning up
[bt_navigator-13] [INFO] [1791205072.107558548] [bt_navigator]: Destroying
[waypoint_follower-14] [INFO] [1791205072.108676306] [waypoint_follower]: Destroying
[velocity_smoother-15] [INFO] [1791205072.110948076] [velocity_smoother]: Destroying
[robot_trail_publisher-5] Traceback (most recent call last):
[robot_trail_publisher-5]   File "/home/nermin/Documents/Thesis/code/Autonomous-Lawn-Mower-Navigation/install/mower_sim/lib/mower_sim/robot_trail_publisher", line 33, in <module>
[robot_trail_publisher-5]     sys.exit(load_entry_point('mower-sim==0.0.0', 'console_scripts', 'robot_trail_publisher')())
[robot_trail_publisher-5]   File "/home/nermin/Documents/Thesis/code/Autonomous-Lawn-Mower-Navigation/install/mower_sim/lib/python3.10/site-packages/mower_sim/robot_trail_publisher.py", line 98, in main
[robot_trail_publisher-5]     node.destroy_node()
[robot_trail_publisher-5]   File "/opt/ros/humble/local/lib/python3.10/dist-packages/rclpy/node.py", line 1696, in destroy_node
[robot_trail_publisher-5]     self.__node.destroy_when_not_in_use()
[robot_trail_publisher-5] KeyboardInterrupt
[INFO] [robot_state_publisher-2]: process has finished cleanly [pid 212452]
[controller_server-9] [INFO] [1791205072.126727444] [controller_server]: Destroying bond (controller_server) to lifecycle manager.
[controller_server-9] [INFO] [1791205072.128886670] [rclcpp]: signal_handler(SIGINT/SIGTERM)
[lifecycle_manager-16] [INFO] [1791205072.135797408] [rclcpp]: signal_handler(SIGINT/SIGTERM)
[ERROR] [coverage_monitor-6]: process has died [pid 212460, exit code -2, cmd '/home/nermin/Documents/Thesis/code/Autonomous-Lawn-Mower-Navigation/install/mower_sim/lib/mower_sim/coverage_monitor --ros-args --params-file /tmp/launch_params_fvdi9b7p'].
[ERROR] [robot_trail_publisher-5]: process has died [pid 212458, exit code -2, cmd '/home/nermin/Documents/Thesis/code/Autonomous-Lawn-Mower-Navigation/install/mower_sim/lib/mower_sim/robot_trail_publisher --ros-args --params-file /tmp/launch_params_u5plhadq'].
[controller_server-9] [INFO] [1791205072.176981044] [local_costmap.local_costmap]: Destroying
[controller_server-9] [INFO] [1791205072.202990799] [controller_server]: Destroying
[INFO] [lifecycle_manager-8]: process has finished cleanly [pid 212806]
[INFO] [smoother_server-10]: process has finished cleanly [pid 212810]
[INFO] [map_server-7]: process has finished cleanly [pid 212804]
[INFO] [behavior_server-12]: process has finished cleanly [pid 212814]
[ERROR] [ground_truth_tf_publisher-4]: process has died [pid 212456, exit code -2, cmd '/home/nermin/Documents/Thesis/code/Autonomous-Lawn-Mower-Navigation/install/mower_sim/lib/mower_sim/ground_truth_tf_publisher --ros-args --params-file /tmp/launch_params_d_mcwy9k'].
[lifecycle_manager-16] [INFO] [1791205072.280326278] [lifecycle_manager_navigation]: Destroying lifecycle_manager_navigation
[INFO] [waypoint_follower-14]: process has finished cleanly [pid 212818]
[INFO] [velocity_smoother-15]: process has finished cleanly [pid 212820]
[INFO] [bt_navigator-13]: process has finished cleanly [pid 212816]
[INFO] [gzserver-1]: process has finished cleanly [pid 212450]
[gzserver-1] [0m[1;32m[0m[1;32m[0m[1;36m[0m[1;32m[0m
[gzserver-1] [1;33m[0m[1;31m[0m
[INFO] [controller_server-9]: process has finished cleanly [pid 212808]
[INFO] [lifecycle_manager-16]: process has finished cleanly [pid 212822]
[planner_server-11] [INFO] [1791205072.538210458] [planner_server]: Deactivating plugin GridBased of type NavfnPlanner
[planner_server-11] [INFO] [1791205072.538317500] [planner_server]: Destroying bond (planner_server) to lifecycle manager.
[planner_server-11] [INFO] [1791205072.548701628] [planner_server]: Cleaning up
[planner_server-11] [INFO] [1791205072.552633172] [global_costmap.global_costmap]: Cleaning up
[planner_server-11] [INFO] [1791205072.554109221] [planner_server]: Cleaning up plugin GridBased of type NavfnPlanner
[planner_server-11] [INFO] [1791205072.554380016] [planner_server]: Destroying plugin GridBased of type NavfnPlanner
[planner_server-11] [INFO] [1791205072.559017832] [planner_server]: Destroying bond (planner_server) to lifecycle manager.
[planner_server-11] [INFO] [1791205072.560315388] [rclcpp]: signal_handler(SIGINT/SIGTERM)
[planner_server-11] [INFO] [1791205072.561611267] [global_costmap.global_costmap]: Destroying
[planner_server-11] [INFO] [1791205072.564397640] [planner_server]: Destroying
[INFO] [planner_server-11]: process has finished cleanly [pid 212812]
