[INFO] [launch]: All log files can be found below /home/nermin/.ros/log/2026-10-05-17-57-05-904506-Nermin-9268
[INFO] [launch]: Default logging verbosity is set to INFO

[mower_sim] Controller: SWITCHING
[mower_sim] Odometry: ground_truth
[mower_sim] Params: /home/nermin/Documents/Thesis/code/Autonomous-Lawn-Mower-Navigation/install/mower_sim/share/mower_sim/config/nav2_switching.yaml

[INFO] [gzserver-1]: process started with pid [9286]
[INFO] [robot_state_publisher-2]: process started with pid [9288]
[INFO] [spawn_entity.py-3]: process started with pid [9290]
[INFO] [ground_truth_tf_publisher-4]: process started with pid [9292]
[INFO] [robot_trail_publisher-5]: process started with pid [9294]
[INFO] [coverage_monitor-6]: process started with pid [9296]
[robot_state_publisher-2] [INFO] [1791215826.024162580] [robot_state_publisher]: got segment base_footprint
[robot_state_publisher-2] [INFO] [1791215826.024219792] [robot_state_publisher]: got segment base_link
[robot_state_publisher-2] [INFO] [1791215826.024225679] [robot_state_publisher]: got segment base_scan
[robot_state_publisher-2] [INFO] [1791215826.024229457] [robot_state_publisher]: got segment front_left_caster
[robot_state_publisher-2] [INFO] [1791215826.024233168] [robot_state_publisher]: got segment front_right_caster
[robot_state_publisher-2] [INFO] [1791215826.024236929] [robot_state_publisher]: got segment left_wheel
[robot_state_publisher-2] [INFO] [1791215826.024240524] [robot_state_publisher]: got segment right_wheel
[gzserver-1] Gazebo multi-robot simulator, version 11.10.2
[gzserver-1] Copyright (C) 2012 Open Source Robotics Foundation.
[gzserver-1] Released under the Apache 2 License.
[gzserver-1] http://gazebosim.org
[gzserver-1] 
[coverage_monitor-6] [INFO] [1791215826.426013896] [coverage_monitor]: Coverage monitor: field from /coverage_path
[robot_trail_publisher-5] [INFO] [1791215826.442528528] [robot_trail_publisher]: Robot trail: /ground_truth/pose on /robot_trail
[spawn_entity.py-3] [INFO] [1791215826.459077284] [spawn_entity]: Spawn Entity started
[spawn_entity.py-3] [INFO] [1791215826.459326017] [spawn_entity]: Loading entity published on topic robot_description
[spawn_entity.py-3] [INFO] [1791215826.460206232] [spawn_entity]: Waiting for entity xml on robot_description
[spawn_entity.py-3] [INFO] [1791215826.461688233] [spawn_entity]: Waiting for service /spawn_entity, timeout = 120
[spawn_entity.py-3] [INFO] [1791215826.461920459] [spawn_entity]: Waiting for service /spawn_entity
[ground_truth_tf_publisher-4] [INFO] [1791215826.462924282] [ground_truth_tf_publisher]: Ground truth TF publisher started for "mower": map -> odom (ground truth correction)
[gzserver-1] [1;33m[Wrn] [gazebo_ros_init.cpp:178] [0m[1;33m
[gzserver-1] #     # ####### ####### ###  #####  #######
[gzserver-1] ##    # #     #    #     #  #     # #
[gzserver-1] # #   # #     #    #     #  #       #
[gzserver-1] #  #  # #     #    #     #  #       #####
[gzserver-1] #   # # #     #    #     #  #       #
[gzserver-1] #    ## #     #    #     #  #     # #
[gzserver-1] #     # #######    #    ###  #####  #######
[gzserver-1] 
[gzserver-1] This version of Gazebo, now called Gazebo classic, reaches end-of-life
[gzserver-1] in January 2025. Users are highly encouraged to migrate to the new Gazebo
[gzserver-1] using our migration guides (https://gazebosim.org/docs/latest/gazebo_classic_migration?utm_source=gazebo_ros_pkgs&utm_medium=cli)
[gzserver-1] 
[gzserver-1] [0m[1;33m
[gzserver-1] [0m[1;33m[0m[1;33m[0m[INFO] [1791215826.815646363] [gazebo.gazebo_ros_state]: Publishing states of gazebo models at [/gazebo/model_states]
[gzserver-1] [INFO] [1791215826.815969744] [gazebo.gazebo_ros_state]: Publishing states of gazebo links at [/gazebo/link_states]
[spawn_entity.py-3] [INFO] [1791215826.964354646] [spawn_entity]: Calling service /spawn_entity
[spawn_entity.py-3] [INFO] [1791215827.079682319] [spawn_entity]: Spawn status: SpawnEntity: Successfully spawned entity [mower]
[gzserver-1] [INFO] [1791215827.189260630] [diff_drive]: Wheel pair 1 separation set to [0.700000m]
[gzserver-1] [INFO] [1791215827.189292550] [diff_drive]: Wheel pair 1 diameter set to [0.300000m]
[gzserver-1] [INFO] [1791215827.189621394] [diff_drive]: Subscribed to [/cmd_vel]
[gzserver-1] [INFO] [1791215827.190309250] [diff_drive]: Advertise odometry on [/odom]
[gzserver-1] [INFO] [1791215827.191096153] [diff_drive]: Publishing odom transforms between [odom] and [base_footprint]
[gzserver-1] [INFO] [1791215827.195926027] [joint_states]: Going to publish joint [left_wheel_joint]
[gzserver-1] [INFO] [1791215827.195942317] [joint_states]: Going to publish joint [right_wheel_joint]
[INFO] [spawn_entity.py-3]: process has finished cleanly [pid 9290]
[gzserver-1] [1;32m[Msg] [0m[1;32mWaiting for master.[0m[1;32m
[gzserver-1] [0m[1;32m[0m[1;32m[0m[1;32m[Msg] [0m[1;32mConnected to gazebo master @ [0m[1;32mhttp://127.0.0.1:11345[0m[1;32m
[gzserver-1] [0m[1;32m[0m[1;32m[0m[1;32m[Msg] [0m[1;32mPublicized address: [0m[1;32m192.168.1.6[0m[1;32m
[gzserver-1] [0m[1;32m[0m[1;32m[0m[1;32m[Msg] [0m[1;32mLoading world file [[0m[1;32m/home/nermin/Documents/Thesis/code/Autonomous-Lawn-Mower-Navigation/install/mower_sim/share/mower_sim/worlds/empty_field.world[0m[1;32m][0m[1;32m
[INFO] [map_server-7]: process started with pid [9695]
[INFO] [lifecycle_manager-8]: process started with pid [9697]
[INFO] [controller_server-9]: process started with pid [9699]
[INFO] [smoother_server-10]: process started with pid [9701]
[INFO] [planner_server-11]: process started with pid [9703]
[INFO] [behavior_server-12]: process started with pid [9705]
[INFO] [bt_navigator-13]: process started with pid [9707]
[INFO] [waypoint_follower-14]: process started with pid [9709]
[INFO] [velocity_smoother-15]: process started with pid [9711]
[INFO] [lifecycle_manager-16]: process started with pid [9713]
[lifecycle_manager-8] [INFO] [1791215846.171375484] [lifecycle_manager_map_server]: Creating
[lifecycle_manager-8] [INFO] [1791215846.173033428] [lifecycle_manager_map_server]: [34m[1mCreating and initializing lifecycle service clients[0m[0m
[smoother_server-10] [INFO] [1791215846.175108306] [smoother_server]: 
[smoother_server-10] 	smoother_server lifecycle node launched. 
[smoother_server-10] 	Waiting on external lifecycle transitions to activate
[smoother_server-10] 	See https://design.ros2.org/articles/node_lifecycle.html for more information.
[smoother_server-10] [INFO] [1791215846.176490989] [smoother_server]: Creating smoother server
[controller_server-9] [INFO] [1791215846.175970118] [controller_server]: 
[controller_server-9] 	controller_server lifecycle node launched. 
[controller_server-9] 	Waiting on external lifecycle transitions to activate
[controller_server-9] 	See https://design.ros2.org/articles/node_lifecycle.html for more information.
[velocity_smoother-15] [INFO] [1791215846.178584995] [velocity_smoother]: 
[velocity_smoother-15] 	velocity_smoother lifecycle node launched. 
[velocity_smoother-15] 	Waiting on external lifecycle transitions to activate
[velocity_smoother-15] 	See https://design.ros2.org/articles/node_lifecycle.html for more information.
[waypoint_follower-14] [INFO] [1791215846.178636267] [waypoint_follower]: 
[waypoint_follower-14] 	waypoint_follower lifecycle node launched. 
[waypoint_follower-14] 	Waiting on external lifecycle transitions to activate
[waypoint_follower-14] 	See https://design.ros2.org/articles/node_lifecycle.html for more information.
[waypoint_follower-14] [INFO] [1791215846.178958723] [waypoint_follower]: Creating
[bt_navigator-13] [INFO] [1791215846.179015867] [bt_navigator]: 
[bt_navigator-13] 	bt_navigator lifecycle node launched. 
[bt_navigator-13] 	Waiting on external lifecycle transitions to activate
[bt_navigator-13] 	See https://design.ros2.org/articles/node_lifecycle.html for more information.
[bt_navigator-13] [INFO] [1791215846.179087746] [bt_navigator]: Creating
[planner_server-11] [INFO] [1791215846.179631884] [planner_server]: 
[planner_server-11] 	planner_server lifecycle node launched. 
[planner_server-11] 	Waiting on external lifecycle transitions to activate
[planner_server-11] 	See https://design.ros2.org/articles/node_lifecycle.html for more information.
[controller_server-9] [INFO] [1791215846.180424310] [controller_server]: Creating controller server
[map_server-7] [INFO] [1791215846.183722667] [map_server]: 
[map_server-7] 	map_server lifecycle node launched. 
[map_server-7] 	Waiting on external lifecycle transitions to activate
[map_server-7] 	See https://design.ros2.org/articles/node_lifecycle.html for more information.
[map_server-7] [INFO] [1791215846.183818258] [map_server]: Creating
[planner_server-11] [INFO] [1791215846.183879166] [planner_server]: Creating
[lifecycle_manager-16] [INFO] [1791215846.184720349] [lifecycle_manager_navigation]: Creating
[behavior_server-12] [INFO] [1791215846.185799133] [behavior_server]: 
[behavior_server-12] 	behavior_server lifecycle node launched. 
[behavior_server-12] 	Waiting on external lifecycle transitions to activate
[behavior_server-12] 	See https://design.ros2.org/articles/node_lifecycle.html for more information.
[lifecycle_manager-16] [INFO] [1791215846.188493174] [lifecycle_manager_navigation]: [34m[1mCreating and initializing lifecycle service clients[0m[0m
[lifecycle_manager-8] [INFO] [1791215846.192299293] [lifecycle_manager_map_server]: [34m[1mStarting managed nodes bringup...[0m[0m
[lifecycle_manager-8] [INFO] [1791215846.192343438] [lifecycle_manager_map_server]: [34m[1mConfiguring map_server[0m[0m
[planner_server-11] [INFO] [1791215846.192502549] [global_costmap.global_costmap]: 
[planner_server-11] 	global_costmap lifecycle node launched. 
[planner_server-11] 	Waiting on external lifecycle transitions to activate
[planner_server-11] 	See https://design.ros2.org/articles/node_lifecycle.html for more information.
[planner_server-11] [INFO] [1791215846.194976120] [global_costmap.global_costmap]: Creating Costmap
[controller_server-9] [INFO] [1791215846.195033600] [local_costmap.local_costmap]: 
[controller_server-9] 	local_costmap lifecycle node launched. 
[controller_server-9] 	Waiting on external lifecycle transitions to activate
[controller_server-9] 	See https://design.ros2.org/articles/node_lifecycle.html for more information.
[controller_server-9] [INFO] [1791215846.195419730] [local_costmap.local_costmap]: Creating Costmap
[map_server-7] [INFO] [1791215846.205277844] [map_server]: Configuring
[map_server-7] [INFO] [1791215846.205351347] [map_io]: Loading yaml file: /home/nermin/Documents/Thesis/code/Autonomous-Lawn-Mower-Navigation/install/mower_sim/share/mower_sim/maps/empty_map.yaml
[map_server-7] [INFO] [1791215846.205585205] [map_io]: resolution: 0.05
[map_server-7] [INFO] [1791215846.205594262] [map_io]: origin[0]: -50
[map_server-7] [INFO] [1791215846.205597252] [map_io]: origin[1]: -50
[map_server-7] [INFO] [1791215846.205601348] [map_io]: origin[2]: 0
[map_server-7] [INFO] [1791215846.205605714] [map_io]: free_thresh: 0.196
[map_server-7] [INFO] [1791215846.205609867] [map_io]: occupied_thresh: 0.65
[map_server-7] [INFO] [1791215846.205614492] [map_io]: mode: trinary
[map_server-7] [INFO] [1791215846.205619060] [map_io]: negate: 0
[map_server-7] [INFO] [1791215846.205787450] [map_io]: Loading image_file: /home/nermin/Documents/Thesis/code/Autonomous-Lawn-Mower-Navigation/install/mower_sim/share/mower_sim/maps/empty_map.pgm
[lifecycle_manager-16] [INFO] [1791215846.207712745] [lifecycle_manager_navigation]: [34m[1mStarting managed nodes bringup...[0m[0m
[lifecycle_manager-16] [INFO] [1791215846.207744045] [lifecycle_manager_navigation]: [34m[1mConfiguring controller_server[0m[0m
[controller_server-9] [INFO] [1791215846.207862822] [controller_server]: Configuring controller interface
[controller_server-9] [INFO] [1791215846.207970336] [controller_server]: getting goal checker plugins..
[controller_server-9] [INFO] [1791215846.207981902] [controller_server]: Controller frequency set to 30.0000Hz
[controller_server-9] [INFO] [1791215846.207998056] [local_costmap.local_costmap]: Configuring
[controller_server-9] [INFO] [1791215846.209932194] [local_costmap.local_costmap]: Using plugin "static_layer"
[controller_server-9] [INFO] [1791215846.212011343] [local_costmap.local_costmap]: Subscribing to the map topic (/map) with transient local durability
[controller_server-9] [INFO] [1791215846.212391655] [local_costmap.local_costmap]: Initialized plugin "static_layer"
[controller_server-9] [INFO] [1791215846.212407225] [local_costmap.local_costmap]: Using plugin "voxel_layer"
[controller_server-9] [INFO] [1791215846.212695847] [local_costmap.local_costmap]: Subscribed to Topics: scan
[controller_server-9] [INFO] [1791215846.215123614] [local_costmap.local_costmap]: Initialized plugin "voxel_layer"
[controller_server-9] [INFO] [1791215846.215139933] [local_costmap.local_costmap]: Using plugin "inflation_layer"
[controller_server-9] [INFO] [1791215846.215654843] [local_costmap.local_costmap]: Initialized plugin "inflation_layer"
[controller_server-9] [INFO] [1791215846.218104498] [controller_server]: Created progress_checker : progress_checker of type nav2_controller::SimpleProgressChecker
[controller_server-9] [INFO] [1791215846.218602980] [controller_server]: Created goal checker : general_goal_checker of type nav2_controller::SimpleGoalChecker
[controller_server-9] [INFO] [1791215846.218800300] [controller_server]: Controller Server has general_goal_checker  goal checkers available.
[controller_server-9] [INFO] [1791215846.219202420] [controller_server]: Created controller : RPP of type nav2_regulated_pure_pursuit_controller::RegulatedPurePursuitController
[controller_server-9] [INFO] [1791215846.221673235] [controller_server]: Created controller : MPPI of type nav2_mppi_controller::MPPIController
[controller_server-9] [WARN] [1791215846.222594319] [controller_server]: Controller period is less then model dt, consider setting it equal
[controller_server-9] [INFO] [1791215846.223382605] [controller_server]: ConstraintCritic instantiated with 1 power and 4.000000 weight.
[controller_server-9] [INFO] [1791215846.223406305] [controller_server]: Critic loaded : mppi::critics::ConstraintCritic
[controller_server-9] [INFO] [1791215846.223662778] [controller_server]: GoalCritic instantiated with 1 power and 2.000000 weight.
[controller_server-9] [INFO] [1791215846.223679139] [controller_server]: Critic loaded : mppi::critics::GoalCritic
[controller_server-9] [INFO] [1791215846.223940787] [controller_server]: GoalAngleCritic instantiated with 1 power, 1.000000 weight, and 0.300000 angular threshold.
[controller_server-9] [INFO] [1791215846.223958542] [controller_server]: Critic loaded : mppi::critics::GoalAngleCritic
[controller_server-9] [INFO] [1791215846.224411376] [controller_server]: ReferenceTrajectoryCritic instantiated with 1 power and 14.000000 weight
[controller_server-9] [INFO] [1791215846.224429588] [controller_server]: Critic loaded : mppi::critics::PathAlignCritic
[controller_server-9] [INFO] [1791215846.224716108] [controller_server]: Critic loaded : mppi::critics::PathFollowCritic
[controller_server-9] [INFO] [1791215846.225114394] [controller_server]: PathAngleCritic instantiated with 1 power and 2.000000 weight. Reversing allowed.
[controller_server-9] [INFO] [1791215846.225133232] [controller_server]: Critic loaded : mppi::critics::PathAngleCritic
[controller_server-9] [INFO] [1791215846.225709852] [controller_server]: ObstaclesCritic instantiated with 1 power and 20.000000 / 2.000000 weights. Critic will collision check based on footprint cost.
[controller_server-9] [INFO] [1791215846.225726274] [controller_server]: Critic loaded : mppi::critics::ObstaclesCritic
[controller_server-9] [INFO] [1791215846.225954747] [controller_server]: PreferForwardCritic instantiated with 1 power and 1.000000 weight.
[controller_server-9] [INFO] [1791215846.225992241] [controller_server]: Critic loaded : mppi::critics::PreferForwardCritic
[controller_server-9] [INFO] [1791215846.226222039] [controller_server]: VelocityDeadbandCritic instantiated with 1 power, 0.5 weight, deadband_velocity [0.02,0,0.02]
[controller_server-9] [INFO] [1791215846.226232792] [controller_server]: Critic loaded : mppi::critics::VelocityDeadbandCritic
[controller_server-9] [INFO] [1791215846.226390621] [controller_server]: TwirlingCritic instantiated with 1 power and 1.000000 weight.
[controller_server-9] [INFO] [1791215846.226400656] [controller_server]: Critic loaded : mppi::critics::TwirlingCritic
[controller_server-9] [INFO] [1791215846.227482290] [controller_server]: Optimizer reset
[controller_server-9] [INFO] [1791215846.228378161] [MPPIController]: Configured MPPI Controller: MPPI
[controller_server-9] [INFO] [1791215846.229231467] [controller_server]: Created controller : DWB of type dwb_core::DWBLocalPlanner
[controller_server-9] [INFO] [1791215846.229870579] [controller_server]: Setting transform_tolerance to 0.200000
[controller_server-9] [INFO] [1791215846.233555543] [controller_server]: Using critic "RotateToGoal" (dwb_critics::RotateToGoalCritic)
[controller_server-9] [INFO] [1791215846.233842881] [controller_server]: Critic plugin initialized
[controller_server-9] [INFO] [1791215846.233921083] [controller_server]: Using critic "BaseObstacle" (dwb_critics::BaseObstacleCritic)
[controller_server-9] [INFO] [1791215846.234028049] [controller_server]: Critic plugin initialized
[controller_server-9] [INFO] [1791215846.234096989] [controller_server]: Using critic "PathAlign" (dwb_critics::PathAlignCritic)
[controller_server-9] [INFO] [1791215846.234299053] [controller_server]: Critic plugin initialized
[controller_server-9] [INFO] [1791215846.234372023] [controller_server]: Using critic "PathDist" (dwb_critics::PathDistCritic)
[controller_server-9] [INFO] [1791215846.234506809] [controller_server]: Critic plugin initialized
[controller_server-9] [INFO] [1791215846.234572150] [controller_server]: Using critic "GoalDist" (dwb_critics::GoalDistCritic)
[controller_server-9] [INFO] [1791215846.234719716] [controller_server]: Critic plugin initialized
[controller_server-9] [INFO] [1791215846.234730105] [controller_server]: Controller Server has RPP MPPI DWB  controllers available.
[lifecycle_manager-16] [INFO] [1791215846.236610428] [lifecycle_manager_navigation]: [34m[1mConfiguring smoother_server[0m[0m
[smoother_server-10] [INFO] [1791215846.236717353] [smoother_server]: Configuring smoother server
[smoother_server-10] [INFO] [1791215846.239423089] [smoother_server]: Created smoother : simple_smoother of type nav2_smoother::SimpleSmoother
[smoother_server-10] [INFO] [1791215846.239691759] [smoother_server]: Smoother Server has simple_smoother  smoothers available.
[lifecycle_manager-16] [INFO] [1791215846.241099956] [lifecycle_manager_navigation]: [34m[1mConfiguring planner_server[0m[0m
[planner_server-11] [INFO] [1791215846.241204463] [planner_server]: Configuring
[planner_server-11] [INFO] [1791215846.241231863] [global_costmap.global_costmap]: Configuring
[planner_server-11] [INFO] [1791215846.243101482] [global_costmap.global_costmap]: Using plugin "static_layer"
[planner_server-11] [INFO] [1791215846.245053623] [global_costmap.global_costmap]: Subscribing to the map topic (/map) with transient local durability
[planner_server-11] [INFO] [1791215846.245367371] [global_costmap.global_costmap]: Initialized plugin "static_layer"
[planner_server-11] [INFO] [1791215846.245380484] [global_costmap.global_costmap]: Using plugin "obstacle_layer"
[planner_server-11] [INFO] [1791215846.245711936] [global_costmap.global_costmap]: Subscribed to Topics: scan
[planner_server-11] [INFO] [1791215846.246999997] [global_costmap.global_costmap]: Initialized plugin "obstacle_layer"
[planner_server-11] [INFO] [1791215846.247016768] [global_costmap.global_costmap]: Using plugin "inflation_layer"
[planner_server-11] [INFO] [1791215846.247470447] [global_costmap.global_costmap]: Initialized plugin "inflation_layer"
[planner_server-11] [INFO] [1791215846.250051257] [planner_server]: Created global planner plugin GridBased of type nav2_navfn_planner/NavfnPlanner
[planner_server-11] [INFO] [1791215846.250070700] [planner_server]: Configuring plugin GridBased of type NavfnPlanner
[planner_server-11] [INFO] [1791215846.250338552] [planner_server]: Planner Server has GridBased  planners available.
[lifecycle_manager-16] [INFO] [1791215846.253234450] [lifecycle_manager_navigation]: [34m[1mConfiguring behavior_server[0m[0m
[behavior_server-12] [INFO] [1791215846.253393763] [behavior_server]: Configuring
[behavior_server-12] [INFO] [1791215846.256843283] [behavior_server]: Creating behavior plugin spin of type nav2_behaviors/Spin
[behavior_server-12] [INFO] [1791215846.257255209] [behavior_server]: Configuring spin
[behavior_server-12] [INFO] [1791215846.258757880] [behavior_server]: Creating behavior plugin backup of type nav2_behaviors/BackUp
[behavior_server-12] [INFO] [1791215846.259142520] [behavior_server]: Configuring backup
[behavior_server-12] [INFO] [1791215846.260352378] [behavior_server]: Creating behavior plugin drive_on_heading of type nav2_behaviors/DriveOnHeading
[behavior_server-12] [INFO] [1791215846.260721356] [behavior_server]: Configuring drive_on_heading
[behavior_server-12] [INFO] [1791215846.261830577] [behavior_server]: Creating behavior plugin assisted_teleop of type nav2_behaviors/AssistedTeleop
[behavior_server-12] [INFO] [1791215846.262813190] [behavior_server]: Configuring assisted_teleop
[behavior_server-12] [INFO] [1791215846.264457518] [behavior_server]: Creating behavior plugin wait of type nav2_behaviors/Wait
[behavior_server-12] [INFO] [1791215846.264800923] [behavior_server]: Configuring wait
[lifecycle_manager-16] [INFO] [1791215846.266007152] [lifecycle_manager_navigation]: [34m[1mConfiguring bt_navigator[0m[0m
[bt_navigator-13] [INFO] [1791215846.266106472] [bt_navigator]: Configuring
[lifecycle_manager-16] [INFO] [1791215846.292454289] [lifecycle_manager_navigation]: [34m[1mConfiguring waypoint_follower[0m[0m
[waypoint_follower-14] [INFO] [1791215846.292592937] [waypoint_follower]: Configuring
[waypoint_follower-14] [INFO] [1791215846.296077415] [waypoint_follower]: Created waypoint_task_executor : wait_at_waypoint of type nav2_waypoint_follower::WaitAtWaypoint
[lifecycle_manager-16] [INFO] [1791215846.296445950] [lifecycle_manager_navigation]: [34m[1mConfiguring velocity_smoother[0m[0m
[velocity_smoother-15] [INFO] [1791215846.296554377] [velocity_smoother]: Configuring velocity smoother
[lifecycle_manager-16] [INFO] [1791215846.297979084] [lifecycle_manager_navigation]: [34m[1mActivating controller_server[0m[0m
[controller_server-9] [INFO] [1791215846.298062132] [controller_server]: Activating
[controller_server-9] [INFO] [1791215846.298092611] [local_costmap.local_costmap]: Activating
[controller_server-9] [INFO] [1791215846.298101825] [local_costmap.local_costmap]: Checking transform
[controller_server-9] [INFO] [1791215846.298170466] [local_costmap.local_costmap]: start
[map_server-7] [INFO] [1791215846.464349341] [map_io]: Read map /home/nermin/Documents/Thesis/code/Autonomous-Lawn-Mower-Navigation/install/mower_sim/share/mower_sim/maps/empty_map.pgm: 2000 X 2000 map @ 0.05 m/cell
[lifecycle_manager-8] [INFO] [1791215846.470355972] [lifecycle_manager_map_server]: [34m[1mActivating map_server[0m[0m
[map_server-7] [INFO] [1791215846.470439804] [map_server]: Activating
[map_server-7] [INFO] [1791215846.474732965] [map_server]: Creating bond (map_server) to lifecycle manager.
[planner_server-11] [INFO] [1791215846.478618259] [global_costmap.global_costmap]: StaticLayer: Resizing costmap to 2000 X 2000 at 0.050000 m/pix
[controller_server-9] [INFO] [1791215846.478649506] [local_costmap.local_costmap]: StaticLayer: Resizing static layer to 2000 X 2000 at 0.050000 m/pix
[controller_server-9] [WARN] [1791215846.548545420] [controller_server]: Parameter controller_server.verbose not found
[controller_server-9] [INFO] [1791215846.549184824] [controller_server]: Optimizer reset
[controller_server-9] [INFO] [1791215846.549293570] [MPPIController]: Activated MPPI Controller: MPPI
[controller_server-9] [INFO] [1791215846.549307162] [controller_server]: Activating controller: RPP of type regulated_pure_pursuit_controller::RegulatedPurePursuitController
[controller_server-9] [INFO] [1791215846.549365501] [controller_server]: Creating bond (controller_server) to lifecycle manager.
[lifecycle_manager-8] [INFO] [1791215846.576583944] [lifecycle_manager_map_server]: Server map_server connected with bond.
[lifecycle_manager-8] [INFO] [1791215846.576613833] [lifecycle_manager_map_server]: [34m[1mManaged nodes are active[0m[0m
[lifecycle_manager-8] [INFO] [1791215846.576625063] [lifecycle_manager_map_server]: [34m[1mCreating bond timer...[0m[0m
[lifecycle_manager-16] [INFO] [1791215846.651306842] [lifecycle_manager_navigation]: Server controller_server connected with bond.
[lifecycle_manager-16] [INFO] [1791215846.651335179] [lifecycle_manager_navigation]: [34m[1mActivating smoother_server[0m[0m
[smoother_server-10] [INFO] [1791215846.651462980] [smoother_server]: Activating
[smoother_server-10] [INFO] [1791215846.651492053] [smoother_server]: Creating bond (smoother_server) to lifecycle manager.
[lifecycle_manager-16] [INFO] [1791215846.752784102] [lifecycle_manager_navigation]: Server smoother_server connected with bond.
[lifecycle_manager-16] [INFO] [1791215846.752819598] [lifecycle_manager_navigation]: [34m[1mActivating planner_server[0m[0m
[planner_server-11] [INFO] [1791215846.752946564] [planner_server]: Activating
[planner_server-11] [INFO] [1791215846.752984889] [global_costmap.global_costmap]: Activating
[planner_server-11] [INFO] [1791215846.752993340] [global_costmap.global_costmap]: Checking transform
[planner_server-11] [INFO] [1791215846.753050320] [global_costmap.global_costmap]: start
[planner_server-11] [INFO] [1791215847.803409523] [planner_server]: Activating plugin GridBased of type NavfnPlanner
[planner_server-11] [INFO] [1791215847.803768087] [planner_server]: Creating bond (planner_server) to lifecycle manager.
[lifecycle_manager-16] [INFO] [1791215847.905150580] [lifecycle_manager_navigation]: Server planner_server connected with bond.
[lifecycle_manager-16] [INFO] [1791215847.905193998] [lifecycle_manager_navigation]: [34m[1mActivating behavior_server[0m[0m
[behavior_server-12] [INFO] [1791215847.905361666] [behavior_server]: Activating
[behavior_server-12] [INFO] [1791215847.905387275] [behavior_server]: Activating spin
[behavior_server-12] [INFO] [1791215847.905397218] [behavior_server]: Activating backup
[behavior_server-12] [INFO] [1791215847.905404771] [behavior_server]: Activating drive_on_heading
[behavior_server-12] [INFO] [1791215847.905412422] [behavior_server]: Activating assisted_teleop
[behavior_server-12] [INFO] [1791215847.905419689] [behavior_server]: Activating wait
[behavior_server-12] [INFO] [1791215847.905429957] [behavior_server]: Creating bond (behavior_server) to lifecycle manager.
[lifecycle_manager-16] [INFO] [1791215848.006860636] [lifecycle_manager_navigation]: Server behavior_server connected with bond.
[lifecycle_manager-16] [INFO] [1791215848.006911109] [lifecycle_manager_navigation]: [34m[1mActivating bt_navigator[0m[0m
[bt_navigator-13] [INFO] [1791215848.007094732] [bt_navigator]: Activating
[bt_navigator-13] [INFO] [1791215848.020596970] [bt_navigator]: Creating bond (bt_navigator) to lifecycle manager.
[lifecycle_manager-16] [INFO] [1791215848.122106558] [lifecycle_manager_navigation]: Server bt_navigator connected with bond.
[lifecycle_manager-16] [INFO] [1791215848.122143598] [lifecycle_manager_navigation]: [34m[1mActivating waypoint_follower[0m[0m
[waypoint_follower-14] [INFO] [1791215848.122311672] [waypoint_follower]: Activating
[waypoint_follower-14] [INFO] [1791215848.122343876] [waypoint_follower]: Creating bond (waypoint_follower) to lifecycle manager.
[lifecycle_manager-16] [INFO] [1791215848.223669800] [lifecycle_manager_navigation]: Server waypoint_follower connected with bond.
[lifecycle_manager-16] [INFO] [1791215848.223712269] [lifecycle_manager_navigation]: [34m[1mActivating velocity_smoother[0m[0m
[velocity_smoother-15] [INFO] [1791215848.223903075] [velocity_smoother]: Activating
[velocity_smoother-15] [INFO] [1791215848.223958977] [velocity_smoother]: Creating bond (velocity_smoother) to lifecycle manager.
[lifecycle_manager-16] [INFO] [1791215848.325478373] [lifecycle_manager_navigation]: Server velocity_smoother connected with bond.
[lifecycle_manager-16] [INFO] [1791215848.325508400] [lifecycle_manager_navigation]: [34m[1mManaged nodes are active[0m[0m
[lifecycle_manager-16] [INFO] [1791215848.325531936] [lifecycle_manager_navigation]: [34m[1mCreating bond timer...[0m[0m
[controller_server-9] [INFO] [1791215849.455411716] [controller_server]: Received a goal, begin computing control effort.
[robot_trail_publisher-5] [INFO] [1791215849.455876773] [robot_trail_publisher]: New run, trail cleared
[coverage_monitor-6] [INFO] [1791215849.613775090] [coverage_monitor]: New coverage path, field rebuilt
[controller_server-9] [INFO] [1791215872.122309666] [controller_server]: Reached the goal!
[WARNING] [launch]: user interrupted with ctrl-c (SIGINT)
[lifecycle_manager-8] [INFO] [1791215872.454476616] [rclcpp]: signal_handler(SIGINT/SIGTERM)
[lifecycle_manager-8] [INFO] [1791215872.454542703] [lifecycle_manager_map_server]: Running Nav2 LifecycleManager rcl preshutdown (lifecycle_manager_map_server)
[lifecycle_manager-8] [INFO] [1791215872.454576439] [lifecycle_manager_map_server]: [34m[1mTerminating bond timer...[0m[0m
[smoother_server-10] [INFO] [1791215872.454433360] [rclcpp]: signal_handler(SIGINT/SIGTERM)
[smoother_server-10] [INFO] [1791215872.454526327] [smoother_server]: Running Nav2 LifecycleNode rcl preshutdown (smoother_server)
[smoother_server-10] [INFO] [1791215872.454596410] [smoother_server]: Deactivating
[smoother_server-10] [INFO] [1791215872.454617812] [smoother_server]: Destroying bond (smoother_server) to lifecycle manager.
[velocity_smoother-15] [INFO] [1791215872.454468763] [rclcpp]: signal_handler(SIGINT/SIGTERM)
[velocity_smoother-15] [INFO] [1791215872.454576564] [velocity_smoother]: Running Nav2 LifecycleNode rcl preshutdown (velocity_smoother)
[velocity_smoother-15] [INFO] [1791215872.454662388] [velocity_smoother]: Deactivating
[velocity_smoother-15] [INFO] [1791215872.454685078] [velocity_smoother]: Destroying bond (velocity_smoother) to lifecycle manager.
[controller_server-9] [INFO] [1791215872.454472272] [rclcpp]: signal_handler(SIGINT/SIGTERM)
[controller_server-9] [INFO] [1791215872.454520008] [controller_server]: Running Nav2 LifecycleNode rcl preshutdown (controller_server)
[controller_server-9] [INFO] [1791215872.454594938] [controller_server]: Deactivating
[controller_server-9] [INFO] [1791215872.454636606] [MPPIController]: Deactivated MPPI Controller: MPPI
[controller_server-9] [INFO] [1791215872.454641200] [controller_server]: Deactivating controller: RPP of type regulated_pure_pursuit_controller::RegulatedPurePursuitController
[controller_server-9] [INFO] [1791215872.454664411] [local_costmap.local_costmap]: Deactivating
[waypoint_follower-14] [INFO] [1791215872.454466499] [rclcpp]: signal_handler(SIGINT/SIGTERM)
[waypoint_follower-14] [INFO] [1791215872.454568846] [waypoint_follower]: Running Nav2 LifecycleNode rcl preshutdown (waypoint_follower)
[waypoint_follower-14] [INFO] [1791215872.454644086] [waypoint_follower]: Deactivating
[waypoint_follower-14] [INFO] [1791215872.454660750] [waypoint_follower]: Destroying bond (waypoint_follower) to lifecycle manager.
[robot_state_publisher-2] [INFO] [1791215872.454492652] [rclcpp]: signal_handler(SIGINT/SIGTERM)
[INFO] [lifecycle_manager-16]: sending signal 'SIGINT' to process[lifecycle_manager-16]
[INFO] [velocity_smoother-15]: sending signal 'SIGINT' to process[velocity_smoother-15]
[INFO] [waypoint_follower-14]: sending signal 'SIGINT' to process[waypoint_follower-14]
[INFO] [bt_navigator-13]: sending signal 'SIGINT' to process[bt_navigator-13]
[INFO] [behavior_server-12]: sending signal 'SIGINT' to process[behavior_server-12]
[INFO] [planner_server-11]: sending signal 'SIGINT' to process[planner_server-11]
[INFO] [smoother_server-10]: sending signal 'SIGINT' to process[smoother_server-10]
[INFO] [controller_server-9]: sending signal 'SIGINT' to process[controller_server-9]
[INFO] [lifecycle_manager-8]: sending signal 'SIGINT' to process[lifecycle_manager-8]
[INFO] [map_server-7]: sending signal 'SIGINT' to process[map_server-7]
[INFO] [coverage_monitor-6]: sending signal 'SIGINT' to process[coverage_monitor-6]
[INFO] [robot_trail_publisher-5]: sending signal 'SIGINT' to process[robot_trail_publisher-5]
[INFO] [ground_truth_tf_publisher-4]: sending signal 'SIGINT' to process[ground_truth_tf_publisher-4]
[INFO] [robot_state_publisher-2]: sending signal 'SIGINT' to process[robot_state_publisher-2]
[INFO] [gzserver-1]: sending signal 'SIGINT' to process[gzserver-1]
[planner_server-11] [INFO] [1791215872.454537386] [rclcpp]: signal_handler(SIGINT/SIGTERM)
[planner_server-11] [INFO] [1791215872.454625808] [planner_server]: Running Nav2 LifecycleNode rcl preshutdown (planner_server)
[planner_server-11] [INFO] [1791215872.454688173] [planner_server]: Deactivating
[planner_server-11] [INFO] [1791215872.454715958] [global_costmap.global_costmap]: Deactivating
[bt_navigator-13] [INFO] [1791215872.454555997] [rclcpp]: signal_handler(SIGINT/SIGTERM)
[bt_navigator-13] [INFO] [1791215872.454612518] [bt_navigator]: Running Nav2 LifecycleNode rcl preshutdown (bt_navigator)
[bt_navigator-13] [INFO] [1791215872.454667879] [bt_navigator]: Deactivating
[bt_navigator-13] [INFO] [1791215872.454686273] [bt_navigator]: Destroying bond (bt_navigator) to lifecycle manager.
[lifecycle_manager-16] [INFO] [1791215872.454815814] [rclcpp]: signal_handler(SIGINT/SIGTERM)
[lifecycle_manager-16] [INFO] [1791215872.454866336] [lifecycle_manager_navigation]: Running Nav2 LifecycleManager rcl preshutdown (lifecycle_manager_navigation)
[lifecycle_manager-16] [INFO] [1791215872.454903072] [lifecycle_manager_navigation]: [34m[1mTerminating bond timer...[0m[0m
[behavior_server-12] [INFO] [1791215872.454906115] [rclcpp]: signal_handler(SIGINT/SIGTERM)
[behavior_server-12] [INFO] [1791215872.454963909] [behavior_server]: Running Nav2 LifecycleNode rcl preshutdown (behavior_server)
[behavior_server-12] [INFO] [1791215872.455014470] [behavior_server]: Deactivating
[behavior_server-12] [INFO] [1791215872.455060338] [behavior_server]: Destroying bond (behavior_server) to lifecycle manager.
[map_server-7] [INFO] [1791215872.454938849] [rclcpp]: signal_handler(SIGINT/SIGTERM)
[map_server-7] [INFO] [1791215872.455007581] [map_server]: Running Nav2 LifecycleNode rcl preshutdown (map_server)
[map_server-7] [INFO] [1791215872.455066039] [map_server]: Deactivating
[map_server-7] [INFO] [1791215872.455084239] [map_server]: Destroying bond (map_server) to lifecycle manager.
[smoother_server-10] [INFO] [1791215872.464843927] [smoother_server]: Cleaning up
[waypoint_follower-14] [INFO] [1791215872.464858560] [waypoint_follower]: Cleaning up
[velocity_smoother-15] [INFO] [1791215872.464865564] [velocity_smoother]: Cleaning up
[velocity_smoother-15] [INFO] [1791215872.464901478] [velocity_smoother]: Destroying bond (velocity_smoother) to lifecycle manager.
[velocity_smoother-15] [INFO] [1791215872.465393814] [rclcpp]: signal_handler(SIGINT/SIGTERM)
[bt_navigator-13] [INFO] [1791215872.464875969] [bt_navigator]: Cleaning up
[behavior_server-12] [INFO] [1791215872.465272497] [behavior_server]: Cleaning up
[map_server-7] [INFO] [1791215872.465283399] [map_server]: Cleaning up
[map_server-7] [INFO] [1791215872.465552906] [map_server]: Destroying bond (map_server) to lifecycle manager.
[behavior_server-12] [INFO] [1791215872.469575727] [behavior_server]: Destroying bond (behavior_server) to lifecycle manager.
[behavior_server-12] [INFO] [1791215872.470590517] [rclcpp]: signal_handler(SIGINT/SIGTERM)
[lifecycle_manager-8] [INFO] [1791215872.472584234] [rclcpp]: signal_handler(SIGINT/SIGTERM)
[waypoint_follower-14] [INFO] [1791215872.473780169] [waypoint_follower]: Destroying bond (waypoint_follower) to lifecycle manager.
[map_server-7] [INFO] [1791215872.473868537] [rclcpp]: signal_handler(SIGINT/SIGTERM)
[waypoint_follower-14] [INFO] [1791215872.474910407] [rclcpp]: signal_handler(SIGINT/SIGTERM)
[robot_state_publisher-2] [INFO] [1791215872.478977431] [rclcpp]: signal_handler(SIGINT/SIGTERM)
[smoother_server-10] [INFO] [1791215872.481105209] [smoother_server]: Destroying bond (smoother_server) to lifecycle manager.
[smoother_server-10] [INFO] [1791215872.481255499] [rclcpp]: signal_handler(SIGINT/SIGTERM)
[controller_server-9] [INFO] [1791215872.498314452] [controller_server]: Destroying bond (controller_server) to lifecycle manager.
[map_server-7] [INFO] [1791215872.579588657] [map_server]: Destroying
[lifecycle_manager-8] [INFO] [1791215872.580160606] [lifecycle_manager_map_server]: Destroying lifecycle_manager_map_server
[ground_truth_tf_publisher-4] Traceback (most recent call last):
[ground_truth_tf_publisher-4]   File "/home/nermin/Documents/Thesis/code/Autonomous-Lawn-Mower-Navigation/install/mower_sim/lib/mower_sim/ground_truth_tf_publisher", line 33, in <module>
[ground_truth_tf_publisher-4]     sys.exit(load_entry_point('mower-sim==0.0.0', 'console_scripts', 'ground_truth_tf_publisher')())
[ground_truth_tf_publisher-4]   File "/home/nermin/Documents/Thesis/code/Autonomous-Lawn-Mower-Navigation/install/mower_sim/lib/python3.10/site-packages/mower_sim/ground_truth_tf_publisher.py", line 169, in main
[ground_truth_tf_publisher-4]     node.destroy_node()
[ground_truth_tf_publisher-4]   File "/opt/ros/humble/local/lib/python3.10/dist-packages/rclpy/node.py", line 1685, in destroy_node
[ground_truth_tf_publisher-4]     self.destroy_publisher(self._publishers[0])
[ground_truth_tf_publisher-4]   File "/opt/ros/humble/local/lib/python3.10/dist-packages/rclpy/node.py", line 1565, in destroy_publisher
[ground_truth_tf_publisher-4]     publisher.destroy()
[ground_truth_tf_publisher-4]   File "/opt/ros/humble/local/lib/python3.10/dist-packages/rclpy/publisher.py", line 99, in destroy
[ground_truth_tf_publisher-4]     self.__publisher.destroy_when_not_in_use()
[ground_truth_tf_publisher-4] KeyboardInterrupt
[velocity_smoother-15] [INFO] [1791215872.592033222] [velocity_smoother]: Destroying
[behavior_server-12] [INFO] [1791215872.610808562] [behavior_server]: Destroying
[bt_navigator-13] [INFO] [1791215872.610809204] [bt_navigator]: Completed Cleaning up
[bt_navigator-13] [INFO] [1791215872.610863234] [bt_navigator]: Destroying bond (bt_navigator) to lifecycle manager.
[bt_navigator-13] [INFO] [1791215872.611865943] [rclcpp]: signal_handler(SIGINT/SIGTERM)
[bt_navigator-13] [INFO] [1791215872.625924444] [bt_navigator]: Destroying
[waypoint_follower-14] [INFO] [1791215872.626610935] [waypoint_follower]: Destroying
[smoother_server-10] [INFO] [1791215872.656001128] [smoother_server]: Destroying
[lifecycle_manager-16] [INFO] [1791215872.660469576] [rclcpp]: signal_handler(SIGINT/SIGTERM)
[robot_trail_publisher-5] Traceback (most recent call last):
[robot_trail_publisher-5]   File "/home/nermin/Documents/Thesis/code/Autonomous-Lawn-Mower-Navigation/install/mower_sim/lib/mower_sim/robot_trail_publisher", line 33, in <module>
[robot_trail_publisher-5]     sys.exit(load_entry_point('mower-sim==0.0.0', 'console_scripts', 'robot_trail_publisher')())
[robot_trail_publisher-5]   File "/home/nermin/Documents/Thesis/code/Autonomous-Lawn-Mower-Navigation/install/mower_sim/lib/python3.10/site-packages/mower_sim/robot_trail_publisher.py", line 98, in main
[robot_trail_publisher-5]     node.destroy_node()
[robot_trail_publisher-5]   File "/opt/ros/humble/local/lib/python3.10/dist-packages/rclpy/node.py", line 1696, in destroy_node
[coverage_monitor-6] Traceback (most recent call last):
[coverage_monitor-6]   File "/home/nermin/Documents/Thesis/code/Autonomous-Lawn-Mower-Navigation/install/mower_sim/lib/mower_sim/coverage_monitor", line 33, in <module>
[coverage_monitor-6]     sys.exit(load_entry_point('mower-sim==0.0.0', 'console_scripts', 'coverage_monitor')())
[coverage_monitor-6]   File "/home/nermin/Documents/Thesis/code/Autonomous-Lawn-Mower-Navigation/install/mower_sim/lib/python3.10/site-packages/mower_sim/coverage_monitor.py", line 153, in main
[coverage_monitor-6]     node.destroy_node()
[coverage_monitor-6]   File "/opt/ros/humble/local/lib/python3.10/dist-packages/rclpy/node.py", line 1696, in destroy_node
[robot_trail_publisher-5]     self.__node.destroy_when_not_in_use()
[robot_trail_publisher-5] KeyboardInterrupt
[coverage_monitor-6]     self.__node.destroy_when_not_in_use()
[coverage_monitor-6] KeyboardInterrupt
[lifecycle_manager-16] [INFO] [1791215872.665038051] [lifecycle_manager_navigation]: Destroying lifecycle_manager_navigation
[ERROR] [robot_trail_publisher-5]: process has died [pid 9294, exit code -2, cmd '/home/nermin/Documents/Thesis/code/Autonomous-Lawn-Mower-Navigation/install/mower_sim/lib/mower_sim/robot_trail_publisher --ros-args --params-file /tmp/launch_params_zavt70xg'].
[ERROR] [coverage_monitor-6]: process has died [pid 9296, exit code -2, cmd '/home/nermin/Documents/Thesis/code/Autonomous-Lawn-Mower-Navigation/install/mower_sim/lib/mower_sim/coverage_monitor --ros-args --params-file /tmp/launch_params_dufz30u0'].
[controller_server-9] [INFO] [1791215872.753197393] [controller_server]: Cleaning up
[planner_server-11] [INFO] [1791215872.753253986] [planner_server]: Deactivating plugin GridBased of type NavfnPlanner
[planner_server-11] [INFO] [1791215872.753289493] [planner_server]: Destroying bond (planner_server) to lifecycle manager.
[controller_server-9] [INFO] [1791215872.753287156] [MPPIController]: Cleaned up MPPI Controller: MPPI
[controller_server-9] [INFO] [1791215872.753291452] [controller_server]: Cleaning up controller: RPP of type regulated_pure_pursuit_controller::RegulatedPurePursuitController
[controller_server-9] [INFO] [1791215872.753390043] [local_costmap.local_costmap]: Cleaning up
[INFO] [robot_state_publisher-2]: process has finished cleanly [pid 9288]
[planner_server-11] [INFO] [1791215872.763458024] [planner_server]: Cleaning up
[INFO] [lifecycle_manager-8]: process has finished cleanly [pid 9697]
[INFO] [waypoint_follower-14]: process has finished cleanly [pid 9709]
[INFO] [velocity_smoother-15]: process has finished cleanly [pid 9711]
[INFO] [behavior_server-12]: process has finished cleanly [pid 9705]
[INFO] [map_server-7]: process has finished cleanly [pid 9695]
[INFO] [bt_navigator-13]: process has finished cleanly [pid 9707]
[controller_server-9] [INFO] [1791215872.775990648] [controller_server]: Destroying bond (controller_server) to lifecycle manager.
[controller_server-9] [INFO] [1791215872.778102750] [rclcpp]: signal_handler(SIGINT/SIGTERM)
[planner_server-11] [INFO] [1791215872.778145956] [global_costmap.global_costmap]: Cleaning up
[ERROR] [ground_truth_tf_publisher-4]: process has died [pid 9292, exit code -2, cmd '/home/nermin/Documents/Thesis/code/Autonomous-Lawn-Mower-Navigation/install/mower_sim/lib/mower_sim/ground_truth_tf_publisher --ros-args --params-file /tmp/launch_params_l7b8sb0l'].
[planner_server-11] [INFO] [1791215872.782509385] [planner_server]: Cleaning up plugin GridBased of type NavfnPlanner
[planner_server-11] [INFO] [1791215872.782636273] [planner_server]: Destroying plugin GridBased of type NavfnPlanner
[controller_server-9] [INFO] [1791215872.791204070] [local_costmap.local_costmap]: Destroying
[INFO] [gzserver-1]: process has finished cleanly [pid 9286]
[gzserver-1] [0m[1;32m[0m[1;32m[0m[1;36m[0m[1;32m[0m
[gzserver-1] [1;33m[0m[1;31m[0m
[planner_server-11] [INFO] [1791215872.794926970] [planner_server]: Destroying bond (planner_server) to lifecycle manager.
[planner_server-11] [INFO] [1791215872.797200054] [rclcpp]: signal_handler(SIGINT/SIGTERM)
[planner_server-11] [INFO] [1791215872.800443254] [global_costmap.global_costmap]: Destroying
[controller_server-9] [INFO] [1791215872.812275961] [controller_server]: Destroying
[planner_server-11] [INFO] [1791215872.825467591] [planner_server]: Destroying
[INFO] [lifecycle_manager-16]: process has finished cleanly [pid 9713]
[INFO] [smoother_server-10]: process has finished cleanly [pid 9701]
[INFO] [controller_server-9]: process has finished cleanly [pid 9699]
[INFO] [planner_server-11]: process has finished cleanly [pid 9703]
