[INFO] [launch]: All log files can be found below /home/nermin/.ros/log/2026-10-05-15-01-18-698461-Nermin-216305
[INFO] [launch]: Default logging verbosity is set to INFO

[mower_sim] Controller: SWITCHING
[mower_sim] Odometry: ground_truth
[mower_sim] Params: /home/nermin/Documents/Thesis/code/Autonomous-Lawn-Mower-Navigation/install/mower_sim/share/mower_sim/config/nav2_switching.yaml

[INFO] [gzserver-1]: process started with pid [216338]
[INFO] [robot_state_publisher-2]: process started with pid [216340]
[INFO] [spawn_entity.py-3]: process started with pid [216342]
[INFO] [ground_truth_tf_publisher-4]: process started with pid [216344]
[INFO] [robot_trail_publisher-5]: process started with pid [216346]
[INFO] [coverage_monitor-6]: process started with pid [216348]
[robot_state_publisher-2] [INFO] [1791205278.817210341] [robot_state_publisher]: got segment base_footprint
[robot_state_publisher-2] [INFO] [1791205278.817267767] [robot_state_publisher]: got segment base_link
[robot_state_publisher-2] [INFO] [1791205278.817274732] [robot_state_publisher]: got segment base_scan
[robot_state_publisher-2] [INFO] [1791205278.817278991] [robot_state_publisher]: got segment front_left_caster
[robot_state_publisher-2] [INFO] [1791205278.817283397] [robot_state_publisher]: got segment front_right_caster
[robot_state_publisher-2] [INFO] [1791205278.817287672] [robot_state_publisher]: got segment left_wheel
[robot_state_publisher-2] [INFO] [1791205278.817291959] [robot_state_publisher]: got segment right_wheel
[gzserver-1] Gazebo multi-robot simulator, version 11.10.2
[gzserver-1] Copyright (C) 2012 Open Source Robotics Foundation.
[gzserver-1] Released under the Apache 2 License.
[gzserver-1] http://gazebosim.org
[gzserver-1] 
[robot_trail_publisher-5] [INFO] [1791205279.228470251] [robot_trail_publisher]: Robot trail: /ground_truth/pose on /robot_trail
[spawn_entity.py-3] [INFO] [1791205279.261941418] [spawn_entity]: Spawn Entity started
[spawn_entity.py-3] [INFO] [1791205279.262202901] [spawn_entity]: Loading entity published on topic robot_description
[spawn_entity.py-3] [INFO] [1791205279.263142779] [spawn_entity]: Waiting for entity xml on robot_description
[spawn_entity.py-3] [INFO] [1791205279.264723100] [spawn_entity]: Waiting for service /spawn_entity, timeout = 120
[spawn_entity.py-3] [INFO] [1791205279.264954766] [spawn_entity]: Waiting for service /spawn_entity
[coverage_monitor-6] [INFO] [1791205279.294679244] [coverage_monitor]: Coverage monitor: field from /coverage_path
[gzserver-1] [1;33m[Wrn] [gazebo_ros_init.cpp:178] [0m[1;33m
[gzserver-1] #     # ####### ####### ###  #####  #######
[gzserver-1] ##    # #     #    #     #  #     # #
[gzserver-1] # #   # #     #    #     #  #       #
[gzserver-1] #  #  # #     #    #     #  #       #####
[gzserver-1] #   # # #     #    #     #  #       #
[gzserver-1] #    ## #     #    #     #  #     # #
[gzserver-1] #     # #######    #    ###  #####  #######
[gzserver-1] 
[gzserver-1] This version of Gazebo, now called Gazebo classic, reaches end-of-life
[gzserver-1] in January 2025. Users are highly encouraged to migrate to the new Gazebo
[gzserver-1] using our migration guides (https://gazebosim.org/docs/latest/gazebo_classic_migration?utm_source=gazebo_ros_pkgs&utm_medium=cli)
[gzserver-1] 
[gzserver-1] [0m[1;33m
[ground_truth_tf_publisher-4] [INFO] [1791205279.322786809] [ground_truth_tf_publisher]: Ground truth TF publisher started for "mower": map -> odom (ground truth correction)
[spawn_entity.py-3] [INFO] [1791205279.767750038] [spawn_entity]: Calling service /spawn_entity
[gzserver-1] [0m[1;33m[0m[1;33m[0m[INFO] [1791205279.805235903] [gazebo.gazebo_ros_state]: Publishing states of gazebo models at [/gazebo/model_states]
[gzserver-1] [INFO] [1791205279.805596702] [gazebo.gazebo_ros_state]: Publishing states of gazebo links at [/gazebo/link_states]
[spawn_entity.py-3] [INFO] [1791205279.899206428] [spawn_entity]: Spawn status: SpawnEntity: Successfully spawned entity [mower]
[gzserver-1] [INFO] [1791205280.009158944] [diff_drive]: Wheel pair 1 separation set to [0.700000m]
[gzserver-1] [INFO] [1791205280.009194107] [diff_drive]: Wheel pair 1 diameter set to [0.300000m]
[gzserver-1] [INFO] [1791205280.009558320] [diff_drive]: Subscribed to [/cmd_vel]
[gzserver-1] [INFO] [1791205280.010291550] [diff_drive]: Advertise odometry on [/odom]
[gzserver-1] [INFO] [1791205280.011087854] [diff_drive]: Publishing odom transforms between [odom] and [base_footprint]
[gzserver-1] [INFO] [1791205280.016279091] [joint_states]: Going to publish joint [left_wheel_joint]
[gzserver-1] [INFO] [1791205280.016296787] [joint_states]: Going to publish joint [right_wheel_joint]
[INFO] [spawn_entity.py-3]: process has finished cleanly [pid 216342]
[gzserver-1] [1;32m[Msg] [0m[1;32mWaiting for master.[0m[1;32m
[gzserver-1] [0m[1;32m[0m[1;32m[0m[1;32m[Msg] [0m[1;32mConnected to gazebo master @ [0m[1;32mhttp://127.0.0.1:11345[0m[1;32m
[gzserver-1] [0m[1;32m[0m[1;32m[0m[1;32m[Msg] [0m[1;32mPublicized address: [0m[1;32m10.169.222.221[0m[1;32m
[gzserver-1] [0m[1;32m[0m[1;32m[0m[1;32m[Msg] [0m[1;32mLoading world file [[0m[1;32m/home/nermin/Documents/Thesis/code/Autonomous-Lawn-Mower-Navigation/install/mower_sim/share/mower_sim/worlds/empty_field.world[0m[1;32m][0m[1;32m
[INFO] [map_server-7]: process started with pid [216689]
[INFO] [lifecycle_manager-8]: process started with pid [216691]
[INFO] [controller_server-9]: process started with pid [216693]
[INFO] [smoother_server-10]: process started with pid [216695]
[INFO] [planner_server-11]: process started with pid [216697]
[INFO] [behavior_server-12]: process started with pid [216699]
[INFO] [bt_navigator-13]: process started with pid [216701]
[INFO] [waypoint_follower-14]: process started with pid [216703]
[INFO] [velocity_smoother-15]: process started with pid [216705]
[INFO] [lifecycle_manager-16]: process started with pid [216707]
[lifecycle_manager-8] [INFO] [1791205298.947282052] [lifecycle_manager_map_server]: Creating
[lifecycle_manager-8] [INFO] [1791205298.949102711] [lifecycle_manager_map_server]: [34m[1mCreating and initializing lifecycle service clients[0m[0m
[planner_server-11] [INFO] [1791205298.949536490] [planner_server]: 
[planner_server-11] 	planner_server lifecycle node launched. 
[planner_server-11] 	Waiting on external lifecycle transitions to activate
[planner_server-11] 	See https://design.ros2.org/articles/node_lifecycle.html for more information.
[controller_server-9] [INFO] [1791205298.952039303] [controller_server]: 
[controller_server-9] 	controller_server lifecycle node launched. 
[controller_server-9] 	Waiting on external lifecycle transitions to activate
[controller_server-9] 	See https://design.ros2.org/articles/node_lifecycle.html for more information.
[planner_server-11] [INFO] [1791205298.952345988] [planner_server]: Creating
[smoother_server-10] [INFO] [1791205298.952361476] [smoother_server]: 
[smoother_server-10] 	smoother_server lifecycle node launched. 
[smoother_server-10] 	Waiting on external lifecycle transitions to activate
[smoother_server-10] 	See https://design.ros2.org/articles/node_lifecycle.html for more information.
[smoother_server-10] [INFO] [1791205298.953680636] [smoother_server]: Creating smoother server
[waypoint_follower-14] [INFO] [1791205298.956500856] [waypoint_follower]: 
[waypoint_follower-14] 	waypoint_follower lifecycle node launched. 
[waypoint_follower-14] 	Waiting on external lifecycle transitions to activate
[waypoint_follower-14] 	See https://design.ros2.org/articles/node_lifecycle.html for more information.
[waypoint_follower-14] [INFO] [1791205298.956888231] [waypoint_follower]: Creating
[controller_server-9] [INFO] [1791205298.959062252] [controller_server]: Creating controller server
[behavior_server-12] [INFO] [1791205298.959538508] [behavior_server]: 
[behavior_server-12] 	behavior_server lifecycle node launched. 
[behavior_server-12] 	Waiting on external lifecycle transitions to activate
[behavior_server-12] 	See https://design.ros2.org/articles/node_lifecycle.html for more information.
[lifecycle_manager-16] [INFO] [1791205298.961104332] [lifecycle_manager_navigation]: Creating
[velocity_smoother-15] [INFO] [1791205298.961866020] [velocity_smoother]: 
[velocity_smoother-15] 	velocity_smoother lifecycle node launched. 
[velocity_smoother-15] 	Waiting on external lifecycle transitions to activate
[velocity_smoother-15] 	See https://design.ros2.org/articles/node_lifecycle.html for more information.
[bt_navigator-13] [INFO] [1791205298.962496035] [bt_navigator]: 
[bt_navigator-13] 	bt_navigator lifecycle node launched. 
[bt_navigator-13] 	Waiting on external lifecycle transitions to activate
[bt_navigator-13] 	See https://design.ros2.org/articles/node_lifecycle.html for more information.
[bt_navigator-13] [INFO] [1791205298.962564718] [bt_navigator]: Creating
[lifecycle_manager-16] [INFO] [1791205298.962930236] [lifecycle_manager_navigation]: [34m[1mCreating and initializing lifecycle service clients[0m[0m
[map_server-7] [INFO] [1791205298.963082219] [map_server]: 
[map_server-7] 	map_server lifecycle node launched. 
[map_server-7] 	Waiting on external lifecycle transitions to activate
[map_server-7] 	See https://design.ros2.org/articles/node_lifecycle.html for more information.
[map_server-7] [INFO] [1791205298.963150906] [map_server]: Creating
[planner_server-11] [INFO] [1791205298.964737658] [global_costmap.global_costmap]: 
[planner_server-11] 	global_costmap lifecycle node launched. 
[planner_server-11] 	Waiting on external lifecycle transitions to activate
[planner_server-11] 	See https://design.ros2.org/articles/node_lifecycle.html for more information.
[planner_server-11] [INFO] [1791205298.965394450] [global_costmap.global_costmap]: Creating Costmap
[controller_server-9] [INFO] [1791205298.966805617] [local_costmap.local_costmap]: 
[controller_server-9] 	local_costmap lifecycle node launched. 
[controller_server-9] 	Waiting on external lifecycle transitions to activate
[controller_server-9] 	See https://design.ros2.org/articles/node_lifecycle.html for more information.
[controller_server-9] [INFO] [1791205298.967192320] [local_costmap.local_costmap]: Creating Costmap
[lifecycle_manager-8] [INFO] [1791205298.973729428] [lifecycle_manager_map_server]: [34m[1mStarting managed nodes bringup...[0m[0m
[lifecycle_manager-8] [INFO] [1791205298.973781416] [lifecycle_manager_map_server]: [34m[1mConfiguring map_server[0m[0m
[map_server-7] [INFO] [1791205298.988123248] [map_server]: Configuring
[map_server-7] [INFO] [1791205298.988189299] [map_io]: Loading yaml file: /home/nermin/Documents/Thesis/code/Autonomous-Lawn-Mower-Navigation/install/mower_sim/share/mower_sim/maps/empty_map.yaml
[map_server-7] [INFO] [1791205298.988387874] [map_io]: resolution: 0.05
[map_server-7] [INFO] [1791205298.988393575] [map_io]: origin[0]: -50
[map_server-7] [INFO] [1791205298.988396242] [map_io]: origin[1]: -50
[map_server-7] [INFO] [1791205298.988398728] [map_io]: origin[2]: 0
[map_server-7] [INFO] [1791205298.988401380] [map_io]: free_thresh: 0.196
[map_server-7] [INFO] [1791205298.988403950] [map_io]: occupied_thresh: 0.65
[map_server-7] [INFO] [1791205298.988406676] [map_io]: mode: trinary
[map_server-7] [INFO] [1791205298.988409794] [map_io]: negate: 0
[map_server-7] [INFO] [1791205298.988552005] [map_io]: Loading image_file: /home/nermin/Documents/Thesis/code/Autonomous-Lawn-Mower-Navigation/install/mower_sim/share/mower_sim/maps/empty_map.pgm
[lifecycle_manager-16] [INFO] [1791205299.080698032] [lifecycle_manager_navigation]: [34m[1mStarting managed nodes bringup...[0m[0m
[lifecycle_manager-16] [INFO] [1791205299.080737671] [lifecycle_manager_navigation]: [34m[1mConfiguring controller_server[0m[0m
[controller_server-9] [INFO] [1791205299.080883415] [controller_server]: Configuring controller interface
[controller_server-9] [INFO] [1791205299.080980550] [controller_server]: getting goal checker plugins..
[controller_server-9] [INFO] [1791205299.080996285] [controller_server]: Controller frequency set to 30.0000Hz
[controller_server-9] [INFO] [1791205299.081017648] [local_costmap.local_costmap]: Configuring
[controller_server-9] [INFO] [1791205299.082932765] [local_costmap.local_costmap]: Using plugin "static_layer"
[controller_server-9] [INFO] [1791205299.084985889] [local_costmap.local_costmap]: Subscribing to the map topic (/map) with transient local durability
[controller_server-9] [INFO] [1791205299.085324469] [local_costmap.local_costmap]: Initialized plugin "static_layer"
[controller_server-9] [INFO] [1791205299.085339666] [local_costmap.local_costmap]: Using plugin "voxel_layer"
[controller_server-9] [INFO] [1791205299.085673685] [local_costmap.local_costmap]: Subscribed to Topics: scan
[controller_server-9] [INFO] [1791205299.088009750] [local_costmap.local_costmap]: Initialized plugin "voxel_layer"
[controller_server-9] [INFO] [1791205299.088024658] [local_costmap.local_costmap]: Using plugin "inflation_layer"
[controller_server-9] [INFO] [1791205299.088507298] [local_costmap.local_costmap]: Initialized plugin "inflation_layer"
[controller_server-9] [INFO] [1791205299.090816250] [controller_server]: Created progress_checker : progress_checker of type nav2_controller::SimpleProgressChecker
[controller_server-9] [INFO] [1791205299.091214979] [controller_server]: Created goal checker : general_goal_checker of type nav2_controller::SimpleGoalChecker
[controller_server-9] [INFO] [1791205299.091396013] [controller_server]: Controller Server has general_goal_checker  goal checkers available.
[controller_server-9] [INFO] [1791205299.091743941] [controller_server]: Created controller : RPP of type nav2_regulated_pure_pursuit_controller::RegulatedPurePursuitController
[controller_server-9] [INFO] [1791205299.094200800] [controller_server]: Created controller : MPPI of type nav2_mppi_controller::MPPIController
[controller_server-9] [WARN] [1791205299.095135872] [controller_server]: Controller period is less then model dt, consider setting it equal
[controller_server-9] [INFO] [1791205299.095879777] [controller_server]: ConstraintCritic instantiated with 1 power and 4.000000 weight.
[controller_server-9] [INFO] [1791205299.095900134] [controller_server]: Critic loaded : mppi::critics::ConstraintCritic
[controller_server-9] [INFO] [1791205299.096121245] [controller_server]: GoalCritic instantiated with 1 power and 2.000000 weight.
[controller_server-9] [INFO] [1791205299.096133883] [controller_server]: Critic loaded : mppi::critics::GoalCritic
[controller_server-9] [INFO] [1791205299.096353345] [controller_server]: GoalAngleCritic instantiated with 1 power, 1.000000 weight, and 0.300000 angular threshold.
[controller_server-9] [INFO] [1791205299.096367977] [controller_server]: Critic loaded : mppi::critics::GoalAngleCritic
[controller_server-9] [INFO] [1791205299.096791366] [controller_server]: ReferenceTrajectoryCritic instantiated with 1 power and 14.000000 weight
[controller_server-9] [INFO] [1791205299.096804361] [controller_server]: Critic loaded : mppi::critics::PathAlignCritic
[controller_server-9] [INFO] [1791205299.097071839] [controller_server]: Critic loaded : mppi::critics::PathFollowCritic
[controller_server-9] [INFO] [1791205299.097451329] [controller_server]: PathAngleCritic instantiated with 1 power and 2.000000 weight. Reversing allowed.
[controller_server-9] [INFO] [1791205299.097467140] [controller_server]: Critic loaded : mppi::critics::PathAngleCritic
[controller_server-9] [INFO] [1791205299.097991452] [controller_server]: ObstaclesCritic instantiated with 1 power and 20.000000 / 2.000000 weights. Critic will collision check based on footprint cost.
[controller_server-9] [INFO] [1791205299.098005270] [controller_server]: Critic loaded : mppi::critics::ObstaclesCritic
[controller_server-9] [INFO] [1791205299.098225950] [controller_server]: PreferForwardCritic instantiated with 1 power and 1.000000 weight.
[controller_server-9] [INFO] [1791205299.098260744] [controller_server]: Critic loaded : mppi::critics::PreferForwardCritic
[controller_server-9] [INFO] [1791205299.098555929] [controller_server]: VelocityDeadbandCritic instantiated with 1 power, 0.5 weight, deadband_velocity [0.02,0,0.02]
[controller_server-9] [INFO] [1791205299.098571256] [controller_server]: Critic loaded : mppi::critics::VelocityDeadbandCritic
[controller_server-9] [INFO] [1791205299.098763636] [controller_server]: TwirlingCritic instantiated with 1 power and 1.000000 weight.
[controller_server-9] [INFO] [1791205299.098779150] [controller_server]: Critic loaded : mppi::critics::TwirlingCritic
[controller_server-9] [INFO] [1791205299.099926666] [controller_server]: Optimizer reset
[controller_server-9] [INFO] [1791205299.100882077] [MPPIController]: Configured MPPI Controller: MPPI
[controller_server-9] [INFO] [1791205299.101743398] [controller_server]: Created controller : DWB of type dwb_core::DWBLocalPlanner
[controller_server-9] [INFO] [1791205299.102280191] [controller_server]: Setting transform_tolerance to 0.200000
[controller_server-9] [INFO] [1791205299.105750720] [controller_server]: Using critic "RotateToGoal" (dwb_critics::RotateToGoalCritic)
[controller_server-9] [INFO] [1791205299.106046530] [controller_server]: Critic plugin initialized
[controller_server-9] [INFO] [1791205299.106118517] [controller_server]: Using critic "BaseObstacle" (dwb_critics::BaseObstacleCritic)
[controller_server-9] [INFO] [1791205299.106238708] [controller_server]: Critic plugin initialized
[controller_server-9] [INFO] [1791205299.106306500] [controller_server]: Using critic "PathAlign" (dwb_critics::PathAlignCritic)
[controller_server-9] [INFO] [1791205299.106492775] [controller_server]: Critic plugin initialized
[controller_server-9] [INFO] [1791205299.106560780] [controller_server]: Using critic "PathDist" (dwb_critics::PathDistCritic)
[controller_server-9] [INFO] [1791205299.106710376] [controller_server]: Critic plugin initialized
[controller_server-9] [INFO] [1791205299.106791382] [controller_server]: Using critic "GoalDist" (dwb_critics::GoalDistCritic)
[controller_server-9] [INFO] [1791205299.106925627] [controller_server]: Critic plugin initialized
[controller_server-9] [INFO] [1791205299.106936662] [controller_server]: Controller Server has RPP MPPI DWB  controllers available.
[lifecycle_manager-16] [INFO] [1791205299.108917850] [lifecycle_manager_navigation]: [34m[1mConfiguring smoother_server[0m[0m
[smoother_server-10] [INFO] [1791205299.109027303] [smoother_server]: Configuring smoother server
[smoother_server-10] [INFO] [1791205299.111827387] [smoother_server]: Created smoother : simple_smoother of type nav2_smoother::SimpleSmoother
[smoother_server-10] [INFO] [1791205299.112125994] [smoother_server]: Smoother Server has simple_smoother  smoothers available.
[lifecycle_manager-16] [INFO] [1791205299.113675599] [lifecycle_manager_navigation]: [34m[1mConfiguring planner_server[0m[0m
[planner_server-11] [INFO] [1791205299.113786628] [planner_server]: Configuring
[planner_server-11] [INFO] [1791205299.113815574] [global_costmap.global_costmap]: Configuring
[planner_server-11] [INFO] [1791205299.115870080] [global_costmap.global_costmap]: Using plugin "static_layer"
[planner_server-11] [INFO] [1791205299.118295023] [global_costmap.global_costmap]: Subscribing to the map topic (/map) with transient local durability
[planner_server-11] [INFO] [1791205299.118685578] [global_costmap.global_costmap]: Initialized plugin "static_layer"
[planner_server-11] [INFO] [1791205299.118700974] [global_costmap.global_costmap]: Using plugin "obstacle_layer"
[planner_server-11] [INFO] [1791205299.119093356] [global_costmap.global_costmap]: Subscribed to Topics: scan
[planner_server-11] [INFO] [1791205299.120624844] [global_costmap.global_costmap]: Initialized plugin "obstacle_layer"
[planner_server-11] [INFO] [1791205299.120644360] [global_costmap.global_costmap]: Using plugin "inflation_layer"
[planner_server-11] [INFO] [1791205299.121206963] [global_costmap.global_costmap]: Initialized plugin "inflation_layer"
[planner_server-11] [INFO] [1791205299.124301249] [planner_server]: Created global planner plugin GridBased of type nav2_navfn_planner/NavfnPlanner
[planner_server-11] [INFO] [1791205299.124325893] [planner_server]: Configuring plugin GridBased of type NavfnPlanner
[planner_server-11] [INFO] [1791205299.124656118] [planner_server]: Planner Server has GridBased  planners available.
[lifecycle_manager-16] [INFO] [1791205299.127315470] [lifecycle_manager_navigation]: [34m[1mConfiguring behavior_server[0m[0m
[behavior_server-12] [INFO] [1791205299.127418498] [behavior_server]: Configuring
[behavior_server-12] [INFO] [1791205299.130157932] [behavior_server]: Creating behavior plugin spin of type nav2_behaviors/Spin
[behavior_server-12] [INFO] [1791205299.130584545] [behavior_server]: Configuring spin
[behavior_server-12] [INFO] [1791205299.132201808] [behavior_server]: Creating behavior plugin backup of type nav2_behaviors/BackUp
[behavior_server-12] [INFO] [1791205299.132721054] [behavior_server]: Configuring backup
[behavior_server-12] [INFO] [1791205299.134111890] [behavior_server]: Creating behavior plugin drive_on_heading of type nav2_behaviors/DriveOnHeading
[behavior_server-12] [INFO] [1791205299.134600826] [behavior_server]: Configuring drive_on_heading
[behavior_server-12] [INFO] [1791205299.136012757] [behavior_server]: Creating behavior plugin assisted_teleop of type nav2_behaviors/AssistedTeleop
[behavior_server-12] [INFO] [1791205299.137193524] [behavior_server]: Configuring assisted_teleop
[behavior_server-12] [INFO] [1791205299.139015632] [behavior_server]: Creating behavior plugin wait of type nav2_behaviors/Wait
[behavior_server-12] [INFO] [1791205299.139503282] [behavior_server]: Configuring wait
[lifecycle_manager-16] [INFO] [1791205299.140916725] [lifecycle_manager_navigation]: [34m[1mConfiguring bt_navigator[0m[0m
[bt_navigator-13] [INFO] [1791205299.141048309] [bt_navigator]: Configuring
[lifecycle_manager-16] [INFO] [1791205299.166130080] [lifecycle_manager_navigation]: [34m[1mConfiguring waypoint_follower[0m[0m
[waypoint_follower-14] [INFO] [1791205299.166281725] [waypoint_follower]: Configuring
[waypoint_follower-14] [INFO] [1791205299.169202023] [waypoint_follower]: Created waypoint_task_executor : wait_at_waypoint of type nav2_waypoint_follower::WaitAtWaypoint
[lifecycle_manager-16] [INFO] [1791205299.169596079] [lifecycle_manager_navigation]: [34m[1mConfiguring velocity_smoother[0m[0m
[velocity_smoother-15] [INFO] [1791205299.169725833] [velocity_smoother]: Configuring velocity smoother
[lifecycle_manager-16] [INFO] [1791205299.171176862] [lifecycle_manager_navigation]: [34m[1mActivating controller_server[0m[0m
[controller_server-9] [INFO] [1791205299.171263732] [controller_server]: Activating
[controller_server-9] [INFO] [1791205299.171292981] [local_costmap.local_costmap]: Activating
[controller_server-9] [INFO] [1791205299.171302698] [local_costmap.local_costmap]: Checking transform
[controller_server-9] [INFO] [1791205299.171406220] [local_costmap.local_costmap]: start
[map_server-7] [INFO] [1791205299.259699467] [map_io]: Read map /home/nermin/Documents/Thesis/code/Autonomous-Lawn-Mower-Navigation/install/mower_sim/share/mower_sim/maps/empty_map.pgm: 2000 X 2000 map @ 0.05 m/cell
[lifecycle_manager-8] [INFO] [1791205299.265697748] [lifecycle_manager_map_server]: [34m[1mActivating map_server[0m[0m
[map_server-7] [INFO] [1791205299.265784704] [map_server]: Activating
[map_server-7] [INFO] [1791205299.270026813] [map_server]: Creating bond (map_server) to lifecycle manager.
[controller_server-9] [INFO] [1791205299.273714379] [local_costmap.local_costmap]: StaticLayer: Resizing static layer to 2000 X 2000 at 0.050000 m/pix
[planner_server-11] [INFO] [1791205299.273916876] [global_costmap.global_costmap]: StaticLayer: Resizing costmap to 2000 X 2000 at 0.050000 m/pix
[lifecycle_manager-8] [INFO] [1791205299.371734245] [lifecycle_manager_map_server]: Server map_server connected with bond.
[lifecycle_manager-8] [INFO] [1791205299.371777045] [lifecycle_manager_map_server]: [34m[1mManaged nodes are active[0m[0m
[lifecycle_manager-8] [INFO] [1791205299.371786418] [lifecycle_manager_map_server]: [34m[1mCreating bond timer...[0m[0m
[controller_server-9] [WARN] [1791205299.421786545] [controller_server]: Parameter controller_server.verbose not found
[controller_server-9] [INFO] [1791205299.422393338] [controller_server]: Optimizer reset
[controller_server-9] [INFO] [1791205299.422483643] [MPPIController]: Activated MPPI Controller: MPPI
[controller_server-9] [INFO] [1791205299.422511773] [controller_server]: Activating controller: RPP of type regulated_pure_pursuit_controller::RegulatedPurePursuitController
[controller_server-9] [INFO] [1791205299.422535115] [controller_server]: Creating bond (controller_server) to lifecycle manager.
[lifecycle_manager-16] [INFO] [1791205299.524122032] [lifecycle_manager_navigation]: Server controller_server connected with bond.
[lifecycle_manager-16] [INFO] [1791205299.524158498] [lifecycle_manager_navigation]: [34m[1mActivating smoother_server[0m[0m
[smoother_server-10] [INFO] [1791205299.524301820] [smoother_server]: Activating
[smoother_server-10] [INFO] [1791205299.524327438] [smoother_server]: Creating bond (smoother_server) to lifecycle manager.
[lifecycle_manager-16] [INFO] [1791205299.625616490] [lifecycle_manager_navigation]: Server smoother_server connected with bond.
[lifecycle_manager-16] [INFO] [1791205299.625651522] [lifecycle_manager_navigation]: [34m[1mActivating planner_server[0m[0m
[planner_server-11] [INFO] [1791205299.625816707] [planner_server]: Activating
[planner_server-11] [INFO] [1791205299.625857523] [global_costmap.global_costmap]: Activating
[planner_server-11] [INFO] [1791205299.625869931] [global_costmap.global_costmap]: Checking transform
[planner_server-11] [INFO] [1791205299.625958014] [global_costmap.global_costmap]: start
[planner_server-11] [INFO] [1791205300.676338548] [planner_server]: Activating plugin GridBased of type NavfnPlanner
[planner_server-11] [INFO] [1791205300.676738924] [planner_server]: Creating bond (planner_server) to lifecycle manager.
[lifecycle_manager-16] [INFO] [1791205300.778066095] [lifecycle_manager_navigation]: Server planner_server connected with bond.
[lifecycle_manager-16] [INFO] [1791205300.778106795] [lifecycle_manager_navigation]: [34m[1mActivating behavior_server[0m[0m
[behavior_server-12] [INFO] [1791205300.778270135] [behavior_server]: Activating
[behavior_server-12] [INFO] [1791205300.778295077] [behavior_server]: Activating spin
[behavior_server-12] [INFO] [1791205300.778304454] [behavior_server]: Activating backup
[behavior_server-12] [INFO] [1791205300.778311722] [behavior_server]: Activating drive_on_heading
[behavior_server-12] [INFO] [1791205300.778319194] [behavior_server]: Activating assisted_teleop
[behavior_server-12] [INFO] [1791205300.778326140] [behavior_server]: Activating wait
[behavior_server-12] [INFO] [1791205300.778335421] [behavior_server]: Creating bond (behavior_server) to lifecycle manager.
[lifecycle_manager-16] [INFO] [1791205300.879743955] [lifecycle_manager_navigation]: Server behavior_server connected with bond.
[lifecycle_manager-16] [INFO] [1791205300.879781866] [lifecycle_manager_navigation]: [34m[1mActivating bt_navigator[0m[0m
[bt_navigator-13] [INFO] [1791205300.879934776] [bt_navigator]: Activating
[bt_navigator-13] [INFO] [1791205300.892634199] [bt_navigator]: Creating bond (bt_navigator) to lifecycle manager.
[lifecycle_manager-16] [INFO] [1791205300.993960115] [lifecycle_manager_navigation]: Server bt_navigator connected with bond.
[lifecycle_manager-16] [INFO] [1791205300.993993182] [lifecycle_manager_navigation]: [34m[1mActivating waypoint_follower[0m[0m
[waypoint_follower-14] [INFO] [1791205300.994163437] [waypoint_follower]: Activating
[waypoint_follower-14] [INFO] [1791205300.994195743] [waypoint_follower]: Creating bond (waypoint_follower) to lifecycle manager.
[lifecycle_manager-16] [INFO] [1791205301.095617893] [lifecycle_manager_navigation]: Server waypoint_follower connected with bond.
[lifecycle_manager-16] [INFO] [1791205301.095659305] [lifecycle_manager_navigation]: [34m[1mActivating velocity_smoother[0m[0m
[velocity_smoother-15] [INFO] [1791205301.095838613] [velocity_smoother]: Activating
[velocity_smoother-15] [INFO] [1791205301.095885689] [velocity_smoother]: Creating bond (velocity_smoother) to lifecycle manager.
[lifecycle_manager-16] [INFO] [1791205301.197265909] [lifecycle_manager_navigation]: Server velocity_smoother connected with bond.
[lifecycle_manager-16] [INFO] [1791205301.197312815] [lifecycle_manager_navigation]: [34m[1mManaged nodes are active[0m[0m
[lifecycle_manager-16] [INFO] [1791205301.197320714] [lifecycle_manager_navigation]: [34m[1mCreating bond timer...[0m[0m
[controller_server-9] [INFO] [1791205302.237695341] [controller_server]: Received a goal, begin computing control effort.
[robot_trail_publisher-5] [INFO] [1791205302.238212220] [robot_trail_publisher]: New run, trail cleared
[coverage_monitor-6] [INFO] [1791205302.396443337] [coverage_monitor]: New coverage path, field rebuilt
[controller_server-9] [INFO] [1791205324.804598118] [controller_server]: Reached the goal!
[WARNING] [launch]: user interrupted with ctrl-c (SIGINT)
[INFO] [lifecycle_manager-16]: sending signal 'SIGINT' to process[lifecycle_manager-16]
[INFO] [velocity_smoother-15]: sending signal 'SIGINT' to process[velocity_smoother-15]
[INFO] [waypoint_follower-14]: sending signal 'SIGINT' to process[waypoint_follower-14]
[INFO] [bt_navigator-13]: sending signal 'SIGINT' to process[bt_navigator-13]
[INFO] [behavior_server-12]: sending signal 'SIGINT' to process[behavior_server-12]
[INFO] [planner_server-11]: sending signal 'SIGINT' to process[planner_server-11]
[INFO] [smoother_server-10]: sending signal 'SIGINT' to process[smoother_server-10]
[INFO] [controller_server-9]: sending signal 'SIGINT' to process[controller_server-9]
[INFO] [lifecycle_manager-8]: sending signal 'SIGINT' to process[lifecycle_manager-8]
[INFO] [map_server-7]: sending signal 'SIGINT' to process[map_server-7]
[INFO] [coverage_monitor-6]: sending signal 'SIGINT' to process[coverage_monitor-6]
[INFO] [robot_trail_publisher-5]: sending signal 'SIGINT' to process[robot_trail_publisher-5]
[INFO] [ground_truth_tf_publisher-4]: sending signal 'SIGINT' to process[ground_truth_tf_publisher-4]
[INFO] [robot_state_publisher-2]: sending signal 'SIGINT' to process[robot_state_publisher-2]
[INFO] [gzserver-1]: sending signal 'SIGINT' to process[gzserver-1]
[lifecycle_manager-16] [INFO] [1791205325.144545190] [rclcpp]: signal_handler(SIGINT/SIGTERM)
[lifecycle_manager-16] [INFO] [1791205325.145172879] [lifecycle_manager_navigation]: Running Nav2 LifecycleManager rcl preshutdown (lifecycle_manager_navigation)
[waypoint_follower-14] [INFO] [1791205325.144543854] [rclcpp]: signal_handler(SIGINT/SIGTERM)
[waypoint_follower-14] [INFO] [1791205325.144655574] [waypoint_follower]: Running Nav2 LifecycleNode rcl preshutdown (waypoint_follower)
[waypoint_follower-14] [INFO] [1791205325.144729824] [waypoint_follower]: Deactivating
[waypoint_follower-14] [INFO] [1791205325.144748942] [waypoint_follower]: Destroying bond (waypoint_follower) to lifecycle manager.
[lifecycle_manager-8] [INFO] [1791205325.144543871] [rclcpp]: signal_handler(SIGINT/SIGTERM)
[lifecycle_manager-8] [INFO] [1791205325.144618415] [lifecycle_manager_map_server]: Running Nav2 LifecycleManager rcl preshutdown (lifecycle_manager_map_server)
[lifecycle_manager-8] [INFO] [1791205325.144659380] [lifecycle_manager_map_server]: [34m[1mTerminating bond timer...[0m[0m
[robot_state_publisher-2] [INFO] [1791205325.144545969] [rclcpp]: signal_handler(SIGINT/SIGTERM)
[controller_server-9] [INFO] [1791205325.144546377] [rclcpp]: signal_handler(SIGINT/SIGTERM)
[controller_server-9] [INFO] [1791205325.144604488] [controller_server]: Running Nav2 LifecycleNode rcl preshutdown (controller_server)
[controller_server-9] [INFO] [1791205325.144683934] [controller_server]: Deactivating
[controller_server-9] [INFO] [1791205325.144729686] [MPPIController]: Deactivated MPPI Controller: MPPI
[controller_server-9] [INFO] [1791205325.144735702] [controller_server]: Deactivating controller: RPP of type regulated_pure_pursuit_controller::RegulatedPurePursuitController
[controller_server-9] [INFO] [1791205325.144762723] [local_costmap.local_costmap]: Deactivating
[planner_server-11] [INFO] [1791205325.144561057] [rclcpp]: signal_handler(SIGINT/SIGTERM)
[planner_server-11] [INFO] [1791205325.144625286] [planner_server]: Running Nav2 LifecycleNode rcl preshutdown (planner_server)
[planner_server-11] [INFO] [1791205325.144692209] [planner_server]: Deactivating
[planner_server-11] [INFO] [1791205325.144723852] [global_costmap.global_costmap]: Deactivating
[bt_navigator-13] [INFO] [1791205325.144598410] [rclcpp]: signal_handler(SIGINT/SIGTERM)
[bt_navigator-13] [INFO] [1791205325.144662620] [bt_navigator]: Running Nav2 LifecycleNode rcl preshutdown (bt_navigator)
[bt_navigator-13] [INFO] [1791205325.144742660] [bt_navigator]: Deactivating
[bt_navigator-13] [INFO] [1791205325.144767410] [bt_navigator]: Destroying bond (bt_navigator) to lifecycle manager.
[velocity_smoother-15] [INFO] [1791205325.144611436] [rclcpp]: signal_handler(SIGINT/SIGTERM)
[velocity_smoother-15] [INFO] [1791205325.144683886] [velocity_smoother]: Running Nav2 LifecycleNode rcl preshutdown (velocity_smoother)
[velocity_smoother-15] [INFO] [1791205325.144744606] [velocity_smoother]: Deactivating
[velocity_smoother-15] [INFO] [1791205325.144771879] [velocity_smoother]: Destroying bond (velocity_smoother) to lifecycle manager.
[smoother_server-10] [INFO] [1791205325.144614688] [rclcpp]: signal_handler(SIGINT/SIGTERM)
[smoother_server-10] [INFO] [1791205325.144658795] [smoother_server]: Running Nav2 LifecycleNode rcl preshutdown (smoother_server)
[smoother_server-10] [INFO] [1791205325.144738072] [smoother_server]: Deactivating
[smoother_server-10] [INFO] [1791205325.144762324] [smoother_server]: Destroying bond (smoother_server) to lifecycle manager.
[behavior_server-12] [INFO] [1791205325.144619015] [rclcpp]: signal_handler(SIGINT/SIGTERM)
[behavior_server-12] [INFO] [1791205325.144676653] [behavior_server]: Running Nav2 LifecycleNode rcl preshutdown (behavior_server)
[behavior_server-12] [INFO] [1791205325.144745369] [behavior_server]: Deactivating
[behavior_server-12] [INFO] [1791205325.144786709] [behavior_server]: Destroying bond (behavior_server) to lifecycle manager.
[lifecycle_manager-16] [INFO] [1791205325.145216645] [lifecycle_manager_navigation]: [34m[1mTerminating bond timer...[0m[0m
[map_server-7] [INFO] [1791205325.145482343] [rclcpp]: signal_handler(SIGINT/SIGTERM)
[map_server-7] [INFO] [1791205325.145546930] [map_server]: Running Nav2 LifecycleNode rcl preshutdown (map_server)
[map_server-7] [INFO] [1791205325.145594774] [map_server]: Deactivating
[map_server-7] [INFO] [1791205325.145607843] [map_server]: Destroying bond (map_server) to lifecycle manager.
[smoother_server-10] [INFO] [1791205325.154974793] [smoother_server]: Cleaning up
[waypoint_follower-14] [INFO] [1791205325.154976024] [waypoint_follower]: Cleaning up
[bt_navigator-13] [INFO] [1791205325.154984718] [bt_navigator]: Cleaning up
[velocity_smoother-15] [INFO] [1791205325.154994341] [velocity_smoother]: Cleaning up
[velocity_smoother-15] [INFO] [1791205325.155029066] [velocity_smoother]: Destroying bond (velocity_smoother) to lifecycle manager.
[behavior_server-12] [INFO] [1791205325.154995434] [behavior_server]: Cleaning up
[map_server-7] [INFO] [1791205325.155794873] [map_server]: Cleaning up
[map_server-7] [INFO] [1791205325.155959209] [map_server]: Destroying bond (map_server) to lifecycle manager.
[velocity_smoother-15] [INFO] [1791205325.156342890] [rclcpp]: signal_handler(SIGINT/SIGTERM)
[behavior_server-12] [INFO] [1791205325.159909140] [behavior_server]: Destroying bond (behavior_server) to lifecycle manager.
[behavior_server-12] [INFO] [1791205325.161024206] [rclcpp]: signal_handler(SIGINT/SIGTERM)
[lifecycle_manager-8] [INFO] [1791205325.161220591] [rclcpp]: signal_handler(SIGINT/SIGTERM)
[map_server-7] [INFO] [1791205325.162521517] [rclcpp]: signal_handler(SIGINT/SIGTERM)
[waypoint_follower-14] [INFO] [1791205325.162894891] [waypoint_follower]: Destroying bond (waypoint_follower) to lifecycle manager.
[waypoint_follower-14] [INFO] [1791205325.163997560] [rclcpp]: signal_handler(SIGINT/SIGTERM)
[coverage_monitor-6] Traceback (most recent call last):
[coverage_monitor-6]   File "/home/nermin/Documents/Thesis/code/Autonomous-Lawn-Mower-Navigation/install/mower_sim/lib/mower_sim/coverage_monitor", line 33, in <module>
[coverage_monitor-6]     sys.exit(load_entry_point('mower-sim==0.0.0', 'console_scripts', 'coverage_monitor')())
[coverage_monitor-6]   File "/home/nermin/Documents/Thesis/code/Autonomous-Lawn-Mower-Navigation/install/mower_sim/lib/python3.10/site-packages/mower_sim/coverage_monitor.py", line 153, in main
[coverage_monitor-6]     node.destroy_node()
[coverage_monitor-6]   File "/opt/ros/humble/local/lib/python3.10/dist-packages/rclpy/node.py", line 1691, in destroy_node
[coverage_monitor-6]     self.destroy_service(self._services[0])
[coverage_monitor-6]   File "/opt/ros/humble/local/lib/python3.10/dist-packages/rclpy/node.py", line 1615, in destroy_service
[coverage_monitor-6]     service.destroy()
[coverage_monitor-6]   File "/opt/ros/humble/local/lib/python3.10/dist-packages/rclpy/service.py", line 93, in destroy
[coverage_monitor-6]     self.__service.destroy_when_not_in_use()
[coverage_monitor-6] KeyboardInterrupt
[robot_state_publisher-2] [INFO] [1791205325.167677592] [rclcpp]: signal_handler(SIGINT/SIGTERM)
[smoother_server-10] [INFO] [1791205325.171199054] [smoother_server]: Destroying bond (smoother_server) to lifecycle manager.
[controller_server-9] [INFO] [1791205325.171553525] [controller_server]: Destroying bond (controller_server) to lifecycle manager.
[smoother_server-10] [INFO] [1791205325.171875249] [rclcpp]: signal_handler(SIGINT/SIGTERM)
[controller_server-9] [INFO] [1791205325.181796331] [controller_server]: Cleaning up
[controller_server-9] [INFO] [1791205325.181899650] [MPPIController]: Cleaned up MPPI Controller: MPPI
[controller_server-9] [INFO] [1791205325.181905018] [controller_server]: Cleaning up controller: RPP of type regulated_pure_pursuit_controller::RegulatedPurePursuitController
[controller_server-9] [INFO] [1791205325.182018278] [local_costmap.local_costmap]: Cleaning up
[controller_server-9] [INFO] [1791205325.212834319] [controller_server]: Destroying bond (controller_server) to lifecycle manager.
[controller_server-9] [INFO] [1791205325.214956220] [rclcpp]: signal_handler(SIGINT/SIGTERM)
[ground_truth_tf_publisher-4] Traceback (most recent call last):
[ground_truth_tf_publisher-4]   File "/home/nermin/Documents/Thesis/code/Autonomous-Lawn-Mower-Navigation/install/mower_sim/lib/mower_sim/ground_truth_tf_publisher", line 33, in <module>
[ground_truth_tf_publisher-4]     sys.exit(load_entry_point('mower-sim==0.0.0', 'console_scripts', 'ground_truth_tf_publisher')())
[ground_truth_tf_publisher-4]   File "/home/nermin/Documents/Thesis/code/Autonomous-Lawn-Mower-Navigation/install/mower_sim/lib/python3.10/site-packages/mower_sim/ground_truth_tf_publisher.py", line 169, in main
[ground_truth_tf_publisher-4]     node.destroy_node()
[ground_truth_tf_publisher-4]   File "/opt/ros/humble/local/lib/python3.10/dist-packages/rclpy/node.py", line 1685, in destroy_node
[ground_truth_tf_publisher-4]     self.destroy_publisher(self._publishers[0])
[ground_truth_tf_publisher-4]   File "/opt/ros/humble/local/lib/python3.10/dist-packages/rclpy/node.py", line 1565, in destroy_publisher
[ground_truth_tf_publisher-4]     publisher.destroy()
[ground_truth_tf_publisher-4]   File "/opt/ros/humble/local/lib/python3.10/dist-packages/rclpy/publisher.py", line 99, in destroy
[ground_truth_tf_publisher-4]     self.__publisher.destroy_when_not_in_use()
[ground_truth_tf_publisher-4] KeyboardInterrupt
[map_server-7] [INFO] [1791205325.272185612] [map_server]: Destroying
[lifecycle_manager-8] [INFO] [1791205325.273096125] [lifecycle_manager_map_server]: Destroying lifecycle_manager_map_server
[behavior_server-12] [INFO] [1791205325.280426077] [behavior_server]: Destroying
[bt_navigator-13] [INFO] [1791205325.297146697] [bt_navigator]: Completed Cleaning up
[bt_navigator-13] [INFO] [1791205325.297193473] [bt_navigator]: Destroying bond (bt_navigator) to lifecycle manager.
[waypoint_follower-14] [INFO] [1791205325.297272837] [waypoint_follower]: Destroying
[velocity_smoother-15] [INFO] [1791205325.298034866] [velocity_smoother]: Destroying
[bt_navigator-13] [INFO] [1791205325.298148942] [rclcpp]: signal_handler(SIGINT/SIGTERM)
[bt_navigator-13] [INFO] [1791205325.306824911] [bt_navigator]: Destroying
[controller_server-9] [INFO] [1791205325.324772390] [local_costmap.local_costmap]: Destroying
[smoother_server-10] [INFO] [1791205325.326263103] [smoother_server]: Destroying
[robot_trail_publisher-5] Traceback (most recent call last):
[robot_trail_publisher-5]   File "/home/nermin/Documents/Thesis/code/Autonomous-Lawn-Mower-Navigation/install/mower_sim/lib/mower_sim/robot_trail_publisher", line 33, in <module>
[robot_trail_publisher-5]     sys.exit(load_entry_point('mower-sim==0.0.0', 'console_scripts', 'robot_trail_publisher')())
[robot_trail_publisher-5]   File "/home/nermin/Documents/Thesis/code/Autonomous-Lawn-Mower-Navigation/install/mower_sim/lib/python3.10/site-packages/mower_sim/robot_trail_publisher.py", line 98, in main
[robot_trail_publisher-5]     node.destroy_node()
[robot_trail_publisher-5]   File "/opt/ros/humble/local/lib/python3.10/dist-packages/rclpy/node.py", line 1696, in destroy_node
[robot_trail_publisher-5]     self.__node.destroy_when_not_in_use()
[robot_trail_publisher-5] KeyboardInterrupt
[controller_server-9] [INFO] [1791205325.352805065] [controller_server]: Destroying
[lifecycle_manager-16] [INFO] [1791205325.368353490] [rclcpp]: signal_handler(SIGINT/SIGTERM)
[ERROR] [coverage_monitor-6]: process has died [pid 216348, exit code -2, cmd '/home/nermin/Documents/Thesis/code/Autonomous-Lawn-Mower-Navigation/install/mower_sim/lib/mower_sim/coverage_monitor --ros-args --params-file /tmp/launch_params_gp1qr_w5'].
[ERROR] [robot_trail_publisher-5]: process has died [pid 216346, exit code -2, cmd '/home/nermin/Documents/Thesis/code/Autonomous-Lawn-Mower-Navigation/install/mower_sim/lib/mower_sim/robot_trail_publisher --ros-args --params-file /tmp/launch_params_pb2qw58o'].
[INFO] [robot_state_publisher-2]: process has finished cleanly [pid 216340]
[INFO] [lifecycle_manager-8]: process has finished cleanly [pid 216691]
[INFO] [velocity_smoother-15]: process has finished cleanly [pid 216705]
[INFO] [waypoint_follower-14]: process has finished cleanly [pid 216703]
[INFO] [smoother_server-10]: process has finished cleanly [pid 216695]
[INFO] [behavior_server-12]: process has finished cleanly [pid 216699]
[INFO] [map_server-7]: process has finished cleanly [pid 216689]
[INFO] [bt_navigator-13]: process has finished cleanly [pid 216701]
[ERROR] [ground_truth_tf_publisher-4]: process has died [pid 216344, exit code -2, cmd '/home/nermin/Documents/Thesis/code/Autonomous-Lawn-Mower-Navigation/install/mower_sim/lib/mower_sim/ground_truth_tf_publisher --ros-args --params-file /tmp/launch_params_xmssq4g3'].
[INFO] [controller_server-9]: process has finished cleanly [pid 216693]
[lifecycle_manager-16] [INFO] [1791205325.503893716] [lifecycle_manager_navigation]: Destroying lifecycle_manager_navigation
[INFO] [gzserver-1]: process has finished cleanly [pid 216338]
[gzserver-1] [0m[1;32m[0m[1;32m[0m[1;36m[0m[1;32m[0m
[gzserver-1] [1;33m[0m[1;31m[0m
[planner_server-11] [INFO] [1791205325.626419465] [planner_server]: Deactivating plugin GridBased of type NavfnPlanner
[planner_server-11] [INFO] [1791205325.626505023] [planner_server]: Destroying bond (planner_server) to lifecycle manager.
[planner_server-11] [INFO] [1791205325.636890013] [planner_server]: Cleaning up
[planner_server-11] [INFO] [1791205325.648650926] [global_costmap.global_costmap]: Cleaning up
[planner_server-11] [INFO] [1791205325.649961529] [planner_server]: Cleaning up plugin GridBased of type NavfnPlanner
[planner_server-11] [INFO] [1791205325.650029035] [planner_server]: Destroying plugin GridBased of type NavfnPlanner
[planner_server-11] [INFO] [1791205325.651859899] [planner_server]: Destroying bond (planner_server) to lifecycle manager.
[planner_server-11] [INFO] [1791205325.652001945] [rclcpp]: signal_handler(SIGINT/SIGTERM)
[planner_server-11] [INFO] [1791205325.653266733] [global_costmap.global_costmap]: Destroying
[INFO] [lifecycle_manager-16]: process has finished cleanly [pid 216707]
[planner_server-11] [INFO] [1791205325.654872498] [planner_server]: Destroying
[INFO] [planner_server-11]: process has finished cleanly [pid 216697]
