[INFO] [launch]: All log files can be found below /home/nermin/.ros/log/2026-10-05-14-55-23-215404-Nermin-210791
[INFO] [launch]: Default logging verbosity is set to INFO

[mower_sim] Controller: SWITCHING
[mower_sim] Odometry: ground_truth
[mower_sim] Params: /home/nermin/Documents/Thesis/code/Autonomous-Lawn-Mower-Navigation/install/mower_sim/share/mower_sim/config/nav2_switching.yaml

[INFO] [gzserver-1]: process started with pid [210809]
[INFO] [robot_state_publisher-2]: process started with pid [210811]
[INFO] [spawn_entity.py-3]: process started with pid [210813]
[INFO] [ground_truth_tf_publisher-4]: process started with pid [210815]
[INFO] [robot_trail_publisher-5]: process started with pid [210817]
[INFO] [coverage_monitor-6]: process started with pid [210819]
[robot_state_publisher-2] [INFO] [1791204923.332229739] [robot_state_publisher]: got segment base_footprint
[robot_state_publisher-2] [INFO] [1791204923.332292625] [robot_state_publisher]: got segment base_link
[robot_state_publisher-2] [INFO] [1791204923.332300029] [robot_state_publisher]: got segment base_scan
[robot_state_publisher-2] [INFO] [1791204923.332304836] [robot_state_publisher]: got segment front_left_caster
[robot_state_publisher-2] [INFO] [1791204923.332309698] [robot_state_publisher]: got segment front_right_caster
[robot_state_publisher-2] [INFO] [1791204923.332314385] [robot_state_publisher]: got segment left_wheel
[robot_state_publisher-2] [INFO] [1791204923.332319182] [robot_state_publisher]: got segment right_wheel
[gzserver-1] Gazebo multi-robot simulator, version 11.10.2
[gzserver-1] Copyright (C) 2012 Open Source Robotics Foundation.
[gzserver-1] Released under the Apache 2 License.
[gzserver-1] http://gazebosim.org
[gzserver-1] 
[robot_trail_publisher-5] [INFO] [1791204923.749600318] [robot_trail_publisher]: Robot trail: /ground_truth/pose on /robot_trail
[spawn_entity.py-3] [INFO] [1791204923.761126046] [spawn_entity]: Spawn Entity started
[spawn_entity.py-3] [INFO] [1791204923.761381961] [spawn_entity]: Loading entity published on topic robot_description
[spawn_entity.py-3] [INFO] [1791204923.762361751] [spawn_entity]: Waiting for entity xml on robot_description
[spawn_entity.py-3] [INFO] [1791204923.763826191] [spawn_entity]: Waiting for service /spawn_entity, timeout = 120
[spawn_entity.py-3] [INFO] [1791204923.764052122] [spawn_entity]: Waiting for service /spawn_entity
[ground_truth_tf_publisher-4] [INFO] [1791204923.793918539] [ground_truth_tf_publisher]: Ground truth TF publisher started for "mower": map -> odom (ground truth correction)
[coverage_monitor-6] [INFO] [1791204923.795869283] [coverage_monitor]: Coverage monitor: field from /coverage_path
[gzserver-1] [1;33m[Wrn] [gazebo_ros_init.cpp:178] [0m[1;33m
[gzserver-1] #     # ####### ####### ###  #####  #######
[gzserver-1] ##    # #     #    #     #  #     # #
[gzserver-1] # #   # #     #    #     #  #       #
[gzserver-1] #  #  # #     #    #     #  #       #####
[gzserver-1] #   # # #     #    #     #  #       #
[gzserver-1] #    ## #     #    #     #  #     # #
[gzserver-1] #     # #######    #    ###  #####  #######
[gzserver-1] 
[gzserver-1] This version of Gazebo, now called Gazebo classic, reaches end-of-life
[gzserver-1] in January 2025. Users are highly encouraged to migrate to the new Gazebo
[gzserver-1] using our migration guides (https://gazebosim.org/docs/latest/gazebo_classic_migration?utm_source=gazebo_ros_pkgs&utm_medium=cli)
[gzserver-1] 
[gzserver-1] [0m[1;33m
[gzserver-1] [0m[1;33m[0m[1;33m[0m[INFO] [1791204924.123152496] [gazebo.gazebo_ros_state]: Publishing states of gazebo models at [/gazebo/model_states]
[gzserver-1] [INFO] [1791204924.123470429] [gazebo.gazebo_ros_state]: Publishing states of gazebo links at [/gazebo/link_states]
[spawn_entity.py-3] [INFO] [1791204924.266836224] [spawn_entity]: Calling service /spawn_entity
[spawn_entity.py-3] [INFO] [1791204924.386662804] [spawn_entity]: Spawn status: SpawnEntity: Successfully spawned entity [mower]
[gzserver-1] [INFO] [1791204924.496171875] [diff_drive]: Wheel pair 1 separation set to [0.700000m]
[gzserver-1] [INFO] [1791204924.496211247] [diff_drive]: Wheel pair 1 diameter set to [0.300000m]
[gzserver-1] [INFO] [1791204924.496636348] [diff_drive]: Subscribed to [/cmd_vel]
[gzserver-1] [INFO] [1791204924.497365258] [diff_drive]: Advertise odometry on [/odom]
[gzserver-1] [INFO] [1791204924.498176811] [diff_drive]: Publishing odom transforms between [odom] and [base_footprint]
[gzserver-1] [INFO] [1791204924.503108387] [joint_states]: Going to publish joint [left_wheel_joint]
[gzserver-1] [INFO] [1791204924.503125534] [joint_states]: Going to publish joint [right_wheel_joint]
[INFO] [spawn_entity.py-3]: process has finished cleanly [pid 210813]
[gzserver-1] [1;32m[Msg] [0m[1;32mWaiting for master.[0m[1;32m
[gzserver-1] [0m[1;32m[0m[1;32m[0m[1;32m[Msg] [0m[1;32mConnected to gazebo master @ [0m[1;32mhttp://127.0.0.1:11345[0m[1;32m
[gzserver-1] [0m[1;32m[0m[1;32m[0m[1;32m[Msg] [0m[1;32mPublicized address: [0m[1;32m10.169.222.221[0m[1;32m
[gzserver-1] [0m[1;32m[0m[1;32m[0m[1;32m[Msg] [0m[1;32mLoading world file [[0m[1;32m/home/nermin/Documents/Thesis/code/Autonomous-Lawn-Mower-Navigation/install/mower_sim/share/mower_sim/worlds/empty_field.world[0m[1;32m][0m[1;32m
[INFO] [map_server-7]: process started with pid [211228]
[INFO] [lifecycle_manager-8]: process started with pid [211230]
[INFO] [controller_server-9]: process started with pid [211232]
[INFO] [smoother_server-10]: process started with pid [211234]
[INFO] [planner_server-11]: process started with pid [211236]
[INFO] [behavior_server-12]: process started with pid [211238]
[INFO] [bt_navigator-13]: process started with pid [211240]
[INFO] [waypoint_follower-14]: process started with pid [211242]
[INFO] [velocity_smoother-15]: process started with pid [211244]
[INFO] [lifecycle_manager-16]: process started with pid [211246]
[lifecycle_manager-8] [INFO] [1791204943.460708297] [lifecycle_manager_map_server]: Creating
[lifecycle_manager-8] [INFO] [1791204943.463832158] [lifecycle_manager_map_server]: [34m[1mCreating and initializing lifecycle service clients[0m[0m
[planner_server-11] [INFO] [1791204943.465200813] [planner_server]: 
[planner_server-11] 	planner_server lifecycle node launched. 
[planner_server-11] 	Waiting on external lifecycle transitions to activate
[planner_server-11] 	See https://design.ros2.org/articles/node_lifecycle.html for more information.
[smoother_server-10] [INFO] [1791204943.466937077] [smoother_server]: 
[smoother_server-10] 	smoother_server lifecycle node launched. 
[smoother_server-10] 	Waiting on external lifecycle transitions to activate
[smoother_server-10] 	See https://design.ros2.org/articles/node_lifecycle.html for more information.
[waypoint_follower-14] [INFO] [1791204943.467398671] [waypoint_follower]: 
[waypoint_follower-14] 	waypoint_follower lifecycle node launched. 
[waypoint_follower-14] 	Waiting on external lifecycle transitions to activate
[waypoint_follower-14] 	See https://design.ros2.org/articles/node_lifecycle.html for more information.
[waypoint_follower-14] [INFO] [1791204943.467702557] [waypoint_follower]: Creating
[planner_server-11] [INFO] [1791204943.468018321] [planner_server]: Creating
[smoother_server-10] [INFO] [1791204943.468090574] [smoother_server]: Creating smoother server
[behavior_server-12] [INFO] [1791204943.470659888] [behavior_server]: 
[lifecycle_manager-16] [INFO] [1791204943.471726421] [lifecycle_manager_navigation]: Creating
[controller_server-9] [INFO] [1791204943.471736420] [controller_server]: 
[controller_server-9] 	controller_server lifecycle node launched. 
[controller_server-9] 	Waiting on external lifecycle transitions to activate
[controller_server-9] 	See https://design.ros2.org/articles/node_lifecycle.html for more information.
[behavior_server-12] 	behavior_server lifecycle node launched. 
[behavior_server-12] 	Waiting on external lifecycle transitions to activate
[behavior_server-12] 	See https://design.ros2.org/articles/node_lifecycle.html for more information.
[velocity_smoother-15] [INFO] [1791204943.472662696] [velocity_smoother]: 
[velocity_smoother-15] 	velocity_smoother lifecycle node launched. 
[velocity_smoother-15] 	Waiting on external lifecycle transitions to activate
[velocity_smoother-15] 	See https://design.ros2.org/articles/node_lifecycle.html for more information.
[map_server-7] [INFO] [1791204943.472998658] [map_server]: 
[map_server-7] 	map_server lifecycle node launched. 
[map_server-7] 	Waiting on external lifecycle transitions to activate
[map_server-7] 	See https://design.ros2.org/articles/node_lifecycle.html for more information.
[map_server-7] [INFO] [1791204943.473049374] [map_server]: Creating
[controller_server-9] [INFO] [1791204943.476492647] [controller_server]: Creating controller server
[planner_server-11] [INFO] [1791204943.476528748] [global_costmap.global_costmap]: 
[planner_server-11] 	global_costmap lifecycle node launched. 
[planner_server-11] 	Waiting on external lifecycle transitions to activate
[planner_server-11] 	See https://design.ros2.org/articles/node_lifecycle.html for more information.
[planner_server-11] [INFO] [1791204943.476979494] [global_costmap.global_costmap]: Creating Costmap
[lifecycle_manager-16] [INFO] [1791204943.476908284] [lifecycle_manager_navigation]: [34m[1mCreating and initializing lifecycle service clients[0m[0m
[controller_server-9] [INFO] [1791204943.484361068] [local_costmap.local_costmap]: 
[controller_server-9] 	local_costmap lifecycle node launched. 
[controller_server-9] 	Waiting on external lifecycle transitions to activate
[controller_server-9] 	See https://design.ros2.org/articles/node_lifecycle.html for more information.
[controller_server-9] [INFO] [1791204943.484751415] [local_costmap.local_costmap]: Creating Costmap
[bt_navigator-13] [INFO] [1791204943.485421197] [bt_navigator]: 
[bt_navigator-13] 	bt_navigator lifecycle node launched. 
[bt_navigator-13] 	Waiting on external lifecycle transitions to activate
[bt_navigator-13] 	See https://design.ros2.org/articles/node_lifecycle.html for more information.
[bt_navigator-13] [INFO] [1791204943.486132333] [bt_navigator]: Creating
[lifecycle_manager-8] [INFO] [1791204943.489078699] [lifecycle_manager_map_server]: [34m[1mStarting managed nodes bringup...[0m[0m
[lifecycle_manager-8] [INFO] [1791204943.489117281] [lifecycle_manager_map_server]: [34m[1mConfiguring map_server[0m[0m
[lifecycle_manager-16] [INFO] [1791204943.500094626] [lifecycle_manager_navigation]: [34m[1mStarting managed nodes bringup...[0m[0m
[lifecycle_manager-16] [INFO] [1791204943.500137227] [lifecycle_manager_navigation]: [34m[1mConfiguring controller_server[0m[0m
[controller_server-9] [INFO] [1791204943.500274036] [controller_server]: Configuring controller interface
[controller_server-9] [INFO] [1791204943.500399735] [controller_server]: getting goal checker plugins..
[controller_server-9] [INFO] [1791204943.500420726] [controller_server]: Controller frequency set to 30.0000Hz
[controller_server-9] [INFO] [1791204943.500449425] [local_costmap.local_costmap]: Configuring
[controller_server-9] [INFO] [1791204943.502598746] [local_costmap.local_costmap]: Using plugin "static_layer"
[controller_server-9] [INFO] [1791204943.504851421] [local_costmap.local_costmap]: Subscribing to the map topic (/map) with transient local durability
[controller_server-9] [INFO] [1791204943.505186015] [local_costmap.local_costmap]: Initialized plugin "static_layer"
[controller_server-9] [INFO] [1791204943.505200686] [local_costmap.local_costmap]: Using plugin "voxel_layer"
[map_server-7] [INFO] [1791204943.505475375] [map_server]: Configuring
[map_server-7] [INFO] [1791204943.505523014] [map_io]: Loading yaml file: /home/nermin/Documents/Thesis/code/Autonomous-Lawn-Mower-Navigation/install/mower_sim/share/mower_sim/maps/empty_map.yaml
[map_server-7] [INFO] [1791204943.505689372] [map_io]: resolution: 0.05
[map_server-7] [INFO] [1791204943.505694970] [map_io]: origin[0]: -50
[map_server-7] [INFO] [1791204943.505697535] [map_io]: origin[1]: -50
[map_server-7] [INFO] [1791204943.505700011] [map_io]: origin[2]: 0
[map_server-7] [INFO] [1791204943.505702644] [map_io]: free_thresh: 0.196
[map_server-7] [INFO] [1791204943.505705198] [map_io]: occupied_thresh: 0.65
[map_server-7] [INFO] [1791204943.505707856] [map_io]: mode: trinary
[map_server-7] [INFO] [1791204943.505711496] [map_io]: negate: 0
[map_server-7] [INFO] [1791204943.505869304] [map_io]: Loading image_file: /home/nermin/Documents/Thesis/code/Autonomous-Lawn-Mower-Navigation/install/mower_sim/share/mower_sim/maps/empty_map.pgm
[controller_server-9] [INFO] [1791204943.505964933] [local_costmap.local_costmap]: Subscribed to Topics: scan
[controller_server-9] [INFO] [1791204943.508862065] [local_costmap.local_costmap]: Initialized plugin "voxel_layer"
[controller_server-9] [INFO] [1791204943.508879111] [local_costmap.local_costmap]: Using plugin "inflation_layer"
[controller_server-9] [INFO] [1791204943.509423261] [local_costmap.local_costmap]: Initialized plugin "inflation_layer"
[controller_server-9] [INFO] [1791204943.512000709] [controller_server]: Created progress_checker : progress_checker of type nav2_controller::SimpleProgressChecker
[controller_server-9] [INFO] [1791204943.512508405] [controller_server]: Created goal checker : general_goal_checker of type nav2_controller::SimpleGoalChecker
[controller_server-9] [INFO] [1791204943.512736388] [controller_server]: Controller Server has general_goal_checker  goal checkers available.
[controller_server-9] [INFO] [1791204943.513228973] [controller_server]: Created controller : RPP of type nav2_regulated_pure_pursuit_controller::RegulatedPurePursuitController
[controller_server-9] [INFO] [1791204943.516295576] [controller_server]: Created controller : MPPI of type nav2_mppi_controller::MPPIController
[controller_server-9] [WARN] [1791204943.517372287] [controller_server]: Controller period is less then model dt, consider setting it equal
[controller_server-9] [INFO] [1791204943.518349212] [controller_server]: ConstraintCritic instantiated with 1 power and 4.000000 weight.
[controller_server-9] [INFO] [1791204943.518371904] [controller_server]: Critic loaded : mppi::critics::ConstraintCritic
[controller_server-9] [INFO] [1791204943.518640997] [controller_server]: GoalCritic instantiated with 1 power and 2.000000 weight.
[controller_server-9] [INFO] [1791204943.518652635] [controller_server]: Critic loaded : mppi::critics::GoalCritic
[controller_server-9] [INFO] [1791204943.518912366] [controller_server]: GoalAngleCritic instantiated with 1 power, 1.000000 weight, and 0.300000 angular threshold.
[controller_server-9] [INFO] [1791204943.518928207] [controller_server]: Critic loaded : mppi::critics::GoalAngleCritic
[controller_server-9] [INFO] [1791204943.519422222] [controller_server]: ReferenceTrajectoryCritic instantiated with 1 power and 14.000000 weight
[controller_server-9] [INFO] [1791204943.519437350] [controller_server]: Critic loaded : mppi::critics::PathAlignCritic
[controller_server-9] [INFO] [1791204943.519841003] [controller_server]: Critic loaded : mppi::critics::PathFollowCritic
[controller_server-9] [INFO] [1791204943.520281963] [controller_server]: PathAngleCritic instantiated with 1 power and 2.000000 weight. Reversing allowed.
[controller_server-9] [INFO] [1791204943.520298733] [controller_server]: Critic loaded : mppi::critics::PathAngleCritic
[controller_server-9] [INFO] [1791204943.520924181] [controller_server]: ObstaclesCritic instantiated with 1 power and 20.000000 / 2.000000 weights. Critic will collision check based on footprint cost.
[controller_server-9] [INFO] [1791204943.520939707] [controller_server]: Critic loaded : mppi::critics::ObstaclesCritic
[controller_server-9] [INFO] [1791204943.521215411] [controller_server]: PreferForwardCritic instantiated with 1 power and 1.000000 weight.
[controller_server-9] [INFO] [1791204943.521252359] [controller_server]: Critic loaded : mppi::critics::PreferForwardCritic
[controller_server-9] [INFO] [1791204943.521542123] [controller_server]: VelocityDeadbandCritic instantiated with 1 power, 0.5 weight, deadband_velocity [0.02,0,0.02]
[controller_server-9] [INFO] [1791204943.521555370] [controller_server]: Critic loaded : mppi::critics::VelocityDeadbandCritic
[controller_server-9] [INFO] [1791204943.521759357] [controller_server]: TwirlingCritic instantiated with 1 power and 1.000000 weight.
[controller_server-9] [INFO] [1791204943.521770428] [controller_server]: Critic loaded : mppi::critics::TwirlingCritic
[controller_server-9] [INFO] [1791204943.523438345] [controller_server]: Optimizer reset
[controller_server-9] [INFO] [1791204943.524603896] [MPPIController]: Configured MPPI Controller: MPPI
[controller_server-9] [INFO] [1791204943.525872807] [controller_server]: Created controller : DWB of type dwb_core::DWBLocalPlanner
[controller_server-9] [INFO] [1791204943.526507952] [controller_server]: Setting transform_tolerance to 0.200000
[controller_server-9] [INFO] [1791204943.530711610] [controller_server]: Using critic "RotateToGoal" (dwb_critics::RotateToGoalCritic)
[controller_server-9] [INFO] [1791204943.531065478] [controller_server]: Critic plugin initialized
[controller_server-9] [INFO] [1791204943.531151640] [controller_server]: Using critic "BaseObstacle" (dwb_critics::BaseObstacleCritic)
[controller_server-9] [INFO] [1791204943.531281741] [controller_server]: Critic plugin initialized
[controller_server-9] [INFO] [1791204943.531365437] [controller_server]: Using critic "PathAlign" (dwb_critics::PathAlignCritic)
[controller_server-9] [INFO] [1791204943.531610371] [controller_server]: Critic plugin initialized
[controller_server-9] [INFO] [1791204943.531695693] [controller_server]: Using critic "PathDist" (dwb_critics::PathDistCritic)
[controller_server-9] [INFO] [1791204943.531875230] [controller_server]: Critic plugin initialized
[controller_server-9] [INFO] [1791204943.531958160] [controller_server]: Using critic "GoalDist" (dwb_critics::GoalDistCritic)
[controller_server-9] [INFO] [1791204943.532133361] [controller_server]: Critic plugin initialized
[controller_server-9] [INFO] [1791204943.532145636] [controller_server]: Controller Server has RPP MPPI DWB  controllers available.
[lifecycle_manager-16] [INFO] [1791204943.534591825] [lifecycle_manager_navigation]: [34m[1mConfiguring smoother_server[0m[0m
[smoother_server-10] [INFO] [1791204943.534713755] [smoother_server]: Configuring smoother server
[smoother_server-10] [INFO] [1791204943.537642186] [smoother_server]: Created smoother : simple_smoother of type nav2_smoother::SimpleSmoother
[smoother_server-10] [INFO] [1791204943.537935954] [smoother_server]: Smoother Server has simple_smoother  smoothers available.
[lifecycle_manager-16] [INFO] [1791204943.539396058] [lifecycle_manager_navigation]: [34m[1mConfiguring planner_server[0m[0m
[planner_server-11] [INFO] [1791204943.539506558] [planner_server]: Configuring
[planner_server-11] [INFO] [1791204943.539533992] [global_costmap.global_costmap]: Configuring
[planner_server-11] [INFO] [1791204943.541417500] [global_costmap.global_costmap]: Using plugin "static_layer"
[planner_server-11] [INFO] [1791204943.543618704] [global_costmap.global_costmap]: Subscribing to the map topic (/map) with transient local durability
[planner_server-11] [INFO] [1791204943.544067743] [global_costmap.global_costmap]: Initialized plugin "static_layer"
[planner_server-11] [INFO] [1791204943.544085105] [global_costmap.global_costmap]: Using plugin "obstacle_layer"
[planner_server-11] [INFO] [1791204943.544464199] [global_costmap.global_costmap]: Subscribed to Topics: scan
[planner_server-11] [INFO] [1791204943.545798413] [global_costmap.global_costmap]: Initialized plugin "obstacle_layer"
[planner_server-11] [INFO] [1791204943.545817876] [global_costmap.global_costmap]: Using plugin "inflation_layer"
[planner_server-11] [INFO] [1791204943.546286507] [global_costmap.global_costmap]: Initialized plugin "inflation_layer"
[planner_server-11] [INFO] [1791204943.548964652] [planner_server]: Created global planner plugin GridBased of type nav2_navfn_planner/NavfnPlanner
[planner_server-11] [INFO] [1791204943.548986365] [planner_server]: Configuring plugin GridBased of type NavfnPlanner
[planner_server-11] [INFO] [1791204943.549290679] [planner_server]: Planner Server has GridBased  planners available.
[lifecycle_manager-16] [INFO] [1791204943.552076157] [lifecycle_manager_navigation]: [34m[1mConfiguring behavior_server[0m[0m
[behavior_server-12] [INFO] [1791204943.552217009] [behavior_server]: Configuring
[behavior_server-12] [INFO] [1791204943.555021311] [behavior_server]: Creating behavior plugin spin of type nav2_behaviors/Spin
[behavior_server-12] [INFO] [1791204943.555426779] [behavior_server]: Configuring spin
[behavior_server-12] [INFO] [1791204943.556844425] [behavior_server]: Creating behavior plugin backup of type nav2_behaviors/BackUp
[behavior_server-12] [INFO] [1791204943.557233943] [behavior_server]: Configuring backup
[behavior_server-12] [INFO] [1791204943.558584165] [behavior_server]: Creating behavior plugin drive_on_heading of type nav2_behaviors/DriveOnHeading
[behavior_server-12] [INFO] [1791204943.559052011] [behavior_server]: Configuring drive_on_heading
[behavior_server-12] [INFO] [1791204943.560332564] [behavior_server]: Creating behavior plugin assisted_teleop of type nav2_behaviors/AssistedTeleop
[behavior_server-12] [INFO] [1791204943.561267755] [behavior_server]: Configuring assisted_teleop
[behavior_server-12] [INFO] [1791204943.563045148] [behavior_server]: Creating behavior plugin wait of type nav2_behaviors/Wait
[behavior_server-12] [INFO] [1791204943.563416752] [behavior_server]: Configuring wait
[lifecycle_manager-16] [INFO] [1791204943.564690746] [lifecycle_manager_navigation]: [34m[1mConfiguring bt_navigator[0m[0m
[bt_navigator-13] [INFO] [1791204943.564799832] [bt_navigator]: Configuring
[lifecycle_manager-16] [INFO] [1791204943.590564060] [lifecycle_manager_navigation]: [34m[1mConfiguring waypoint_follower[0m[0m
[waypoint_follower-14] [INFO] [1791204943.590677756] [waypoint_follower]: Configuring
[waypoint_follower-14] [INFO] [1791204943.593813325] [waypoint_follower]: Created waypoint_task_executor : wait_at_waypoint of type nav2_waypoint_follower::WaitAtWaypoint
[lifecycle_manager-16] [INFO] [1791204943.594182225] [lifecycle_manager_navigation]: [34m[1mConfiguring velocity_smoother[0m[0m
[velocity_smoother-15] [INFO] [1791204943.594314815] [velocity_smoother]: Configuring velocity smoother
[lifecycle_manager-16] [INFO] [1791204943.596133475] [lifecycle_manager_navigation]: [34m[1mActivating controller_server[0m[0m
[controller_server-9] [INFO] [1791204943.596213286] [controller_server]: Activating
[controller_server-9] [INFO] [1791204943.596241365] [local_costmap.local_costmap]: Activating
[controller_server-9] [INFO] [1791204943.596250173] [local_costmap.local_costmap]: Checking transform
[controller_server-9] [INFO] [1791204943.596337075] [local_costmap.local_costmap]: start
[map_server-7] [INFO] [1791204943.775062685] [map_io]: Read map /home/nermin/Documents/Thesis/code/Autonomous-Lawn-Mower-Navigation/install/mower_sim/share/mower_sim/maps/empty_map.pgm: 2000 X 2000 map @ 0.05 m/cell
[lifecycle_manager-8] [INFO] [1791204943.781314740] [lifecycle_manager_map_server]: [34m[1mActivating map_server[0m[0m
[map_server-7] [INFO] [1791204943.781411176] [map_server]: Activating
[map_server-7] [INFO] [1791204943.786660531] [map_server]: Creating bond (map_server) to lifecycle manager.
[planner_server-11] [INFO] [1791204943.790881879] [global_costmap.global_costmap]: StaticLayer: Resizing costmap to 2000 X 2000 at 0.050000 m/pix
[controller_server-9] [INFO] [1791204943.791481027] [local_costmap.local_costmap]: StaticLayer: Resizing static layer to 2000 X 2000 at 0.050000 m/pix
[controller_server-9] [WARN] [1791204943.846685762] [controller_server]: Parameter controller_server.verbose not found
[controller_server-9] [INFO] [1791204943.847379195] [controller_server]: Optimizer reset
[controller_server-9] [INFO] [1791204943.847542068] [MPPIController]: Activated MPPI Controller: MPPI
[controller_server-9] [INFO] [1791204943.847558221] [controller_server]: Activating controller: RPP of type regulated_pure_pursuit_controller::RegulatedPurePursuitController
[controller_server-9] [INFO] [1791204943.847596760] [controller_server]: Creating bond (controller_server) to lifecycle manager.
[lifecycle_manager-8] [INFO] [1791204943.888398050] [lifecycle_manager_map_server]: Server map_server connected with bond.
[lifecycle_manager-8] [INFO] [1791204943.888437273] [lifecycle_manager_map_server]: [34m[1mManaged nodes are active[0m[0m
[lifecycle_manager-8] [INFO] [1791204943.888445483] [lifecycle_manager_map_server]: [34m[1mCreating bond timer...[0m[0m
[lifecycle_manager-16] [INFO] [1791204943.949457488] [lifecycle_manager_navigation]: Server controller_server connected with bond.
[lifecycle_manager-16] [INFO] [1791204943.949490661] [lifecycle_manager_navigation]: [34m[1mActivating smoother_server[0m[0m
[smoother_server-10] [INFO] [1791204943.949627077] [smoother_server]: Activating
[smoother_server-10] [INFO] [1791204943.949655896] [smoother_server]: Creating bond (smoother_server) to lifecycle manager.
[lifecycle_manager-16] [INFO] [1791204944.051004265] [lifecycle_manager_navigation]: Server smoother_server connected with bond.
[lifecycle_manager-16] [INFO] [1791204944.051054369] [lifecycle_manager_navigation]: [34m[1mActivating planner_server[0m[0m
[planner_server-11] [INFO] [1791204944.051201650] [planner_server]: Activating
[planner_server-11] [INFO] [1791204944.051244961] [global_costmap.global_costmap]: Activating
[planner_server-11] [INFO] [1791204944.051257232] [global_costmap.global_costmap]: Checking transform
[planner_server-11] [INFO] [1791204944.051349560] [global_costmap.global_costmap]: start
[planner_server-11] [INFO] [1791204945.101795430] [planner_server]: Activating plugin GridBased of type NavfnPlanner
[planner_server-11] [INFO] [1791204945.102275978] [planner_server]: Creating bond (planner_server) to lifecycle manager.
[lifecycle_manager-16] [INFO] [1791204945.203718331] [lifecycle_manager_navigation]: Server planner_server connected with bond.
[lifecycle_manager-16] [INFO] [1791204945.203758561] [lifecycle_manager_navigation]: [34m[1mActivating behavior_server[0m[0m
[behavior_server-12] [INFO] [1791204945.203906905] [behavior_server]: Activating
[behavior_server-12] [INFO] [1791204945.203931426] [behavior_server]: Activating spin
[behavior_server-12] [INFO] [1791204945.203942040] [behavior_server]: Activating backup
[behavior_server-12] [INFO] [1791204945.203949995] [behavior_server]: Activating drive_on_heading
[behavior_server-12] [INFO] [1791204945.203957646] [behavior_server]: Activating assisted_teleop
[behavior_server-12] [INFO] [1791204945.203964161] [behavior_server]: Activating wait
[behavior_server-12] [INFO] [1791204945.203973330] [behavior_server]: Creating bond (behavior_server) to lifecycle manager.
[lifecycle_manager-16] [INFO] [1791204945.305302381] [lifecycle_manager_navigation]: Server behavior_server connected with bond.
[lifecycle_manager-16] [INFO] [1791204945.305342695] [lifecycle_manager_navigation]: [34m[1mActivating bt_navigator[0m[0m
[bt_navigator-13] [INFO] [1791204945.305477264] [bt_navigator]: Activating
[bt_navigator-13] [INFO] [1791204945.318278816] [bt_navigator]: Creating bond (bt_navigator) to lifecycle manager.
[lifecycle_manager-16] [INFO] [1791204945.419558612] [lifecycle_manager_navigation]: Server bt_navigator connected with bond.
[lifecycle_manager-16] [INFO] [1791204945.419591223] [lifecycle_manager_navigation]: [34m[1mActivating waypoint_follower[0m[0m
[waypoint_follower-14] [INFO] [1791204945.419773998] [waypoint_follower]: Activating
[waypoint_follower-14] [INFO] [1791204945.419805799] [waypoint_follower]: Creating bond (waypoint_follower) to lifecycle manager.
[lifecycle_manager-16] [INFO] [1791204945.521221501] [lifecycle_manager_navigation]: Server waypoint_follower connected with bond.
[lifecycle_manager-16] [INFO] [1791204945.521257784] [lifecycle_manager_navigation]: [34m[1mActivating velocity_smoother[0m[0m
[velocity_smoother-15] [INFO] [1791204945.521419093] [velocity_smoother]: Activating
[velocity_smoother-15] [INFO] [1791204945.521473471] [velocity_smoother]: Creating bond (velocity_smoother) to lifecycle manager.
[lifecycle_manager-16] [INFO] [1791204945.622974343] [lifecycle_manager_navigation]: Server velocity_smoother connected with bond.
[lifecycle_manager-16] [INFO] [1791204945.623012815] [lifecycle_manager_navigation]: [34m[1mManaged nodes are active[0m[0m
[lifecycle_manager-16] [INFO] [1791204945.623023968] [lifecycle_manager_navigation]: [34m[1mCreating bond timer...[0m[0m
[controller_server-9] [INFO] [1791204946.518431195] [controller_server]: Received a goal, begin computing control effort.
[robot_trail_publisher-5] [INFO] [1791204946.518909870] [robot_trail_publisher]: New run, trail cleared
[coverage_monitor-6] [INFO] [1791204946.686233742] [coverage_monitor]: New coverage path, field rebuilt
[controller_server-9] [INFO] [1791204952.151895434] [controller_server]: Passing new path to controller.
[controller_server-9] [INFO] [1791204952.153077310] [controller_server]: Optimizer reset
[controller_server-9] [INFO] [1791204956.351890479] [controller_server]: Passing new path to controller.
[controller_server-9] [INFO] [1791204961.485245202] [controller_server]: Passing new path to controller.
[controller_server-9] [INFO] [1791204961.485946557] [controller_server]: Optimizer reset
[controller_server-9] [INFO] [1791204966.885226162] [controller_server]: Passing new path to controller.
[controller_server-9] [INFO] [1791204971.852002793] [controller_server]: Reached the goal!
[WARNING] [launch]: user interrupted with ctrl-c (SIGINT)
[controller_server-9] [INFO] [1791204972.275054951] [rclcpp]: signal_handler(SIGINT/SIGTERM)
[controller_server-9] [INFO] [1791204972.275122966] [controller_server]: Running Nav2 LifecycleNode rcl preshutdown (controller_server)
[controller_server-9] [INFO] [1791204972.275222979] [controller_server]: Deactivating
[controller_server-9] [INFO] [1791204972.275263537] [MPPIController]: Deactivated MPPI Controller: MPPI
[controller_server-9] [INFO] [1791204972.275270211] [controller_server]: Deactivating controller: RPP of type regulated_pure_pursuit_controller::RegulatedPurePursuitController
[smoother_server-10] [INFO] [1791204972.275055256] [rclcpp]: signal_handler(SIGINT/SIGTERM)
[smoother_server-10] [INFO] [1791204972.275137815] [smoother_server]: Running Nav2 LifecycleNode rcl preshutdown (smoother_server)
[smoother_server-10] [INFO] [1791204972.275222644] [smoother_server]: Deactivating
[smoother_server-10] [INFO] [1791204972.275242227] [smoother_server]: Destroying bond (smoother_server) to lifecycle manager.
[lifecycle_manager-16] [INFO] [1791204972.275054885] [rclcpp]: signal_handler(SIGINT/SIGTERM)
[lifecycle_manager-16] [INFO] [1791204972.275134755] [lifecycle_manager_navigation]: Running Nav2 LifecycleManager rcl preshutdown (lifecycle_manager_navigation)
[lifecycle_manager-16] [INFO] [1791204972.275183263] [lifecycle_manager_navigation]: [34m[1mTerminating bond timer...[0m[0m
[velocity_smoother-15] [INFO] [1791204972.275054986] [rclcpp]: signal_handler(SIGINT/SIGTERM)
[velocity_smoother-15] [INFO] [1791204972.275152950] [velocity_smoother]: Running Nav2 LifecycleNode rcl preshutdown (velocity_smoother)
[velocity_smoother-15] [INFO] [1791204972.275232909] [velocity_smoother]: Deactivating
[velocity_smoother-15] [INFO] [1791204972.275253075] [velocity_smoother]: Destroying bond (velocity_smoother) to lifecycle manager.
[INFO] [lifecycle_manager-16]: sending signal 'SIGINT' to process[lifecycle_manager-16]
[INFO] [velocity_smoother-15]: sending signal 'SIGINT' to process[velocity_smoother-15]
[INFO] [waypoint_follower-14]: sending signal 'SIGINT' to process[waypoint_follower-14]
[INFO] [bt_navigator-13]: sending signal 'SIGINT' to process[bt_navigator-13]
[INFO] [behavior_server-12]: sending signal 'SIGINT' to process[behavior_server-12]
[INFO] [planner_server-11]: sending signal 'SIGINT' to process[planner_server-11]
[INFO] [smoother_server-10]: sending signal 'SIGINT' to process[smoother_server-10]
[INFO] [controller_server-9]: sending signal 'SIGINT' to process[controller_server-9]
[INFO] [lifecycle_manager-8]: sending signal 'SIGINT' to process[lifecycle_manager-8]
[INFO] [map_server-7]: sending signal 'SIGINT' to process[map_server-7]
[INFO] [coverage_monitor-6]: sending signal 'SIGINT' to process[coverage_monitor-6]
[ERROR] [lifecycle_manager-8]: process has died [pid 211230, exit code -2, cmd '/opt/ros/humble/lib/nav2_lifecycle_manager/lifecycle_manager --ros-args -r __node:=lifecycle_manager_map_server --params-file /tmp/launch_params_yampe8bk'].
[INFO] [robot_trail_publisher-5]: sending signal 'SIGINT' to process[robot_trail_publisher-5]
[INFO] [ground_truth_tf_publisher-4]: sending signal 'SIGINT' to process[ground_truth_tf_publisher-4]
[ERROR] [map_server-7]: process has died [pid 211228, exit code -2, cmd '/opt/ros/humble/lib/nav2_map_server/map_server --ros-args -r __node:=map_server --params-file /tmp/launch_params_1u0kykzj'].
[INFO] [robot_state_publisher-2]: sending signal 'SIGINT' to process[robot_state_publisher-2]
[INFO] [gzserver-1]: sending signal 'SIGINT' to process[gzserver-1]
[behavior_server-12] [INFO] [1791204972.275066155] [rclcpp]: signal_handler(SIGINT/SIGTERM)
[behavior_server-12] [INFO] [1791204972.275143149] [behavior_server]: Running Nav2 LifecycleNode rcl preshutdown (behavior_server)
[behavior_server-12] [INFO] [1791204972.275232077] [behavior_server]: Deactivating
[behavior_server-12] [INFO] [1791204972.275267886] [behavior_server]: Destroying bond (behavior_server) to lifecycle manager.
[map_server-7] [INFO] [1791204972.275088079] [rclcpp]: signal_handler(SIGINT/SIGTERM)
[map_server-7] [INFO] [1791204972.275157066] [map_server]: Running Nav2 LifecycleNode rcl preshutdown (map_server)
[map_server-7] [INFO] [1791204972.275247595] [map_server]: Deactivating
[map_server-7] [INFO] [1791204972.275264271] [map_server]: Destroying bond (map_server) to lifecycle manager.
[lifecycle_manager-8] [INFO] [1791204972.275089131] [rclcpp]: signal_handler(SIGINT/SIGTERM)
[lifecycle_manager-8] [INFO] [1791204972.275136925] [lifecycle_manager_map_server]: Running Nav2 LifecycleManager rcl preshutdown (lifecycle_manager_map_server)
[lifecycle_manager-8] [INFO] [1791204972.275183200] [lifecycle_manager_map_server]: [34m[1mTerminating bond timer...[0m[0m
[robot_state_publisher-2] [INFO] [1791204972.275119063] [rclcpp]: signal_handler(SIGINT/SIGTERM)
[bt_navigator-13] [INFO] [1791204972.275119532] [rclcpp]: signal_handler(SIGINT/SIGTERM)
[bt_navigator-13] [INFO] [1791204972.275185885] [bt_navigator]: Running Nav2 LifecycleNode rcl preshutdown (bt_navigator)
[bt_navigator-13] [INFO] [1791204972.275270120] [bt_navigator]: Deactivating
[bt_navigator-13] [INFO] [1791204972.275289236] [bt_navigator]: Destroying bond (bt_navigator) to lifecycle manager.
[controller_server-9] [INFO] [1791204972.275291939] [local_costmap.local_costmap]: Deactivating
[planner_server-11] [INFO] [1791204972.275382832] [rclcpp]: signal_handler(SIGINT/SIGTERM)
[planner_server-11] [INFO] [1791204972.275439026] [planner_server]: Running Nav2 LifecycleNode rcl preshutdown (planner_server)
[planner_server-11] [INFO] [1791204972.275488902] [planner_server]: Deactivating
[planner_server-11] [INFO] [1791204972.275514528] [global_costmap.global_costmap]: Deactivating
[waypoint_follower-14] [INFO] [1791204972.275987872] [rclcpp]: signal_handler(SIGINT/SIGTERM)
[waypoint_follower-14] [INFO] [1791204972.276062414] [waypoint_follower]: Running Nav2 LifecycleNode rcl preshutdown (waypoint_follower)
[waypoint_follower-14] [INFO] [1791204972.276109792] [waypoint_follower]: Deactivating
[waypoint_follower-14] [INFO] [1791204972.276125830] [waypoint_follower]: Destroying bond (waypoint_follower) to lifecycle manager.
[smoother_server-10] [INFO] [1791204972.285458674] [smoother_server]: Cleaning up
[velocity_smoother-15] [INFO] [1791204972.285458688] [velocity_smoother]: Cleaning up
[velocity_smoother-15] [INFO] [1791204972.285494773] [velocity_smoother]: Destroying bond (velocity_smoother) to lifecycle manager.
[velocity_smoother-15] [INFO] [1791204972.285940114] [rclcpp]: signal_handler(SIGINT/SIGTERM)
[behavior_server-12] [INFO] [1791204972.285478397] [behavior_server]: Cleaning up
[map_server-7] [INFO] [1791204972.285480507] [map_server]: Cleaning up
[map_server-7] [INFO] [1791204972.285913117] [map_server]: Destroying bond (map_server) to lifecycle manager.
[bt_navigator-13] [INFO] [1791204972.285486506] [bt_navigator]: Cleaning up
[waypoint_follower-14] [INFO] [1791204972.286320138] [waypoint_follower]: Cleaning up
[behavior_server-12] [INFO] [1791204972.290386680] [behavior_server]: Destroying bond (behavior_server) to lifecycle manager.
[behavior_server-12] [INFO] [1791204972.291360576] [rclcpp]: signal_handler(SIGINT/SIGTERM)
[lifecycle_manager-8] [INFO] [1791204972.291586748] [lifecycle_manager_map_server]: Destroying lifecycle_manager_map_server
[map_server-7] [INFO] [1791204972.293523837] [map_server]: Destroying
[waypoint_follower-14] [INFO] [1791204972.295025652] [waypoint_follower]: Destroying bond (waypoint_follower) to lifecycle manager.
[waypoint_follower-14] [INFO] [1791204972.296123532] [rclcpp]: signal_handler(SIGINT/SIGTERM)
[coverage_monitor-6] Traceback (most recent call last):
[coverage_monitor-6]   File "/home/nermin/Documents/Thesis/code/Autonomous-Lawn-Mower-Navigation/install/mower_sim/lib/mower_sim/coverage_monitor", line 33, in <module>
[coverage_monitor-6]     sys.exit(load_entry_point('mower-sim==0.0.0', 'console_scripts', 'coverage_monitor')())
[coverage_monitor-6]   File "/home/nermin/Documents/Thesis/code/Autonomous-Lawn-Mower-Navigation/install/mower_sim/lib/python3.10/site-packages/mower_sim/coverage_monitor.py", line 153, in main
[coverage_monitor-6]     node.destroy_node()
[coverage_monitor-6]   File "/opt/ros/humble/local/lib/python3.10/dist-packages/rclpy/node.py", line 1691, in destroy_node
[coverage_monitor-6]     self.destroy_service(self._services[0])
[coverage_monitor-6]   File "/opt/ros/humble/local/lib/python3.10/dist-packages/rclpy/node.py", line 1615, in destroy_service
[coverage_monitor-6]     service.destroy()
[coverage_monitor-6]   File "/opt/ros/humble/local/lib/python3.10/dist-packages/rclpy/service.py", line 93, in destroy
[coverage_monitor-6]     self.__service.destroy_when_not_in_use()
[coverage_monitor-6] KeyboardInterrupt
[robot_state_publisher-2] [INFO] [1791204972.301699357] [rclcpp]: signal_handler(SIGINT/SIGTERM)
[smoother_server-10] [INFO] [1791204972.302006332] [smoother_server]: Destroying bond (smoother_server) to lifecycle manager.
[smoother_server-10] [INFO] [1791204972.302605861] [rclcpp]: signal_handler(SIGINT/SIGTERM)
[behavior_server-12] [INFO] [1791204972.376825485] [behavior_server]: Destroying
[smoother_server-10] [INFO] [1791204972.376805824] [smoother_server]: Destroying
[ground_truth_tf_publisher-4] Traceback (most recent call last):
[ground_truth_tf_publisher-4]   File "/home/nermin/Documents/Thesis/code/Autonomous-Lawn-Mower-Navigation/install/mower_sim/lib/mower_sim/ground_truth_tf_publisher", line 33, in <module>
[ground_truth_tf_publisher-4]     sys.exit(load_entry_point('mower-sim==0.0.0', 'console_scripts', 'ground_truth_tf_publisher')())
[ground_truth_tf_publisher-4]   File "/home/nermin/Documents/Thesis/code/Autonomous-Lawn-Mower-Navigation/install/mower_sim/lib/python3.10/site-packages/mower_sim/ground_truth_tf_publisher.py", line 169, in main
[ground_truth_tf_publisher-4]     node.destroy_node()
[ground_truth_tf_publisher-4]   File "/opt/ros/humble/local/lib/python3.10/dist-packages/rclpy/node.py", line 1685, in destroy_node
[ground_truth_tf_publisher-4]     self.destroy_publisher(self._publishers[0])
[ground_truth_tf_publisher-4]   File "/opt/ros/humble/local/lib/python3.10/dist-packages/rclpy/node.py", line 1565, in destroy_publisher
[ground_truth_tf_publisher-4]     publisher.destroy()
[ground_truth_tf_publisher-4]   File "/opt/ros/humble/local/lib/python3.10/dist-packages/rclpy/publisher.py", line 99, in destroy
[ground_truth_tf_publisher-4]     self.__publisher.destroy_when_not_in_use()
[ground_truth_tf_publisher-4] KeyboardInterrupt
[controller_server-9] [INFO] [1791204972.396494056] [controller_server]: Destroying bond (controller_server) to lifecycle manager.
[waypoint_follower-14] [INFO] [1791204972.421873556] [waypoint_follower]: Destroying
[velocity_smoother-15] [INFO] [1791204972.423774699] [velocity_smoother]: Destroying
[bt_navigator-13] [INFO] [1791204972.424817157] [bt_navigator]: Completed Cleaning up
[bt_navigator-13] [INFO] [1791204972.424867480] [bt_navigator]: Destroying bond (bt_navigator) to lifecycle manager.
[bt_navigator-13] [INFO] [1791204972.425753123] [rclcpp]: signal_handler(SIGINT/SIGTERM)
[controller_server-9] [INFO] [1791204972.426744399] [controller_server]: Cleaning up
[controller_server-9] [INFO] [1791204972.426833899] [MPPIController]: Cleaned up MPPI Controller: MPPI
[controller_server-9] [INFO] [1791204972.426840475] [controller_server]: Cleaning up controller: RPP of type regulated_pure_pursuit_controller::RegulatedPurePursuitController
[controller_server-9] [INFO] [1791204972.426947691] [local_costmap.local_costmap]: Cleaning up
[bt_navigator-13] [INFO] [1791204972.435539249] [bt_navigator]: Destroying
[controller_server-9] [INFO] [1791204972.457958164] [controller_server]: Destroying bond (controller_server) to lifecycle manager.
[controller_server-9] [INFO] [1791204972.460221762] [rclcpp]: signal_handler(SIGINT/SIGTERM)
[lifecycle_manager-16] [INFO] [1791204972.491722139] [rclcpp]: signal_handler(SIGINT/SIGTERM)
[controller_server-9] [INFO] [1791204972.550174570] [local_costmap.local_costmap]: Destroying
[controller_server-9] [INFO] [1791204972.572407662] [controller_server]: Destroying
[lifecycle_manager-16] [INFO] [1791204972.629868554] [lifecycle_manager_navigation]: Destroying lifecycle_manager_navigation
[planner_server-11] [INFO] [1791204973.051842760] [planner_server]: Deactivating plugin GridBased of type NavfnPlanner
[planner_server-11] [INFO] [1791204973.051932508] [planner_server]: Destroying bond (planner_server) to lifecycle manager.
[planner_server-11] [INFO] [1791204973.062243293] [planner_server]: Cleaning up
[planner_server-11] [INFO] [1791204973.077841769] [global_costmap.global_costmap]: Cleaning up
[planner_server-11] [INFO] [1791204973.081319953] [planner_server]: Cleaning up plugin GridBased of type NavfnPlanner
[planner_server-11] [INFO] [1791204973.081414476] [planner_server]: Destroying plugin GridBased of type NavfnPlanner
[planner_server-11] [INFO] [1791204973.095872609] [planner_server]: Destroying bond (planner_server) to lifecycle manager.
[planner_server-11] [INFO] [1791204973.098014906] [rclcpp]: signal_handler(SIGINT/SIGTERM)
[planner_server-11] [INFO] [1791204973.101311831] [global_costmap.global_costmap]: Destroying
[planner_server-11] [INFO] [1791204973.122953314] [planner_server]: Destroying
[robot_trail_publisher-5] Traceback (most recent call last):
[robot_trail_publisher-5]   File "/home/nermin/Documents/Thesis/code/Autonomous-Lawn-Mower-Navigation/install/mower_sim/lib/mower_sim/robot_trail_publisher", line 33, in <module>
[robot_trail_publisher-5]     sys.exit(load_entry_point('mower-sim==0.0.0', 'console_scripts', 'robot_trail_publisher')())
[robot_trail_publisher-5]   File "/home/nermin/Documents/Thesis/code/Autonomous-Lawn-Mower-Navigation/install/mower_sim/lib/python3.10/site-packages/mower_sim/robot_trail_publisher.py", line 98, in main
[robot_trail_publisher-5]     node.destroy_node()
[robot_trail_publisher-5]   File "/opt/ros/humble/local/lib/python3.10/dist-packages/rclpy/node.py", line 1696, in destroy_node
[robot_trail_publisher-5]     self.__node.destroy_when_not_in_use()
[robot_trail_publisher-5] KeyboardInterrupt
[ERROR] [robot_trail_publisher-5]: process has died [pid 210817, exit code -2, cmd '/home/nermin/Documents/Thesis/code/Autonomous-Lawn-Mower-Navigation/install/mower_sim/lib/mower_sim/robot_trail_publisher --ros-args --params-file /tmp/launch_params_ylh7or76'].
[ERROR] [coverage_monitor-6]: process has died [pid 210819, exit code -2, cmd '/home/nermin/Documents/Thesis/code/Autonomous-Lawn-Mower-Navigation/install/mower_sim/lib/mower_sim/coverage_monitor --ros-args --params-file /tmp/launch_params_rt4zekih'].
[INFO] [behavior_server-12]: process has finished cleanly [pid 211238]
[INFO] [smoother_server-10]: process has finished cleanly [pid 211234]
[INFO] [robot_state_publisher-2]: process has finished cleanly [pid 210811]
[ERROR] [ground_truth_tf_publisher-4]: process has died [pid 210815, exit code -2, cmd '/home/nermin/Documents/Thesis/code/Autonomous-Lawn-Mower-Navigation/install/mower_sim/lib/mower_sim/ground_truth_tf_publisher --ros-args --params-file /tmp/launch_params_ncg9nkl5'].
[INFO] [waypoint_follower-14]: process has finished cleanly [pid 211242]
[INFO] [velocity_smoother-15]: process has finished cleanly [pid 211244]
[INFO] [bt_navigator-13]: process has finished cleanly [pid 211240]
[INFO] [gzserver-1]: process has finished cleanly [pid 210809]
[gzserver-1] [0m[1;32m[0m[1;32m[0m[1;36m[0m[1;32m[0m
[gzserver-1] [1;33m[0m[1;31m[0m
[INFO] [controller_server-9]: process has finished cleanly [pid 211232]
[INFO] [lifecycle_manager-16]: process has finished cleanly [pid 211246]
[INFO] [planner_server-11]: process has finished cleanly [pid 211236]
