[INFO] [launch]: All log files can be found below /home/nermin/.ros/log/2026-10-05-14-59-37-305393-Nermin-214751
[INFO] [launch]: Default logging verbosity is set to INFO

[mower_sim] Controller: SWITCHING
[mower_sim] Odometry: ground_truth
[mower_sim] Params: /home/nermin/Documents/Thesis/code/Autonomous-Lawn-Mower-Navigation/install/mower_sim/share/mower_sim/config/nav2_switching.yaml

[INFO] [gzserver-1]: process started with pid [214782]
[INFO] [robot_state_publisher-2]: process started with pid [214784]
[INFO] [spawn_entity.py-3]: process started with pid [214786]
[INFO] [ground_truth_tf_publisher-4]: process started with pid [214788]
[INFO] [robot_trail_publisher-5]: process started with pid [214790]
[INFO] [coverage_monitor-6]: process started with pid [214792]
[robot_state_publisher-2] [INFO] [1791205177.426020583] [robot_state_publisher]: got segment base_footprint
[robot_state_publisher-2] [INFO] [1791205177.426111919] [robot_state_publisher]: got segment base_link
[robot_state_publisher-2] [INFO] [1791205177.426124272] [robot_state_publisher]: got segment base_scan
[robot_state_publisher-2] [INFO] [1791205177.426133159] [robot_state_publisher]: got segment front_left_caster
[robot_state_publisher-2] [INFO] [1791205177.426141494] [robot_state_publisher]: got segment front_right_caster
[robot_state_publisher-2] [INFO] [1791205177.426150142] [robot_state_publisher]: got segment left_wheel
[robot_state_publisher-2] [INFO] [1791205177.426158035] [robot_state_publisher]: got segment right_wheel
[gzserver-1] Gazebo multi-robot simulator, version 11.10.2
[gzserver-1] Copyright (C) 2012 Open Source Robotics Foundation.
[gzserver-1] Released under the Apache 2 License.
[gzserver-1] http://gazebosim.org
[gzserver-1] 
[coverage_monitor-6] [INFO] [1791205177.845694343] [coverage_monitor]: Coverage monitor: field from /coverage_path
[robot_trail_publisher-5] [INFO] [1791205177.885990966] [robot_trail_publisher]: Robot trail: /ground_truth/pose on /robot_trail
[ground_truth_tf_publisher-4] [INFO] [1791205177.886226729] [ground_truth_tf_publisher]: Ground truth TF publisher started for "mower": map -> odom (ground truth correction)
[gzserver-1] [1;33m[Wrn] [gazebo_ros_init.cpp:178] [0m[1;33m
[gzserver-1] #     # ####### ####### ###  #####  #######
[gzserver-1] ##    # #     #    #     #  #     # #
[gzserver-1] # #   # #     #    #     #  #       #
[gzserver-1] #  #  # #     #    #     #  #       #####
[gzserver-1] #   # # #     #    #     #  #       #
[gzserver-1] #    ## #     #    #     #  #     # #
[gzserver-1] #     # #######    #    ###  #####  #######
[gzserver-1] 
[gzserver-1] This version of Gazebo, now called Gazebo classic, reaches end-of-life
[gzserver-1] in January 2025. Users are highly encouraged to migrate to the new Gazebo
[gzserver-1] using our migration guides (https://gazebosim.org/docs/latest/gazebo_classic_migration?utm_source=gazebo_ros_pkgs&utm_medium=cli)
[gzserver-1] 
[gzserver-1] [0m[1;33m
[spawn_entity.py-3] [INFO] [1791205177.930805139] [spawn_entity]: Spawn Entity started
[spawn_entity.py-3] [INFO] [1791205177.931180725] [spawn_entity]: Loading entity published on topic robot_description
[spawn_entity.py-3] [INFO] [1791205177.932310767] [spawn_entity]: Waiting for entity xml on robot_description
[spawn_entity.py-3] [INFO] [1791205177.933985861] [spawn_entity]: Waiting for service /spawn_entity, timeout = 120
[spawn_entity.py-3] [INFO] [1791205177.934329199] [spawn_entity]: Waiting for service /spawn_entity
[gzserver-1] [0m[1;33m[0m[1;33m[0m[INFO] [1791205178.178952738] [gazebo.gazebo_ros_state]: Publishing states of gazebo models at [/gazebo/model_states]
[gzserver-1] [INFO] [1791205178.179291522] [gazebo.gazebo_ros_state]: Publishing states of gazebo links at [/gazebo/link_states]
[spawn_entity.py-3] [INFO] [1791205178.186739202] [spawn_entity]: Calling service /spawn_entity
[spawn_entity.py-3] [INFO] [1791205178.448528797] [spawn_entity]: Spawn status: SpawnEntity: Successfully spawned entity [mower]
[gzserver-1] [INFO] [1791205178.558215567] [diff_drive]: Wheel pair 1 separation set to [0.700000m]
[gzserver-1] [INFO] [1791205178.558248019] [diff_drive]: Wheel pair 1 diameter set to [0.300000m]
[gzserver-1] [INFO] [1791205178.558593039] [diff_drive]: Subscribed to [/cmd_vel]
[gzserver-1] [INFO] [1791205178.559297742] [diff_drive]: Advertise odometry on [/odom]
[gzserver-1] [INFO] [1791205178.560112720] [diff_drive]: Publishing odom transforms between [odom] and [base_footprint]
[gzserver-1] [INFO] [1791205178.565067964] [joint_states]: Going to publish joint [left_wheel_joint]
[gzserver-1] [INFO] [1791205178.565085191] [joint_states]: Going to publish joint [right_wheel_joint]
[INFO] [spawn_entity.py-3]: process has finished cleanly [pid 214786]
[gzserver-1] [1;32m[Msg] [0m[1;32mWaiting for master.[0m[1;32m
[gzserver-1] [0m[1;32m[0m[1;32m[0m[1;32m[Msg] [0m[1;32mConnected to gazebo master @ [0m[1;32mhttp://127.0.0.1:11345[0m[1;32m
[gzserver-1] [0m[1;32m[0m[1;32m[0m[1;32m[Msg] [0m[1;32mPublicized address: [0m[1;32m10.169.222.221[0m[1;32m
[gzserver-1] [0m[1;32m[0m[1;32m[0m[1;32m[Msg] [0m[1;32mLoading world file [[0m[1;32m/home/nermin/Documents/Thesis/code/Autonomous-Lawn-Mower-Navigation/install/mower_sim/share/mower_sim/worlds/empty_field.world[0m[1;32m][0m[1;32m
[INFO] [map_server-7]: process started with pid [215138]
[INFO] [lifecycle_manager-8]: process started with pid [215140]
[INFO] [controller_server-9]: process started with pid [215142]
[INFO] [smoother_server-10]: process started with pid [215144]
[INFO] [planner_server-11]: process started with pid [215146]
[INFO] [behavior_server-12]: process started with pid [215148]
[INFO] [bt_navigator-13]: process started with pid [215150]
[INFO] [waypoint_follower-14]: process started with pid [215152]
[INFO] [velocity_smoother-15]: process started with pid [215154]
[INFO] [lifecycle_manager-16]: process started with pid [215156]
[lifecycle_manager-8] [INFO] [1791205197.551822008] [lifecycle_manager_map_server]: Creating
[lifecycle_manager-8] [INFO] [1791205197.553268308] [lifecycle_manager_map_server]: [34m[1mCreating and initializing lifecycle service clients[0m[0m
[controller_server-9] [INFO] [1791205197.554222519] [controller_server]: 
[controller_server-9] 	controller_server lifecycle node launched. 
[controller_server-9] 	Waiting on external lifecycle transitions to activate
[controller_server-9] 	See https://design.ros2.org/articles/node_lifecycle.html for more information.
[waypoint_follower-14] [INFO] [1791205197.556387945] [waypoint_follower]: 
[waypoint_follower-14] 	waypoint_follower lifecycle node launched. 
[waypoint_follower-14] 	Waiting on external lifecycle transitions to activate
[waypoint_follower-14] 	See https://design.ros2.org/articles/node_lifecycle.html for more information.
[waypoint_follower-14] [INFO] [1791205197.556641413] [waypoint_follower]: Creating
[controller_server-9] [INFO] [1791205197.556776787] [controller_server]: Creating controller server
[controller_server-9] [INFO] [1791205197.561025215] [local_costmap.local_costmap]: 
[controller_server-9] 	local_costmap lifecycle node launched. 
[controller_server-9] 	Waiting on external lifecycle transitions to activate
[controller_server-9] 	See https://design.ros2.org/articles/node_lifecycle.html for more information.
[controller_server-9] [INFO] [1791205197.561324141] [local_costmap.local_costmap]: Creating Costmap
[smoother_server-10] [INFO] [1791205197.563664898] [smoother_server]: 
[smoother_server-10] 	smoother_server lifecycle node launched. 
[smoother_server-10] 	Waiting on external lifecycle transitions to activate
[smoother_server-10] 	See https://design.ros2.org/articles/node_lifecycle.html for more information.
[smoother_server-10] [INFO] [1791205197.564877830] [smoother_server]: Creating smoother server
[lifecycle_manager-16] [INFO] [1791205197.565590171] [lifecycle_manager_navigation]: Creating
[velocity_smoother-15] [INFO] [1791205197.565828834] [velocity_smoother]: 
[velocity_smoother-15] 	velocity_smoother lifecycle node launched. 
[velocity_smoother-15] 	Waiting on external lifecycle transitions to activate
[velocity_smoother-15] 	See https://design.ros2.org/articles/node_lifecycle.html for more information.
[planner_server-11] [INFO] [1791205197.565946869] [planner_server]: 
[planner_server-11] 	planner_server lifecycle node launched. 
[planner_server-11] 	Waiting on external lifecycle transitions to activate
[planner_server-11] 	See https://design.ros2.org/articles/node_lifecycle.html for more information.
[lifecycle_manager-16] [INFO] [1791205197.568686706] [lifecycle_manager_navigation]: [34m[1mCreating and initializing lifecycle service clients[0m[0m
[bt_navigator-13] [INFO] [1791205197.569063733] [bt_navigator]: 
[bt_navigator-13] 	bt_navigator lifecycle node launched. 
[bt_navigator-13] 	Waiting on external lifecycle transitions to activate
[bt_navigator-13] 	See https://design.ros2.org/articles/node_lifecycle.html for more information.
[bt_navigator-13] [INFO] [1791205197.569120869] [bt_navigator]: Creating
[map_server-7] [INFO] [1791205197.569403974] [map_server]: 
[map_server-7] 	map_server lifecycle node launched. 
[map_server-7] 	Waiting on external lifecycle transitions to activate
[map_server-7] 	See https://design.ros2.org/articles/node_lifecycle.html for more information.
[map_server-7] [INFO] [1791205197.569472937] [map_server]: Creating
[planner_server-11] [INFO] [1791205197.569956635] [planner_server]: Creating
[lifecycle_manager-8] [INFO] [1791205197.572329101] [lifecycle_manager_map_server]: [34m[1mStarting managed nodes bringup...[0m[0m
[lifecycle_manager-8] [INFO] [1791205197.572364993] [lifecycle_manager_map_server]: [34m[1mConfiguring map_server[0m[0m
[behavior_server-12] [INFO] [1791205197.572360738] [behavior_server]: 
[behavior_server-12] 	behavior_server lifecycle node launched. 
[behavior_server-12] 	Waiting on external lifecycle transitions to activate
[behavior_server-12] 	See https://design.ros2.org/articles/node_lifecycle.html for more information.
[map_server-7] [INFO] [1791205197.575453465] [map_server]: Configuring
[map_server-7] [INFO] [1791205197.575611737] [map_io]: Loading yaml file: /home/nermin/Documents/Thesis/code/Autonomous-Lawn-Mower-Navigation/install/mower_sim/share/mower_sim/maps/empty_map.yaml
[map_server-7] [INFO] [1791205197.576153403] [map_io]: resolution: 0.05
[map_server-7] [INFO] [1791205197.576173031] [map_io]: origin[0]: -50
[map_server-7] [INFO] [1791205197.576183383] [map_io]: origin[1]: -50
[map_server-7] [INFO] [1791205197.576192290] [map_io]: origin[2]: 0
[map_server-7] [INFO] [1791205197.576202219] [map_io]: free_thresh: 0.196
[map_server-7] [INFO] [1791205197.576212062] [map_io]: occupied_thresh: 0.65
[map_server-7] [INFO] [1791205197.576221904] [map_io]: mode: trinary
[map_server-7] [INFO] [1791205197.576231631] [map_io]: negate: 0
[planner_server-11] [INFO] [1791205197.577529167] [global_costmap.global_costmap]: 
[planner_server-11] 	global_costmap lifecycle node launched. 
[planner_server-11] 	Waiting on external lifecycle transitions to activate
[planner_server-11] 	See https://design.ros2.org/articles/node_lifecycle.html for more information.
[planner_server-11] [INFO] [1791205197.578089614] [global_costmap.global_costmap]: Creating Costmap
[map_server-7] [INFO] [1791205197.580875401] [map_io]: Loading image_file: /home/nermin/Documents/Thesis/code/Autonomous-Lawn-Mower-Navigation/install/mower_sim/share/mower_sim/maps/empty_map.pgm
[lifecycle_manager-16] [INFO] [1791205197.687315023] [lifecycle_manager_navigation]: [34m[1mStarting managed nodes bringup...[0m[0m
[lifecycle_manager-16] [INFO] [1791205197.687352420] [lifecycle_manager_navigation]: [34m[1mConfiguring controller_server[0m[0m
[controller_server-9] [INFO] [1791205197.687489488] [controller_server]: Configuring controller interface
[controller_server-9] [INFO] [1791205197.687589483] [controller_server]: getting goal checker plugins..
[controller_server-9] [INFO] [1791205197.687606423] [controller_server]: Controller frequency set to 30.0000Hz
[controller_server-9] [INFO] [1791205197.687633955] [local_costmap.local_costmap]: Configuring
[controller_server-9] [INFO] [1791205197.689652889] [local_costmap.local_costmap]: Using plugin "static_layer"
[controller_server-9] [INFO] [1791205197.691749094] [local_costmap.local_costmap]: Subscribing to the map topic (/map) with transient local durability
[controller_server-9] [INFO] [1791205197.692167603] [local_costmap.local_costmap]: Initialized plugin "static_layer"
[controller_server-9] [INFO] [1791205197.692186419] [local_costmap.local_costmap]: Using plugin "voxel_layer"
[controller_server-9] [INFO] [1791205197.692597894] [local_costmap.local_costmap]: Subscribed to Topics: scan
[controller_server-9] [INFO] [1791205197.694917069] [local_costmap.local_costmap]: Initialized plugin "voxel_layer"
[controller_server-9] [INFO] [1791205197.694931037] [local_costmap.local_costmap]: Using plugin "inflation_layer"
[controller_server-9] [INFO] [1791205197.695383432] [local_costmap.local_costmap]: Initialized plugin "inflation_layer"
[controller_server-9] [INFO] [1791205197.697638606] [controller_server]: Created progress_checker : progress_checker of type nav2_controller::SimpleProgressChecker
[controller_server-9] [INFO] [1791205197.698040833] [controller_server]: Created goal checker : general_goal_checker of type nav2_controller::SimpleGoalChecker
[controller_server-9] [INFO] [1791205197.698229921] [controller_server]: Controller Server has general_goal_checker  goal checkers available.
[controller_server-9] [INFO] [1791205197.698586147] [controller_server]: Created controller : RPP of type nav2_regulated_pure_pursuit_controller::RegulatedPurePursuitController
[controller_server-9] [INFO] [1791205197.701115396] [controller_server]: Created controller : MPPI of type nav2_mppi_controller::MPPIController
[controller_server-9] [WARN] [1791205197.702112669] [controller_server]: Controller period is less then model dt, consider setting it equal
[controller_server-9] [INFO] [1791205197.702892715] [controller_server]: ConstraintCritic instantiated with 1 power and 4.000000 weight.
[controller_server-9] [INFO] [1791205197.702913558] [controller_server]: Critic loaded : mppi::critics::ConstraintCritic
[controller_server-9] [INFO] [1791205197.703142989] [controller_server]: GoalCritic instantiated with 1 power and 2.000000 weight.
[controller_server-9] [INFO] [1791205197.703157192] [controller_server]: Critic loaded : mppi::critics::GoalCritic
[controller_server-9] [INFO] [1791205197.703369628] [controller_server]: GoalAngleCritic instantiated with 1 power, 1.000000 weight, and 0.300000 angular threshold.
[controller_server-9] [INFO] [1791205197.703383868] [controller_server]: Critic loaded : mppi::critics::GoalAngleCritic
[controller_server-9] [INFO] [1791205197.703809580] [controller_server]: ReferenceTrajectoryCritic instantiated with 1 power and 14.000000 weight
[controller_server-9] [INFO] [1791205197.703826675] [controller_server]: Critic loaded : mppi::critics::PathAlignCritic
[controller_server-9] [INFO] [1791205197.704110281] [controller_server]: Critic loaded : mppi::critics::PathFollowCritic
[controller_server-9] [INFO] [1791205197.704517830] [controller_server]: PathAngleCritic instantiated with 1 power and 2.000000 weight. Reversing allowed.
[controller_server-9] [INFO] [1791205197.704534402] [controller_server]: Critic loaded : mppi::critics::PathAngleCritic
[controller_server-9] [INFO] [1791205197.705093144] [controller_server]: ObstaclesCritic instantiated with 1 power and 20.000000 / 2.000000 weights. Critic will collision check based on footprint cost.
[controller_server-9] [INFO] [1791205197.705108076] [controller_server]: Critic loaded : mppi::critics::ObstaclesCritic
[controller_server-9] [INFO] [1791205197.705351277] [controller_server]: PreferForwardCritic instantiated with 1 power and 1.000000 weight.
[controller_server-9] [INFO] [1791205197.705381580] [controller_server]: Critic loaded : mppi::critics::PreferForwardCritic
[controller_server-9] [INFO] [1791205197.705642166] [controller_server]: VelocityDeadbandCritic instantiated with 1 power, 0.5 weight, deadband_velocity [0.02,0,0.02]
[controller_server-9] [INFO] [1791205197.705653936] [controller_server]: Critic loaded : mppi::critics::VelocityDeadbandCritic
[controller_server-9] [INFO] [1791205197.705837474] [controller_server]: TwirlingCritic instantiated with 1 power and 1.000000 weight.
[controller_server-9] [INFO] [1791205197.705851877] [controller_server]: Critic loaded : mppi::critics::TwirlingCritic
[controller_server-9] [INFO] [1791205197.707093481] [controller_server]: Optimizer reset
[controller_server-9] [INFO] [1791205197.708014945] [MPPIController]: Configured MPPI Controller: MPPI
[controller_server-9] [INFO] [1791205197.708878677] [controller_server]: Created controller : DWB of type dwb_core::DWBLocalPlanner
[controller_server-9] [INFO] [1791205197.709437789] [controller_server]: Setting transform_tolerance to 0.200000
[controller_server-9] [INFO] [1791205197.713098722] [controller_server]: Using critic "RotateToGoal" (dwb_critics::RotateToGoalCritic)
[controller_server-9] [INFO] [1791205197.713389148] [controller_server]: Critic plugin initialized
[controller_server-9] [INFO] [1791205197.713458375] [controller_server]: Using critic "BaseObstacle" (dwb_critics::BaseObstacleCritic)
[controller_server-9] [INFO] [1791205197.713559799] [controller_server]: Critic plugin initialized
[controller_server-9] [INFO] [1791205197.713622720] [controller_server]: Using critic "PathAlign" (dwb_critics::PathAlignCritic)
[controller_server-9] [INFO] [1791205197.713814695] [controller_server]: Critic plugin initialized
[controller_server-9] [INFO] [1791205197.713879528] [controller_server]: Using critic "PathDist" (dwb_critics::PathDistCritic)
[controller_server-9] [INFO] [1791205197.714006127] [controller_server]: Critic plugin initialized
[controller_server-9] [INFO] [1791205197.714068234] [controller_server]: Using critic "GoalDist" (dwb_critics::GoalDistCritic)
[controller_server-9] [INFO] [1791205197.714205055] [controller_server]: Critic plugin initialized
[controller_server-9] [INFO] [1791205197.714215846] [controller_server]: Controller Server has RPP MPPI DWB  controllers available.
[lifecycle_manager-16] [INFO] [1791205197.716119945] [lifecycle_manager_navigation]: [34m[1mConfiguring smoother_server[0m[0m
[smoother_server-10] [INFO] [1791205197.716240448] [smoother_server]: Configuring smoother server
[smoother_server-10] [INFO] [1791205197.719154115] [smoother_server]: Created smoother : simple_smoother of type nav2_smoother::SimpleSmoother
[smoother_server-10] [INFO] [1791205197.719443602] [smoother_server]: Smoother Server has simple_smoother  smoothers available.
[lifecycle_manager-16] [INFO] [1791205197.720912112] [lifecycle_manager_navigation]: [34m[1mConfiguring planner_server[0m[0m
[planner_server-11] [INFO] [1791205197.721014424] [planner_server]: Configuring
[planner_server-11] [INFO] [1791205197.721041748] [global_costmap.global_costmap]: Configuring
[planner_server-11] [INFO] [1791205197.722949470] [global_costmap.global_costmap]: Using plugin "static_layer"
[planner_server-11] [INFO] [1791205197.724993313] [global_costmap.global_costmap]: Subscribing to the map topic (/map) with transient local durability
[planner_server-11] [INFO] [1791205197.725310784] [global_costmap.global_costmap]: Initialized plugin "static_layer"
[planner_server-11] [INFO] [1791205197.725326503] [global_costmap.global_costmap]: Using plugin "obstacle_layer"
[planner_server-11] [INFO] [1791205197.725644048] [global_costmap.global_costmap]: Subscribed to Topics: scan
[planner_server-11] [INFO] [1791205197.726932938] [global_costmap.global_costmap]: Initialized plugin "obstacle_layer"
[planner_server-11] [INFO] [1791205197.726952141] [global_costmap.global_costmap]: Using plugin "inflation_layer"
[planner_server-11] [INFO] [1791205197.727477883] [global_costmap.global_costmap]: Initialized plugin "inflation_layer"
[planner_server-11] [INFO] [1791205197.730175874] [planner_server]: Created global planner plugin GridBased of type nav2_navfn_planner/NavfnPlanner
[planner_server-11] [INFO] [1791205197.730197463] [planner_server]: Configuring plugin GridBased of type NavfnPlanner
[planner_server-11] [INFO] [1791205197.730536430] [planner_server]: Planner Server has GridBased  planners available.
[lifecycle_manager-16] [INFO] [1791205197.733225089] [lifecycle_manager_navigation]: [34m[1mConfiguring behavior_server[0m[0m
[behavior_server-12] [INFO] [1791205197.733337168] [behavior_server]: Configuring
[behavior_server-12] [INFO] [1791205197.736021202] [behavior_server]: Creating behavior plugin spin of type nav2_behaviors/Spin
[behavior_server-12] [INFO] [1791205197.736432929] [behavior_server]: Configuring spin
[behavior_server-12] [INFO] [1791205197.737871612] [behavior_server]: Creating behavior plugin backup of type nav2_behaviors/BackUp
[behavior_server-12] [INFO] [1791205197.738254726] [behavior_server]: Configuring backup
[behavior_server-12] [INFO] [1791205197.739541249] [behavior_server]: Creating behavior plugin drive_on_heading of type nav2_behaviors/DriveOnHeading
[behavior_server-12] [INFO] [1791205197.739917167] [behavior_server]: Configuring drive_on_heading
[behavior_server-12] [INFO] [1791205197.741212659] [behavior_server]: Creating behavior plugin assisted_teleop of type nav2_behaviors/AssistedTeleop
[behavior_server-12] [INFO] [1791205197.742165649] [behavior_server]: Configuring assisted_teleop
[behavior_server-12] [INFO] [1791205197.743829060] [behavior_server]: Creating behavior plugin wait of type nav2_behaviors/Wait
[behavior_server-12] [INFO] [1791205197.744190530] [behavior_server]: Configuring wait
[lifecycle_manager-16] [INFO] [1791205197.745774947] [lifecycle_manager_navigation]: [34m[1mConfiguring bt_navigator[0m[0m
[bt_navigator-13] [INFO] [1791205197.745881543] [bt_navigator]: Configuring
[lifecycle_manager-16] [INFO] [1791205197.770993779] [lifecycle_manager_navigation]: [34m[1mConfiguring waypoint_follower[0m[0m
[waypoint_follower-14] [INFO] [1791205197.771104809] [waypoint_follower]: Configuring
[waypoint_follower-14] [INFO] [1791205197.774272295] [waypoint_follower]: Created waypoint_task_executor : wait_at_waypoint of type nav2_waypoint_follower::WaitAtWaypoint
[lifecycle_manager-16] [INFO] [1791205197.774660598] [lifecycle_manager_navigation]: [34m[1mConfiguring velocity_smoother[0m[0m
[velocity_smoother-15] [INFO] [1791205197.774768705] [velocity_smoother]: Configuring velocity smoother
[lifecycle_manager-16] [INFO] [1791205197.776161578] [lifecycle_manager_navigation]: [34m[1mActivating controller_server[0m[0m
[controller_server-9] [INFO] [1791205197.776250908] [controller_server]: Activating
[controller_server-9] [INFO] [1791205197.776289785] [local_costmap.local_costmap]: Activating
[controller_server-9] [INFO] [1791205197.776301950] [local_costmap.local_costmap]: Checking transform
[controller_server-9] [INFO] [1791205197.776391765] [local_costmap.local_costmap]: start
[map_server-7] [INFO] [1791205197.846859493] [map_io]: Read map /home/nermin/Documents/Thesis/code/Autonomous-Lawn-Mower-Navigation/install/mower_sim/share/mower_sim/maps/empty_map.pgm: 2000 X 2000 map @ 0.05 m/cell
[lifecycle_manager-8] [INFO] [1791205197.853656092] [lifecycle_manager_map_server]: [34m[1mActivating map_server[0m[0m
[map_server-7] [INFO] [1791205197.853731309] [map_server]: Activating
[map_server-7] [INFO] [1791205197.857838116] [map_server]: Creating bond (map_server) to lifecycle manager.
[planner_server-11] [INFO] [1791205197.862336003] [global_costmap.global_costmap]: StaticLayer: Resizing costmap to 2000 X 2000 at 0.050000 m/pix
[controller_server-9] [INFO] [1791205197.862339518] [local_costmap.local_costmap]: StaticLayer: Resizing static layer to 2000 X 2000 at 0.050000 m/pix
[lifecycle_manager-8] [INFO] [1791205197.959606524] [lifecycle_manager_map_server]: Server map_server connected with bond.
[lifecycle_manager-8] [INFO] [1791205197.959639116] [lifecycle_manager_map_server]: [34m[1mManaged nodes are active[0m[0m
[lifecycle_manager-8] [INFO] [1791205197.959651226] [lifecycle_manager_map_server]: [34m[1mCreating bond timer...[0m[0m
[controller_server-9] [WARN] [1791205198.026757400] [controller_server]: Parameter controller_server.verbose not found
[controller_server-9] [INFO] [1791205198.027458417] [controller_server]: Optimizer reset
[controller_server-9] [INFO] [1791205198.027602550] [MPPIController]: Activated MPPI Controller: MPPI
[controller_server-9] [INFO] [1791205198.027615134] [controller_server]: Activating controller: RPP of type regulated_pure_pursuit_controller::RegulatedPurePursuitController
[controller_server-9] [INFO] [1791205198.027641087] [controller_server]: Creating bond (controller_server) to lifecycle manager.
[lifecycle_manager-16] [INFO] [1791205198.129235249] [lifecycle_manager_navigation]: Server controller_server connected with bond.
[lifecycle_manager-16] [INFO] [1791205198.129273135] [lifecycle_manager_navigation]: [34m[1mActivating smoother_server[0m[0m
[smoother_server-10] [INFO] [1791205198.129412620] [smoother_server]: Activating
[smoother_server-10] [INFO] [1791205198.129443153] [smoother_server]: Creating bond (smoother_server) to lifecycle manager.
[lifecycle_manager-16] [INFO] [1791205198.230786726] [lifecycle_manager_navigation]: Server smoother_server connected with bond.
[lifecycle_manager-16] [INFO] [1791205198.230825253] [lifecycle_manager_navigation]: [34m[1mActivating planner_server[0m[0m
[planner_server-11] [INFO] [1791205198.230961718] [planner_server]: Activating
[planner_server-11] [INFO] [1791205198.230998418] [global_costmap.global_costmap]: Activating
[planner_server-11] [INFO] [1791205198.231007391] [global_costmap.global_costmap]: Checking transform
[planner_server-11] [INFO] [1791205198.231069734] [global_costmap.global_costmap]: start
[planner_server-11] [INFO] [1791205199.281435566] [planner_server]: Activating plugin GridBased of type NavfnPlanner
[planner_server-11] [INFO] [1791205199.281805205] [planner_server]: Creating bond (planner_server) to lifecycle manager.
[lifecycle_manager-16] [INFO] [1791205199.383306085] [lifecycle_manager_navigation]: Server planner_server connected with bond.
[lifecycle_manager-16] [INFO] [1791205199.383344721] [lifecycle_manager_navigation]: [34m[1mActivating behavior_server[0m[0m
[behavior_server-12] [INFO] [1791205199.383501829] [behavior_server]: Activating
[behavior_server-12] [INFO] [1791205199.383525441] [behavior_server]: Activating spin
[behavior_server-12] [INFO] [1791205199.383535228] [behavior_server]: Activating backup
[behavior_server-12] [INFO] [1791205199.383542879] [behavior_server]: Activating drive_on_heading
[behavior_server-12] [INFO] [1791205199.383550650] [behavior_server]: Activating assisted_teleop
[behavior_server-12] [INFO] [1791205199.383557155] [behavior_server]: Activating wait
[behavior_server-12] [INFO] [1791205199.383566604] [behavior_server]: Creating bond (behavior_server) to lifecycle manager.
[lifecycle_manager-16] [INFO] [1791205199.484932764] [lifecycle_manager_navigation]: Server behavior_server connected with bond.
[lifecycle_manager-16] [INFO] [1791205199.484968417] [lifecycle_manager_navigation]: [34m[1mActivating bt_navigator[0m[0m
[bt_navigator-13] [INFO] [1791205199.485113420] [bt_navigator]: Activating
[bt_navigator-13] [INFO] [1791205199.498224935] [bt_navigator]: Creating bond (bt_navigator) to lifecycle manager.
[lifecycle_manager-16] [INFO] [1791205199.599589234] [lifecycle_manager_navigation]: Server bt_navigator connected with bond.
[lifecycle_manager-16] [INFO] [1791205199.599624966] [lifecycle_manager_navigation]: [34m[1mActivating waypoint_follower[0m[0m
[waypoint_follower-14] [INFO] [1791205199.599800152] [waypoint_follower]: Activating
[waypoint_follower-14] [INFO] [1791205199.599831673] [waypoint_follower]: Creating bond (waypoint_follower) to lifecycle manager.
[lifecycle_manager-16] [INFO] [1791205199.701249063] [lifecycle_manager_navigation]: Server waypoint_follower connected with bond.
[lifecycle_manager-16] [INFO] [1791205199.701291501] [lifecycle_manager_navigation]: [34m[1mActivating velocity_smoother[0m[0m
[velocity_smoother-15] [INFO] [1791205199.701476988] [velocity_smoother]: Activating
[velocity_smoother-15] [INFO] [1791205199.701523888] [velocity_smoother]: Creating bond (velocity_smoother) to lifecycle manager.
[lifecycle_manager-16] [INFO] [1791205199.803049339] [lifecycle_manager_navigation]: Server velocity_smoother connected with bond.
[lifecycle_manager-16] [INFO] [1791205199.803081757] [lifecycle_manager_navigation]: [34m[1mManaged nodes are active[0m[0m
[lifecycle_manager-16] [INFO] [1791205199.803093148] [lifecycle_manager_navigation]: [34m[1mCreating bond timer...[0m[0m
[controller_server-9] [INFO] [1791205200.628414961] [controller_server]: Received a goal, begin computing control effort.
[robot_trail_publisher-5] [INFO] [1791205200.629121699] [robot_trail_publisher]: New run, trail cleared
[coverage_monitor-6] [INFO] [1791205200.802821442] [coverage_monitor]: New coverage path, field rebuilt
[controller_server-9] [INFO] [1791205206.261921825] [controller_server]: Passing new path to controller.
[controller_server-9] [INFO] [1791205206.262715410] [controller_server]: Optimizer reset
[controller_server-9] [INFO] [1791205210.495312368] [controller_server]: Passing new path to controller.
[controller_server-9] [INFO] [1791205215.661924089] [controller_server]: Passing new path to controller.
[controller_server-9] [INFO] [1791205215.662498829] [controller_server]: Optimizer reset
[controller_server-9] [INFO] [1791205221.061923591] [controller_server]: Passing new path to controller.
[controller_server-9] [INFO] [1791205225.995400607] [controller_server]: Reached the goal!
[WARNING] [launch]: user interrupted with ctrl-c (SIGINT)
[lifecycle_manager-16] [INFO] [1791205226.404952431] [rclcpp]: signal_handler(SIGINT/SIGTERM)
[lifecycle_manager-16] [INFO] [1791205226.405026240] [lifecycle_manager_navigation]: Running Nav2 LifecycleManager rcl preshutdown (lifecycle_manager_navigation)
[lifecycle_manager-16] [INFO] [1791205226.405058824] [lifecycle_manager_navigation]: [34m[1mTerminating bond timer...[0m[0m
[smoother_server-10] [INFO] [1791205226.404954397] [rclcpp]: signal_handler(SIGINT/SIGTERM)
[smoother_server-10] [INFO] [1791205226.405027180] [smoother_server]: Running Nav2 LifecycleNode rcl preshutdown (smoother_server)
[smoother_server-10] [INFO] [1791205226.405086828] [smoother_server]: Deactivating
[smoother_server-10] [INFO] [1791205226.405104058] [smoother_server]: Destroying bond (smoother_server) to lifecycle manager.
[behavior_server-12] [INFO] [1791205226.404952406] [rclcpp]: signal_handler(SIGINT/SIGTERM)
[behavior_server-12] [INFO] [1791205226.405027127] [behavior_server]: Running Nav2 LifecycleNode rcl preshutdown (behavior_server)
[behavior_server-12] [INFO] [1791205226.405088887] [behavior_server]: Deactivating
[behavior_server-12] [INFO] [1791205226.405121265] [behavior_server]: Destroying bond (behavior_server) to lifecycle manager.
[bt_navigator-13] [INFO] [1791205226.404952454] [rclcpp]: signal_handler(SIGINT/SIGTERM)
[bt_navigator-13] [INFO] [1791205226.405026855] [bt_navigator]: Running Nav2 LifecycleNode rcl preshutdown (bt_navigator)
[bt_navigator-13] [INFO] [1791205226.405088689] [bt_navigator]: Deactivating
[bt_navigator-13] [INFO] [1791205226.405107300] [bt_navigator]: Destroying bond (bt_navigator) to lifecycle manager.
[robot_state_publisher-2] [INFO] [1791205226.404955931] [rclcpp]: signal_handler(SIGINT/SIGTERM)
[lifecycle_manager-8] [INFO] [1791205226.404954150] [rclcpp]: signal_handler(SIGINT/SIGTERM)
[lifecycle_manager-8] [INFO] [1791205226.405026591] [lifecycle_manager_map_server]: Running Nav2 LifecycleManager rcl preshutdown (lifecycle_manager_map_server)
[lifecycle_manager-8] [INFO] [1791205226.405067724] [lifecycle_manager_map_server]: [34m[1mTerminating bond timer...[0m[0m
[INFO] [lifecycle_manager-16]: sending signal 'SIGINT' to process[lifecycle_manager-16]
[INFO] [velocity_smoother-15]: sending signal 'SIGINT' to process[velocity_smoother-15]
[INFO] [waypoint_follower-14]: sending signal 'SIGINT' to process[waypoint_follower-14]
[INFO] [bt_navigator-13]: sending signal 'SIGINT' to process[bt_navigator-13]
[INFO] [behavior_server-12]: sending signal 'SIGINT' to process[behavior_server-12]
[INFO] [planner_server-11]: sending signal 'SIGINT' to process[planner_server-11]
[INFO] [smoother_server-10]: sending signal 'SIGINT' to process[smoother_server-10]
[INFO] [controller_server-9]: sending signal 'SIGINT' to process[controller_server-9]
[INFO] [lifecycle_manager-8]: sending signal 'SIGINT' to process[lifecycle_manager-8]
[INFO] [map_server-7]: sending signal 'SIGINT' to process[map_server-7]
[INFO] [coverage_monitor-6]: sending signal 'SIGINT' to process[coverage_monitor-6]
[INFO] [robot_trail_publisher-5]: sending signal 'SIGINT' to process[robot_trail_publisher-5]
[INFO] [ground_truth_tf_publisher-4]: sending signal 'SIGINT' to process[ground_truth_tf_publisher-4]
[INFO] [robot_state_publisher-2]: sending signal 'SIGINT' to process[robot_state_publisher-2]
[INFO] [gzserver-1]: sending signal 'SIGINT' to process[gzserver-1]
[planner_server-11] [INFO] [1791205226.405094930] [rclcpp]: signal_handler(SIGINT/SIGTERM)
[planner_server-11] [INFO] [1791205226.405140661] [planner_server]: Running Nav2 LifecycleNode rcl preshutdown (planner_server)
[planner_server-11] [INFO] [1791205226.405194557] [planner_server]: Deactivating
[planner_server-11] [INFO] [1791205226.405223291] [global_costmap.global_costmap]: Deactivating
[velocity_smoother-15] [INFO] [1791205226.405232949] [rclcpp]: signal_handler(SIGINT/SIGTERM)
[velocity_smoother-15] [INFO] [1791205226.405312651] [velocity_smoother]: Running Nav2 LifecycleNode rcl preshutdown (velocity_smoother)
[velocity_smoother-15] [INFO] [1791205226.405360986] [velocity_smoother]: Deactivating
[velocity_smoother-15] [INFO] [1791205226.405380389] [velocity_smoother]: Destroying bond (velocity_smoother) to lifecycle manager.
[map_server-7] [INFO] [1791205226.405233280] [rclcpp]: signal_handler(SIGINT/SIGTERM)
[map_server-7] [INFO] [1791205226.405319323] [map_server]: Running Nav2 LifecycleNode rcl preshutdown (map_server)
[map_server-7] [INFO] [1791205226.405378354] [map_server]: Deactivating
[map_server-7] [INFO] [1791205226.405396209] [map_server]: Destroying bond (map_server) to lifecycle manager.
[waypoint_follower-14] [INFO] [1791205226.405402826] [rclcpp]: signal_handler(SIGINT/SIGTERM)
[waypoint_follower-14] [INFO] [1791205226.405472996] [waypoint_follower]: Running Nav2 LifecycleNode rcl preshutdown (waypoint_follower)
[waypoint_follower-14] [INFO] [1791205226.405531504] [waypoint_follower]: Deactivating
[waypoint_follower-14] [INFO] [1791205226.405548389] [waypoint_follower]: Destroying bond (waypoint_follower) to lifecycle manager.
[controller_server-9] [INFO] [1791205226.405520033] [rclcpp]: signal_handler(SIGINT/SIGTERM)
[controller_server-9] [INFO] [1791205226.405558350] [controller_server]: Running Nav2 LifecycleNode rcl preshutdown (controller_server)
[controller_server-9] [INFO] [1791205226.405607616] [controller_server]: Deactivating
[controller_server-9] [INFO] [1791205226.405638392] [MPPIController]: Deactivated MPPI Controller: MPPI
[controller_server-9] [INFO] [1791205226.405644252] [controller_server]: Deactivating controller: RPP of type regulated_pure_pursuit_controller::RegulatedPurePursuitController
[controller_server-9] [INFO] [1791205226.405667419] [local_costmap.local_costmap]: Deactivating
[behavior_server-12] [INFO] [1791205226.415348976] [behavior_server]: Cleaning up
[bt_navigator-13] [INFO] [1791205226.415348896] [bt_navigator]: Cleaning up
[smoother_server-10] [INFO] [1791205226.415349344] [smoother_server]: Cleaning up
[velocity_smoother-15] [INFO] [1791205226.415626838] [velocity_smoother]: Cleaning up
[velocity_smoother-15] [INFO] [1791205226.415671480] [velocity_smoother]: Destroying bond (velocity_smoother) to lifecycle manager.
[map_server-7] [INFO] [1791205226.415602901] [map_server]: Cleaning up
[map_server-7] [INFO] [1791205226.416026374] [map_server]: Destroying bond (map_server) to lifecycle manager.
[waypoint_follower-14] [INFO] [1791205226.415766705] [waypoint_follower]: Cleaning up
[velocity_smoother-15] [INFO] [1791205226.416724421] [rclcpp]: signal_handler(SIGINT/SIGTERM)
[behavior_server-12] [INFO] [1791205226.419256253] [behavior_server]: Destroying bond (behavior_server) to lifecycle manager.
[behavior_server-12] [INFO] [1791205226.420215563] [rclcpp]: signal_handler(SIGINT/SIGTERM)
[lifecycle_manager-8] [INFO] [1791205226.422714910] [rclcpp]: signal_handler(SIGINT/SIGTERM)
[map_server-7] [INFO] [1791205226.423961968] [rclcpp]: signal_handler(SIGINT/SIGTERM)
[waypoint_follower-14] [INFO] [1791205226.424661262] [waypoint_follower]: Destroying bond (waypoint_follower) to lifecycle manager.
[waypoint_follower-14] [INFO] [1791205226.425761401] [rclcpp]: signal_handler(SIGINT/SIGTERM)
[robot_state_publisher-2] [INFO] [1791205226.429078277] [rclcpp]: signal_handler(SIGINT/SIGTERM)
[smoother_server-10] [INFO] [1791205226.431614383] [smoother_server]: Destroying bond (smoother_server) to lifecycle manager.
[smoother_server-10] [INFO] [1791205226.432155229] [rclcpp]: signal_handler(SIGINT/SIGTERM)
[lifecycle_manager-8] [INFO] [1791205226.506827190] [lifecycle_manager_map_server]: Destroying lifecycle_manager_map_server
[smoother_server-10] [INFO] [1791205226.531490529] [smoother_server]: Destroying
[map_server-7] [INFO] [1791205226.560974742] [map_server]: Destroying
[bt_navigator-13] [INFO] [1791205226.566498343] [bt_navigator]: Completed Cleaning up
[bt_navigator-13] [INFO] [1791205226.566540592] [bt_navigator]: Destroying bond (bt_navigator) to lifecycle manager.
[ground_truth_tf_publisher-4] Traceback (most recent call last):
[ground_truth_tf_publisher-4]   File "/home/nermin/Documents/Thesis/code/Autonomous-Lawn-Mower-Navigation/install/mower_sim/lib/mower_sim/ground_truth_tf_publisher", line 33, in <module>
[ground_truth_tf_publisher-4]     sys.exit(load_entry_point('mower-sim==0.0.0', 'console_scripts', 'ground_truth_tf_publisher')())
[ground_truth_tf_publisher-4]   File "/home/nermin/Documents/Thesis/code/Autonomous-Lawn-Mower-Navigation/install/mower_sim/lib/python3.10/site-packages/mower_sim/ground_truth_tf_publisher.py", line 169, in main
[ground_truth_tf_publisher-4]     node.destroy_node()
[ground_truth_tf_publisher-4]   File "/opt/ros/humble/local/lib/python3.10/dist-packages/rclpy/node.py", line 1685, in destroy_node
[bt_navigator-13] [INFO] [1791205226.567538018] [rclcpp]: signal_handler(SIGINT/SIGTERM)
[ground_truth_tf_publisher-4]     self.destroy_publisher(self._publishers[0])
[ground_truth_tf_publisher-4]   File "/opt/ros/humble/local/lib/python3.10/dist-packages/rclpy/node.py", line 1565, in destroy_publisher
[ground_truth_tf_publisher-4]     publisher.destroy()
[ground_truth_tf_publisher-4]   File "/opt/ros/humble/local/lib/python3.10/dist-packages/rclpy/publisher.py", line 99, in destroy
[ground_truth_tf_publisher-4]     self.__publisher.destroy_when_not_in_use()
[ground_truth_tf_publisher-4] KeyboardInterrupt
[controller_server-9] [INFO] [1791205226.576519300] [controller_server]: Destroying bond (controller_server) to lifecycle manager.
[behavior_server-12] [INFO] [1791205226.585730968] [behavior_server]: Destroying
[controller_server-9] [INFO] [1791205226.586666516] [controller_server]: Cleaning up
[controller_server-9] [INFO] [1791205226.586744158] [MPPIController]: Cleaned up MPPI Controller: MPPI
[controller_server-9] [INFO] [1791205226.586749110] [controller_server]: Cleaning up controller: RPP of type regulated_pure_pursuit_controller::RegulatedPurePursuitController
[controller_server-9] [INFO] [1791205226.586857640] [local_costmap.local_costmap]: Cleaning up
[bt_navigator-13] [INFO] [1791205226.601240219] [bt_navigator]: Destroying
[waypoint_follower-14] [INFO] [1791205226.602520701] [waypoint_follower]: Destroying
[velocity_smoother-15] [INFO] [1791205226.604674945] [velocity_smoother]: Destroying
[coverage_monitor-6] Traceback (most recent call last):
[coverage_monitor-6]   File "/home/nermin/Documents/Thesis/code/Autonomous-Lawn-Mower-Navigation/install/mower_sim/lib/mower_sim/coverage_monitor", line 33, in <module>
[coverage_monitor-6]     sys.exit(load_entry_point('mower-sim==0.0.0', 'console_scripts', 'coverage_monitor')())
[coverage_monitor-6]   File "/home/nermin/Documents/Thesis/code/Autonomous-Lawn-Mower-Navigation/install/mower_sim/lib/python3.10/site-packages/mower_sim/coverage_monitor.py", line 153, in main
[coverage_monitor-6]     node.destroy_node()
[coverage_monitor-6]   File "/opt/ros/humble/local/lib/python3.10/dist-packages/rclpy/node.py", line 1696, in destroy_node
[coverage_monitor-6]     self.__node.destroy_when_not_in_use()
[coverage_monitor-6] KeyboardInterrupt
[robot_trail_publisher-5] Traceback (most recent call last):
[robot_trail_publisher-5]   File "/home/nermin/Documents/Thesis/code/Autonomous-Lawn-Mower-Navigation/install/mower_sim/lib/mower_sim/robot_trail_publisher", line 33, in <module>
[robot_trail_publisher-5]     sys.exit(load_entry_point('mower-sim==0.0.0', 'console_scripts', 'robot_trail_publisher')())
[robot_trail_publisher-5]   File "/home/nermin/Documents/Thesis/code/Autonomous-Lawn-Mower-Navigation/install/mower_sim/lib/python3.10/site-packages/mower_sim/robot_trail_publisher.py", line 98, in main
[robot_trail_publisher-5]     node.destroy_node()
[robot_trail_publisher-5]   File "/opt/ros/humble/local/lib/python3.10/dist-packages/rclpy/node.py", line 1696, in destroy_node
[robot_trail_publisher-5]     self.__node.destroy_when_not_in_use()
[robot_trail_publisher-5] KeyboardInterrupt
[controller_server-9] [INFO] [1791205226.617184378] [controller_server]: Destroying bond (controller_server) to lifecycle manager.
[controller_server-9] [INFO] [1791205226.619407737] [rclcpp]: signal_handler(SIGINT/SIGTERM)
[controller_server-9] [INFO] [1791205226.632767586] [local_costmap.local_costmap]: Destroying
[lifecycle_manager-16] [INFO] [1791205226.637616359] [rclcpp]: signal_handler(SIGINT/SIGTERM)
[ERROR] [robot_trail_publisher-5]: process has died [pid 214790, exit code -2, cmd '/home/nermin/Documents/Thesis/code/Autonomous-Lawn-Mower-Navigation/install/mower_sim/lib/mower_sim/robot_trail_publisher --ros-args --params-file /tmp/launch_params_aucs09cl'].
[ERROR] [coverage_monitor-6]: process has died [pid 214792, exit code -2, cmd '/home/nermin/Documents/Thesis/code/Autonomous-Lawn-Mower-Navigation/install/mower_sim/lib/mower_sim/coverage_monitor --ros-args --params-file /tmp/launch_params_ok2rz4q8'].
[controller_server-9] [INFO] [1791205226.657954792] [controller_server]: Destroying
[INFO] [lifecycle_manager-8]: process has finished cleanly [pid 215140]
[INFO] [robot_state_publisher-2]: process has finished cleanly [pid 214784]
[lifecycle_manager-16] [INFO] [1791205226.718456766] [lifecycle_manager_navigation]: Destroying lifecycle_manager_navigation
[INFO] [smoother_server-10]: process has finished cleanly [pid 215144]
[INFO] [behavior_server-12]: process has finished cleanly [pid 215148]
[INFO] [map_server-7]: process has finished cleanly [pid 215138]
[ERROR] [ground_truth_tf_publisher-4]: process has died [pid 214788, exit code -2, cmd '/home/nermin/Documents/Thesis/code/Autonomous-Lawn-Mower-Navigation/install/mower_sim/lib/mower_sim/ground_truth_tf_publisher --ros-args --params-file /tmp/launch_params__z0ie28k'].
[INFO] [controller_server-9]: process has finished cleanly [pid 215142]
[INFO] [waypoint_follower-14]: process has finished cleanly [pid 215152]
[INFO] [velocity_smoother-15]: process has finished cleanly [pid 215154]
[INFO] [bt_navigator-13]: process has finished cleanly [pid 215150]
[INFO] [gzserver-1]: process has finished cleanly [pid 214782]
[gzserver-1] [0m[1;32m[0m[1;32m[0m[1;36m[0m[1;32m[0m
[gzserver-1] [1;33m[0m[1;31m[0m
[INFO] [lifecycle_manager-16]: process has finished cleanly [pid 215156]
[planner_server-11] [INFO] [1791205227.231332592] [planner_server]: Deactivating plugin GridBased of type NavfnPlanner
[planner_server-11] [INFO] [1791205227.231371815] [planner_server]: Destroying bond (planner_server) to lifecycle manager.
[planner_server-11] [INFO] [1791205227.241516002] [planner_server]: Cleaning up
[planner_server-11] [INFO] [1791205227.245550878] [global_costmap.global_costmap]: Cleaning up
[planner_server-11] [INFO] [1791205227.246018379] [planner_server]: Cleaning up plugin GridBased of type NavfnPlanner
[planner_server-11] [INFO] [1791205227.246126679] [planner_server]: Destroying plugin GridBased of type NavfnPlanner
[planner_server-11] [INFO] [1791205227.247751154] [planner_server]: Destroying bond (planner_server) to lifecycle manager.
[planner_server-11] [INFO] [1791205227.249829402] [rclcpp]: signal_handler(SIGINT/SIGTERM)
[planner_server-11] [INFO] [1791205227.250013840] [global_costmap.global_costmap]: Destroying
[planner_server-11] [INFO] [1791205227.250541388] [planner_server]: Destroying
[INFO] [planner_server-11]: process has finished cleanly [pid 215146]
