[INFO] [launch]: All log files can be found below /home/nermin/.ros/log/2026-10-05-15-00-27-524333-Nermin-215531
[INFO] [launch]: Default logging verbosity is set to INFO

[mower_sim] Controller: SWITCHING
[mower_sim] Odometry: ground_truth
[mower_sim] Params: /home/nermin/Documents/Thesis/code/Autonomous-Lawn-Mower-Navigation/install/mower_sim/share/mower_sim/config/nav2_switching.yaml

[INFO] [gzserver-1]: process started with pid [215549]
[INFO] [robot_state_publisher-2]: process started with pid [215551]
[INFO] [spawn_entity.py-3]: process started with pid [215553]
[INFO] [ground_truth_tf_publisher-4]: process started with pid [215555]
[INFO] [robot_trail_publisher-5]: process started with pid [215557]
[INFO] [coverage_monitor-6]: process started with pid [215559]
[robot_state_publisher-2] [INFO] [1791205227.642202818] [robot_state_publisher]: got segment base_footprint
[robot_state_publisher-2] [INFO] [1791205227.642268986] [robot_state_publisher]: got segment base_link
[robot_state_publisher-2] [INFO] [1791205227.642277368] [robot_state_publisher]: got segment base_scan
[robot_state_publisher-2] [INFO] [1791205227.642282587] [robot_state_publisher]: got segment front_left_caster
[robot_state_publisher-2] [INFO] [1791205227.642288024] [robot_state_publisher]: got segment front_right_caster
[robot_state_publisher-2] [INFO] [1791205227.642293404] [robot_state_publisher]: got segment left_wheel
[robot_state_publisher-2] [INFO] [1791205227.642298523] [robot_state_publisher]: got segment right_wheel
[robot_trail_publisher-5] [INFO] [1791205228.025126955] [robot_trail_publisher]: Robot trail: /ground_truth/pose on /robot_trail
[gzserver-1] Gazebo multi-robot simulator, version 11.10.2
[gzserver-1] Copyright (C) 2012 Open Source Robotics Foundation.
[gzserver-1] Released under the Apache 2 License.
[gzserver-1] http://gazebosim.org
[gzserver-1] 
[coverage_monitor-6] [INFO] [1791205228.090891188] [coverage_monitor]: Coverage monitor: field from /coverage_path
[spawn_entity.py-3] [INFO] [1791205228.106672028] [spawn_entity]: Spawn Entity started
[spawn_entity.py-3] [INFO] [1791205228.106961934] [spawn_entity]: Loading entity published on topic robot_description
[spawn_entity.py-3] [INFO] [1791205228.108054465] [spawn_entity]: Waiting for entity xml on robot_description
[spawn_entity.py-3] [INFO] [1791205228.109994042] [spawn_entity]: Waiting for service /spawn_entity, timeout = 120
[spawn_entity.py-3] [INFO] [1791205228.110255673] [spawn_entity]: Waiting for service /spawn_entity
[ground_truth_tf_publisher-4] [INFO] [1791205228.134981735] [ground_truth_tf_publisher]: Ground truth TF publisher started for "mower": map -> odom (ground truth correction)
[gzserver-1] [1;33m[Wrn] [gazebo_ros_init.cpp:178] [0m[1;33m
[gzserver-1] #     # ####### ####### ###  #####  #######
[gzserver-1] ##    # #     #    #     #  #     # #
[gzserver-1] # #   # #     #    #     #  #       #
[gzserver-1] #  #  # #     #    #     #  #       #####
[gzserver-1] #   # # #     #    #     #  #       #
[gzserver-1] #    ## #     #    #     #  #     # #
[gzserver-1] #     # #######    #    ###  #####  #######
[gzserver-1] 
[gzserver-1] This version of Gazebo, now called Gazebo classic, reaches end-of-life
[gzserver-1] in January 2025. Users are highly encouraged to migrate to the new Gazebo
[gzserver-1] using our migration guides (https://gazebosim.org/docs/latest/gazebo_classic_migration?utm_source=gazebo_ros_pkgs&utm_medium=cli)
[gzserver-1] 
[gzserver-1] [0m[1;33m
[gzserver-1] [0m[1;33m[0m[1;33m[0m[INFO] [1791205228.458148114] [gazebo.gazebo_ros_state]: Publishing states of gazebo models at [/gazebo/model_states]
[gzserver-1] [INFO] [1791205228.458470899] [gazebo.gazebo_ros_state]: Publishing states of gazebo links at [/gazebo/link_states]
[spawn_entity.py-3] [INFO] [1791205228.613677551] [spawn_entity]: Calling service /spawn_entity
[spawn_entity.py-3] [INFO] [1791205228.722329462] [spawn_entity]: Spawn status: SpawnEntity: Successfully spawned entity [mower]
[gzserver-1] [INFO] [1791205228.837224026] [diff_drive]: Wheel pair 1 separation set to [0.700000m]
[gzserver-1] [INFO] [1791205228.837263364] [diff_drive]: Wheel pair 1 diameter set to [0.300000m]
[gzserver-1] [INFO] [1791205228.838147920] [diff_drive]: Subscribed to [/cmd_vel]
[gzserver-1] [INFO] [1791205228.840043637] [diff_drive]: Advertise odometry on [/odom]
[gzserver-1] [INFO] [1791205228.841910864] [diff_drive]: Publishing odom transforms between [odom] and [base_footprint]
[gzserver-1] [INFO] [1791205228.850687107] [joint_states]: Going to publish joint [left_wheel_joint]
[gzserver-1] [INFO] [1791205228.850748529] [joint_states]: Going to publish joint [right_wheel_joint]
[INFO] [spawn_entity.py-3]: process has finished cleanly [pid 215553]
[gzserver-1] [1;32m[Msg] [0m[1;32mWaiting for master.[0m[1;32m
[gzserver-1] [0m[1;32m[0m[1;32m[0m[1;32m[Msg] [0m[1;32mConnected to gazebo master @ [0m[1;32mhttp://127.0.0.1:11345[0m[1;32m
[gzserver-1] [0m[1;32m[0m[1;32m[0m[1;32m[Msg] [0m[1;32mPublicized address: [0m[1;32m10.169.222.221[0m[1;32m
[gzserver-1] [0m[1;32m[0m[1;32m[0m[1;32m[Msg] [0m[1;32mLoading world file [[0m[1;32m/home/nermin/Documents/Thesis/code/Autonomous-Lawn-Mower-Navigation/install/mower_sim/share/mower_sim/worlds/empty_field.world[0m[1;32m][0m[1;32m
[INFO] [map_server-7]: process started with pid [215915]
[INFO] [lifecycle_manager-8]: process started with pid [215917]
[INFO] [controller_server-9]: process started with pid [215919]
[INFO] [smoother_server-10]: process started with pid [215921]
[INFO] [planner_server-11]: process started with pid [215923]
[INFO] [behavior_server-12]: process started with pid [215925]
[INFO] [bt_navigator-13]: process started with pid [215927]
[INFO] [waypoint_follower-14]: process started with pid [215929]
[INFO] [velocity_smoother-15]: process started with pid [215931]
[INFO] [lifecycle_manager-16]: process started with pid [215933]
[lifecycle_manager-8] [INFO] [1791205247.772267882] [lifecycle_manager_map_server]: Creating
[lifecycle_manager-8] [INFO] [1791205247.774502598] [lifecycle_manager_map_server]: [34m[1mCreating and initializing lifecycle service clients[0m[0m
[controller_server-9] [INFO] [1791205247.781160208] [controller_server]: 
[controller_server-9] 	controller_server lifecycle node launched. 
[controller_server-9] 	Waiting on external lifecycle transitions to activate
[controller_server-9] 	See https://design.ros2.org/articles/node_lifecycle.html for more information.
[waypoint_follower-14] [INFO] [1791205247.782576981] [waypoint_follower]: 
[waypoint_follower-14] 	waypoint_follower lifecycle node launched. 
[waypoint_follower-14] 	Waiting on external lifecycle transitions to activate
[waypoint_follower-14] 	See https://design.ros2.org/articles/node_lifecycle.html for more information.
[waypoint_follower-14] [INFO] [1791205247.783400026] [waypoint_follower]: Creating
[smoother_server-10] [INFO] [1791205247.782600774] [smoother_server]: 
[smoother_server-10] 	smoother_server lifecycle node launched. 
[smoother_server-10] 	Waiting on external lifecycle transitions to activate
[smoother_server-10] 	See https://design.ros2.org/articles/node_lifecycle.html for more information.
[smoother_server-10] [INFO] [1791205247.785048241] [smoother_server]: Creating smoother server
[velocity_smoother-15] [INFO] [1791205247.786004771] [velocity_smoother]: 
[velocity_smoother-15] 	velocity_smoother lifecycle node launched. 
[velocity_smoother-15] 	Waiting on external lifecycle transitions to activate
[velocity_smoother-15] 	See https://design.ros2.org/articles/node_lifecycle.html for more information.
[lifecycle_manager-16] [INFO] [1791205247.786045372] [lifecycle_manager_navigation]: Creating
[behavior_server-12] [INFO] [1791205247.787316255] [behavior_server]: 
[behavior_server-12] 	behavior_server lifecycle node launched. 
[behavior_server-12] 	Waiting on external lifecycle transitions to activate
[behavior_server-12] 	See https://design.ros2.org/articles/node_lifecycle.html for more information.
[planner_server-11] [INFO] [1791205247.787723353] [planner_server]: 
[planner_server-11] 	planner_server lifecycle node launched. 
[planner_server-11] 	Waiting on external lifecycle transitions to activate
[planner_server-11] 	See https://design.ros2.org/articles/node_lifecycle.html for more information.
[lifecycle_manager-16] [INFO] [1791205247.788371614] [lifecycle_manager_navigation]: [34m[1mCreating and initializing lifecycle service clients[0m[0m
[bt_navigator-13] [INFO] [1791205247.790277576] [bt_navigator]: 
[bt_navigator-13] 	bt_navigator lifecycle node launched. 
[bt_navigator-13] 	Waiting on external lifecycle transitions to activate
[bt_navigator-13] 	See https://design.ros2.org/articles/node_lifecycle.html for more information.
[bt_navigator-13] [INFO] [1791205247.790359472] [bt_navigator]: Creating
[map_server-7] [INFO] [1791205247.790632943] [map_server]: 
[map_server-7] 	map_server lifecycle node launched. 
[map_server-7] 	Waiting on external lifecycle transitions to activate
[map_server-7] 	See https://design.ros2.org/articles/node_lifecycle.html for more information.
[map_server-7] [INFO] [1791205247.790987742] [map_server]: Creating
[planner_server-11] [INFO] [1791205247.791194786] [planner_server]: Creating
[lifecycle_manager-8] [INFO] [1791205247.793432243] [lifecycle_manager_map_server]: [34m[1mStarting managed nodes bringup...[0m[0m
[lifecycle_manager-8] [INFO] [1791205247.793571312] [lifecycle_manager_map_server]: [34m[1mConfiguring map_server[0m[0m
[controller_server-9] [INFO] [1791205247.796418363] [controller_server]: Creating controller server
[planner_server-11] [INFO] [1791205247.802353370] [global_costmap.global_costmap]: 
[planner_server-11] 	global_costmap lifecycle node launched. 
[planner_server-11] 	Waiting on external lifecycle transitions to activate
[planner_server-11] 	See https://design.ros2.org/articles/node_lifecycle.html for more information.
[planner_server-11] [INFO] [1791205247.802823139] [global_costmap.global_costmap]: Creating Costmap
[controller_server-9] [INFO] [1791205247.802970854] [local_costmap.local_costmap]: 
[controller_server-9] 	local_costmap lifecycle node launched. 
[controller_server-9] 	Waiting on external lifecycle transitions to activate
[controller_server-9] 	See https://design.ros2.org/articles/node_lifecycle.html for more information.
[controller_server-9] [INFO] [1791205247.803336271] [local_costmap.local_costmap]: Creating Costmap
[lifecycle_manager-16] [INFO] [1791205247.813006744] [lifecycle_manager_navigation]: [34m[1mStarting managed nodes bringup...[0m[0m
[lifecycle_manager-16] [INFO] [1791205247.813045529] [lifecycle_manager_navigation]: [34m[1mConfiguring controller_server[0m[0m
[controller_server-9] [INFO] [1791205247.813377679] [controller_server]: Configuring controller interface
[controller_server-9] [INFO] [1791205247.813565788] [controller_server]: getting goal checker plugins..
[controller_server-9] [INFO] [1791205247.813588123] [controller_server]: Controller frequency set to 30.0000Hz
[controller_server-9] [INFO] [1791205247.813615319] [local_costmap.local_costmap]: Configuring
[map_server-7] [INFO] [1791205247.815932200] [map_server]: Configuring
[map_server-7] [INFO] [1791205247.815982041] [map_io]: Loading yaml file: /home/nermin/Documents/Thesis/code/Autonomous-Lawn-Mower-Navigation/install/mower_sim/share/mower_sim/maps/empty_map.yaml
[map_server-7] [INFO] [1791205247.816160737] [map_io]: resolution: 0.05
[map_server-7] [INFO] [1791205247.816168639] [map_io]: origin[0]: -50
[map_server-7] [INFO] [1791205247.816172923] [map_io]: origin[1]: -50
[map_server-7] [INFO] [1791205247.816176645] [map_io]: origin[2]: 0
[map_server-7] [INFO] [1791205247.816180715] [map_io]: free_thresh: 0.196
[map_server-7] [INFO] [1791205247.816185074] [map_io]: occupied_thresh: 0.65
[map_server-7] [INFO] [1791205247.816188744] [map_io]: mode: trinary
[map_server-7] [INFO] [1791205247.816191804] [map_io]: negate: 0
[map_server-7] [INFO] [1791205247.816350441] [map_io]: Loading image_file: /home/nermin/Documents/Thesis/code/Autonomous-Lawn-Mower-Navigation/install/mower_sim/share/mower_sim/maps/empty_map.pgm
[controller_server-9] [INFO] [1791205247.816486799] [local_costmap.local_costmap]: Using plugin "static_layer"
[controller_server-9] [INFO] [1791205247.818526914] [local_costmap.local_costmap]: Subscribing to the map topic (/map) with transient local durability
[controller_server-9] [INFO] [1791205247.818862541] [local_costmap.local_costmap]: Initialized plugin "static_layer"
[controller_server-9] [INFO] [1791205247.818877239] [local_costmap.local_costmap]: Using plugin "voxel_layer"
[controller_server-9] [INFO] [1791205247.819188636] [local_costmap.local_costmap]: Subscribed to Topics: scan
[controller_server-9] [INFO] [1791205247.821596062] [local_costmap.local_costmap]: Initialized plugin "voxel_layer"
[controller_server-9] [INFO] [1791205247.821612395] [local_costmap.local_costmap]: Using plugin "inflation_layer"
[controller_server-9] [INFO] [1791205247.822141906] [local_costmap.local_costmap]: Initialized plugin "inflation_layer"
[controller_server-9] [INFO] [1791205247.824610941] [controller_server]: Created progress_checker : progress_checker of type nav2_controller::SimpleProgressChecker
[controller_server-9] [INFO] [1791205247.824986928] [controller_server]: Created goal checker : general_goal_checker of type nav2_controller::SimpleGoalChecker
[controller_server-9] [INFO] [1791205247.825149044] [controller_server]: Controller Server has general_goal_checker  goal checkers available.
[controller_server-9] [INFO] [1791205247.825507594] [controller_server]: Created controller : RPP of type nav2_regulated_pure_pursuit_controller::RegulatedPurePursuitController
[controller_server-9] [INFO] [1791205247.827900594] [controller_server]: Created controller : MPPI of type nav2_mppi_controller::MPPIController
[controller_server-9] [WARN] [1791205247.828780218] [controller_server]: Controller period is less then model dt, consider setting it equal
[controller_server-9] [INFO] [1791205247.829500922] [controller_server]: ConstraintCritic instantiated with 1 power and 4.000000 weight.
[controller_server-9] [INFO] [1791205247.829519362] [controller_server]: Critic loaded : mppi::critics::ConstraintCritic
[controller_server-9] [INFO] [1791205247.829743444] [controller_server]: GoalCritic instantiated with 1 power and 2.000000 weight.
[controller_server-9] [INFO] [1791205247.829756544] [controller_server]: Critic loaded : mppi::critics::GoalCritic
[controller_server-9] [INFO] [1791205247.829955552] [controller_server]: GoalAngleCritic instantiated with 1 power, 1.000000 weight, and 0.300000 angular threshold.
[controller_server-9] [INFO] [1791205247.829966682] [controller_server]: Critic loaded : mppi::critics::GoalAngleCritic
[controller_server-9] [INFO] [1791205247.830379584] [controller_server]: ReferenceTrajectoryCritic instantiated with 1 power and 14.000000 weight
[controller_server-9] [INFO] [1791205247.830392904] [controller_server]: Critic loaded : mppi::critics::PathAlignCritic
[controller_server-9] [INFO] [1791205247.830667242] [controller_server]: Critic loaded : mppi::critics::PathFollowCritic
[controller_server-9] [INFO] [1791205247.831083263] [controller_server]: PathAngleCritic instantiated with 1 power and 2.000000 weight. Reversing allowed.
[controller_server-9] [INFO] [1791205247.831097907] [controller_server]: Critic loaded : mppi::critics::PathAngleCritic
[controller_server-9] [INFO] [1791205247.831624187] [controller_server]: ObstaclesCritic instantiated with 1 power and 20.000000 / 2.000000 weights. Critic will collision check based on footprint cost.
[controller_server-9] [INFO] [1791205247.831639610] [controller_server]: Critic loaded : mppi::critics::ObstaclesCritic
[controller_server-9] [INFO] [1791205247.831863807] [controller_server]: PreferForwardCritic instantiated with 1 power and 1.000000 weight.
[controller_server-9] [INFO] [1791205247.831892996] [controller_server]: Critic loaded : mppi::critics::PreferForwardCritic
[controller_server-9] [INFO] [1791205247.832132649] [controller_server]: VelocityDeadbandCritic instantiated with 1 power, 0.5 weight, deadband_velocity [0.02,0,0.02]
[controller_server-9] [INFO] [1791205247.832144166] [controller_server]: Critic loaded : mppi::critics::VelocityDeadbandCritic
[controller_server-9] [INFO] [1791205247.832317274] [controller_server]: TwirlingCritic instantiated with 1 power and 1.000000 weight.
[controller_server-9] [INFO] [1791205247.832326968] [controller_server]: Critic loaded : mppi::critics::TwirlingCritic
[controller_server-9] [INFO] [1791205247.833615166] [controller_server]: Optimizer reset
[controller_server-9] [INFO] [1791205247.834552837] [MPPIController]: Configured MPPI Controller: MPPI
[controller_server-9] [INFO] [1791205247.835426242] [controller_server]: Created controller : DWB of type dwb_core::DWBLocalPlanner
[controller_server-9] [INFO] [1791205247.835937223] [controller_server]: Setting transform_tolerance to 0.200000
[controller_server-9] [INFO] [1791205247.839216700] [controller_server]: Using critic "RotateToGoal" (dwb_critics::RotateToGoalCritic)
[controller_server-9] [INFO] [1791205247.839519934] [controller_server]: Critic plugin initialized
[controller_server-9] [INFO] [1791205247.839597577] [controller_server]: Using critic "BaseObstacle" (dwb_critics::BaseObstacleCritic)
[controller_server-9] [INFO] [1791205247.839704494] [controller_server]: Critic plugin initialized
[controller_server-9] [INFO] [1791205247.839783447] [controller_server]: Using critic "PathAlign" (dwb_critics::PathAlignCritic)
[controller_server-9] [INFO] [1791205247.840002195] [controller_server]: Critic plugin initialized
[controller_server-9] [INFO] [1791205247.840076124] [controller_server]: Using critic "PathDist" (dwb_critics::PathDistCritic)
[controller_server-9] [INFO] [1791205247.840205545] [controller_server]: Critic plugin initialized
[controller_server-9] [INFO] [1791205247.840289420] [controller_server]: Using critic "GoalDist" (dwb_critics::GoalDistCritic)
[controller_server-9] [INFO] [1791205247.840447392] [controller_server]: Critic plugin initialized
[controller_server-9] [INFO] [1791205247.840461390] [controller_server]: Controller Server has RPP MPPI DWB  controllers available.
[lifecycle_manager-16] [INFO] [1791205247.842422982] [lifecycle_manager_navigation]: [34m[1mConfiguring smoother_server[0m[0m
[smoother_server-10] [INFO] [1791205247.842540640] [smoother_server]: Configuring smoother server
[smoother_server-10] [INFO] [1791205247.845504842] [smoother_server]: Created smoother : simple_smoother of type nav2_smoother::SimpleSmoother
[smoother_server-10] [INFO] [1791205247.845811325] [smoother_server]: Smoother Server has simple_smoother  smoothers available.
[lifecycle_manager-16] [INFO] [1791205247.847353356] [lifecycle_manager_navigation]: [34m[1mConfiguring planner_server[0m[0m
[planner_server-11] [INFO] [1791205247.847476447] [planner_server]: Configuring
[planner_server-11] [INFO] [1791205247.847504193] [global_costmap.global_costmap]: Configuring
[planner_server-11] [INFO] [1791205247.849330346] [global_costmap.global_costmap]: Using plugin "static_layer"
[planner_server-11] [INFO] [1791205247.851469765] [global_costmap.global_costmap]: Subscribing to the map topic (/map) with transient local durability
[planner_server-11] [INFO] [1791205247.851818238] [global_costmap.global_costmap]: Initialized plugin "static_layer"
[planner_server-11] [INFO] [1791205247.851831493] [global_costmap.global_costmap]: Using plugin "obstacle_layer"
[planner_server-11] [INFO] [1791205247.852091812] [global_costmap.global_costmap]: Subscribed to Topics: scan
[planner_server-11] [INFO] [1791205247.853300994] [global_costmap.global_costmap]: Initialized plugin "obstacle_layer"
[planner_server-11] [INFO] [1791205247.853319027] [global_costmap.global_costmap]: Using plugin "inflation_layer"
[planner_server-11] [INFO] [1791205247.853793874] [global_costmap.global_costmap]: Initialized plugin "inflation_layer"
[planner_server-11] [INFO] [1791205247.856363991] [planner_server]: Created global planner plugin GridBased of type nav2_navfn_planner/NavfnPlanner
[planner_server-11] [INFO] [1791205247.856382919] [planner_server]: Configuring plugin GridBased of type NavfnPlanner
[planner_server-11] [INFO] [1791205247.856644107] [planner_server]: Planner Server has GridBased  planners available.
[lifecycle_manager-16] [INFO] [1791205247.859285793] [lifecycle_manager_navigation]: [34m[1mConfiguring behavior_server[0m[0m
[behavior_server-12] [INFO] [1791205247.859430541] [behavior_server]: Configuring
[behavior_server-12] [INFO] [1791205247.862246740] [behavior_server]: Creating behavior plugin spin of type nav2_behaviors/Spin
[behavior_server-12] [INFO] [1791205247.862647957] [behavior_server]: Configuring spin
[behavior_server-12] [INFO] [1791205247.864167041] [behavior_server]: Creating behavior plugin backup of type nav2_behaviors/BackUp
[behavior_server-12] [INFO] [1791205247.864555901] [behavior_server]: Configuring backup
[behavior_server-12] [INFO] [1791205247.865739109] [behavior_server]: Creating behavior plugin drive_on_heading of type nav2_behaviors/DriveOnHeading
[behavior_server-12] [INFO] [1791205247.866154285] [behavior_server]: Configuring drive_on_heading
[behavior_server-12] [INFO] [1791205247.867336925] [behavior_server]: Creating behavior plugin assisted_teleop of type nav2_behaviors/AssistedTeleop
[behavior_server-12] [INFO] [1791205247.868234399] [behavior_server]: Configuring assisted_teleop
[behavior_server-12] [INFO] [1791205247.869987226] [behavior_server]: Creating behavior plugin wait of type nav2_behaviors/Wait
[behavior_server-12] [INFO] [1791205247.870355765] [behavior_server]: Configuring wait
[lifecycle_manager-16] [INFO] [1791205247.871743277] [lifecycle_manager_navigation]: [34m[1mConfiguring bt_navigator[0m[0m
[bt_navigator-13] [INFO] [1791205247.871890708] [bt_navigator]: Configuring
[lifecycle_manager-16] [INFO] [1791205247.899066707] [lifecycle_manager_navigation]: [34m[1mConfiguring waypoint_follower[0m[0m
[waypoint_follower-14] [INFO] [1791205247.899188398] [waypoint_follower]: Configuring
[waypoint_follower-14] [INFO] [1791205247.902387972] [waypoint_follower]: Created waypoint_task_executor : wait_at_waypoint of type nav2_waypoint_follower::WaitAtWaypoint
[lifecycle_manager-16] [INFO] [1791205247.902776286] [lifecycle_manager_navigation]: [34m[1mConfiguring velocity_smoother[0m[0m
[velocity_smoother-15] [INFO] [1791205247.902903384] [velocity_smoother]: Configuring velocity smoother
[lifecycle_manager-16] [INFO] [1791205247.904346122] [lifecycle_manager_navigation]: [34m[1mActivating controller_server[0m[0m
[controller_server-9] [INFO] [1791205247.904441750] [controller_server]: Activating
[controller_server-9] [INFO] [1791205247.904472305] [local_costmap.local_costmap]: Activating
[controller_server-9] [INFO] [1791205247.904482241] [local_costmap.local_costmap]: Checking transform
[controller_server-9] [INFO] [1791205247.904571501] [local_costmap.local_costmap]: start
[map_server-7] [INFO] [1791205248.080026808] [map_io]: Read map /home/nermin/Documents/Thesis/code/Autonomous-Lawn-Mower-Navigation/install/mower_sim/share/mower_sim/maps/empty_map.pgm: 2000 X 2000 map @ 0.05 m/cell
[lifecycle_manager-8] [INFO] [1791205248.086079362] [lifecycle_manager_map_server]: [34m[1mActivating map_server[0m[0m
[map_server-7] [INFO] [1791205248.086155124] [map_server]: Activating
[map_server-7] [INFO] [1791205248.090421732] [map_server]: Creating bond (map_server) to lifecycle manager.
[controller_server-9] [INFO] [1791205248.094273212] [local_costmap.local_costmap]: StaticLayer: Resizing static layer to 2000 X 2000 at 0.050000 m/pix
[planner_server-11] [INFO] [1791205248.094314165] [global_costmap.global_costmap]: StaticLayer: Resizing costmap to 2000 X 2000 at 0.050000 m/pix
[controller_server-9] [WARN] [1791205248.154938393] [controller_server]: Parameter controller_server.verbose not found
[controller_server-9] [INFO] [1791205248.155609792] [controller_server]: Optimizer reset
[controller_server-9] [INFO] [1791205248.155715871] [MPPIController]: Activated MPPI Controller: MPPI
[controller_server-9] [INFO] [1791205248.155727347] [controller_server]: Activating controller: RPP of type regulated_pure_pursuit_controller::RegulatedPurePursuitController
[controller_server-9] [INFO] [1791205248.155778167] [controller_server]: Creating bond (controller_server) to lifecycle manager.
[lifecycle_manager-8] [INFO] [1791205248.192116805] [lifecycle_manager_map_server]: Server map_server connected with bond.
[lifecycle_manager-8] [INFO] [1791205248.192153922] [lifecycle_manager_map_server]: [34m[1mManaged nodes are active[0m[0m
[lifecycle_manager-8] [INFO] [1791205248.192168426] [lifecycle_manager_map_server]: [34m[1mCreating bond timer...[0m[0m
[lifecycle_manager-16] [INFO] [1791205248.257434316] [lifecycle_manager_navigation]: Server controller_server connected with bond.
[lifecycle_manager-16] [INFO] [1791205248.257470952] [lifecycle_manager_navigation]: [34m[1mActivating smoother_server[0m[0m
[smoother_server-10] [INFO] [1791205248.257623264] [smoother_server]: Activating
[smoother_server-10] [INFO] [1791205248.257653986] [smoother_server]: Creating bond (smoother_server) to lifecycle manager.
[lifecycle_manager-16] [INFO] [1791205248.358932463] [lifecycle_manager_navigation]: Server smoother_server connected with bond.
[lifecycle_manager-16] [INFO] [1791205248.358977172] [lifecycle_manager_navigation]: [34m[1mActivating planner_server[0m[0m
[planner_server-11] [INFO] [1791205248.359122487] [planner_server]: Activating
[planner_server-11] [INFO] [1791205248.359162617] [global_costmap.global_costmap]: Activating
[planner_server-11] [INFO] [1791205248.359171697] [global_costmap.global_costmap]: Checking transform
[planner_server-11] [INFO] [1791205248.359242692] [global_costmap.global_costmap]: start
[planner_server-11] [INFO] [1791205249.409660687] [planner_server]: Activating plugin GridBased of type NavfnPlanner
[planner_server-11] [INFO] [1791205249.410124469] [planner_server]: Creating bond (planner_server) to lifecycle manager.
[lifecycle_manager-16] [INFO] [1791205249.511433974] [lifecycle_manager_navigation]: Server planner_server connected with bond.
[lifecycle_manager-16] [INFO] [1791205249.511468283] [lifecycle_manager_navigation]: [34m[1mActivating behavior_server[0m[0m
[behavior_server-12] [INFO] [1791205249.511626321] [behavior_server]: Activating
[behavior_server-12] [INFO] [1791205249.511650722] [behavior_server]: Activating spin
[behavior_server-12] [INFO] [1791205249.511660493] [behavior_server]: Activating backup
[behavior_server-12] [INFO] [1791205249.511668183] [behavior_server]: Activating drive_on_heading
[behavior_server-12] [INFO] [1791205249.511675570] [behavior_server]: Activating assisted_teleop
[behavior_server-12] [INFO] [1791205249.511682904] [behavior_server]: Activating wait
[behavior_server-12] [INFO] [1791205249.511692387] [behavior_server]: Creating bond (behavior_server) to lifecycle manager.
[lifecycle_manager-16] [INFO] [1791205249.612989125] [lifecycle_manager_navigation]: Server behavior_server connected with bond.
[lifecycle_manager-16] [INFO] [1791205249.613037286] [lifecycle_manager_navigation]: [34m[1mActivating bt_navigator[0m[0m
[bt_navigator-13] [INFO] [1791205249.613170985] [bt_navigator]: Activating
[bt_navigator-13] [INFO] [1791205249.625866254] [bt_navigator]: Creating bond (bt_navigator) to lifecycle manager.
[lifecycle_manager-16] [INFO] [1791205249.727153553] [lifecycle_manager_navigation]: Server bt_navigator connected with bond.
[lifecycle_manager-16] [INFO] [1791205249.727187552] [lifecycle_manager_navigation]: [34m[1mActivating waypoint_follower[0m[0m
[waypoint_follower-14] [INFO] [1791205249.727353372] [waypoint_follower]: Activating
[waypoint_follower-14] [INFO] [1791205249.727383699] [waypoint_follower]: Creating bond (waypoint_follower) to lifecycle manager.
[lifecycle_manager-16] [INFO] [1791205249.828805163] [lifecycle_manager_navigation]: Server waypoint_follower connected with bond.
[lifecycle_manager-16] [INFO] [1791205249.828836619] [lifecycle_manager_navigation]: [34m[1mActivating velocity_smoother[0m[0m
[velocity_smoother-15] [INFO] [1791205249.828994837] [velocity_smoother]: Activating
[velocity_smoother-15] [INFO] [1791205249.829044659] [velocity_smoother]: Creating bond (velocity_smoother) to lifecycle manager.
[lifecycle_manager-16] [INFO] [1791205249.930500949] [lifecycle_manager_navigation]: Server velocity_smoother connected with bond.
[lifecycle_manager-16] [INFO] [1791205249.930537034] [lifecycle_manager_navigation]: [34m[1mManaged nodes are active[0m[0m
[lifecycle_manager-16] [INFO] [1791205249.930548838] [lifecycle_manager_navigation]: [34m[1mCreating bond timer...[0m[0m
[controller_server-9] [INFO] [1791205250.819634315] [controller_server]: Received a goal, begin computing control effort.
[robot_trail_publisher-5] [INFO] [1791205250.820360266] [robot_trail_publisher]: New run, trail cleared
[coverage_monitor-6] [INFO] [1791205250.987743235] [coverage_monitor]: New coverage path, field rebuilt
[controller_server-9] [INFO] [1791205255.886457733] [controller_server]: Passing new path to controller.
[controller_server-9] [INFO] [1791205255.887274344] [controller_server]: Optimizer reset
[controller_server-9] [INFO] [1791205261.753123358] [controller_server]: Passing new path to controller.
[controller_server-9] [INFO] [1791205265.753122287] [controller_server]: Passing new path to controller.
[controller_server-9] [INFO] [1791205265.753713900] [controller_server]: Optimizer reset
[controller_server-9] [INFO] [1791205273.253125647] [controller_server]: Passing new path to controller.
[controller_server-9] [INFO] [1791205277.553271854] [controller_server]: Reached the goal!
[WARNING] [launch]: user interrupted with ctrl-c (SIGINT)
[lifecycle_manager-16] [INFO] [1791205277.929355634] [rclcpp]: signal_handler(SIGINT/SIGTERM)
[lifecycle_manager-16] [INFO] [1791205277.929438301] [lifecycle_manager_navigation]: Running Nav2 LifecycleManager rcl preshutdown (lifecycle_manager_navigation)
[lifecycle_manager-16] [INFO] [1791205277.929476213] [lifecycle_manager_navigation]: [34m[1mTerminating bond timer...[0m[0m
[bt_navigator-13] [INFO] [1791205277.929368979] [rclcpp]: signal_handler(SIGINT/SIGTERM)
[bt_navigator-13] [INFO] [1791205277.929438262] [bt_navigator]: Running Nav2 LifecycleNode rcl preshutdown (bt_navigator)
[bt_navigator-13] [INFO] [1791205277.929506515] [bt_navigator]: Deactivating
[bt_navigator-13] [INFO] [1791205277.929529744] [bt_navigator]: Destroying bond (bt_navigator) to lifecycle manager.
[planner_server-11] [INFO] [1791205277.929369272] [rclcpp]: signal_handler(SIGINT/SIGTERM)
[planner_server-11] [INFO] [1791205277.929440385] [planner_server]: Running Nav2 LifecycleNode rcl preshutdown (planner_server)
[planner_server-11] [INFO] [1791205277.929506307] [planner_server]: Deactivating
[planner_server-11] [INFO] [1791205277.929537880] [global_costmap.global_costmap]: Deactivating
[smoother_server-10] [INFO] [1791205277.929369589] [rclcpp]: signal_handler(SIGINT/SIGTERM)
[smoother_server-10] [INFO] [1791205277.929444300] [smoother_server]: Running Nav2 LifecycleNode rcl preshutdown (smoother_server)
[smoother_server-10] [INFO] [1791205277.929506232] [smoother_server]: Deactivating
[smoother_server-10] [INFO] [1791205277.929528817] [smoother_server]: Destroying bond (smoother_server) to lifecycle manager.
[velocity_smoother-15] [INFO] [1791205277.929366587] [rclcpp]: signal_handler(SIGINT/SIGTERM)
[velocity_smoother-15] [INFO] [1791205277.929486259] [velocity_smoother]: Running Nav2 LifecycleNode rcl preshutdown (velocity_smoother)
[velocity_smoother-15] [INFO] [1791205277.929558185] [velocity_smoother]: Deactivating
[velocity_smoother-15] [INFO] [1791205277.929579633] [velocity_smoother]: Destroying bond (velocity_smoother) to lifecycle manager.
[behavior_server-12] [INFO] [1791205277.929376939] [rclcpp]: signal_handler(SIGINT/SIGTERM)
[behavior_server-12] [INFO] [1791205277.929438519] [behavior_server]: Running Nav2 LifecycleNode rcl preshutdown (behavior_server)
[behavior_server-12] [INFO] [1791205277.929508222] [behavior_server]: Deactivating
[behavior_server-12] [INFO] [1791205277.929544613] [behavior_server]: Destroying bond (behavior_server) to lifecycle manager.
[robot_state_publisher-2] [INFO] [1791205277.929374450] [rclcpp]: signal_handler(SIGINT/SIGTERM)
[waypoint_follower-14] [INFO] [1791205277.929361957] [rclcpp]: signal_handler(SIGINT/SIGTERM)
[waypoint_follower-14] [INFO] [1791205277.929479806] [waypoint_follower]: Running Nav2 LifecycleNode rcl preshutdown (waypoint_follower)
[waypoint_follower-14] [INFO] [1791205277.929544928] [waypoint_follower]: Deactivating
[waypoint_follower-14] [INFO] [1791205277.929564491] [waypoint_follower]: Destroying bond (waypoint_follower) to lifecycle manager.
[map_server-7] [INFO] [1791205277.929384633] [rclcpp]: signal_handler(SIGINT/SIGTERM)
[map_server-7] [INFO] [1791205277.929475084] [map_server]: Running Nav2 LifecycleNode rcl preshutdown (map_server)
[map_server-7] [INFO] [1791205277.929545926] [map_server]: Deactivating
[map_server-7] [INFO] [1791205277.929562705] [map_server]: Destroying bond (map_server) to lifecycle manager.
[INFO] [lifecycle_manager-16]: sending signal 'SIGINT' to process[lifecycle_manager-16]
[INFO] [velocity_smoother-15]: sending signal 'SIGINT' to process[velocity_smoother-15]
[INFO] [waypoint_follower-14]: sending signal 'SIGINT' to process[waypoint_follower-14]
[INFO] [bt_navigator-13]: sending signal 'SIGINT' to process[bt_navigator-13]
[INFO] [behavior_server-12]: sending signal 'SIGINT' to process[behavior_server-12]
[INFO] [planner_server-11]: sending signal 'SIGINT' to process[planner_server-11]
[INFO] [smoother_server-10]: sending signal 'SIGINT' to process[smoother_server-10]
[INFO] [controller_server-9]: sending signal 'SIGINT' to process[controller_server-9]
[INFO] [lifecycle_manager-8]: sending signal 'SIGINT' to process[lifecycle_manager-8]
[INFO] [map_server-7]: sending signal 'SIGINT' to process[map_server-7]
[INFO] [coverage_monitor-6]: sending signal 'SIGINT' to process[coverage_monitor-6]
[INFO] [robot_trail_publisher-5]: sending signal 'SIGINT' to process[robot_trail_publisher-5]
[INFO] [ground_truth_tf_publisher-4]: sending signal 'SIGINT' to process[ground_truth_tf_publisher-4]
[INFO] [robot_state_publisher-2]: sending signal 'SIGINT' to process[robot_state_publisher-2]
[INFO] [gzserver-1]: sending signal 'SIGINT' to process[gzserver-1]
[lifecycle_manager-8] [INFO] [1791205277.929668895] [rclcpp]: signal_handler(SIGINT/SIGTERM)
[lifecycle_manager-8] [INFO] [1791205277.929722450] [lifecycle_manager_map_server]: Running Nav2 LifecycleManager rcl preshutdown (lifecycle_manager_map_server)
[lifecycle_manager-8] [INFO] [1791205277.929759910] [lifecycle_manager_map_server]: [34m[1mTerminating bond timer...[0m[0m
[controller_server-9] [INFO] [1791205277.929793768] [rclcpp]: signal_handler(SIGINT/SIGTERM)
[controller_server-9] [INFO] [1791205277.929826879] [controller_server]: Running Nav2 LifecycleNode rcl preshutdown (controller_server)
[controller_server-9] [INFO] [1791205277.929879256] [controller_server]: Deactivating
[controller_server-9] [INFO] [1791205277.929912023] [MPPIController]: Deactivated MPPI Controller: MPPI
[controller_server-9] [INFO] [1791205277.929917954] [controller_server]: Deactivating controller: RPP of type regulated_pure_pursuit_controller::RegulatedPurePursuitController
[controller_server-9] [INFO] [1791205277.929941294] [local_costmap.local_costmap]: Deactivating
[smoother_server-10] [INFO] [1791205277.939776400] [smoother_server]: Cleaning up
[behavior_server-12] [INFO] [1791205277.939774419] [behavior_server]: Cleaning up
[map_server-7] [INFO] [1791205277.939777397] [map_server]: Cleaning up
[map_server-7] [INFO] [1791205277.940002874] [map_server]: Destroying bond (map_server) to lifecycle manager.
[bt_navigator-13] [INFO] [1791205277.939777954] [bt_navigator]: Cleaning up
[waypoint_follower-14] [INFO] [1791205277.939779569] [waypoint_follower]: Cleaning up
[velocity_smoother-15] [INFO] [1791205277.939791640] [velocity_smoother]: Cleaning up
[velocity_smoother-15] [INFO] [1791205277.939834469] [velocity_smoother]: Destroying bond (velocity_smoother) to lifecycle manager.
[velocity_smoother-15] [INFO] [1791205277.940492123] [rclcpp]: signal_handler(SIGINT/SIGTERM)
[behavior_server-12] [INFO] [1791205277.943965749] [behavior_server]: Destroying bond (behavior_server) to lifecycle manager.
[behavior_server-12] [INFO] [1791205277.944907334] [rclcpp]: signal_handler(SIGINT/SIGTERM)
[waypoint_follower-14] [INFO] [1791205277.947788680] [waypoint_follower]: Destroying bond (waypoint_follower) to lifecycle manager.
[lifecycle_manager-8] [INFO] [1791205277.948418977] [rclcpp]: signal_handler(SIGINT/SIGTERM)
[waypoint_follower-14] [INFO] [1791205277.948875691] [rclcpp]: signal_handler(SIGINT/SIGTERM)
[map_server-7] [INFO] [1791205277.949691710] [rclcpp]: signal_handler(SIGINT/SIGTERM)
[robot_state_publisher-2] [INFO] [1791205277.954777534] [rclcpp]: signal_handler(SIGINT/SIGTERM)
[smoother_server-10] [INFO] [1791205277.955097317] [smoother_server]: Destroying bond (smoother_server) to lifecycle manager.
[smoother_server-10] [INFO] [1791205277.955680171] [rclcpp]: signal_handler(SIGINT/SIGTERM)
[ground_truth_tf_publisher-4] Traceback (most recent call last):
[ground_truth_tf_publisher-4]   File "/home/nermin/Documents/Thesis/code/Autonomous-Lawn-Mower-Navigation/install/mower_sim/lib/mower_sim/ground_truth_tf_publisher", line 33, in <module>
[ground_truth_tf_publisher-4]     sys.exit(load_entry_point('mower-sim==0.0.0', 'console_scripts', 'ground_truth_tf_publisher')())
[ground_truth_tf_publisher-4]   File "/home/nermin/Documents/Thesis/code/Autonomous-Lawn-Mower-Navigation/install/mower_sim/lib/python3.10/site-packages/mower_sim/ground_truth_tf_publisher.py", line 169, in main
[ground_truth_tf_publisher-4]     node.destroy_node()
[ground_truth_tf_publisher-4]   File "/opt/ros/humble/local/lib/python3.10/dist-packages/rclpy/node.py", line 1685, in destroy_node
[ground_truth_tf_publisher-4]     self.destroy_publisher(self._publishers[0])
[ground_truth_tf_publisher-4]   File "/opt/ros/humble/local/lib/python3.10/dist-packages/rclpy/node.py", line 1565, in destroy_publisher
[ground_truth_tf_publisher-4]     publisher.destroy()
[ground_truth_tf_publisher-4]   File "/opt/ros/humble/local/lib/python3.10/dist-packages/rclpy/publisher.py", line 99, in destroy
[ground_truth_tf_publisher-4]     self.__publisher.destroy_when_not_in_use()
[ground_truth_tf_publisher-4] KeyboardInterrupt
[velocity_smoother-15] [INFO] [1791205278.050512581] [velocity_smoother]: Destroying
[smoother_server-10] [INFO] [1791205278.059764362] [smoother_server]: Destroying
[bt_navigator-13] [INFO] [1791205278.085379479] [bt_navigator]: Completed Cleaning up
[bt_navigator-13] [INFO] [1791205278.085425152] [bt_navigator]: Destroying bond (bt_navigator) to lifecycle manager.
[bt_navigator-13] [INFO] [1791205278.086369856] [rclcpp]: signal_handler(SIGINT/SIGTERM)
[map_server-7] [INFO] [1791205278.092503747] [map_server]: Destroying
[lifecycle_manager-8] [INFO] [1791205278.093453643] [lifecycle_manager_map_server]: Destroying lifecycle_manager_map_server
[bt_navigator-13] [INFO] [1791205278.095018019] [bt_navigator]: Destroying
[controller_server-9] [INFO] [1791205278.104761728] [controller_server]: Destroying bond (controller_server) to lifecycle manager.
[behavior_server-12] [INFO] [1791205278.113759539] [behavior_server]: Destroying
[controller_server-9] [INFO] [1791205278.114981530] [controller_server]: Cleaning up
[controller_server-9] [INFO] [1791205278.115053196] [MPPIController]: Cleaned up MPPI Controller: MPPI
[controller_server-9] [INFO] [1791205278.115057224] [controller_server]: Cleaning up controller: RPP of type regulated_pure_pursuit_controller::RegulatedPurePursuitController
[controller_server-9] [INFO] [1791205278.115144442] [local_costmap.local_costmap]: Cleaning up
[waypoint_follower-14] [INFO] [1791205278.129540264] [waypoint_follower]: Destroying
[coverage_monitor-6] Traceback (most recent call last):
[coverage_monitor-6]   File "/home/nermin/Documents/Thesis/code/Autonomous-Lawn-Mower-Navigation/install/mower_sim/lib/mower_sim/coverage_monitor", line 33, in <module>
[coverage_monitor-6]     sys.exit(load_entry_point('mower-sim==0.0.0', 'console_scripts', 'coverage_monitor')())
[coverage_monitor-6]   File "/home/nermin/Documents/Thesis/code/Autonomous-Lawn-Mower-Navigation/install/mower_sim/lib/python3.10/site-packages/mower_sim/coverage_monitor.py", line 153, in main
[coverage_monitor-6]     node.destroy_node()
[coverage_monitor-6]   File "/opt/ros/humble/local/lib/python3.10/dist-packages/rclpy/node.py", line 1696, in destroy_node
[coverage_monitor-6]     self.__node.destroy_when_not_in_use()
[coverage_monitor-6] KeyboardInterrupt
[robot_trail_publisher-5] Traceback (most recent call last):
[robot_trail_publisher-5]   File "/home/nermin/Documents/Thesis/code/Autonomous-Lawn-Mower-Navigation/install/mower_sim/lib/mower_sim/robot_trail_publisher", line 33, in <module>
[robot_trail_publisher-5]     sys.exit(load_entry_point('mower-sim==0.0.0', 'console_scripts', 'robot_trail_publisher')())
[robot_trail_publisher-5]   File "/home/nermin/Documents/Thesis/code/Autonomous-Lawn-Mower-Navigation/install/mower_sim/lib/python3.10/site-packages/mower_sim/robot_trail_publisher.py", line 98, in main
[robot_trail_publisher-5]     node.destroy_node()
[robot_trail_publisher-5]   File "/opt/ros/humble/local/lib/python3.10/dist-packages/rclpy/node.py", line 1696, in destroy_node
[INFO] [robot_state_publisher-2]: process has finished cleanly [pid 215551]
[robot_trail_publisher-5]     self.__node.destroy_when_not_in_use()
[robot_trail_publisher-5] KeyboardInterrupt
[controller_server-9] [INFO] [1791205278.146911387] [controller_server]: Destroying bond (controller_server) to lifecycle manager.
[controller_server-9] [INFO] [1791205278.149134275] [rclcpp]: signal_handler(SIGINT/SIGTERM)
[lifecycle_manager-16] [INFO] [1791205278.154167128] [rclcpp]: signal_handler(SIGINT/SIGTERM)
[ERROR] [robot_trail_publisher-5]: process has died [pid 215557, exit code -2, cmd '/home/nermin/Documents/Thesis/code/Autonomous-Lawn-Mower-Navigation/install/mower_sim/lib/mower_sim/robot_trail_publisher --ros-args --params-file /tmp/launch_params_6d93zaov'].
[ERROR] [coverage_monitor-6]: process has died [pid 215559, exit code -2, cmd '/home/nermin/Documents/Thesis/code/Autonomous-Lawn-Mower-Navigation/install/mower_sim/lib/mower_sim/coverage_monitor --ros-args --params-file /tmp/launch_params_mr5gvdod'].
[INFO] [lifecycle_manager-8]: process has finished cleanly [pid 215917]
[INFO] [velocity_smoother-15]: process has finished cleanly [pid 215931]
[INFO] [smoother_server-10]: process has finished cleanly [pid 215921]
[INFO] [map_server-7]: process has finished cleanly [pid 215915]
[INFO] [bt_navigator-13]: process has finished cleanly [pid 215927]
[controller_server-9] [INFO] [1791205278.257957686] [local_costmap.local_costmap]: Destroying
[ERROR] [ground_truth_tf_publisher-4]: process has died [pid 215555, exit code -2, cmd '/home/nermin/Documents/Thesis/code/Autonomous-Lawn-Mower-Navigation/install/mower_sim/lib/mower_sim/ground_truth_tf_publisher --ros-args --params-file /tmp/launch_params_deggu20e'].
[controller_server-9] [INFO] [1791205278.279107059] [controller_server]: Destroying
[lifecycle_manager-16] [INFO] [1791205278.298586937] [lifecycle_manager_navigation]: Destroying lifecycle_manager_navigation
[INFO] [waypoint_follower-14]: process has finished cleanly [pid 215929]
[INFO] [behavior_server-12]: process has finished cleanly [pid 215925]
[planner_server-11] [INFO] [1791205278.359424405] [planner_server]: Deactivating plugin GridBased of type NavfnPlanner
[planner_server-11] [INFO] [1791205278.359467638] [planner_server]: Destroying bond (planner_server) to lifecycle manager.
[INFO] [gzserver-1]: process has finished cleanly [pid 215549]
[gzserver-1] [0m[1;32m[0m[1;32m[0m[1;36m[0m[1;32m[0m
[gzserver-1] [1;33m[0m[1;31m[0m
[planner_server-11] [INFO] [1791205278.369635387] [planner_server]: Cleaning up
[planner_server-11] [INFO] [1791205278.376861735] [global_costmap.global_costmap]: Cleaning up
[planner_server-11] [INFO] [1791205278.378159462] [planner_server]: Cleaning up plugin GridBased of type NavfnPlanner
[planner_server-11] [INFO] [1791205278.378257355] [planner_server]: Destroying plugin GridBased of type NavfnPlanner
[planner_server-11] [INFO] [1791205278.388032117] [planner_server]: Destroying bond (planner_server) to lifecycle manager.
[planner_server-11] [INFO] [1791205278.390210423] [rclcpp]: signal_handler(SIGINT/SIGTERM)
[planner_server-11] [INFO] [1791205278.391387613] [global_costmap.global_costmap]: Destroying
[planner_server-11] [INFO] [1791205278.409096476] [planner_server]: Destroying
[INFO] [controller_server-9]: process has finished cleanly [pid 215919]
[INFO] [lifecycle_manager-16]: process has finished cleanly [pid 215933]
[INFO] [planner_server-11]: process has finished cleanly [pid 215923]
