[INFO] [launch]: All log files can be found below /home/nermin/.ros/log/2026-10-05-15-03-51-188080-Nermin-218667
[INFO] [launch]: Default logging verbosity is set to INFO

[mower_sim] Controller: SWITCHING
[mower_sim] Odometry: ground_truth
[mower_sim] Params: /home/nermin/Documents/Thesis/code/Autonomous-Lawn-Mower-Navigation/install/mower_sim/share/mower_sim/config/nav2_switching.yaml

[INFO] [gzserver-1]: process started with pid [218685]
[INFO] [robot_state_publisher-2]: process started with pid [218687]
[INFO] [spawn_entity.py-3]: process started with pid [218689]
[INFO] [ground_truth_tf_publisher-4]: process started with pid [218691]
[INFO] [robot_trail_publisher-5]: process started with pid [218693]
[INFO] [coverage_monitor-6]: process started with pid [218695]
[robot_state_publisher-2] [INFO] [1791205431.305979300] [robot_state_publisher]: got segment base_footprint
[robot_state_publisher-2] [INFO] [1791205431.306034636] [robot_state_publisher]: got segment base_link
[robot_state_publisher-2] [INFO] [1791205431.306040679] [robot_state_publisher]: got segment base_scan
[robot_state_publisher-2] [INFO] [1791205431.306044492] [robot_state_publisher]: got segment front_left_caster
[robot_state_publisher-2] [INFO] [1791205431.306048437] [robot_state_publisher]: got segment front_right_caster
[robot_state_publisher-2] [INFO] [1791205431.306052179] [robot_state_publisher]: got segment left_wheel
[robot_state_publisher-2] [INFO] [1791205431.306055891] [robot_state_publisher]: got segment right_wheel
[gzserver-1] Gazebo multi-robot simulator, version 11.10.2
[gzserver-1] Copyright (C) 2012 Open Source Robotics Foundation.
[gzserver-1] Released under the Apache 2 License.
[gzserver-1] http://gazebosim.org
[gzserver-1] 
[coverage_monitor-6] [INFO] [1791205431.737107897] [coverage_monitor]: Coverage monitor: field from /coverage_path
[robot_trail_publisher-5] [INFO] [1791205431.743410823] [robot_trail_publisher]: Robot trail: /ground_truth/pose on /robot_trail
[spawn_entity.py-3] [INFO] [1791205431.755358772] [spawn_entity]: Spawn Entity started
[spawn_entity.py-3] [INFO] [1791205431.755630339] [spawn_entity]: Loading entity published on topic robot_description
[spawn_entity.py-3] [INFO] [1791205431.756706389] [spawn_entity]: Waiting for entity xml on robot_description
[spawn_entity.py-3] [INFO] [1791205431.758299852] [spawn_entity]: Waiting for service /spawn_entity, timeout = 120
[spawn_entity.py-3] [INFO] [1791205431.758530454] [spawn_entity]: Waiting for service /spawn_entity
[ground_truth_tf_publisher-4] [INFO] [1791205431.765060956] [ground_truth_tf_publisher]: Ground truth TF publisher started for "mower": map -> odom (ground truth correction)
[gzserver-1] [1;33m[Wrn] [gazebo_ros_init.cpp:178] [0m[1;33m
[gzserver-1] #     # ####### ####### ###  #####  #######
[gzserver-1] ##    # #     #    #     #  #     # #
[gzserver-1] # #   # #     #    #     #  #       #
[gzserver-1] #  #  # #     #    #     #  #       #####
[gzserver-1] #   # # #     #    #     #  #       #
[gzserver-1] #    ## #     #    #     #  #     # #
[gzserver-1] #     # #######    #    ###  #####  #######
[gzserver-1] 
[gzserver-1] This version of Gazebo, now called Gazebo classic, reaches end-of-life
[gzserver-1] in January 2025. Users are highly encouraged to migrate to the new Gazebo
[gzserver-1] using our migration guides (https://gazebosim.org/docs/latest/gazebo_classic_migration?utm_source=gazebo_ros_pkgs&utm_medium=cli)
[gzserver-1] 
[gzserver-1] [0m[1;33m
[gzserver-1] [0m[1;33m[0m[1;33m[0m[INFO] [1791205432.079201592] [gazebo.gazebo_ros_state]: Publishing states of gazebo models at [/gazebo/model_states]
[gzserver-1] [INFO] [1791205432.079542650] [gazebo.gazebo_ros_state]: Publishing states of gazebo links at [/gazebo/link_states]
[spawn_entity.py-3] [INFO] [1791205432.261253663] [spawn_entity]: Calling service /spawn_entity
[spawn_entity.py-3] [INFO] [1791205432.543355993] [spawn_entity]: Spawn status: SpawnEntity: Successfully spawned entity [mower]
[gzserver-1] [INFO] [1791205432.652749945] [diff_drive]: Wheel pair 1 separation set to [0.700000m]
[gzserver-1] [INFO] [1791205432.652789731] [diff_drive]: Wheel pair 1 diameter set to [0.300000m]
[gzserver-1] [INFO] [1791205432.653126200] [diff_drive]: Subscribed to [/cmd_vel]
[gzserver-1] [INFO] [1791205432.653804705] [diff_drive]: Advertise odometry on [/odom]
[gzserver-1] [INFO] [1791205432.654595632] [diff_drive]: Publishing odom transforms between [odom] and [base_footprint]
[gzserver-1] [INFO] [1791205432.659518396] [joint_states]: Going to publish joint [left_wheel_joint]
[gzserver-1] [INFO] [1791205432.659536511] [joint_states]: Going to publish joint [right_wheel_joint]
[ground_truth_tf_publisher-4] [WARN] [1791205432.661687206] [ground_truth_tf_publisher]: Waiting for odom -> base_footprint: "odom" passed to lookupTransform argument target_frame does not exist. 
[INFO] [spawn_entity.py-3]: process has finished cleanly [pid 218689]
[gzserver-1] [1;32m[Msg] [0m[1;32mWaiting for master.[0m[1;32m
[gzserver-1] [0m[1;32m[0m[1;32m[0m[1;32m[Msg] [0m[1;32mConnected to gazebo master @ [0m[1;32mhttp://127.0.0.1:11345[0m[1;32m
[gzserver-1] [0m[1;32m[0m[1;32m[0m[1;32m[Msg] [0m[1;32mPublicized address: [0m[1;32m10.169.222.221[0m[1;32m
[gzserver-1] [0m[1;32m[0m[1;32m[0m[1;32m[Msg] [0m[1;32mLoading world file [[0m[1;32m/home/nermin/Documents/Thesis/code/Autonomous-Lawn-Mower-Navigation/install/mower_sim/share/mower_sim/worlds/empty_field.world[0m[1;32m][0m[1;32m
[INFO] [map_server-7]: process started with pid [219214]
[INFO] [lifecycle_manager-8]: process started with pid [219216]
[INFO] [controller_server-9]: process started with pid [219218]
[INFO] [smoother_server-10]: process started with pid [219220]
[INFO] [planner_server-11]: process started with pid [219222]
[INFO] [behavior_server-12]: process started with pid [219224]
[INFO] [bt_navigator-13]: process started with pid [219226]
[INFO] [waypoint_follower-14]: process started with pid [219228]
[INFO] [velocity_smoother-15]: process started with pid [219230]
[INFO] [lifecycle_manager-16]: process started with pid [219232]
[lifecycle_manager-8] [INFO] [1791205451.436070248] [lifecycle_manager_map_server]: Creating
[lifecycle_manager-8] [INFO] [1791205451.437884158] [lifecycle_manager_map_server]: [34m[1mCreating and initializing lifecycle service clients[0m[0m
[controller_server-9] [INFO] [1791205451.441475527] [controller_server]: 
[controller_server-9] 	controller_server lifecycle node launched. 
[controller_server-9] 	Waiting on external lifecycle transitions to activate
[controller_server-9] 	See https://design.ros2.org/articles/node_lifecycle.html for more information.
[waypoint_follower-14] [INFO] [1791205451.445302315] [waypoint_follower]: 
[waypoint_follower-14] 	waypoint_follower lifecycle node launched. 
[waypoint_follower-14] 	Waiting on external lifecycle transitions to activate
[waypoint_follower-14] 	See https://design.ros2.org/articles/node_lifecycle.html for more information.
[waypoint_follower-14] [INFO] [1791205451.445706570] [waypoint_follower]: Creating
[planner_server-11] [INFO] [1791205451.446732253] [planner_server]: 
[planner_server-11] 	planner_server lifecycle node launched. 
[planner_server-11] 	Waiting on external lifecycle transitions to activate
[planner_server-11] 	See https://design.ros2.org/articles/node_lifecycle.html for more information.
[lifecycle_manager-16] [INFO] [1791205451.447076252] [lifecycle_manager_navigation]: Creating
[smoother_server-10] [INFO] [1791205451.447384244] [smoother_server]: 
[smoother_server-10] 	smoother_server lifecycle node launched. 
[smoother_server-10] 	Waiting on external lifecycle transitions to activate
[smoother_server-10] 	See https://design.ros2.org/articles/node_lifecycle.html for more information.
[planner_server-11] [INFO] [1791205451.448506440] [planner_server]: Creating
[controller_server-9] [INFO] [1791205451.449461559] [controller_server]: Creating controller server
[smoother_server-10] [INFO] [1791205451.449873453] [smoother_server]: Creating smoother server
[velocity_smoother-15] [INFO] [1791205451.450440131] [velocity_smoother]: 
[velocity_smoother-15] 	velocity_smoother lifecycle node launched. 
[velocity_smoother-15] 	Waiting on external lifecycle transitions to activate
[velocity_smoother-15] 	See https://design.ros2.org/articles/node_lifecycle.html for more information.
[map_server-7] [INFO] [1791205451.451484251] [map_server]: 
[map_server-7] 	map_server lifecycle node launched. 
[map_server-7] 	Waiting on external lifecycle transitions to activate
[map_server-7] 	See https://design.ros2.org/articles/node_lifecycle.html for more information.
[map_server-7] [INFO] [1791205451.451563334] [map_server]: Creating
[behavior_server-12] [INFO] [1791205451.451491471] [behavior_server]: 
[behavior_server-12] 	behavior_server lifecycle node launched. 
[behavior_server-12] 	Waiting on external lifecycle transitions to activate
[behavior_server-12] 	See https://design.ros2.org/articles/node_lifecycle.html for more information.
[bt_navigator-13] [INFO] [1791205451.453536750] [bt_navigator]: 
[bt_navigator-13] 	bt_navigator lifecycle node launched. 
[bt_navigator-13] 	Waiting on external lifecycle transitions to activate
[bt_navigator-13] 	See https://design.ros2.org/articles/node_lifecycle.html for more information.
[bt_navigator-13] [INFO] [1791205451.453664182] [bt_navigator]: Creating
[lifecycle_manager-16] [INFO] [1791205451.453720161] [lifecycle_manager_navigation]: [34m[1mCreating and initializing lifecycle service clients[0m[0m
[lifecycle_manager-8] [INFO] [1791205451.458294410] [lifecycle_manager_map_server]: [34m[1mStarting managed nodes bringup...[0m[0m
[lifecycle_manager-8] [INFO] [1791205451.458348100] [lifecycle_manager_map_server]: [34m[1mConfiguring map_server[0m[0m
[planner_server-11] [INFO] [1791205451.462365307] [global_costmap.global_costmap]: 
[planner_server-11] 	global_costmap lifecycle node launched. 
[planner_server-11] 	Waiting on external lifecycle transitions to activate
[planner_server-11] 	See https://design.ros2.org/articles/node_lifecycle.html for more information.
[planner_server-11] [INFO] [1791205451.462826486] [global_costmap.global_costmap]: Creating Costmap
[controller_server-9] [INFO] [1791205451.462854141] [local_costmap.local_costmap]: 
[controller_server-9] 	local_costmap lifecycle node launched. 
[controller_server-9] 	Waiting on external lifecycle transitions to activate
[controller_server-9] 	See https://design.ros2.org/articles/node_lifecycle.html for more information.
[controller_server-9] [INFO] [1791205451.464349930] [local_costmap.local_costmap]: Creating Costmap
[lifecycle_manager-16] [INFO] [1791205451.472308222] [lifecycle_manager_navigation]: [34m[1mStarting managed nodes bringup...[0m[0m
[lifecycle_manager-16] [INFO] [1791205451.472346046] [lifecycle_manager_navigation]: [34m[1mConfiguring controller_server[0m[0m
[controller_server-9] [INFO] [1791205451.472480364] [controller_server]: Configuring controller interface
[controller_server-9] [INFO] [1791205451.472662785] [controller_server]: getting goal checker plugins..
[controller_server-9] [INFO] [1791205451.472689502] [controller_server]: Controller frequency set to 30.0000Hz
[controller_server-9] [INFO] [1791205451.472723725] [local_costmap.local_costmap]: Configuring
[controller_server-9] [INFO] [1791205451.475404442] [local_costmap.local_costmap]: Using plugin "static_layer"
[map_server-7] [INFO] [1791205451.475816207] [map_server]: Configuring
[map_server-7] [INFO] [1791205451.475881074] [map_io]: Loading yaml file: /home/nermin/Documents/Thesis/code/Autonomous-Lawn-Mower-Navigation/install/mower_sim/share/mower_sim/maps/empty_map.yaml
[map_server-7] [INFO] [1791205451.476165282] [map_io]: resolution: 0.05
[map_server-7] [INFO] [1791205451.476175274] [map_io]: origin[0]: -50
[map_server-7] [INFO] [1791205451.476179629] [map_io]: origin[1]: -50
[map_server-7] [INFO] [1791205451.476183760] [map_io]: origin[2]: 0
[map_server-7] [INFO] [1791205451.476188182] [map_io]: free_thresh: 0.196
[map_server-7] [INFO] [1791205451.476192567] [map_io]: occupied_thresh: 0.65
[map_server-7] [INFO] [1791205451.476197083] [map_io]: mode: trinary
[map_server-7] [INFO] [1791205451.476202008] [map_io]: negate: 0
[map_server-7] [INFO] [1791205451.476414923] [map_io]: Loading image_file: /home/nermin/Documents/Thesis/code/Autonomous-Lawn-Mower-Navigation/install/mower_sim/share/mower_sim/maps/empty_map.pgm
[controller_server-9] [INFO] [1791205451.478099196] [local_costmap.local_costmap]: Subscribing to the map topic (/map) with transient local durability
[controller_server-9] [INFO] [1791205451.478426363] [local_costmap.local_costmap]: Initialized plugin "static_layer"
[controller_server-9] [INFO] [1791205451.478443414] [local_costmap.local_costmap]: Using plugin "voxel_layer"
[controller_server-9] [INFO] [1791205451.478775248] [local_costmap.local_costmap]: Subscribed to Topics: scan
[controller_server-9] [INFO] [1791205451.481470858] [local_costmap.local_costmap]: Initialized plugin "voxel_layer"
[controller_server-9] [INFO] [1791205451.481491540] [local_costmap.local_costmap]: Using plugin "inflation_layer"
[controller_server-9] [INFO] [1791205451.481993007] [local_costmap.local_costmap]: Initialized plugin "inflation_layer"
[controller_server-9] [INFO] [1791205451.484683488] [controller_server]: Created progress_checker : progress_checker of type nav2_controller::SimpleProgressChecker
[controller_server-9] [INFO] [1791205451.485106127] [controller_server]: Created goal checker : general_goal_checker of type nav2_controller::SimpleGoalChecker
[controller_server-9] [INFO] [1791205451.485316922] [controller_server]: Controller Server has general_goal_checker  goal checkers available.
[controller_server-9] [INFO] [1791205451.485693515] [controller_server]: Created controller : RPP of type nav2_regulated_pure_pursuit_controller::RegulatedPurePursuitController
[controller_server-9] [INFO] [1791205451.488296970] [controller_server]: Created controller : MPPI of type nav2_mppi_controller::MPPIController
[controller_server-9] [WARN] [1791205451.489313122] [controller_server]: Controller period is less then model dt, consider setting it equal
[controller_server-9] [INFO] [1791205451.490122556] [controller_server]: ConstraintCritic instantiated with 1 power and 4.000000 weight.
[controller_server-9] [INFO] [1791205451.490143621] [controller_server]: Critic loaded : mppi::critics::ConstraintCritic
[controller_server-9] [INFO] [1791205451.490437096] [controller_server]: GoalCritic instantiated with 1 power and 2.000000 weight.
[controller_server-9] [INFO] [1791205451.490454225] [controller_server]: Critic loaded : mppi::critics::GoalCritic
[controller_server-9] [INFO] [1791205451.490692414] [controller_server]: GoalAngleCritic instantiated with 1 power, 1.000000 weight, and 0.300000 angular threshold.
[controller_server-9] [INFO] [1791205451.490706393] [controller_server]: Critic loaded : mppi::critics::GoalAngleCritic
[controller_server-9] [INFO] [1791205451.491152465] [controller_server]: ReferenceTrajectoryCritic instantiated with 1 power and 14.000000 weight
[controller_server-9] [INFO] [1791205451.491169326] [controller_server]: Critic loaded : mppi::critics::PathAlignCritic
[controller_server-9] [INFO] [1791205451.491453220] [controller_server]: Critic loaded : mppi::critics::PathFollowCritic
[controller_server-9] [INFO] [1791205451.491817609] [controller_server]: PathAngleCritic instantiated with 1 power and 2.000000 weight. Reversing allowed.
[controller_server-9] [INFO] [1791205451.491829280] [controller_server]: Critic loaded : mppi::critics::PathAngleCritic
[controller_server-9] [INFO] [1791205451.492344236] [controller_server]: ObstaclesCritic instantiated with 1 power and 20.000000 / 2.000000 weights. Critic will collision check based on footprint cost.
[controller_server-9] [INFO] [1791205451.492356733] [controller_server]: Critic loaded : mppi::critics::ObstaclesCritic
[controller_server-9] [INFO] [1791205451.492563914] [controller_server]: PreferForwardCritic instantiated with 1 power and 1.000000 weight.
[controller_server-9] [INFO] [1791205451.492596921] [controller_server]: Critic loaded : mppi::critics::PreferForwardCritic
[controller_server-9] [INFO] [1791205451.492847203] [controller_server]: VelocityDeadbandCritic instantiated with 1 power, 0.5 weight, deadband_velocity [0.02,0,0.02]
[controller_server-9] [INFO] [1791205451.492861733] [controller_server]: Critic loaded : mppi::critics::VelocityDeadbandCritic
[controller_server-9] [INFO] [1791205451.493016657] [controller_server]: TwirlingCritic instantiated with 1 power and 1.000000 weight.
[controller_server-9] [INFO] [1791205451.493026458] [controller_server]: Critic loaded : mppi::critics::TwirlingCritic
[controller_server-9] [INFO] [1791205451.494216401] [controller_server]: Optimizer reset
[controller_server-9] [INFO] [1791205451.495123888] [MPPIController]: Configured MPPI Controller: MPPI
[controller_server-9] [INFO] [1791205451.495956621] [controller_server]: Created controller : DWB of type dwb_core::DWBLocalPlanner
[controller_server-9] [INFO] [1791205451.496456034] [controller_server]: Setting transform_tolerance to 0.200000
[controller_server-9] [INFO] [1791205451.499873151] [controller_server]: Using critic "RotateToGoal" (dwb_critics::RotateToGoalCritic)
[controller_server-9] [INFO] [1791205451.500171131] [controller_server]: Critic plugin initialized
[controller_server-9] [INFO] [1791205451.500247438] [controller_server]: Using critic "BaseObstacle" (dwb_critics::BaseObstacleCritic)
[controller_server-9] [INFO] [1791205451.500353877] [controller_server]: Critic plugin initialized
[controller_server-9] [INFO] [1791205451.500424474] [controller_server]: Using critic "PathAlign" (dwb_critics::PathAlignCritic)
[controller_server-9] [INFO] [1791205451.500615427] [controller_server]: Critic plugin initialized
[controller_server-9] [INFO] [1791205451.500685963] [controller_server]: Using critic "PathDist" (dwb_critics::PathDistCritic)
[controller_server-9] [INFO] [1791205451.500832916] [controller_server]: Critic plugin initialized
[controller_server-9] [INFO] [1791205451.500903597] [controller_server]: Using critic "GoalDist" (dwb_critics::GoalDistCritic)
[controller_server-9] [INFO] [1791205451.501041184] [controller_server]: Critic plugin initialized
[controller_server-9] [INFO] [1791205451.501053772] [controller_server]: Controller Server has RPP MPPI DWB  controllers available.
[lifecycle_manager-16] [INFO] [1791205451.503006592] [lifecycle_manager_navigation]: [34m[1mConfiguring smoother_server[0m[0m
[smoother_server-10] [INFO] [1791205451.503125268] [smoother_server]: Configuring smoother server
[smoother_server-10] [INFO] [1791205451.506132421] [smoother_server]: Created smoother : simple_smoother of type nav2_smoother::SimpleSmoother
[smoother_server-10] [INFO] [1791205451.506437586] [smoother_server]: Smoother Server has simple_smoother  smoothers available.
[lifecycle_manager-16] [INFO] [1791205451.555745249] [lifecycle_manager_navigation]: [34m[1mConfiguring planner_server[0m[0m
[planner_server-11] [INFO] [1791205451.555916569] [planner_server]: Configuring
[planner_server-11] [INFO] [1791205451.555944567] [global_costmap.global_costmap]: Configuring
[planner_server-11] [INFO] [1791205451.558028993] [global_costmap.global_costmap]: Using plugin "static_layer"
[planner_server-11] [INFO] [1791205451.560259064] [global_costmap.global_costmap]: Subscribing to the map topic (/map) with transient local durability
[planner_server-11] [INFO] [1791205451.560601532] [global_costmap.global_costmap]: Initialized plugin "static_layer"
[planner_server-11] [INFO] [1791205451.560615340] [global_costmap.global_costmap]: Using plugin "obstacle_layer"
[planner_server-11] [INFO] [1791205451.560964117] [global_costmap.global_costmap]: Subscribed to Topics: scan
[planner_server-11] [INFO] [1791205451.562315941] [global_costmap.global_costmap]: Initialized plugin "obstacle_layer"
[planner_server-11] [INFO] [1791205451.562334493] [global_costmap.global_costmap]: Using plugin "inflation_layer"
[planner_server-11] [INFO] [1791205451.562789928] [global_costmap.global_costmap]: Initialized plugin "inflation_layer"
[planner_server-11] [INFO] [1791205451.565468015] [planner_server]: Created global planner plugin GridBased of type nav2_navfn_planner/NavfnPlanner
[planner_server-11] [INFO] [1791205451.565487743] [planner_server]: Configuring plugin GridBased of type NavfnPlanner
[planner_server-11] [INFO] [1791205451.565790548] [planner_server]: Planner Server has GridBased  planners available.
[lifecycle_manager-16] [INFO] [1791205451.568525004] [lifecycle_manager_navigation]: [34m[1mConfiguring behavior_server[0m[0m
[behavior_server-12] [INFO] [1791205451.568662578] [behavior_server]: Configuring
[behavior_server-12] [INFO] [1791205451.571365309] [behavior_server]: Creating behavior plugin spin of type nav2_behaviors/Spin
[behavior_server-12] [INFO] [1791205451.571780598] [behavior_server]: Configuring spin
[behavior_server-12] [INFO] [1791205451.573223288] [behavior_server]: Creating behavior plugin backup of type nav2_behaviors/BackUp
[behavior_server-12] [INFO] [1791205451.573608855] [behavior_server]: Configuring backup
[behavior_server-12] [INFO] [1791205451.574986695] [behavior_server]: Creating behavior plugin drive_on_heading of type nav2_behaviors/DriveOnHeading
[behavior_server-12] [INFO] [1791205451.575416075] [behavior_server]: Configuring drive_on_heading
[behavior_server-12] [INFO] [1791205451.576670672] [behavior_server]: Creating behavior plugin assisted_teleop of type nav2_behaviors/AssistedTeleop
[behavior_server-12] [INFO] [1791205451.577640485] [behavior_server]: Configuring assisted_teleop
[behavior_server-12] [INFO] [1791205451.579324864] [behavior_server]: Creating behavior plugin wait of type nav2_behaviors/Wait
[behavior_server-12] [INFO] [1791205451.579752922] [behavior_server]: Configuring wait
[lifecycle_manager-16] [INFO] [1791205451.581058264] [lifecycle_manager_navigation]: [34m[1mConfiguring bt_navigator[0m[0m
[bt_navigator-13] [INFO] [1791205451.581179624] [bt_navigator]: Configuring
[lifecycle_manager-16] [INFO] [1791205451.606726892] [lifecycle_manager_navigation]: [34m[1mConfiguring waypoint_follower[0m[0m
[waypoint_follower-14] [INFO] [1791205451.606852315] [waypoint_follower]: Configuring
[waypoint_follower-14] [INFO] [1791205451.609880559] [waypoint_follower]: Created waypoint_task_executor : wait_at_waypoint of type nav2_waypoint_follower::WaitAtWaypoint
[lifecycle_manager-16] [INFO] [1791205451.610255903] [lifecycle_manager_navigation]: [34m[1mConfiguring velocity_smoother[0m[0m
[velocity_smoother-15] [INFO] [1791205451.610368559] [velocity_smoother]: Configuring velocity smoother
[lifecycle_manager-16] [INFO] [1791205451.611798757] [lifecycle_manager_navigation]: [34m[1mActivating controller_server[0m[0m
[controller_server-9] [INFO] [1791205451.611884897] [controller_server]: Activating
[controller_server-9] [INFO] [1791205451.611915139] [local_costmap.local_costmap]: Activating
[controller_server-9] [INFO] [1791205451.611924925] [local_costmap.local_costmap]: Checking transform
[controller_server-9] [INFO] [1791205451.611989740] [local_costmap.local_costmap]: start
[map_server-7] [INFO] [1791205451.739202040] [map_io]: Read map /home/nermin/Documents/Thesis/code/Autonomous-Lawn-Mower-Navigation/install/mower_sim/share/mower_sim/maps/empty_map.pgm: 2000 X 2000 map @ 0.05 m/cell
[lifecycle_manager-8] [INFO] [1791205451.745757694] [lifecycle_manager_map_server]: [34m[1mActivating map_server[0m[0m
[map_server-7] [INFO] [1791205451.745871977] [map_server]: Activating
[map_server-7] [INFO] [1791205451.750149366] [map_server]: Creating bond (map_server) to lifecycle manager.
[planner_server-11] [INFO] [1791205451.754110929] [global_costmap.global_costmap]: StaticLayer: Resizing costmap to 2000 X 2000 at 0.050000 m/pix
[controller_server-9] [INFO] [1791205451.754167788] [local_costmap.local_costmap]: StaticLayer: Resizing static layer to 2000 X 2000 at 0.050000 m/pix
[lifecycle_manager-8] [INFO] [1791205451.852035346] [lifecycle_manager_map_server]: Server map_server connected with bond.
[lifecycle_manager-8] [INFO] [1791205451.852069903] [lifecycle_manager_map_server]: [34m[1mManaged nodes are active[0m[0m
[lifecycle_manager-8] [INFO] [1791205451.852077084] [lifecycle_manager_map_server]: [34m[1mCreating bond timer...[0m[0m
[controller_server-9] [WARN] [1791205451.862342364] [controller_server]: Parameter controller_server.verbose not found
[controller_server-9] [INFO] [1791205451.862954239] [controller_server]: Optimizer reset
[controller_server-9] [INFO] [1791205451.863053251] [MPPIController]: Activated MPPI Controller: MPPI
[controller_server-9] [INFO] [1791205451.863082989] [controller_server]: Activating controller: RPP of type regulated_pure_pursuit_controller::RegulatedPurePursuitController
[controller_server-9] [INFO] [1791205451.863106253] [controller_server]: Creating bond (controller_server) to lifecycle manager.
[lifecycle_manager-16] [INFO] [1791205451.964572915] [lifecycle_manager_navigation]: Server controller_server connected with bond.
[lifecycle_manager-16] [INFO] [1791205451.964605260] [lifecycle_manager_navigation]: [34m[1mActivating smoother_server[0m[0m
[smoother_server-10] [INFO] [1791205451.964732691] [smoother_server]: Activating
[smoother_server-10] [INFO] [1791205451.964767350] [smoother_server]: Creating bond (smoother_server) to lifecycle manager.
[lifecycle_manager-16] [INFO] [1791205452.065964268] [lifecycle_manager_navigation]: Server smoother_server connected with bond.
[lifecycle_manager-16] [INFO] [1791205452.066015496] [lifecycle_manager_navigation]: [34m[1mActivating planner_server[0m[0m
[planner_server-11] [INFO] [1791205452.066204582] [planner_server]: Activating
[planner_server-11] [INFO] [1791205452.066241797] [global_costmap.global_costmap]: Activating
[planner_server-11] [INFO] [1791205452.066251432] [global_costmap.global_costmap]: Checking transform
[planner_server-11] [INFO] [1791205452.066328042] [global_costmap.global_costmap]: start
[planner_server-11] [INFO] [1791205453.116712215] [planner_server]: Activating plugin GridBased of type NavfnPlanner
[planner_server-11] [INFO] [1791205453.117554028] [planner_server]: Creating bond (planner_server) to lifecycle manager.
[lifecycle_manager-16] [INFO] [1791205453.220736556] [lifecycle_manager_navigation]: Server planner_server connected with bond.
[lifecycle_manager-16] [INFO] [1791205453.220787742] [lifecycle_manager_navigation]: [34m[1mActivating behavior_server[0m[0m
[behavior_server-12] [INFO] [1791205453.220934373] [behavior_server]: Activating
[behavior_server-12] [INFO] [1791205453.220957872] [behavior_server]: Activating spin
[behavior_server-12] [INFO] [1791205453.220967335] [behavior_server]: Activating backup
[behavior_server-12] [INFO] [1791205453.220974540] [behavior_server]: Activating drive_on_heading
[behavior_server-12] [INFO] [1791205453.220982039] [behavior_server]: Activating assisted_teleop
[behavior_server-12] [INFO] [1791205453.220988788] [behavior_server]: Activating wait
[behavior_server-12] [INFO] [1791205453.220998391] [behavior_server]: Creating bond (behavior_server) to lifecycle manager.
[lifecycle_manager-16] [INFO] [1791205453.322332724] [lifecycle_manager_navigation]: Server behavior_server connected with bond.
[lifecycle_manager-16] [INFO] [1791205453.322373440] [lifecycle_manager_navigation]: [34m[1mActivating bt_navigator[0m[0m
[bt_navigator-13] [INFO] [1791205453.322503455] [bt_navigator]: Activating
[bt_navigator-13] [INFO] [1791205453.335160014] [bt_navigator]: Creating bond (bt_navigator) to lifecycle manager.
[lifecycle_manager-16] [INFO] [1791205453.436452452] [lifecycle_manager_navigation]: Server bt_navigator connected with bond.
[lifecycle_manager-16] [INFO] [1791205453.436489678] [lifecycle_manager_navigation]: [34m[1mActivating waypoint_follower[0m[0m
[waypoint_follower-14] [INFO] [1791205453.436640052] [waypoint_follower]: Activating
[waypoint_follower-14] [INFO] [1791205453.436671062] [waypoint_follower]: Creating bond (waypoint_follower) to lifecycle manager.
[lifecycle_manager-16] [INFO] [1791205453.538047603] [lifecycle_manager_navigation]: Server waypoint_follower connected with bond.
[lifecycle_manager-16] [INFO] [1791205453.538075508] [lifecycle_manager_navigation]: [34m[1mActivating velocity_smoother[0m[0m
[velocity_smoother-15] [INFO] [1791205453.538219698] [velocity_smoother]: Activating
[velocity_smoother-15] [INFO] [1791205453.538266468] [velocity_smoother]: Creating bond (velocity_smoother) to lifecycle manager.
[lifecycle_manager-16] [INFO] [1791205453.639724392] [lifecycle_manager_navigation]: Server velocity_smoother connected with bond.
[lifecycle_manager-16] [INFO] [1791205453.639761217] [lifecycle_manager_navigation]: [34m[1mManaged nodes are active[0m[0m
[lifecycle_manager-16] [INFO] [1791205453.639786790] [lifecycle_manager_navigation]: [34m[1mCreating bond timer...[0m[0m
[controller_server-9] [INFO] [1791205454.753865821] [controller_server]: Received a goal, begin computing control effort.
[robot_trail_publisher-5] [INFO] [1791205454.754305746] [robot_trail_publisher]: New run, trail cleared
[coverage_monitor-6] [INFO] [1791205454.918660997] [coverage_monitor]: New coverage path, field rebuilt
[controller_server-9] [INFO] [1791205460.420694862] [controller_server]: Passing new path to controller.
[controller_server-9] [INFO] [1791205460.421687375] [controller_server]: Optimizer reset
[controller_server-9] [INFO] [1791205464.653994070] [controller_server]: Passing new path to controller.
[controller_server-9] [INFO] [1791205469.820674903] [controller_server]: Passing new path to controller.
[controller_server-9] [INFO] [1791205469.821285308] [controller_server]: Optimizer reset
[controller_server-9] [INFO] [1791205475.187361609] [controller_server]: Passing new path to controller.
[controller_server-9] [INFO] [1791205480.120781205] [controller_server]: Reached the goal!
[WARNING] [launch]: user interrupted with ctrl-c (SIGINT)
[planner_server-11] [INFO] [1791205480.439179427] [rclcpp]: signal_handler(SIGINT/SIGTERM)
[planner_server-11] [INFO] [1791205480.439260552] [planner_server]: Running Nav2 LifecycleNode rcl preshutdown (planner_server)
[planner_server-11] [INFO] [1791205480.439338749] [planner_server]: Deactivating
[planner_server-11] [INFO] [1791205480.439371171] [global_costmap.global_costmap]: Deactivating
[lifecycle_manager-16] [INFO] [1791205480.439175996] [rclcpp]: signal_handler(SIGINT/SIGTERM)
[lifecycle_manager-16] [INFO] [1791205480.439260014] [lifecycle_manager_navigation]: Running Nav2 LifecycleManager rcl preshutdown (lifecycle_manager_navigation)
[lifecycle_manager-16] [INFO] [1791205480.439304388] [lifecycle_manager_navigation]: [34m[1mTerminating bond timer...[0m[0m
[bt_navigator-13] [INFO] [1791205480.439176024] [rclcpp]: signal_handler(SIGINT/SIGTERM)
[bt_navigator-13] [INFO] [1791205480.439260257] [bt_navigator]: Running Nav2 LifecycleNode rcl preshutdown (bt_navigator)
[bt_navigator-13] [INFO] [1791205480.439338400] [bt_navigator]: Deactivating
[bt_navigator-13] [INFO] [1791205480.439363021] [bt_navigator]: Destroying bond (bt_navigator) to lifecycle manager.
[waypoint_follower-14] [INFO] [1791205480.439179161] [rclcpp]: signal_handler(SIGINT/SIGTERM)
[waypoint_follower-14] [INFO] [1791205480.439292826] [waypoint_follower]: Running Nav2 LifecycleNode rcl preshutdown (waypoint_follower)
[waypoint_follower-14] [INFO] [1791205480.439363082] [waypoint_follower]: Deactivating
[waypoint_follower-14] [INFO] [1791205480.439382607] [waypoint_follower]: Destroying bond (waypoint_follower) to lifecycle manager.
[smoother_server-10] [INFO] [1791205480.439180824] [rclcpp]: signal_handler(SIGINT/SIGTERM)
[smoother_server-10] [INFO] [1791205480.439260537] [smoother_server]: Running Nav2 LifecycleNode rcl preshutdown (smoother_server)
[smoother_server-10] [INFO] [1791205480.439340565] [smoother_server]: Deactivating
[smoother_server-10] [INFO] [1791205480.439363021] [smoother_server]: Destroying bond (smoother_server) to lifecycle manager.
[velocity_smoother-15] [INFO] [1791205480.439176054] [rclcpp]: signal_handler(SIGINT/SIGTERM)
[velocity_smoother-15] [INFO] [1791205480.439297470] [velocity_smoother]: Running Nav2 LifecycleNode rcl preshutdown (velocity_smoother)
[velocity_smoother-15] [INFO] [1791205480.439366913] [velocity_smoother]: Deactivating
[velocity_smoother-15] [INFO] [1791205480.439390975] [velocity_smoother]: Destroying bond (velocity_smoother) to lifecycle manager.
[robot_state_publisher-2] [INFO] [1791205480.439196990] [rclcpp]: signal_handler(SIGINT/SIGTERM)
[map_server-7] [INFO] [1791205480.439203923] [rclcpp]: signal_handler(SIGINT/SIGTERM)
[map_server-7] [INFO] [1791205480.439293640] [map_server]: Running Nav2 LifecycleNode rcl preshutdown (map_server)
[map_server-7] [INFO] [1791205480.439375379] [map_server]: Deactivating
[map_server-7] [INFO] [1791205480.439394014] [map_server]: Destroying bond (map_server) to lifecycle manager.
[INFO] [lifecycle_manager-16]: sending signal 'SIGINT' to process[lifecycle_manager-16]
[INFO] [velocity_smoother-15]: sending signal 'SIGINT' to process[velocity_smoother-15]
[INFO] [waypoint_follower-14]: sending signal 'SIGINT' to process[waypoint_follower-14]
[INFO] [bt_navigator-13]: sending signal 'SIGINT' to process[bt_navigator-13]
[INFO] [behavior_server-12]: sending signal 'SIGINT' to process[behavior_server-12]
[INFO] [planner_server-11]: sending signal 'SIGINT' to process[planner_server-11]
[INFO] [smoother_server-10]: sending signal 'SIGINT' to process[smoother_server-10]
[INFO] [controller_server-9]: sending signal 'SIGINT' to process[controller_server-9]
[INFO] [lifecycle_manager-8]: sending signal 'SIGINT' to process[lifecycle_manager-8]
[INFO] [map_server-7]: sending signal 'SIGINT' to process[map_server-7]
[INFO] [coverage_monitor-6]: sending signal 'SIGINT' to process[coverage_monitor-6]
[INFO] [robot_trail_publisher-5]: sending signal 'SIGINT' to process[robot_trail_publisher-5]
[ERROR] [lifecycle_manager-8]: process has died [pid 219216, exit code -2, cmd '/opt/ros/humble/lib/nav2_lifecycle_manager/lifecycle_manager --ros-args -r __node:=lifecycle_manager_map_server --params-file /tmp/launch_params_1ruu31_d'].
[INFO] [ground_truth_tf_publisher-4]: sending signal 'SIGINT' to process[ground_truth_tf_publisher-4]
[ERROR] [map_server-7]: process has died [pid 219214, exit code -2, cmd '/opt/ros/humble/lib/nav2_map_server/map_server --ros-args -r __node:=map_server --params-file /tmp/launch_params_yrzrxnf5'].
[INFO] [robot_state_publisher-2]: sending signal 'SIGINT' to process[robot_state_publisher-2]
[INFO] [gzserver-1]: sending signal 'SIGINT' to process[gzserver-1]
[controller_server-9] [INFO] [1791205480.439265352] [rclcpp]: signal_handler(SIGINT/SIGTERM)
[controller_server-9] [INFO] [1791205480.439325458] [controller_server]: Running Nav2 LifecycleNode rcl preshutdown (controller_server)
[controller_server-9] [INFO] [1791205480.439403680] [controller_server]: Deactivating
[controller_server-9] [INFO] [1791205480.439438476] [MPPIController]: Deactivated MPPI Controller: MPPI
[controller_server-9] [INFO] [1791205480.439443857] [controller_server]: Deactivating controller: RPP of type regulated_pure_pursuit_controller::RegulatedPurePursuitController
[controller_server-9] [INFO] [1791205480.439465880] [local_costmap.local_costmap]: Deactivating
[lifecycle_manager-8] [INFO] [1791205480.439426201] [rclcpp]: signal_handler(SIGINT/SIGTERM)
[lifecycle_manager-8] [INFO] [1791205480.439482938] [lifecycle_manager_map_server]: Running Nav2 LifecycleManager rcl preshutdown (lifecycle_manager_map_server)
[lifecycle_manager-8] [INFO] [1791205480.439525044] [lifecycle_manager_map_server]: [34m[1mTerminating bond timer...[0m[0m
[behavior_server-12] [INFO] [1791205480.439498495] [rclcpp]: signal_handler(SIGINT/SIGTERM)
[behavior_server-12] [INFO] [1791205480.439560308] [behavior_server]: Running Nav2 LifecycleNode rcl preshutdown (behavior_server)
[behavior_server-12] [INFO] [1791205480.439613367] [behavior_server]: Deactivating
[behavior_server-12] [INFO] [1791205480.439644352] [behavior_server]: Destroying bond (behavior_server) to lifecycle manager.
[waypoint_follower-14] [INFO] [1791205480.449585426] [waypoint_follower]: Cleaning up
[velocity_smoother-15] [INFO] [1791205480.449613052] [velocity_smoother]: Cleaning up
[velocity_smoother-15] [INFO] [1791205480.449652371] [velocity_smoother]: Destroying bond (velocity_smoother) to lifecycle manager.
[map_server-7] [INFO] [1791205480.449620612] [map_server]: Cleaning up
[map_server-7] [INFO] [1791205480.449891055] [map_server]: Destroying bond (map_server) to lifecycle manager.
[smoother_server-10] [INFO] [1791205480.449631437] [smoother_server]: Cleaning up
[bt_navigator-13] [INFO] [1791205480.449728239] [bt_navigator]: Cleaning up
[behavior_server-12] [INFO] [1791205480.449928807] [behavior_server]: Cleaning up
[velocity_smoother-15] [INFO] [1791205480.450912275] [rclcpp]: signal_handler(SIGINT/SIGTERM)
[behavior_server-12] [INFO] [1791205480.453652241] [behavior_server]: Destroying bond (behavior_server) to lifecycle manager.
[behavior_server-12] [INFO] [1791205480.454621250] [rclcpp]: signal_handler(SIGINT/SIGTERM)
[lifecycle_manager-8] [INFO] [1791205480.455315824] [lifecycle_manager_map_server]: Destroying lifecycle_manager_map_server
[map_server-7] [INFO] [1791205480.457818670] [map_server]: Destroying
[waypoint_follower-14] [INFO] [1791205480.458452687] [waypoint_follower]: Destroying bond (waypoint_follower) to lifecycle manager.
[waypoint_follower-14] [INFO] [1791205480.459570027] [rclcpp]: signal_handler(SIGINT/SIGTERM)
[robot_state_publisher-2] [INFO] [1791205480.464959525] [rclcpp]: signal_handler(SIGINT/SIGTERM)
[smoother_server-10] [INFO] [1791205480.466505177] [smoother_server]: Destroying bond (smoother_server) to lifecycle manager.
[smoother_server-10] [INFO] [1791205480.467046468] [rclcpp]: signal_handler(SIGINT/SIGTERM)
[smoother_server-10] [INFO] [1791205480.540844002] [smoother_server]: Destroying
[bt_navigator-13] [INFO] [1791205480.596941335] [bt_navigator]: Completed Cleaning up
[bt_navigator-13] [INFO] [1791205480.596981219] [bt_navigator]: Destroying bond (bt_navigator) to lifecycle manager.
[bt_navigator-13] [INFO] [1791205480.597972938] [rclcpp]: signal_handler(SIGINT/SIGTERM)
[ground_truth_tf_publisher-4] Traceback (most recent call last):
[ground_truth_tf_publisher-4]   File "/home/nermin/Documents/Thesis/code/Autonomous-Lawn-Mower-Navigation/install/mower_sim/lib/mower_sim/ground_truth_tf_publisher", line 33, in <module>
[ground_truth_tf_publisher-4]     sys.exit(load_entry_point('mower-sim==0.0.0', 'console_scripts', 'ground_truth_tf_publisher')())
[ground_truth_tf_publisher-4]   File "/home/nermin/Documents/Thesis/code/Autonomous-Lawn-Mower-Navigation/install/mower_sim/lib/python3.10/site-packages/mower_sim/ground_truth_tf_publisher.py", line 169, in main
[ground_truth_tf_publisher-4]     node.destroy_node()
[ground_truth_tf_publisher-4]   File "/opt/ros/humble/local/lib/python3.10/dist-packages/rclpy/node.py", line 1685, in destroy_node
[ground_truth_tf_publisher-4]     self.destroy_publisher(self._publishers[0])
[ground_truth_tf_publisher-4]   File "/opt/ros/humble/local/lib/python3.10/dist-packages/rclpy/node.py", line 1565, in destroy_publisher
[ground_truth_tf_publisher-4]     publisher.destroy()
[ground_truth_tf_publisher-4]   File "/opt/ros/humble/local/lib/python3.10/dist-packages/rclpy/publisher.py", line 99, in destroy
[ground_truth_tf_publisher-4]     self.__publisher.destroy_when_not_in_use()
[ground_truth_tf_publisher-4] KeyboardInterrupt
[controller_server-9] [INFO] [1791205480.612172109] [controller_server]: Destroying bond (controller_server) to lifecycle manager.
[controller_server-9] [INFO] [1791205480.622398830] [controller_server]: Cleaning up
[controller_server-9] [INFO] [1791205480.622472070] [MPPIController]: Cleaned up MPPI Controller: MPPI
[controller_server-9] [INFO] [1791205480.622476211] [controller_server]: Cleaning up controller: RPP of type regulated_pure_pursuit_controller::RegulatedPurePursuitController
[controller_server-9] [INFO] [1791205480.622557407] [local_costmap.local_costmap]: Cleaning up
[behavior_server-12] [INFO] [1791205480.623149765] [behavior_server]: Destroying
[bt_navigator-13] [INFO] [1791205480.638252215] [bt_navigator]: Destroying
[waypoint_follower-14] [INFO] [1791205480.638707465] [waypoint_follower]: Destroying
[velocity_smoother-15] [INFO] [1791205480.640847384] [velocity_smoother]: Destroying
[controller_server-9] [INFO] [1791205480.654182500] [controller_server]: Destroying bond (controller_server) to lifecycle manager.
[controller_server-9] [INFO] [1791205480.656457057] [rclcpp]: signal_handler(SIGINT/SIGTERM)
[lifecycle_manager-16] [INFO] [1791205480.662618621] [rclcpp]: signal_handler(SIGINT/SIGTERM)
[controller_server-9] [INFO] [1791205480.765143188] [local_costmap.local_costmap]: Destroying
[controller_server-9] [INFO] [1791205480.787561093] [controller_server]: Destroying
[lifecycle_manager-16] [INFO] [1791205480.827801058] [lifecycle_manager_navigation]: Destroying lifecycle_manager_navigation
[planner_server-11] [INFO] [1791205481.066656638] [planner_server]: Deactivating plugin GridBased of type NavfnPlanner
[planner_server-11] [INFO] [1791205481.066731619] [planner_server]: Destroying bond (planner_server) to lifecycle manager.
[planner_server-11] [INFO] [1791205481.076981655] [planner_server]: Cleaning up
[planner_server-11] [INFO] [1791205481.093576630] [global_costmap.global_costmap]: Cleaning up
[planner_server-11] [INFO] [1791205481.097046990] [planner_server]: Cleaning up plugin GridBased of type NavfnPlanner
[planner_server-11] [INFO] [1791205481.097122551] [planner_server]: Destroying plugin GridBased of type NavfnPlanner
[planner_server-11] [INFO] [1791205481.108069904] [planner_server]: Destroying bond (planner_server) to lifecycle manager.
[planner_server-11] [INFO] [1791205481.110515348] [rclcpp]: signal_handler(SIGINT/SIGTERM)
[planner_server-11] [INFO] [1791205481.111940634] [global_costmap.global_costmap]: Destroying
[planner_server-11] [INFO] [1791205481.136279003] [planner_server]: Destroying
[robot_trail_publisher-5] Traceback (most recent call last):
[robot_trail_publisher-5]   File "/home/nermin/Documents/Thesis/code/Autonomous-Lawn-Mower-Navigation/install/mower_sim/lib/mower_sim/robot_trail_publisher", line 33, in <module>
[robot_trail_publisher-5]     sys.exit(load_entry_point('mower-sim==0.0.0', 'console_scripts', 'robot_trail_publisher')())
[robot_trail_publisher-5]   File "/home/nermin/Documents/Thesis/code/Autonomous-Lawn-Mower-Navigation/install/mower_sim/lib/python3.10/site-packages/mower_sim/robot_trail_publisher.py", line 98, in main
[robot_trail_publisher-5]     node.destroy_node()
[robot_trail_publisher-5]   File "/opt/ros/humble/local/lib/python3.10/dist-packages/rclpy/node.py", line 1696, in destroy_node
[robot_trail_publisher-5]     self.__node.destroy_when_not_in_use()
[robot_trail_publisher-5] KeyboardInterrupt
[coverage_monitor-6] Traceback (most recent call last):
[coverage_monitor-6]   File "/home/nermin/Documents/Thesis/code/Autonomous-Lawn-Mower-Navigation/install/mower_sim/lib/mower_sim/coverage_monitor", line 33, in <module>
[coverage_monitor-6]     sys.exit(load_entry_point('mower-sim==0.0.0', 'console_scripts', 'coverage_monitor')())
[coverage_monitor-6]   File "/home/nermin/Documents/Thesis/code/Autonomous-Lawn-Mower-Navigation/install/mower_sim/lib/python3.10/site-packages/mower_sim/coverage_monitor.py", line 153, in main
[coverage_monitor-6]     node.destroy_node()
[coverage_monitor-6]   File "/opt/ros/humble/local/lib/python3.10/dist-packages/rclpy/node.py", line 1696, in destroy_node
[coverage_monitor-6]     self.__node.destroy_when_not_in_use()
[coverage_monitor-6] KeyboardInterrupt
[ERROR] [robot_trail_publisher-5]: process has died [pid 218693, exit code -2, cmd '/home/nermin/Documents/Thesis/code/Autonomous-Lawn-Mower-Navigation/install/mower_sim/lib/mower_sim/robot_trail_publisher --ros-args --params-file /tmp/launch_params_m27ogyk_'].
[ERROR] [coverage_monitor-6]: process has died [pid 218695, exit code -2, cmd '/home/nermin/Documents/Thesis/code/Autonomous-Lawn-Mower-Navigation/install/mower_sim/lib/mower_sim/coverage_monitor --ros-args --params-file /tmp/launch_params_ipii0tqx'].
[INFO] [smoother_server-10]: process has finished cleanly [pid 219220]
[INFO] [robot_state_publisher-2]: process has finished cleanly [pid 218687]
[ERROR] [ground_truth_tf_publisher-4]: process has died [pid 218691, exit code -2, cmd '/home/nermin/Documents/Thesis/code/Autonomous-Lawn-Mower-Navigation/install/mower_sim/lib/mower_sim/ground_truth_tf_publisher --ros-args --params-file /tmp/launch_params_0hkqcx9z'].
[INFO] [behavior_server-12]: process has finished cleanly [pid 219224]
[INFO] [waypoint_follower-14]: process has finished cleanly [pid 219228]
[INFO] [bt_navigator-13]: process has finished cleanly [pid 219226]
[INFO] [velocity_smoother-15]: process has finished cleanly [pid 219230]
[INFO] [gzserver-1]: process has finished cleanly [pid 218685]
[gzserver-1] [0m[1;32m[0m[1;32m[0m[1;36m[0m[1;32m[0m
[gzserver-1] [1;33m[0m[1;31m[0m
[INFO] [controller_server-9]: process has finished cleanly [pid 219218]
[INFO] [lifecycle_manager-16]: process has finished cleanly [pid 219232]
[INFO] [planner_server-11]: process has finished cleanly [pid 219222]
