[INFO] [launch]: All log files can be found below /home/nermin/.ros/log/2026-10-05-14-56-14-394122-Nermin-211649
[INFO] [launch]: Default logging verbosity is set to INFO

[mower_sim] Controller: SWITCHING
[mower_sim] Odometry: ground_truth
[mower_sim] Params: /home/nermin/Documents/Thesis/code/Autonomous-Lawn-Mower-Navigation/install/mower_sim/share/mower_sim/config/nav2_switching.yaml

[INFO] [gzserver-1]: process started with pid [211667]
[INFO] [robot_state_publisher-2]: process started with pid [211669]
[INFO] [spawn_entity.py-3]: process started with pid [211671]
[INFO] [ground_truth_tf_publisher-4]: process started with pid [211673]
[INFO] [robot_trail_publisher-5]: process started with pid [211675]
[INFO] [coverage_monitor-6]: process started with pid [211677]
[robot_state_publisher-2] [INFO] [1791204974.511370404] [robot_state_publisher]: got segment base_footprint
[robot_state_publisher-2] [INFO] [1791204974.511431806] [robot_state_publisher]: got segment base_link
[robot_state_publisher-2] [INFO] [1791204974.511438693] [robot_state_publisher]: got segment base_scan
[robot_state_publisher-2] [INFO] [1791204974.511442717] [robot_state_publisher]: got segment front_left_caster
[robot_state_publisher-2] [INFO] [1791204974.511446702] [robot_state_publisher]: got segment front_right_caster
[robot_state_publisher-2] [INFO] [1791204974.511450736] [robot_state_publisher]: got segment left_wheel
[robot_state_publisher-2] [INFO] [1791204974.511454779] [robot_state_publisher]: got segment right_wheel
[gzserver-1] Gazebo multi-robot simulator, version 11.10.2
[gzserver-1] Copyright (C) 2012 Open Source Robotics Foundation.
[gzserver-1] Released under the Apache 2 License.
[gzserver-1] http://gazebosim.org
[gzserver-1] 
[robot_trail_publisher-5] [INFO] [1791204974.903519724] [robot_trail_publisher]: Robot trail: /ground_truth/pose on /robot_trail
[coverage_monitor-6] [INFO] [1791204974.913976081] [coverage_monitor]: Coverage monitor: field from /coverage_path
[spawn_entity.py-3] [INFO] [1791204974.942446251] [spawn_entity]: Spawn Entity started
[spawn_entity.py-3] [INFO] [1791204974.942701680] [spawn_entity]: Loading entity published on topic robot_description
[spawn_entity.py-3] [INFO] [1791204974.943700312] [spawn_entity]: Waiting for entity xml on robot_description
[spawn_entity.py-3] [INFO] [1791204974.945352073] [spawn_entity]: Waiting for service /spawn_entity, timeout = 120
[spawn_entity.py-3] [INFO] [1791204974.945631495] [spawn_entity]: Waiting for service /spawn_entity
[ground_truth_tf_publisher-4] [INFO] [1791204974.964606948] [ground_truth_tf_publisher]: Ground truth TF publisher started for "mower": map -> odom (ground truth correction)
[gzserver-1] [1;33m[Wrn] [gazebo_ros_init.cpp:178] [0m[1;33m
[gzserver-1] #     # ####### ####### ###  #####  #######
[gzserver-1] ##    # #     #    #     #  #     # #
[gzserver-1] # #   # #     #    #     #  #       #
[gzserver-1] #  #  # #     #    #     #  #       #####
[gzserver-1] #   # # #     #    #     #  #       #
[gzserver-1] #    ## #     #    #     #  #     # #
[gzserver-1] #     # #######    #    ###  #####  #######
[gzserver-1] 
[gzserver-1] This version of Gazebo, now called Gazebo classic, reaches end-of-life
[gzserver-1] in January 2025. Users are highly encouraged to migrate to the new Gazebo
[gzserver-1] using our migration guides (https://gazebosim.org/docs/latest/gazebo_classic_migration?utm_source=gazebo_ros_pkgs&utm_medium=cli)
[gzserver-1] 
[gzserver-1] [0m[1;33m
[gzserver-1] [0m[1;33m[0m[1;33m[0m[INFO] [1791204975.259457076] [gazebo.gazebo_ros_state]: Publishing states of gazebo models at [/gazebo/model_states]
[gzserver-1] [INFO] [1791204975.259787153] [gazebo.gazebo_ros_state]: Publishing states of gazebo links at [/gazebo/link_states]
[spawn_entity.py-3] [INFO] [1791204975.448442130] [spawn_entity]: Calling service /spawn_entity
[spawn_entity.py-3] [INFO] [1791204975.723868227] [spawn_entity]: Spawn status: SpawnEntity: Successfully spawned entity [mower]
[gzserver-1] [INFO] [1791204975.833366205] [diff_drive]: Wheel pair 1 separation set to [0.700000m]
[gzserver-1] [INFO] [1791204975.833399100] [diff_drive]: Wheel pair 1 diameter set to [0.300000m]
[gzserver-1] [INFO] [1791204975.833823726] [diff_drive]: Subscribed to [/cmd_vel]
[gzserver-1] [INFO] [1791204975.834514623] [diff_drive]: Advertise odometry on [/odom]
[gzserver-1] [INFO] [1791204975.835336486] [diff_drive]: Publishing odom transforms between [odom] and [base_footprint]
[gzserver-1] [INFO] [1791204975.840224518] [joint_states]: Going to publish joint [left_wheel_joint]
[gzserver-1] [INFO] [1791204975.840241520] [joint_states]: Going to publish joint [right_wheel_joint]
[ground_truth_tf_publisher-4] [WARN] [1791204975.843484389] [ground_truth_tf_publisher]: Waiting for odom -> base_footprint: "odom" passed to lookupTransform argument target_frame does not exist. 
[INFO] [spawn_entity.py-3]: process has finished cleanly [pid 211671]
[gzserver-1] [1;32m[Msg] [0m[1;32mWaiting for master.[0m[1;32m
[gzserver-1] [0m[1;32m[0m[1;32m[0m[1;32m[Msg] [0m[1;32mConnected to gazebo master @ [0m[1;32mhttp://127.0.0.1:11345[0m[1;32m
[gzserver-1] [0m[1;32m[0m[1;32m[0m[1;32m[Msg] [0m[1;32mPublicized address: [0m[1;32m10.169.222.221[0m[1;32m
[gzserver-1] [0m[1;32m[0m[1;32m[0m[1;32m[Msg] [0m[1;32mLoading world file [[0m[1;32m/home/nermin/Documents/Thesis/code/Autonomous-Lawn-Mower-Navigation/install/mower_sim/share/mower_sim/worlds/empty_field.world[0m[1;32m][0m[1;32m
[INFO] [map_server-7]: process started with pid [212038]
[INFO] [lifecycle_manager-8]: process started with pid [212040]
[INFO] [controller_server-9]: process started with pid [212042]
[INFO] [smoother_server-10]: process started with pid [212044]
[INFO] [planner_server-11]: process started with pid [212046]
[INFO] [behavior_server-12]: process started with pid [212048]
[INFO] [bt_navigator-13]: process started with pid [212050]
[INFO] [waypoint_follower-14]: process started with pid [212052]
[INFO] [velocity_smoother-15]: process started with pid [212054]
[INFO] [lifecycle_manager-16]: process started with pid [212056]
[lifecycle_manager-8] [INFO] [1791204994.641791470] [lifecycle_manager_map_server]: Creating
[lifecycle_manager-8] [INFO] [1791204994.643975479] [lifecycle_manager_map_server]: [34m[1mCreating and initializing lifecycle service clients[0m[0m
[controller_server-9] [INFO] [1791204994.646192760] [controller_server]: 
[controller_server-9] 	controller_server lifecycle node launched. 
[controller_server-9] 	Waiting on external lifecycle transitions to activate
[controller_server-9] 	See https://design.ros2.org/articles/node_lifecycle.html for more information.
[smoother_server-10] [INFO] [1791204994.648285424] [smoother_server]: 
[smoother_server-10] 	smoother_server lifecycle node launched. 
[smoother_server-10] 	Waiting on external lifecycle transitions to activate
[smoother_server-10] 	See https://design.ros2.org/articles/node_lifecycle.html for more information.
[smoother_server-10] [INFO] [1791204994.650304191] [smoother_server]: Creating smoother server
[waypoint_follower-14] [INFO] [1791204994.648350451] [waypoint_follower]: 
[waypoint_follower-14] 	waypoint_follower lifecycle node launched. 
[waypoint_follower-14] 	Waiting on external lifecycle transitions to activate
[waypoint_follower-14] 	See https://design.ros2.org/articles/node_lifecycle.html for more information.
[waypoint_follower-14] [INFO] [1791204994.648734937] [waypoint_follower]: Creating
[planner_server-11] [INFO] [1791204994.650438242] [planner_server]: 
[planner_server-11] 	planner_server lifecycle node launched. 
[planner_server-11] 	Waiting on external lifecycle transitions to activate
[planner_server-11] 	See https://design.ros2.org/articles/node_lifecycle.html for more information.
[planner_server-11] [INFO] [1791204994.651750237] [planner_server]: Creating
[controller_server-9] [INFO] [1791204994.651116553] [controller_server]: Creating controller server
[behavior_server-12] [INFO] [1791204994.653314786] [behavior_server]: 
[behavior_server-12] 	behavior_server lifecycle node launched. 
[behavior_server-12] 	Waiting on external lifecycle transitions to activate
[behavior_server-12] 	See https://design.ros2.org/articles/node_lifecycle.html for more information.
[planner_server-11] [INFO] [1791204994.655967563] [global_costmap.global_costmap]: 
[planner_server-11] 	global_costmap lifecycle node launched. 
[planner_server-11] 	Waiting on external lifecycle transitions to activate
[planner_server-11] 	See https://design.ros2.org/articles/node_lifecycle.html for more information.
[planner_server-11] [INFO] [1791204994.656510209] [global_costmap.global_costmap]: Creating Costmap
[map_server-7] [INFO] [1791204994.656307318] [map_server]: 
[map_server-7] 	map_server lifecycle node launched. 
[map_server-7] 	Waiting on external lifecycle transitions to activate
[map_server-7] 	See https://design.ros2.org/articles/node_lifecycle.html for more information.
[map_server-7] [INFO] [1791204994.656404156] [map_server]: Creating
[velocity_smoother-15] [INFO] [1791204994.657303506] [velocity_smoother]: 
[velocity_smoother-15] 	velocity_smoother lifecycle node launched. 
[velocity_smoother-15] 	Waiting on external lifecycle transitions to activate
[velocity_smoother-15] 	See https://design.ros2.org/articles/node_lifecycle.html for more information.
[lifecycle_manager-16] [INFO] [1791204994.657316118] [lifecycle_manager_navigation]: Creating
[controller_server-9] [INFO] [1791204994.658081527] [local_costmap.local_costmap]: 
[controller_server-9] 	local_costmap lifecycle node launched. 
[controller_server-9] 	Waiting on external lifecycle transitions to activate
[controller_server-9] 	See https://design.ros2.org/articles/node_lifecycle.html for more information.
[bt_navigator-13] [INFO] [1791204994.658544060] [bt_navigator]: 
[bt_navigator-13] 	bt_navigator lifecycle node launched. 
[bt_navigator-13] 	Waiting on external lifecycle transitions to activate
[bt_navigator-13] 	See https://design.ros2.org/articles/node_lifecycle.html for more information.
[bt_navigator-13] [INFO] [1791204994.658624128] [bt_navigator]: Creating
[lifecycle_manager-16] [INFO] [1791204994.660841547] [lifecycle_manager_navigation]: [34m[1mCreating and initializing lifecycle service clients[0m[0m
[lifecycle_manager-8] [INFO] [1791204994.666671008] [lifecycle_manager_map_server]: [34m[1mStarting managed nodes bringup...[0m[0m
[lifecycle_manager-8] [INFO] [1791204994.666722934] [lifecycle_manager_map_server]: [34m[1mConfiguring map_server[0m[0m
[controller_server-9] [INFO] [1791204994.669820454] [local_costmap.local_costmap]: Creating Costmap
[lifecycle_manager-16] [INFO] [1791204994.677539510] [lifecycle_manager_navigation]: [34m[1mStarting managed nodes bringup...[0m[0m
[lifecycle_manager-16] [INFO] [1791204994.677584555] [lifecycle_manager_navigation]: [34m[1mConfiguring controller_server[0m[0m
[controller_server-9] [INFO] [1791204994.677737975] [controller_server]: Configuring controller interface
[controller_server-9] [INFO] [1791204994.677873507] [controller_server]: getting goal checker plugins..
[controller_server-9] [INFO] [1791204994.677893647] [controller_server]: Controller frequency set to 30.0000Hz
[controller_server-9] [INFO] [1791204994.677919518] [local_costmap.local_costmap]: Configuring
[map_server-7] [INFO] [1791204994.679538687] [map_server]: Configuring
[map_server-7] [INFO] [1791204994.679668215] [map_io]: Loading yaml file: /home/nermin/Documents/Thesis/code/Autonomous-Lawn-Mower-Navigation/install/mower_sim/share/mower_sim/maps/empty_map.yaml
[map_server-7] [INFO] [1791204994.680235607] [map_io]: resolution: 0.05
[map_server-7] [INFO] [1791204994.680260641] [map_io]: origin[0]: -50
[map_server-7] [INFO] [1791204994.680269361] [map_io]: origin[1]: -50
[map_server-7] [INFO] [1791204994.680277270] [map_io]: origin[2]: 0
[map_server-7] [INFO] [1791204994.680285915] [map_io]: free_thresh: 0.196
[map_server-7] [INFO] [1791204994.680294395] [map_io]: occupied_thresh: 0.65
[map_server-7] [INFO] [1791204994.680303071] [map_io]: mode: trinary
[map_server-7] [INFO] [1791204994.680312072] [map_io]: negate: 0
[map_server-7] [INFO] [1791204994.680555780] [map_io]: Loading image_file: /home/nermin/Documents/Thesis/code/Autonomous-Lawn-Mower-Navigation/install/mower_sim/share/mower_sim/maps/empty_map.pgm
[controller_server-9] [INFO] [1791204994.681268644] [local_costmap.local_costmap]: Using plugin "static_layer"
[controller_server-9] [INFO] [1791204994.683343609] [local_costmap.local_costmap]: Subscribing to the map topic (/map) with transient local durability
[controller_server-9] [INFO] [1791204994.683678806] [local_costmap.local_costmap]: Initialized plugin "static_layer"
[controller_server-9] [INFO] [1791204994.683695204] [local_costmap.local_costmap]: Using plugin "voxel_layer"
[controller_server-9] [INFO] [1791204994.684018731] [local_costmap.local_costmap]: Subscribed to Topics: scan
[controller_server-9] [INFO] [1791204994.687008318] [local_costmap.local_costmap]: Initialized plugin "voxel_layer"
[controller_server-9] [INFO] [1791204994.687025560] [local_costmap.local_costmap]: Using plugin "inflation_layer"
[controller_server-9] [INFO] [1791204994.687477870] [local_costmap.local_costmap]: Initialized plugin "inflation_layer"
[controller_server-9] [INFO] [1791204994.689716784] [controller_server]: Created progress_checker : progress_checker of type nav2_controller::SimpleProgressChecker
[controller_server-9] [INFO] [1791204994.690134549] [controller_server]: Created goal checker : general_goal_checker of type nav2_controller::SimpleGoalChecker
[controller_server-9] [INFO] [1791204994.690328612] [controller_server]: Controller Server has general_goal_checker  goal checkers available.
[controller_server-9] [INFO] [1791204994.690724693] [controller_server]: Created controller : RPP of type nav2_regulated_pure_pursuit_controller::RegulatedPurePursuitController
[controller_server-9] [INFO] [1791204994.694442918] [controller_server]: Created controller : MPPI of type nav2_mppi_controller::MPPIController
[controller_server-9] [WARN] [1791204994.695373526] [controller_server]: Controller period is less then model dt, consider setting it equal
[controller_server-9] [INFO] [1791204994.696128587] [controller_server]: ConstraintCritic instantiated with 1 power and 4.000000 weight.
[controller_server-9] [INFO] [1791204994.696149455] [controller_server]: Critic loaded : mppi::critics::ConstraintCritic
[controller_server-9] [INFO] [1791204994.696369480] [controller_server]: GoalCritic instantiated with 1 power and 2.000000 weight.
[controller_server-9] [INFO] [1791204994.696382607] [controller_server]: Critic loaded : mppi::critics::GoalCritic
[controller_server-9] [INFO] [1791204994.696589819] [controller_server]: GoalAngleCritic instantiated with 1 power, 1.000000 weight, and 0.300000 angular threshold.
[controller_server-9] [INFO] [1791204994.696599924] [controller_server]: Critic loaded : mppi::critics::GoalAngleCritic
[controller_server-9] [INFO] [1791204994.696994864] [controller_server]: ReferenceTrajectoryCritic instantiated with 1 power and 14.000000 weight
[controller_server-9] [INFO] [1791204994.697007162] [controller_server]: Critic loaded : mppi::critics::PathAlignCritic
[controller_server-9] [INFO] [1791204994.697276123] [controller_server]: Critic loaded : mppi::critics::PathFollowCritic
[controller_server-9] [INFO] [1791204994.697651036] [controller_server]: PathAngleCritic instantiated with 1 power and 2.000000 weight. Reversing allowed.
[controller_server-9] [INFO] [1791204994.697666459] [controller_server]: Critic loaded : mppi::critics::PathAngleCritic
[controller_server-9] [INFO] [1791204994.698261531] [controller_server]: ObstaclesCritic instantiated with 1 power and 20.000000 / 2.000000 weights. Critic will collision check based on footprint cost.
[controller_server-9] [INFO] [1791204994.698278079] [controller_server]: Critic loaded : mppi::critics::ObstaclesCritic
[controller_server-9] [INFO] [1791204994.698494532] [controller_server]: PreferForwardCritic instantiated with 1 power and 1.000000 weight.
[controller_server-9] [INFO] [1791204994.698535907] [controller_server]: Critic loaded : mppi::critics::PreferForwardCritic
[controller_server-9] [INFO] [1791204994.698797132] [controller_server]: VelocityDeadbandCritic instantiated with 1 power, 0.5 weight, deadband_velocity [0.02,0,0.02]
[controller_server-9] [INFO] [1791204994.698808267] [controller_server]: Critic loaded : mppi::critics::VelocityDeadbandCritic
[controller_server-9] [INFO] [1791204994.698976068] [controller_server]: TwirlingCritic instantiated with 1 power and 1.000000 weight.
[controller_server-9] [INFO] [1791204994.698990535] [controller_server]: Critic loaded : mppi::critics::TwirlingCritic
[controller_server-9] [INFO] [1791204994.700122836] [controller_server]: Optimizer reset
[controller_server-9] [INFO] [1791204994.701097997] [MPPIController]: Configured MPPI Controller: MPPI
[controller_server-9] [INFO] [1791204994.701932562] [controller_server]: Created controller : DWB of type dwb_core::DWBLocalPlanner
[controller_server-9] [INFO] [1791204994.702434647] [controller_server]: Setting transform_tolerance to 0.200000
[controller_server-9] [INFO] [1791204994.706306211] [controller_server]: Using critic "RotateToGoal" (dwb_critics::RotateToGoalCritic)
[controller_server-9] [INFO] [1791204994.706599830] [controller_server]: Critic plugin initialized
[controller_server-9] [INFO] [1791204994.706681933] [controller_server]: Using critic "BaseObstacle" (dwb_critics::BaseObstacleCritic)
[controller_server-9] [INFO] [1791204994.706786401] [controller_server]: Critic plugin initialized
[controller_server-9] [INFO] [1791204994.706848164] [controller_server]: Using critic "PathAlign" (dwb_critics::PathAlignCritic)
[controller_server-9] [INFO] [1791204994.707043935] [controller_server]: Critic plugin initialized
[controller_server-9] [INFO] [1791204994.707112708] [controller_server]: Using critic "PathDist" (dwb_critics::PathDistCritic)
[controller_server-9] [INFO] [1791204994.707242875] [controller_server]: Critic plugin initialized
[controller_server-9] [INFO] [1791204994.707318649] [controller_server]: Using critic "GoalDist" (dwb_critics::GoalDistCritic)
[controller_server-9] [INFO] [1791204994.707462925] [controller_server]: Critic plugin initialized
[controller_server-9] [INFO] [1791204994.707475969] [controller_server]: Controller Server has RPP MPPI DWB  controllers available.
[lifecycle_manager-16] [INFO] [1791204994.709413782] [lifecycle_manager_navigation]: [34m[1mConfiguring smoother_server[0m[0m
[smoother_server-10] [INFO] [1791204994.709527213] [smoother_server]: Configuring smoother server
[smoother_server-10] [INFO] [1791204994.712423926] [smoother_server]: Created smoother : simple_smoother of type nav2_smoother::SimpleSmoother
[smoother_server-10] [INFO] [1791204994.712734305] [smoother_server]: Smoother Server has simple_smoother  smoothers available.
[lifecycle_manager-16] [INFO] [1791204994.714300722] [lifecycle_manager_navigation]: [34m[1mConfiguring planner_server[0m[0m
[planner_server-11] [INFO] [1791204994.714406757] [planner_server]: Configuring
[planner_server-11] [INFO] [1791204994.714434183] [global_costmap.global_costmap]: Configuring
[planner_server-11] [INFO] [1791204994.716278067] [global_costmap.global_costmap]: Using plugin "static_layer"
[planner_server-11] [INFO] [1791204994.718167946] [global_costmap.global_costmap]: Subscribing to the map topic (/map) with transient local durability
[planner_server-11] [INFO] [1791204994.718463115] [global_costmap.global_costmap]: Initialized plugin "static_layer"
[planner_server-11] [INFO] [1791204994.718477717] [global_costmap.global_costmap]: Using plugin "obstacle_layer"
[planner_server-11] [INFO] [1791204994.718860078] [global_costmap.global_costmap]: Subscribed to Topics: scan
[planner_server-11] [INFO] [1791204994.720060108] [global_costmap.global_costmap]: Initialized plugin "obstacle_layer"
[planner_server-11] [INFO] [1791204994.720076930] [global_costmap.global_costmap]: Using plugin "inflation_layer"
[planner_server-11] [INFO] [1791204994.720558237] [global_costmap.global_costmap]: Initialized plugin "inflation_layer"
[planner_server-11] [INFO] [1791204994.723299362] [planner_server]: Created global planner plugin GridBased of type nav2_navfn_planner/NavfnPlanner
[planner_server-11] [INFO] [1791204994.723320140] [planner_server]: Configuring plugin GridBased of type NavfnPlanner
[planner_server-11] [INFO] [1791204994.723636439] [planner_server]: Planner Server has GridBased  planners available.
[lifecycle_manager-16] [INFO] [1791204994.726314486] [lifecycle_manager_navigation]: [34m[1mConfiguring behavior_server[0m[0m
[behavior_server-12] [INFO] [1791204994.726422475] [behavior_server]: Configuring
[behavior_server-12] [INFO] [1791204994.729078680] [behavior_server]: Creating behavior plugin spin of type nav2_behaviors/Spin
[behavior_server-12] [INFO] [1791204994.729499989] [behavior_server]: Configuring spin
[behavior_server-12] [INFO] [1791204994.730988727] [behavior_server]: Creating behavior plugin backup of type nav2_behaviors/BackUp
[behavior_server-12] [INFO] [1791204994.731400157] [behavior_server]: Configuring backup
[behavior_server-12] [INFO] [1791204994.732701885] [behavior_server]: Creating behavior plugin drive_on_heading of type nav2_behaviors/DriveOnHeading
[behavior_server-12] [INFO] [1791204994.733096791] [behavior_server]: Configuring drive_on_heading
[behavior_server-12] [INFO] [1791204994.734390371] [behavior_server]: Creating behavior plugin assisted_teleop of type nav2_behaviors/AssistedTeleop
[behavior_server-12] [INFO] [1791204994.735378481] [behavior_server]: Configuring assisted_teleop
[behavior_server-12] [INFO] [1791204994.737126073] [behavior_server]: Creating behavior plugin wait of type nav2_behaviors/Wait
[behavior_server-12] [INFO] [1791204994.737504668] [behavior_server]: Configuring wait
[lifecycle_manager-16] [INFO] [1791204994.738931399] [lifecycle_manager_navigation]: [34m[1mConfiguring bt_navigator[0m[0m
[bt_navigator-13] [INFO] [1791204994.739096673] [bt_navigator]: Configuring
[lifecycle_manager-16] [INFO] [1791204994.765402609] [lifecycle_manager_navigation]: [34m[1mConfiguring waypoint_follower[0m[0m
[waypoint_follower-14] [INFO] [1791204994.765554039] [waypoint_follower]: Configuring
[waypoint_follower-14] [INFO] [1791204994.768734219] [waypoint_follower]: Created waypoint_task_executor : wait_at_waypoint of type nav2_waypoint_follower::WaitAtWaypoint
[lifecycle_manager-16] [INFO] [1791204994.769069952] [lifecycle_manager_navigation]: [34m[1mConfiguring velocity_smoother[0m[0m
[velocity_smoother-15] [INFO] [1791204994.769182276] [velocity_smoother]: Configuring velocity smoother
[lifecycle_manager-16] [INFO] [1791204994.770673126] [lifecycle_manager_navigation]: [34m[1mActivating controller_server[0m[0m
[controller_server-9] [INFO] [1791204994.770762859] [controller_server]: Activating
[controller_server-9] [INFO] [1791204994.770793181] [local_costmap.local_costmap]: Activating
[controller_server-9] [INFO] [1791204994.770803086] [local_costmap.local_costmap]: Checking transform
[controller_server-9] [INFO] [1791204994.770889117] [local_costmap.local_costmap]: start
[map_server-7] [INFO] [1791204994.935481897] [map_io]: Read map /home/nermin/Documents/Thesis/code/Autonomous-Lawn-Mower-Navigation/install/mower_sim/share/mower_sim/maps/empty_map.pgm: 2000 X 2000 map @ 0.05 m/cell
[lifecycle_manager-8] [INFO] [1791204994.941926657] [lifecycle_manager_map_server]: [34m[1mActivating map_server[0m[0m
[map_server-7] [INFO] [1791204994.942004700] [map_server]: Activating
[map_server-7] [INFO] [1791204994.946171400] [map_server]: Creating bond (map_server) to lifecycle manager.
[planner_server-11] [INFO] [1791204994.950137263] [global_costmap.global_costmap]: StaticLayer: Resizing costmap to 2000 X 2000 at 0.050000 m/pix
[controller_server-9] [INFO] [1791204994.950167647] [local_costmap.local_costmap]: StaticLayer: Resizing static layer to 2000 X 2000 at 0.050000 m/pix
[controller_server-9] [WARN] [1791204995.021256753] [controller_server]: Parameter controller_server.verbose not found
[controller_server-9] [INFO] [1791204995.021874326] [controller_server]: Optimizer reset
[controller_server-9] [INFO] [1791204995.021973079] [MPPIController]: Activated MPPI Controller: MPPI
[controller_server-9] [INFO] [1791204995.021983057] [controller_server]: Activating controller: RPP of type regulated_pure_pursuit_controller::RegulatedPurePursuitController
[controller_server-9] [INFO] [1791204995.022026833] [controller_server]: Creating bond (controller_server) to lifecycle manager.
[lifecycle_manager-8] [INFO] [1791204995.048718726] [lifecycle_manager_map_server]: Server map_server connected with bond.
[lifecycle_manager-8] [INFO] [1791204995.048757330] [lifecycle_manager_map_server]: [34m[1mManaged nodes are active[0m[0m
[lifecycle_manager-8] [INFO] [1791204995.048765491] [lifecycle_manager_map_server]: [34m[1mCreating bond timer...[0m[0m
[lifecycle_manager-16] [INFO] [1791204995.123617141] [lifecycle_manager_navigation]: Server controller_server connected with bond.
[lifecycle_manager-16] [INFO] [1791204995.123651379] [lifecycle_manager_navigation]: [34m[1mActivating smoother_server[0m[0m
[smoother_server-10] [INFO] [1791204995.123799633] [smoother_server]: Activating
[smoother_server-10] [INFO] [1791204995.123825938] [smoother_server]: Creating bond (smoother_server) to lifecycle manager.
[lifecycle_manager-16] [INFO] [1791204995.225039501] [lifecycle_manager_navigation]: Server smoother_server connected with bond.
[lifecycle_manager-16] [INFO] [1791204995.225104449] [lifecycle_manager_navigation]: [34m[1mActivating planner_server[0m[0m
[planner_server-11] [INFO] [1791204995.225223025] [planner_server]: Activating
[planner_server-11] [INFO] [1791204995.225255569] [global_costmap.global_costmap]: Activating
[planner_server-11] [INFO] [1791204995.225264146] [global_costmap.global_costmap]: Checking transform
[planner_server-11] [INFO] [1791204995.225334381] [global_costmap.global_costmap]: start
[planner_server-11] [INFO] [1791204996.275769698] [planner_server]: Activating plugin GridBased of type NavfnPlanner
[planner_server-11] [INFO] [1791204996.276176520] [planner_server]: Creating bond (planner_server) to lifecycle manager.
[lifecycle_manager-16] [INFO] [1791204996.377617768] [lifecycle_manager_navigation]: Server planner_server connected with bond.
[lifecycle_manager-16] [INFO] [1791204996.377652332] [lifecycle_manager_navigation]: [34m[1mActivating behavior_server[0m[0m
[behavior_server-12] [INFO] [1791204996.377798547] [behavior_server]: Activating
[behavior_server-12] [INFO] [1791204996.377822363] [behavior_server]: Activating spin
[behavior_server-12] [INFO] [1791204996.377832598] [behavior_server]: Activating backup
[behavior_server-12] [INFO] [1791204996.377840782] [behavior_server]: Activating drive_on_heading
[behavior_server-12] [INFO] [1791204996.377848640] [behavior_server]: Activating assisted_teleop
[behavior_server-12] [INFO] [1791204996.377855815] [behavior_server]: Activating wait
[behavior_server-12] [INFO] [1791204996.377865616] [behavior_server]: Creating bond (behavior_server) to lifecycle manager.
[lifecycle_manager-16] [INFO] [1791204996.479295735] [lifecycle_manager_navigation]: Server behavior_server connected with bond.
[lifecycle_manager-16] [INFO] [1791204996.479327454] [lifecycle_manager_navigation]: [34m[1mActivating bt_navigator[0m[0m
[bt_navigator-13] [INFO] [1791204996.479451695] [bt_navigator]: Activating
[bt_navigator-13] [INFO] [1791204996.492087085] [bt_navigator]: Creating bond (bt_navigator) to lifecycle manager.
[lifecycle_manager-16] [INFO] [1791204996.593401635] [lifecycle_manager_navigation]: Server bt_navigator connected with bond.
[lifecycle_manager-16] [INFO] [1791204996.593436371] [lifecycle_manager_navigation]: [34m[1mActivating waypoint_follower[0m[0m
[waypoint_follower-14] [INFO] [1791204996.593591120] [waypoint_follower]: Activating
[waypoint_follower-14] [INFO] [1791204996.593622338] [waypoint_follower]: Creating bond (waypoint_follower) to lifecycle manager.
[lifecycle_manager-16] [INFO] [1791204996.694963120] [lifecycle_manager_navigation]: Server waypoint_follower connected with bond.
[lifecycle_manager-16] [INFO] [1791204996.694999949] [lifecycle_manager_navigation]: [34m[1mActivating velocity_smoother[0m[0m
[velocity_smoother-15] [INFO] [1791204996.695147914] [velocity_smoother]: Activating
[velocity_smoother-15] [INFO] [1791204996.695196097] [velocity_smoother]: Creating bond (velocity_smoother) to lifecycle manager.
[lifecycle_manager-16] [INFO] [1791204996.796700396] [lifecycle_manager_navigation]: Server velocity_smoother connected with bond.
[lifecycle_manager-16] [INFO] [1791204996.796731509] [lifecycle_manager_navigation]: [34m[1mManaged nodes are active[0m[0m
[lifecycle_manager-16] [INFO] [1791204996.796743859] [lifecycle_manager_navigation]: [34m[1mCreating bond timer...[0m[0m
[controller_server-9] [INFO] [1791204997.731908846] [controller_server]: Received a goal, begin computing control effort.
[robot_trail_publisher-5] [INFO] [1791204997.732352459] [robot_trail_publisher]: New run, trail cleared
[coverage_monitor-6] [INFO] [1791204997.904996331] [coverage_monitor]: New coverage path, field rebuilt
[controller_server-9] [INFO] [1791205002.798719727] [controller_server]: Passing new path to controller.
[controller_server-9] [INFO] [1791205002.799647576] [controller_server]: Optimizer reset
[controller_server-9] [INFO] [1791205008.665398807] [controller_server]: Passing new path to controller.
[controller_server-9] [INFO] [1791205012.698692404] [controller_server]: Passing new path to controller.
[controller_server-9] [INFO] [1791205012.699245322] [controller_server]: Optimizer reset
[controller_server-9] [INFO] [1791205020.098735155] [controller_server]: Passing new path to controller.
[controller_server-9] [INFO] [1791205024.432130961] [controller_server]: Reached the goal!
[WARNING] [launch]: user interrupted with ctrl-c (SIGINT)
[velocity_smoother-15] [INFO] [1791205024.801296921] [rclcpp]: signal_handler(SIGINT/SIGTERM)
[velocity_smoother-15] [INFO] [1791205024.801417872] [velocity_smoother]: Running Nav2 LifecycleNode rcl preshutdown (velocity_smoother)
[velocity_smoother-15] [INFO] [1791205024.801493954] [velocity_smoother]: Deactivating
[velocity_smoother-15] [INFO] [1791205024.801519596] [velocity_smoother]: Destroying bond (velocity_smoother) to lifecycle manager.
[behavior_server-12] [INFO] [1791205024.801306934] [rclcpp]: signal_handler(SIGINT/SIGTERM)
[behavior_server-12] [INFO] [1791205024.801384233] [behavior_server]: Running Nav2 LifecycleNode rcl preshutdown (behavior_server)
[behavior_server-12] [INFO] [1791205024.801459930] [behavior_server]: Deactivating
[behavior_server-12] [INFO] [1791205024.801496221] [behavior_server]: Destroying bond (behavior_server) to lifecycle manager.
[INFO] [lifecycle_manager-16]: sending signal 'SIGINT' to process[lifecycle_manager-16]
[INFO] [velocity_smoother-15]: sending signal 'SIGINT' to process[velocity_smoother-15]
[INFO] [waypoint_follower-14]: sending signal 'SIGINT' to process[waypoint_follower-14]
[INFO] [bt_navigator-13]: sending signal 'SIGINT' to process[bt_navigator-13]
[INFO] [behavior_server-12]: sending signal 'SIGINT' to process[behavior_server-12]
[INFO] [planner_server-11]: sending signal 'SIGINT' to process[planner_server-11]
[INFO] [smoother_server-10]: sending signal 'SIGINT' to process[smoother_server-10]
[INFO] [controller_server-9]: sending signal 'SIGINT' to process[controller_server-9]
[INFO] [lifecycle_manager-8]: sending signal 'SIGINT' to process[lifecycle_manager-8]
[INFO] [map_server-7]: sending signal 'SIGINT' to process[map_server-7]
[INFO] [coverage_monitor-6]: sending signal 'SIGINT' to process[coverage_monitor-6]
[INFO] [robot_trail_publisher-5]: sending signal 'SIGINT' to process[robot_trail_publisher-5]
[INFO] [ground_truth_tf_publisher-4]: sending signal 'SIGINT' to process[ground_truth_tf_publisher-4]
[INFO] [robot_state_publisher-2]: sending signal 'SIGINT' to process[robot_state_publisher-2]
[INFO] [gzserver-1]: sending signal 'SIGINT' to process[gzserver-1]
[lifecycle_manager-8] [INFO] [1791205024.801317539] [rclcpp]: signal_handler(SIGINT/SIGTERM)
[lifecycle_manager-8] [INFO] [1791205024.801383056] [lifecycle_manager_map_server]: Running Nav2 LifecycleManager rcl preshutdown (lifecycle_manager_map_server)
[lifecycle_manager-8] [INFO] [1791205024.801425686] [lifecycle_manager_map_server]: [34m[1mTerminating bond timer...[0m[0m
[robot_state_publisher-2] [INFO] [1791205024.801314692] [rclcpp]: signal_handler(SIGINT/SIGTERM)
[lifecycle_manager-16] [INFO] [1791205024.801313364] [rclcpp]: signal_handler(SIGINT/SIGTERM)
[lifecycle_manager-16] [INFO] [1791205024.801389751] [lifecycle_manager_navigation]: Running Nav2 LifecycleManager rcl preshutdown (lifecycle_manager_navigation)
[lifecycle_manager-16] [INFO] [1791205024.801429423] [lifecycle_manager_navigation]: [34m[1mTerminating bond timer...[0m[0m
[smoother_server-10] [INFO] [1791205024.801324119] [rclcpp]: signal_handler(SIGINT/SIGTERM)
[smoother_server-10] [INFO] [1791205024.801392938] [smoother_server]: Running Nav2 LifecycleNode rcl preshutdown (smoother_server)
[smoother_server-10] [INFO] [1791205024.801462817] [smoother_server]: Deactivating
[smoother_server-10] [INFO] [1791205024.801484739] [smoother_server]: Destroying bond (smoother_server) to lifecycle manager.
[controller_server-9] [INFO] [1791205024.801328864] [rclcpp]: signal_handler(SIGINT/SIGTERM)
[controller_server-9] [INFO] [1791205024.801385126] [controller_server]: Running Nav2 LifecycleNode rcl preshutdown (controller_server)
[controller_server-9] [INFO] [1791205024.801465767] [controller_server]: Deactivating
[controller_server-9] [INFO] [1791205024.801504333] [MPPIController]: Deactivated MPPI Controller: MPPI
[controller_server-9] [INFO] [1791205024.801512083] [controller_server]: Deactivating controller: RPP of type regulated_pure_pursuit_controller::RegulatedPurePursuitController
[controller_server-9] [INFO] [1791205024.801536994] [local_costmap.local_costmap]: Deactivating
[bt_navigator-13] [INFO] [1791205024.801330331] [rclcpp]: signal_handler(SIGINT/SIGTERM)
[bt_navigator-13] [INFO] [1791205024.801385317] [bt_navigator]: Running Nav2 LifecycleNode rcl preshutdown (bt_navigator)
[bt_navigator-13] [INFO] [1791205024.801463145] [bt_navigator]: Deactivating
[bt_navigator-13] [INFO] [1791205024.801486037] [bt_navigator]: Destroying bond (bt_navigator) to lifecycle manager.
[map_server-7] [INFO] [1791205024.801331854] [rclcpp]: signal_handler(SIGINT/SIGTERM)
[map_server-7] [INFO] [1791205024.801423396] [map_server]: Running Nav2 LifecycleNode rcl preshutdown (map_server)
[map_server-7] [INFO] [1791205024.801493516] [map_server]: Deactivating
[map_server-7] [INFO] [1791205024.801835766] [map_server]: Destroying bond (map_server) to lifecycle manager.
[waypoint_follower-14] [INFO] [1791205024.801332768] [rclcpp]: signal_handler(SIGINT/SIGTERM)
[waypoint_follower-14] [INFO] [1791205024.801421380] [waypoint_follower]: Running Nav2 LifecycleNode rcl preshutdown (waypoint_follower)
[waypoint_follower-14] [INFO] [1791205024.801489007] [waypoint_follower]: Deactivating
[waypoint_follower-14] [INFO] [1791205024.801508642] [waypoint_follower]: Destroying bond (waypoint_follower) to lifecycle manager.
[planner_server-11] [INFO] [1791205024.801625491] [rclcpp]: signal_handler(SIGINT/SIGTERM)
[planner_server-11] [INFO] [1791205024.801685992] [planner_server]: Running Nav2 LifecycleNode rcl preshutdown (planner_server)
[planner_server-11] [INFO] [1791205024.801744533] [planner_server]: Deactivating
[planner_server-11] [INFO] [1791205024.801777847] [global_costmap.global_costmap]: Deactivating
[smoother_server-10] [INFO] [1791205024.811710233] [smoother_server]: Cleaning up
[behavior_server-12] [INFO] [1791205024.811712482] [behavior_server]: Cleaning up
[waypoint_follower-14] [INFO] [1791205024.811719638] [waypoint_follower]: Cleaning up
[bt_navigator-13] [INFO] [1791205024.811725371] [bt_navigator]: Cleaning up
[velocity_smoother-15] [INFO] [1791205024.811741004] [velocity_smoother]: Cleaning up
[velocity_smoother-15] [INFO] [1791205024.811794679] [velocity_smoother]: Destroying bond (velocity_smoother) to lifecycle manager.
[map_server-7] [INFO] [1791205024.812073627] [map_server]: Cleaning up
[map_server-7] [INFO] [1791205024.812280955] [map_server]: Destroying bond (map_server) to lifecycle manager.
[velocity_smoother-15] [INFO] [1791205024.812874780] [rclcpp]: signal_handler(SIGINT/SIGTERM)
[behavior_server-12] [INFO] [1791205024.816681409] [behavior_server]: Destroying bond (behavior_server) to lifecycle manager.
[behavior_server-12] [INFO] [1791205024.817597594] [rclcpp]: signal_handler(SIGINT/SIGTERM)
[lifecycle_manager-8] [INFO] [1791205024.818500425] [rclcpp]: signal_handler(SIGINT/SIGTERM)
[map_server-7] [INFO] [1791205024.819803894] [rclcpp]: signal_handler(SIGINT/SIGTERM)
[waypoint_follower-14] [INFO] [1791205024.820712189] [waypoint_follower]: Destroying bond (waypoint_follower) to lifecycle manager.
[coverage_monitor-6] Traceback (most recent call last):
[coverage_monitor-6]   File "/home/nermin/Documents/Thesis/code/Autonomous-Lawn-Mower-Navigation/install/mower_sim/lib/mower_sim/coverage_monitor", line 33, in <module>
[coverage_monitor-6]     sys.exit(load_entry_point('mower-sim==0.0.0', 'console_scripts', 'coverage_monitor')())
[coverage_monitor-6]   File "/home/nermin/Documents/Thesis/code/Autonomous-Lawn-Mower-Navigation/install/mower_sim/lib/python3.10/site-packages/mower_sim/coverage_monitor.py", line 153, in main
[coverage_monitor-6]     node.destroy_node()
[coverage_monitor-6]   File "/opt/ros/humble/local/lib/python3.10/dist-packages/rclpy/node.py", line 1691, in destroy_node
[coverage_monitor-6]     self.destroy_service(self._services[0])
[coverage_monitor-6]   File "/opt/ros/humble/local/lib/python3.10/dist-packages/rclpy/node.py", line 1615, in destroy_service
[coverage_monitor-6]     service.destroy()
[coverage_monitor-6]   File "/opt/ros/humble/local/lib/python3.10/dist-packages/rclpy/service.py", line 93, in destroy
[coverage_monitor-6]     self.__service.destroy_when_not_in_use()
[coverage_monitor-6] KeyboardInterrupt
[waypoint_follower-14] [INFO] [1791205024.821810293] [rclcpp]: signal_handler(SIGINT/SIGTERM)
[robot_state_publisher-2] [INFO] [1791205024.825282313] [rclcpp]: signal_handler(SIGINT/SIGTERM)
[smoother_server-10] [INFO] [1791205024.829468515] [smoother_server]: Destroying bond (smoother_server) to lifecycle manager.
[smoother_server-10] [INFO] [1791205024.829923490] [rclcpp]: signal_handler(SIGINT/SIGTERM)
[smoother_server-10] [INFO] [1791205024.925860189] [smoother_server]: Destroying
[map_server-7] [INFO] [1791205024.948314916] [map_server]: Destroying
[lifecycle_manager-8] [INFO] [1791205024.949875141] [lifecycle_manager_map_server]: Destroying lifecycle_manager_map_server
[bt_navigator-13] [INFO] [1791205024.961524305] [bt_navigator]: Completed Cleaning up
[bt_navigator-13] [INFO] [1791205024.961564083] [bt_navigator]: Destroying bond (bt_navigator) to lifecycle manager.
[bt_navigator-13] [INFO] [1791205024.962662189] [rclcpp]: signal_handler(SIGINT/SIGTERM)
[ground_truth_tf_publisher-4] Traceback (most recent call last):
[ground_truth_tf_publisher-4]   File "/home/nermin/Documents/Thesis/code/Autonomous-Lawn-Mower-Navigation/install/mower_sim/lib/mower_sim/ground_truth_tf_publisher", line 33, in <module>
[ground_truth_tf_publisher-4]     sys.exit(load_entry_point('mower-sim==0.0.0', 'console_scripts', 'ground_truth_tf_publisher')())
[ground_truth_tf_publisher-4]   File "/home/nermin/Documents/Thesis/code/Autonomous-Lawn-Mower-Navigation/install/mower_sim/lib/python3.10/site-packages/mower_sim/ground_truth_tf_publisher.py", line 169, in main
[ground_truth_tf_publisher-4]     node.destroy_node()
[ground_truth_tf_publisher-4]   File "/opt/ros/humble/local/lib/python3.10/dist-packages/rclpy/node.py", line 1685, in destroy_node
[ground_truth_tf_publisher-4]     self.destroy_publisher(self._publishers[0])
[ground_truth_tf_publisher-4]   File "/opt/ros/humble/local/lib/python3.10/dist-packages/rclpy/node.py", line 1565, in destroy_publisher
[ground_truth_tf_publisher-4]     publisher.destroy()
[ground_truth_tf_publisher-4]   File "/opt/ros/humble/local/lib/python3.10/dist-packages/rclpy/publisher.py", line 99, in destroy
[ground_truth_tf_publisher-4]     self.__publisher.destroy_when_not_in_use()
[ground_truth_tf_publisher-4] KeyboardInterrupt
[velocity_smoother-15] [INFO] [1791205024.967014160] [velocity_smoother]: Destroying
[controller_server-9] [INFO] [1791205024.971030835] [controller_server]: Destroying bond (controller_server) to lifecycle manager.
[behavior_server-12] [INFO] [1791205024.980073245] [behavior_server]: Destroying
[controller_server-9] [INFO] [1791205024.981219001] [controller_server]: Cleaning up
[controller_server-9] [INFO] [1791205024.981300111] [MPPIController]: Cleaned up MPPI Controller: MPPI
[controller_server-9] [INFO] [1791205024.981305745] [controller_server]: Cleaning up controller: RPP of type regulated_pure_pursuit_controller::RegulatedPurePursuitController
[controller_server-9] [INFO] [1791205024.981391387] [local_costmap.local_costmap]: Cleaning up
[bt_navigator-13] [INFO] [1791205024.995034463] [bt_navigator]: Destroying
[waypoint_follower-14] [INFO] [1791205024.995647661] [waypoint_follower]: Destroying
[robot_trail_publisher-5] Traceback (most recent call last):
[robot_trail_publisher-5]   File "/home/nermin/Documents/Thesis/code/Autonomous-Lawn-Mower-Navigation/install/mower_sim/lib/mower_sim/robot_trail_publisher", line 33, in <module>
[robot_trail_publisher-5]     sys.exit(load_entry_point('mower-sim==0.0.0', 'console_scripts', 'robot_trail_publisher')())
[robot_trail_publisher-5]   File "/home/nermin/Documents/Thesis/code/Autonomous-Lawn-Mower-Navigation/install/mower_sim/lib/python3.10/site-packages/mower_sim/robot_trail_publisher.py", line 98, in main
[robot_trail_publisher-5]     node.destroy_node()
[robot_trail_publisher-5]   File "/opt/ros/humble/local/lib/python3.10/dist-packages/rclpy/node.py", line 1696, in destroy_node
[robot_trail_publisher-5]     self.__node.destroy_when_not_in_use()
[robot_trail_publisher-5] KeyboardInterrupt
[INFO] [robot_state_publisher-2]: process has finished cleanly [pid 211669]
[controller_server-9] [INFO] [1791205025.011321195] [controller_server]: Destroying bond (controller_server) to lifecycle manager.
[controller_server-9] [INFO] [1791205025.013455484] [rclcpp]: signal_handler(SIGINT/SIGTERM)
[ERROR] [coverage_monitor-6]: process has died [pid 211677, exit code -2, cmd '/home/nermin/Documents/Thesis/code/Autonomous-Lawn-Mower-Navigation/install/mower_sim/lib/mower_sim/coverage_monitor --ros-args --params-file /tmp/launch_params_z7c012ta'].
[ERROR] [robot_trail_publisher-5]: process has died [pid 211675, exit code -2, cmd '/home/nermin/Documents/Thesis/code/Autonomous-Lawn-Mower-Navigation/install/mower_sim/lib/mower_sim/robot_trail_publisher --ros-args --params-file /tmp/launch_params_zdaxmei8'].
[INFO] [lifecycle_manager-8]: process has finished cleanly [pid 212040]
[INFO] [velocity_smoother-15]: process has finished cleanly [pid 212054]
[INFO] [behavior_server-12]: process has finished cleanly [pid 212048]
[INFO] [map_server-7]: process has finished cleanly [pid 212038]
[INFO] [smoother_server-10]: process has finished cleanly [pid 212044]
[ERROR] [ground_truth_tf_publisher-4]: process has died [pid 211673, exit code -2, cmd '/home/nermin/Documents/Thesis/code/Autonomous-Lawn-Mower-Navigation/install/mower_sim/lib/mower_sim/ground_truth_tf_publisher --ros-args --params-file /tmp/launch_params_uvt3_juf'].
[controller_server-9] [INFO] [1791205025.124059196] [local_costmap.local_costmap]: Destroying
[controller_server-9] [INFO] [1791205025.146059594] [controller_server]: Destroying
[lifecycle_manager-16] [INFO] [1791205025.153648076] [rclcpp]: signal_handler(SIGINT/SIGTERM)
[lifecycle_manager-16] [INFO] [1791205025.154870461] [lifecycle_manager_navigation]: Destroying lifecycle_manager_navigation
[INFO] [waypoint_follower-14]: process has finished cleanly [pid 212052]
[INFO] [bt_navigator-13]: process has finished cleanly [pid 212050]
[planner_server-11] [INFO] [1791205025.225510024] [planner_server]: Deactivating plugin GridBased of type NavfnPlanner
[planner_server-11] [INFO] [1791205025.225548640] [planner_server]: Destroying bond (planner_server) to lifecycle manager.
[INFO] [gzserver-1]: process has finished cleanly [pid 211667]
[gzserver-1] [0m[1;32m[0m[1;32m[0m[1;36m[0m[1;32m[0m
[gzserver-1] [1;33m[0m[1;31m[0m
[planner_server-11] [INFO] [1791205025.235687650] [planner_server]: Cleaning up
[planner_server-11] [INFO] [1791205025.242939980] [global_costmap.global_costmap]: Cleaning up
[planner_server-11] [INFO] [1791205025.245265436] [planner_server]: Cleaning up plugin GridBased of type NavfnPlanner
[planner_server-11] [INFO] [1791205025.245360609] [planner_server]: Destroying plugin GridBased of type NavfnPlanner
[planner_server-11] [INFO] [1791205025.250597239] [planner_server]: Destroying bond (planner_server) to lifecycle manager.
[planner_server-11] [INFO] [1791205025.252883161] [rclcpp]: signal_handler(SIGINT/SIGTERM)
[planner_server-11] [INFO] [1791205025.255011901] [global_costmap.global_costmap]: Destroying
[planner_server-11] [INFO] [1791205025.273770795] [planner_server]: Destroying
[INFO] [controller_server-9]: process has finished cleanly [pid 212042]
[INFO] [lifecycle_manager-16]: process has finished cleanly [pid 212056]
[INFO] [planner_server-11]: process has finished cleanly [pid 212046]
