[INFO] [launch]: All log files can be found below /home/nermin/.ros/log/2026-10-05-17-56-14-678838-Nermin-8368
[INFO] [launch]: Default logging verbosity is set to INFO

[mower_sim] Controller: SWITCHING
[mower_sim] Odometry: ground_truth
[mower_sim] Params: /home/nermin/Documents/Thesis/code/Autonomous-Lawn-Mower-Navigation/install/mower_sim/share/mower_sim/config/nav2_switching.yaml

[INFO] [gzserver-1]: process started with pid [8386]
[INFO] [robot_state_publisher-2]: process started with pid [8388]
[INFO] [spawn_entity.py-3]: process started with pid [8390]
[INFO] [ground_truth_tf_publisher-4]: process started with pid [8392]
[INFO] [robot_trail_publisher-5]: process started with pid [8394]
[INFO] [coverage_monitor-6]: process started with pid [8396]
[robot_state_publisher-2] [INFO] [1791215774.801430656] [robot_state_publisher]: got segment base_footprint
[robot_state_publisher-2] [INFO] [1791215774.801491652] [robot_state_publisher]: got segment base_link
[robot_state_publisher-2] [INFO] [1791215774.801500165] [robot_state_publisher]: got segment base_scan
[robot_state_publisher-2] [INFO] [1791215774.801504934] [robot_state_publisher]: got segment front_left_caster
[robot_state_publisher-2] [INFO] [1791215774.801509651] [robot_state_publisher]: got segment front_right_caster
[robot_state_publisher-2] [INFO] [1791215774.801514268] [robot_state_publisher]: got segment left_wheel
[robot_state_publisher-2] [INFO] [1791215774.801518998] [robot_state_publisher]: got segment right_wheel
[gzserver-1] Gazebo multi-robot simulator, version 11.10.2
[gzserver-1] Copyright (C) 2012 Open Source Robotics Foundation.
[gzserver-1] Released under the Apache 2 License.
[gzserver-1] http://gazebosim.org
[gzserver-1] 
[coverage_monitor-6] [INFO] [1791215775.208558284] [coverage_monitor]: Coverage monitor: field from /coverage_path
[robot_trail_publisher-5] [INFO] [1791215775.215224775] [robot_trail_publisher]: Robot trail: /ground_truth/pose on /robot_trail
[ground_truth_tf_publisher-4] [INFO] [1791215775.242404798] [ground_truth_tf_publisher]: Ground truth TF publisher started for "mower": map -> odom (ground truth correction)
[spawn_entity.py-3] [INFO] [1791215775.251070965] [spawn_entity]: Spawn Entity started
[spawn_entity.py-3] [INFO] [1791215775.251328331] [spawn_entity]: Loading entity published on topic robot_description
[gzserver-1] [1;33m[Wrn] [gazebo_ros_init.cpp:178] [0m[1;33m
[gzserver-1] #     # ####### ####### ###  #####  #######
[gzserver-1] ##    # #     #    #     #  #     # #
[gzserver-1] # #   # #     #    #     #  #       #
[gzserver-1] #  #  # #     #    #     #  #       #####
[gzserver-1] #   # # #     #    #     #  #       #
[gzserver-1] #    ## #     #    #     #  #     # #
[gzserver-1] #     # #######    #    ###  #####  #######
[gzserver-1] 
[gzserver-1] This version of Gazebo, now called Gazebo classic, reaches end-of-life
[gzserver-1] in January 2025. Users are highly encouraged to migrate to the new Gazebo
[gzserver-1] using our migration guides (https://gazebosim.org/docs/latest/gazebo_classic_migration?utm_source=gazebo_ros_pkgs&utm_medium=cli)
[gzserver-1] 
[gzserver-1] [0m[1;33m
[spawn_entity.py-3] [INFO] [1791215775.252437984] [spawn_entity]: Waiting for entity xml on robot_description
[spawn_entity.py-3] [INFO] [1791215775.253964142] [spawn_entity]: Waiting for service /spawn_entity, timeout = 120
[spawn_entity.py-3] [INFO] [1791215775.254178800] [spawn_entity]: Waiting for service /spawn_entity
[spawn_entity.py-3] [INFO] [1791215775.506313451] [spawn_entity]: Calling service /spawn_entity
[gzserver-1] [0m[1;33m[0m[1;33m[0m[INFO] [1791215775.722740004] [gazebo.gazebo_ros_state]: Publishing states of gazebo models at [/gazebo/model_states]
[gzserver-1] [INFO] [1791215775.723105691] [gazebo.gazebo_ros_state]: Publishing states of gazebo links at [/gazebo/link_states]
[spawn_entity.py-3] [INFO] [1791215775.812134786] [spawn_entity]: Spawn status: SpawnEntity: Successfully spawned entity [mower]
[gzserver-1] [INFO] [1791215775.921486738] [diff_drive]: Wheel pair 1 separation set to [0.700000m]
[gzserver-1] [INFO] [1791215775.921520200] [diff_drive]: Wheel pair 1 diameter set to [0.300000m]
[gzserver-1] [INFO] [1791215775.921859278] [diff_drive]: Subscribed to [/cmd_vel]
[gzserver-1] [INFO] [1791215775.922545321] [diff_drive]: Advertise odometry on [/odom]
[gzserver-1] [INFO] [1791215775.923356449] [diff_drive]: Publishing odom transforms between [odom] and [base_footprint]
[gzserver-1] [INFO] [1791215775.928236072] [joint_states]: Going to publish joint [left_wheel_joint]
[gzserver-1] [INFO] [1791215775.928252389] [joint_states]: Going to publish joint [right_wheel_joint]
[INFO] [spawn_entity.py-3]: process has finished cleanly [pid 8390]
[gzserver-1] [1;32m[Msg] [0m[1;32mWaiting for master.[0m[1;32m
[gzserver-1] [0m[1;32m[0m[1;32m[0m[1;32m[Msg] [0m[1;32mConnected to gazebo master @ [0m[1;32mhttp://127.0.0.1:11345[0m[1;32m
[gzserver-1] [0m[1;32m[0m[1;32m[0m[1;32m[Msg] [0m[1;32mPublicized address: [0m[1;32m192.168.1.6[0m[1;32m
[gzserver-1] [0m[1;32m[0m[1;32m[0m[1;32m[Msg] [0m[1;32mLoading world file [[0m[1;32m/home/nermin/Documents/Thesis/code/Autonomous-Lawn-Mower-Navigation/install/mower_sim/share/mower_sim/worlds/empty_field.world[0m[1;32m][0m[1;32m
[INFO] [map_server-7]: process started with pid [8799]
[INFO] [lifecycle_manager-8]: process started with pid [8801]
[INFO] [controller_server-9]: process started with pid [8803]
[INFO] [smoother_server-10]: process started with pid [8805]
[INFO] [planner_server-11]: process started with pid [8807]
[INFO] [behavior_server-12]: process started with pid [8809]
[INFO] [bt_navigator-13]: process started with pid [8811]
[INFO] [waypoint_follower-14]: process started with pid [8813]
[INFO] [velocity_smoother-15]: process started with pid [8815]
[INFO] [lifecycle_manager-16]: process started with pid [8817]
[lifecycle_manager-8] [INFO] [1791215794.926632456] [lifecycle_manager_map_server]: Creating
[lifecycle_manager-8] [INFO] [1791215794.927887608] [lifecycle_manager_map_server]: [34m[1mCreating and initializing lifecycle service clients[0m[0m
[controller_server-9] [INFO] [1791215794.939500348] [controller_server]: 
[controller_server-9] 	controller_server lifecycle node launched. 
[controller_server-9] 	Waiting on external lifecycle transitions to activate
[controller_server-9] 	See https://design.ros2.org/articles/node_lifecycle.html for more information.
[smoother_server-10] [INFO] [1791215794.941240682] [smoother_server]: 
[smoother_server-10] 	smoother_server lifecycle node launched. 
[smoother_server-10] 	Waiting on external lifecycle transitions to activate
[smoother_server-10] 	See https://design.ros2.org/articles/node_lifecycle.html for more information.
[lifecycle_manager-16] [INFO] [1791215794.942171020] [lifecycle_manager_navigation]: Creating
[smoother_server-10] [INFO] [1791215794.942572793] [smoother_server]: Creating smoother server
[lifecycle_manager-16] [INFO] [1791215794.944185421] [lifecycle_manager_navigation]: [34m[1mCreating and initializing lifecycle service clients[0m[0m
[controller_server-9] [INFO] [1791215794.945521946] [controller_server]: Creating controller server
[planner_server-11] [INFO] [1791215794.945769503] [planner_server]: 
[planner_server-11] 	planner_server lifecycle node launched. 
[planner_server-11] 	Waiting on external lifecycle transitions to activate
[planner_server-11] 	See https://design.ros2.org/articles/node_lifecycle.html for more information.
[waypoint_follower-14] [INFO] [1791215794.945824775] [waypoint_follower]: 
[waypoint_follower-14] 	waypoint_follower lifecycle node launched. 
[waypoint_follower-14] 	Waiting on external lifecycle transitions to activate
[waypoint_follower-14] 	See https://design.ros2.org/articles/node_lifecycle.html for more information.
[waypoint_follower-14] [INFO] [1791215794.946259295] [waypoint_follower]: Creating
[lifecycle_manager-8] [INFO] [1791215794.946277350] [lifecycle_manager_map_server]: [34m[1mStarting managed nodes bringup...[0m[0m
[lifecycle_manager-8] [INFO] [1791215794.946313400] [lifecycle_manager_map_server]: [34m[1mConfiguring map_server[0m[0m
[map_server-7] [INFO] [1791215794.946550800] [map_server]: 
[map_server-7] 	map_server lifecycle node launched. 
[map_server-7] 	Waiting on external lifecycle transitions to activate
[map_server-7] 	See https://design.ros2.org/articles/node_lifecycle.html for more information.
[map_server-7] [INFO] [1791215794.946607205] [map_server]: Creating
[planner_server-11] [INFO] [1791215794.947750639] [planner_server]: Creating
[velocity_smoother-15] [INFO] [1791215794.947930552] [velocity_smoother]: 
[velocity_smoother-15] 	velocity_smoother lifecycle node launched. 
[velocity_smoother-15] 	Waiting on external lifecycle transitions to activate
[velocity_smoother-15] 	See https://design.ros2.org/articles/node_lifecycle.html for more information.
[bt_navigator-13] [INFO] [1791215794.950199951] [bt_navigator]: 
[bt_navigator-13] 	bt_navigator lifecycle node launched. 
[bt_navigator-13] 	Waiting on external lifecycle transitions to activate
[bt_navigator-13] 	See https://design.ros2.org/articles/node_lifecycle.html for more information.
[bt_navigator-13] [INFO] [1791215794.950272476] [bt_navigator]: Creating
[controller_server-9] [INFO] [1791215794.952714667] [local_costmap.local_costmap]: 
[controller_server-9] 	local_costmap lifecycle node launched. 
[controller_server-9] 	Waiting on external lifecycle transitions to activate
[controller_server-9] 	See https://design.ros2.org/articles/node_lifecycle.html for more information.
[controller_server-9] [INFO] [1791215794.954272905] [local_costmap.local_costmap]: Creating Costmap
[planner_server-11] [INFO] [1791215794.959747406] [global_costmap.global_costmap]: 
[planner_server-11] 	global_costmap lifecycle node launched. 
[planner_server-11] 	Waiting on external lifecycle transitions to activate
[planner_server-11] 	See https://design.ros2.org/articles/node_lifecycle.html for more information.
[planner_server-11] [INFO] [1791215794.960212617] [global_costmap.global_costmap]: Creating Costmap
[behavior_server-12] [INFO] [1791215794.960263786] [behavior_server]: 
[behavior_server-12] 	behavior_server lifecycle node launched. 
[behavior_server-12] 	Waiting on external lifecycle transitions to activate
[behavior_server-12] 	See https://design.ros2.org/articles/node_lifecycle.html for more information.
[map_server-7] [INFO] [1791215794.969002285] [map_server]: Configuring
[map_server-7] [INFO] [1791215794.969066913] [map_io]: Loading yaml file: /home/nermin/Documents/Thesis/code/Autonomous-Lawn-Mower-Navigation/install/mower_sim/share/mower_sim/maps/empty_map.yaml
[map_server-7] [INFO] [1791215794.969243662] [map_io]: resolution: 0.05
[map_server-7] [INFO] [1791215794.969249692] [map_io]: origin[0]: -50
[map_server-7] [INFO] [1791215794.969252166] [map_io]: origin[1]: -50
[map_server-7] [INFO] [1791215794.969254594] [map_io]: origin[2]: 0
[map_server-7] [INFO] [1791215794.969257172] [map_io]: free_thresh: 0.196
[map_server-7] [INFO] [1791215794.969259644] [map_io]: occupied_thresh: 0.65
[map_server-7] [INFO] [1791215794.969262624] [map_io]: mode: trinary
[map_server-7] [INFO] [1791215794.969265692] [map_io]: negate: 0
[map_server-7] [INFO] [1791215794.969402723] [map_io]: Loading image_file: /home/nermin/Documents/Thesis/code/Autonomous-Lawn-Mower-Navigation/install/mower_sim/share/mower_sim/maps/empty_map.pgm
[lifecycle_manager-16] [INFO] [1791215795.065924950] [lifecycle_manager_navigation]: [34m[1mStarting managed nodes bringup...[0m[0m
[lifecycle_manager-16] [INFO] [1791215795.065970708] [lifecycle_manager_navigation]: [34m[1mConfiguring controller_server[0m[0m
[controller_server-9] [INFO] [1791215795.066107583] [controller_server]: Configuring controller interface
[controller_server-9] [INFO] [1791215795.066216254] [controller_server]: getting goal checker plugins..
[controller_server-9] [INFO] [1791215795.066233983] [controller_server]: Controller frequency set to 30.0000Hz
[controller_server-9] [INFO] [1791215795.066262768] [local_costmap.local_costmap]: Configuring
[controller_server-9] [INFO] [1791215795.068150236] [local_costmap.local_costmap]: Using plugin "static_layer"
[controller_server-9] [INFO] [1791215795.070285362] [local_costmap.local_costmap]: Subscribing to the map topic (/map) with transient local durability
[controller_server-9] [INFO] [1791215795.070602176] [local_costmap.local_costmap]: Initialized plugin "static_layer"
[controller_server-9] [INFO] [1791215795.070615474] [local_costmap.local_costmap]: Using plugin "voxel_layer"
[controller_server-9] [INFO] [1791215795.070932139] [local_costmap.local_costmap]: Subscribed to Topics: scan
[controller_server-9] [INFO] [1791215795.073455256] [local_costmap.local_costmap]: Initialized plugin "voxel_layer"
[controller_server-9] [INFO] [1791215795.073473732] [local_costmap.local_costmap]: Using plugin "inflation_layer"
[controller_server-9] [INFO] [1791215795.074037302] [local_costmap.local_costmap]: Initialized plugin "inflation_layer"
[controller_server-9] [INFO] [1791215795.076294157] [controller_server]: Created progress_checker : progress_checker of type nav2_controller::SimpleProgressChecker
[controller_server-9] [INFO] [1791215795.076696746] [controller_server]: Created goal checker : general_goal_checker of type nav2_controller::SimpleGoalChecker
[controller_server-9] [INFO] [1791215795.076871053] [controller_server]: Controller Server has general_goal_checker  goal checkers available.
[controller_server-9] [INFO] [1791215795.077219009] [controller_server]: Created controller : RPP of type nav2_regulated_pure_pursuit_controller::RegulatedPurePursuitController
[controller_server-9] [INFO] [1791215795.079546209] [controller_server]: Created controller : MPPI of type nav2_mppi_controller::MPPIController
[controller_server-9] [WARN] [1791215795.080409237] [controller_server]: Controller period is less then model dt, consider setting it equal
[controller_server-9] [INFO] [1791215795.081134699] [controller_server]: ConstraintCritic instantiated with 1 power and 4.000000 weight.
[controller_server-9] [INFO] [1791215795.081156573] [controller_server]: Critic loaded : mppi::critics::ConstraintCritic
[controller_server-9] [INFO] [1791215795.081388129] [controller_server]: GoalCritic instantiated with 1 power and 2.000000 weight.
[controller_server-9] [INFO] [1791215795.081401906] [controller_server]: Critic loaded : mppi::critics::GoalCritic
[controller_server-9] [INFO] [1791215795.081602908] [controller_server]: GoalAngleCritic instantiated with 1 power, 1.000000 weight, and 0.300000 angular threshold.
[controller_server-9] [INFO] [1791215795.081617937] [controller_server]: Critic loaded : mppi::critics::GoalAngleCritic
[controller_server-9] [INFO] [1791215795.082050865] [controller_server]: ReferenceTrajectoryCritic instantiated with 1 power and 14.000000 weight
[controller_server-9] [INFO] [1791215795.082067269] [controller_server]: Critic loaded : mppi::critics::PathAlignCritic
[controller_server-9] [INFO] [1791215795.082369698] [controller_server]: Critic loaded : mppi::critics::PathFollowCritic
[controller_server-9] [INFO] [1791215795.082807819] [controller_server]: PathAngleCritic instantiated with 1 power and 2.000000 weight. Reversing allowed.
[controller_server-9] [INFO] [1791215795.082820855] [controller_server]: Critic loaded : mppi::critics::PathAngleCritic
[controller_server-9] [INFO] [1791215795.083313038] [controller_server]: ObstaclesCritic instantiated with 1 power and 20.000000 / 2.000000 weights. Critic will collision check based on footprint cost.
[controller_server-9] [INFO] [1791215795.083327737] [controller_server]: Critic loaded : mppi::critics::ObstaclesCritic
[controller_server-9] [INFO] [1791215795.083544873] [controller_server]: PreferForwardCritic instantiated with 1 power and 1.000000 weight.
[controller_server-9] [INFO] [1791215795.083574092] [controller_server]: Critic loaded : mppi::critics::PreferForwardCritic
[controller_server-9] [INFO] [1791215795.083800838] [controller_server]: VelocityDeadbandCritic instantiated with 1 power, 0.5 weight, deadband_velocity [0.02,0,0.02]
[controller_server-9] [INFO] [1791215795.083811416] [controller_server]: Critic loaded : mppi::critics::VelocityDeadbandCritic
[controller_server-9] [INFO] [1791215795.083973059] [controller_server]: TwirlingCritic instantiated with 1 power and 1.000000 weight.
[controller_server-9] [INFO] [1791215795.083985612] [controller_server]: Critic loaded : mppi::critics::TwirlingCritic
[controller_server-9] [INFO] [1791215795.085414655] [controller_server]: Optimizer reset
[controller_server-9] [INFO] [1791215795.086425291] [MPPIController]: Configured MPPI Controller: MPPI
[controller_server-9] [INFO] [1791215795.087346501] [controller_server]: Created controller : DWB of type dwb_core::DWBLocalPlanner
[controller_server-9] [INFO] [1791215795.087873094] [controller_server]: Setting transform_tolerance to 0.200000
[controller_server-9] [INFO] [1791215795.091316303] [controller_server]: Using critic "RotateToGoal" (dwb_critics::RotateToGoalCritic)
[controller_server-9] [INFO] [1791215795.091622219] [controller_server]: Critic plugin initialized
[controller_server-9] [INFO] [1791215795.091696187] [controller_server]: Using critic "BaseObstacle" (dwb_critics::BaseObstacleCritic)
[controller_server-9] [INFO] [1791215795.091806334] [controller_server]: Critic plugin initialized
[controller_server-9] [INFO] [1791215795.091871919] [controller_server]: Using critic "PathAlign" (dwb_critics::PathAlignCritic)
[controller_server-9] [INFO] [1791215795.092083913] [controller_server]: Critic plugin initialized
[controller_server-9] [INFO] [1791215795.092176751] [controller_server]: Using critic "PathDist" (dwb_critics::PathDistCritic)
[controller_server-9] [INFO] [1791215795.092351798] [controller_server]: Critic plugin initialized
[controller_server-9] [INFO] [1791215795.092441514] [controller_server]: Using critic "GoalDist" (dwb_critics::GoalDistCritic)
[controller_server-9] [INFO] [1791215795.092618680] [controller_server]: Critic plugin initialized
[controller_server-9] [INFO] [1791215795.092629046] [controller_server]: Controller Server has RPP MPPI DWB  controllers available.
[lifecycle_manager-16] [INFO] [1791215795.094676227] [lifecycle_manager_navigation]: [34m[1mConfiguring smoother_server[0m[0m
[smoother_server-10] [INFO] [1791215795.094794823] [smoother_server]: Configuring smoother server
[smoother_server-10] [INFO] [1791215795.097903169] [smoother_server]: Created smoother : simple_smoother of type nav2_smoother::SimpleSmoother
[smoother_server-10] [INFO] [1791215795.098192574] [smoother_server]: Smoother Server has simple_smoother  smoothers available.
[lifecycle_manager-16] [INFO] [1791215795.099640996] [lifecycle_manager_navigation]: [34m[1mConfiguring planner_server[0m[0m
[planner_server-11] [INFO] [1791215795.099763581] [planner_server]: Configuring
[planner_server-11] [INFO] [1791215795.099791921] [global_costmap.global_costmap]: Configuring
[planner_server-11] [INFO] [1791215795.101540923] [global_costmap.global_costmap]: Using plugin "static_layer"
[planner_server-11] [INFO] [1791215795.103640153] [global_costmap.global_costmap]: Subscribing to the map topic (/map) with transient local durability
[planner_server-11] [INFO] [1791215795.103950606] [global_costmap.global_costmap]: Initialized plugin "static_layer"
[planner_server-11] [INFO] [1791215795.103963664] [global_costmap.global_costmap]: Using plugin "obstacle_layer"
[planner_server-11] [INFO] [1791215795.104290107] [global_costmap.global_costmap]: Subscribed to Topics: scan
[planner_server-11] [INFO] [1791215795.105517899] [global_costmap.global_costmap]: Initialized plugin "obstacle_layer"
[planner_server-11] [INFO] [1791215795.105537288] [global_costmap.global_costmap]: Using plugin "inflation_layer"
[planner_server-11] [INFO] [1791215795.106005918] [global_costmap.global_costmap]: Initialized plugin "inflation_layer"
[planner_server-11] [INFO] [1791215795.108618119] [planner_server]: Created global planner plugin GridBased of type nav2_navfn_planner/NavfnPlanner
[planner_server-11] [INFO] [1791215795.108638284] [planner_server]: Configuring plugin GridBased of type NavfnPlanner
[planner_server-11] [INFO] [1791215795.108941184] [planner_server]: Planner Server has GridBased  planners available.
[lifecycle_manager-16] [INFO] [1791215795.111533486] [lifecycle_manager_navigation]: [34m[1mConfiguring behavior_server[0m[0m
[behavior_server-12] [INFO] [1791215795.111638137] [behavior_server]: Configuring
[behavior_server-12] [INFO] [1791215795.114321077] [behavior_server]: Creating behavior plugin spin of type nav2_behaviors/Spin
[behavior_server-12] [INFO] [1791215795.114831080] [behavior_server]: Configuring spin
[behavior_server-12] [INFO] [1791215795.116321695] [behavior_server]: Creating behavior plugin backup of type nav2_behaviors/BackUp
[behavior_server-12] [INFO] [1791215795.116808224] [behavior_server]: Configuring backup
[behavior_server-12] [INFO] [1791215795.118086607] [behavior_server]: Creating behavior plugin drive_on_heading of type nav2_behaviors/DriveOnHeading
[behavior_server-12] [INFO] [1791215795.118472439] [behavior_server]: Configuring drive_on_heading
[behavior_server-12] [INFO] [1791215795.119697630] [behavior_server]: Creating behavior plugin assisted_teleop of type nav2_behaviors/AssistedTeleop
[behavior_server-12] [INFO] [1791215795.120605542] [behavior_server]: Configuring assisted_teleop
[behavior_server-12] [INFO] [1791215795.122222103] [behavior_server]: Creating behavior plugin wait of type nav2_behaviors/Wait
[behavior_server-12] [INFO] [1791215795.122614783] [behavior_server]: Configuring wait
[lifecycle_manager-16] [INFO] [1791215795.123799863] [lifecycle_manager_navigation]: [34m[1mConfiguring bt_navigator[0m[0m
[bt_navigator-13] [INFO] [1791215795.123903511] [bt_navigator]: Configuring
[lifecycle_manager-16] [INFO] [1791215795.150036766] [lifecycle_manager_navigation]: [34m[1mConfiguring waypoint_follower[0m[0m
[waypoint_follower-14] [INFO] [1791215795.150148020] [waypoint_follower]: Configuring
[waypoint_follower-14] [INFO] [1791215795.153214836] [waypoint_follower]: Created waypoint_task_executor : wait_at_waypoint of type nav2_waypoint_follower::WaitAtWaypoint
[lifecycle_manager-16] [INFO] [1791215795.153629756] [lifecycle_manager_navigation]: [34m[1mConfiguring velocity_smoother[0m[0m
[velocity_smoother-15] [INFO] [1791215795.153789303] [velocity_smoother]: Configuring velocity smoother
[lifecycle_manager-16] [INFO] [1791215795.155224631] [lifecycle_manager_navigation]: [34m[1mActivating controller_server[0m[0m
[controller_server-9] [INFO] [1791215795.155312245] [controller_server]: Activating
[controller_server-9] [INFO] [1791215795.155341820] [local_costmap.local_costmap]: Activating
[controller_server-9] [INFO] [1791215795.155350512] [local_costmap.local_costmap]: Checking transform
[controller_server-9] [INFO] [1791215795.155423751] [local_costmap.local_costmap]: start
[map_server-7] [INFO] [1791215795.232892112] [map_io]: Read map /home/nermin/Documents/Thesis/code/Autonomous-Lawn-Mower-Navigation/install/mower_sim/share/mower_sim/maps/empty_map.pgm: 2000 X 2000 map @ 0.05 m/cell
[lifecycle_manager-8] [INFO] [1791215795.239027217] [lifecycle_manager_map_server]: [34m[1mActivating map_server[0m[0m
[map_server-7] [INFO] [1791215795.239111134] [map_server]: Activating
[map_server-7] [INFO] [1791215795.243233935] [map_server]: Creating bond (map_server) to lifecycle manager.
[planner_server-11] [INFO] [1791215795.246734739] [global_costmap.global_costmap]: StaticLayer: Resizing costmap to 2000 X 2000 at 0.050000 m/pix
[controller_server-9] [INFO] [1791215795.248090669] [local_costmap.local_costmap]: StaticLayer: Resizing static layer to 2000 X 2000 at 0.050000 m/pix
[lifecycle_manager-8] [INFO] [1791215795.344847853] [lifecycle_manager_map_server]: Server map_server connected with bond.
[lifecycle_manager-8] [INFO] [1791215795.344883378] [lifecycle_manager_map_server]: [34m[1mManaged nodes are active[0m[0m
[lifecycle_manager-8] [INFO] [1791215795.344895669] [lifecycle_manager_map_server]: [34m[1mCreating bond timer...[0m[0m
[controller_server-9] [WARN] [1791215795.405764052] [controller_server]: Parameter controller_server.verbose not found
[controller_server-9] [INFO] [1791215795.406410393] [controller_server]: Optimizer reset
[controller_server-9] [INFO] [1791215795.406525383] [MPPIController]: Activated MPPI Controller: MPPI
[controller_server-9] [INFO] [1791215795.406550871] [controller_server]: Activating controller: RPP of type regulated_pure_pursuit_controller::RegulatedPurePursuitController
[controller_server-9] [INFO] [1791215795.406574643] [controller_server]: Creating bond (controller_server) to lifecycle manager.
[lifecycle_manager-16] [INFO] [1791215795.508105832] [lifecycle_manager_navigation]: Server controller_server connected with bond.
[lifecycle_manager-16] [INFO] [1791215795.508140350] [lifecycle_manager_navigation]: [34m[1mActivating smoother_server[0m[0m
[smoother_server-10] [INFO] [1791215795.508284685] [smoother_server]: Activating
[smoother_server-10] [INFO] [1791215795.508311585] [smoother_server]: Creating bond (smoother_server) to lifecycle manager.
[lifecycle_manager-16] [INFO] [1791215795.609488816] [lifecycle_manager_navigation]: Server smoother_server connected with bond.
[lifecycle_manager-16] [INFO] [1791215795.609519972] [lifecycle_manager_navigation]: [34m[1mActivating planner_server[0m[0m
[planner_server-11] [INFO] [1791215795.609653021] [planner_server]: Activating
[planner_server-11] [INFO] [1791215795.609685356] [global_costmap.global_costmap]: Activating
[planner_server-11] [INFO] [1791215795.609694777] [global_costmap.global_costmap]: Checking transform
[planner_server-11] [INFO] [1791215795.609764412] [global_costmap.global_costmap]: start
[planner_server-11] [INFO] [1791215796.660102033] [planner_server]: Activating plugin GridBased of type NavfnPlanner
[planner_server-11] [INFO] [1791215796.660482442] [planner_server]: Creating bond (planner_server) to lifecycle manager.
[lifecycle_manager-16] [INFO] [1791215796.761789078] [lifecycle_manager_navigation]: Server planner_server connected with bond.
[lifecycle_manager-16] [INFO] [1791215796.761825575] [lifecycle_manager_navigation]: [34m[1mActivating behavior_server[0m[0m
[behavior_server-12] [INFO] [1791215796.761976425] [behavior_server]: Activating
[behavior_server-12] [INFO] [1791215796.761998493] [behavior_server]: Activating spin
[behavior_server-12] [INFO] [1791215796.762008052] [behavior_server]: Activating backup
[behavior_server-12] [INFO] [1791215796.762015171] [behavior_server]: Activating drive_on_heading
[behavior_server-12] [INFO] [1791215796.762022466] [behavior_server]: Activating assisted_teleop
[behavior_server-12] [INFO] [1791215796.762028813] [behavior_server]: Activating wait
[behavior_server-12] [INFO] [1791215796.762037875] [behavior_server]: Creating bond (behavior_server) to lifecycle manager.
[lifecycle_manager-16] [INFO] [1791215796.863293977] [lifecycle_manager_navigation]: Server behavior_server connected with bond.
[lifecycle_manager-16] [INFO] [1791215796.863323737] [lifecycle_manager_navigation]: [34m[1mActivating bt_navigator[0m[0m
[bt_navigator-13] [INFO] [1791215796.863468221] [bt_navigator]: Activating
[bt_navigator-13] [INFO] [1791215796.876255455] [bt_navigator]: Creating bond (bt_navigator) to lifecycle manager.
[lifecycle_manager-16] [INFO] [1791215796.977565416] [lifecycle_manager_navigation]: Server bt_navigator connected with bond.
[lifecycle_manager-16] [INFO] [1791215796.977598421] [lifecycle_manager_navigation]: [34m[1mActivating waypoint_follower[0m[0m
[waypoint_follower-14] [INFO] [1791215796.977757730] [waypoint_follower]: Activating
[waypoint_follower-14] [INFO] [1791215796.977787841] [waypoint_follower]: Creating bond (waypoint_follower) to lifecycle manager.
[lifecycle_manager-16] [INFO] [1791215797.079079702] [lifecycle_manager_navigation]: Server waypoint_follower connected with bond.
[lifecycle_manager-16] [INFO] [1791215797.079113897] [lifecycle_manager_navigation]: [34m[1mActivating velocity_smoother[0m[0m
[velocity_smoother-15] [INFO] [1791215797.079254085] [velocity_smoother]: Activating
[velocity_smoother-15] [INFO] [1791215797.079299324] [velocity_smoother]: Creating bond (velocity_smoother) to lifecycle manager.
[lifecycle_manager-16] [INFO] [1791215797.180615483] [lifecycle_manager_navigation]: Server velocity_smoother connected with bond.
[lifecycle_manager-16] [INFO] [1791215797.180645833] [lifecycle_manager_navigation]: [34m[1mManaged nodes are active[0m[0m
[lifecycle_manager-16] [INFO] [1791215797.180658261] [lifecycle_manager_navigation]: [34m[1mCreating bond timer...[0m[0m
[controller_server-9] [INFO] [1791215797.978125685] [controller_server]: Received a goal, begin computing control effort.
[robot_trail_publisher-5] [INFO] [1791215797.978642625] [robot_trail_publisher]: New run, trail cleared
[coverage_monitor-6] [INFO] [1791215798.137558689] [coverage_monitor]: New coverage path, field rebuilt
[controller_server-9] [INFO] [1791215803.044890758] [controller_server]: Passing new path to controller.
[controller_server-9] [INFO] [1791215803.045671969] [controller_server]: Optimizer reset
[controller_server-9] [INFO] [1791215808.978274840] [controller_server]: Passing new path to controller.
[controller_server-9] [INFO] [1791215812.944890595] [controller_server]: Passing new path to controller.
[controller_server-9] [INFO] [1791215812.945499601] [controller_server]: Optimizer reset
[controller_server-9] [INFO] [1791215820.478260190] [controller_server]: Passing new path to controller.
[controller_server-9] [INFO] [1791215824.745007960] [controller_server]: Reached the goal!
[WARNING] [launch]: user interrupted with ctrl-c (SIGINT)
[INFO] [lifecycle_manager-16]: sending signal 'SIGINT' to process[lifecycle_manager-16]
[INFO] [velocity_smoother-15]: sending signal 'SIGINT' to process[velocity_smoother-15]
[INFO] [waypoint_follower-14]: sending signal 'SIGINT' to process[waypoint_follower-14]
[INFO] [bt_navigator-13]: sending signal 'SIGINT' to process[bt_navigator-13]
[INFO] [behavior_server-12]: sending signal 'SIGINT' to process[behavior_server-12]
[INFO] [planner_server-11]: sending signal 'SIGINT' to process[planner_server-11]
[INFO] [smoother_server-10]: sending signal 'SIGINT' to process[smoother_server-10]
[INFO] [controller_server-9]: sending signal 'SIGINT' to process[controller_server-9]
[INFO] [lifecycle_manager-8]: sending signal 'SIGINT' to process[lifecycle_manager-8]
[INFO] [map_server-7]: sending signal 'SIGINT' to process[map_server-7]
[INFO] [coverage_monitor-6]: sending signal 'SIGINT' to process[coverage_monitor-6]
[INFO] [robot_trail_publisher-5]: sending signal 'SIGINT' to process[robot_trail_publisher-5]
[INFO] [ground_truth_tf_publisher-4]: sending signal 'SIGINT' to process[ground_truth_tf_publisher-4]
[INFO] [robot_state_publisher-2]: sending signal 'SIGINT' to process[robot_state_publisher-2]
[INFO] [gzserver-1]: sending signal 'SIGINT' to process[gzserver-1]
[lifecycle_manager-16] [INFO] [1791215825.085833144] [rclcpp]: signal_handler(SIGINT/SIGTERM)
[lifecycle_manager-16] [INFO] [1791215825.085924274] [lifecycle_manager_navigation]: Running Nav2 LifecycleManager rcl preshutdown (lifecycle_manager_navigation)
[lifecycle_manager-16] [INFO] [1791215825.085956046] [lifecycle_manager_navigation]: [34m[1mTerminating bond timer...[0m[0m
[behavior_server-12] [INFO] [1791215825.085861993] [rclcpp]: signal_handler(SIGINT/SIGTERM)
[behavior_server-12] [INFO] [1791215825.085923940] [behavior_server]: Running Nav2 LifecycleNode rcl preshutdown (behavior_server)
[behavior_server-12] [INFO] [1791215825.085986898] [behavior_server]: Deactivating
[behavior_server-12] [INFO] [1791215825.086024530] [behavior_server]: Destroying bond (behavior_server) to lifecycle manager.
[velocity_smoother-15] [INFO] [1791215825.085866889] [rclcpp]: signal_handler(SIGINT/SIGTERM)
[velocity_smoother-15] [INFO] [1791215825.085966407] [velocity_smoother]: Running Nav2 LifecycleNode rcl preshutdown (velocity_smoother)
[velocity_smoother-15] [INFO] [1791215825.086038946] [velocity_smoother]: Deactivating
[velocity_smoother-15] [INFO] [1791215825.086061980] [velocity_smoother]: Destroying bond (velocity_smoother) to lifecycle manager.
[controller_server-9] [INFO] [1791215825.085866787] [rclcpp]: signal_handler(SIGINT/SIGTERM)
[controller_server-9] [INFO] [1791215825.085919660] [controller_server]: Running Nav2 LifecycleNode rcl preshutdown (controller_server)
[controller_server-9] [INFO] [1791215825.085986510] [controller_server]: Deactivating
[controller_server-9] [INFO] [1791215825.086028887] [MPPIController]: Deactivated MPPI Controller: MPPI
[controller_server-9] [INFO] [1791215825.086035225] [controller_server]: Deactivating controller: RPP of type regulated_pure_pursuit_controller::RegulatedPurePursuitController
[controller_server-9] [INFO] [1791215825.086060483] [local_costmap.local_costmap]: Deactivating
[map_server-7] [INFO] [1791215825.085865035] [rclcpp]: signal_handler(SIGINT/SIGTERM)
[map_server-7] [INFO] [1791215825.085951858] [map_server]: Running Nav2 LifecycleNode rcl preshutdown (map_server)
[map_server-7] [INFO] [1791215825.086014935] [map_server]: Deactivating
[map_server-7] [INFO] [1791215825.086032918] [map_server]: Destroying bond (map_server) to lifecycle manager.
[bt_navigator-13] [INFO] [1791215825.085871781] [rclcpp]: signal_handler(SIGINT/SIGTERM)
[bt_navigator-13] [INFO] [1791215825.085931894] [bt_navigator]: Running Nav2 LifecycleNode rcl preshutdown (bt_navigator)
[bt_navigator-13] [INFO] [1791215825.085997727] [bt_navigator]: Deactivating
[bt_navigator-13] [INFO] [1791215825.086019965] [bt_navigator]: Destroying bond (bt_navigator) to lifecycle manager.
[robot_state_publisher-2] [INFO] [1791215825.085869110] [rclcpp]: signal_handler(SIGINT/SIGTERM)
[lifecycle_manager-8] [INFO] [1791215825.085873389] [rclcpp]: signal_handler(SIGINT/SIGTERM)
[lifecycle_manager-8] [INFO] [1791215825.085928092] [lifecycle_manager_map_server]: Running Nav2 LifecycleManager rcl preshutdown (lifecycle_manager_map_server)
[lifecycle_manager-8] [INFO] [1791215825.085966495] [lifecycle_manager_map_server]: [34m[1mTerminating bond timer...[0m[0m
[planner_server-11] [INFO] [1791215825.085945222] [rclcpp]: signal_handler(SIGINT/SIGTERM)
[planner_server-11] [INFO] [1791215825.086020586] [planner_server]: Running Nav2 LifecycleNode rcl preshutdown (planner_server)
[planner_server-11] [INFO] [1791215825.086085142] [planner_server]: Deactivating
[planner_server-11] [INFO] [1791215825.086116847] [global_costmap.global_costmap]: Deactivating
[smoother_server-10] [INFO] [1791215825.086103296] [rclcpp]: signal_handler(SIGINT/SIGTERM)
[smoother_server-10] [INFO] [1791215825.086172798] [smoother_server]: Running Nav2 LifecycleNode rcl preshutdown (smoother_server)
[smoother_server-10] [INFO] [1791215825.086224154] [smoother_server]: Deactivating
[smoother_server-10] [INFO] [1791215825.086240324] [smoother_server]: Destroying bond (smoother_server) to lifecycle manager.
[waypoint_follower-14] [INFO] [1791215825.086186679] [rclcpp]: signal_handler(SIGINT/SIGTERM)
[waypoint_follower-14] [INFO] [1791215825.086252794] [waypoint_follower]: Running Nav2 LifecycleNode rcl preshutdown (waypoint_follower)
[waypoint_follower-14] [INFO] [1791215825.086308225] [waypoint_follower]: Deactivating
[waypoint_follower-14] [INFO] [1791215825.086336659] [waypoint_follower]: Destroying bond (waypoint_follower) to lifecycle manager.
[behavior_server-12] [INFO] [1791215825.096237220] [behavior_server]: Cleaning up
[map_server-7] [INFO] [1791215825.096239454] [map_server]: Cleaning up
[map_server-7] [INFO] [1791215825.096574223] [map_server]: Destroying bond (map_server) to lifecycle manager.
[bt_navigator-13] [INFO] [1791215825.096239864] [bt_navigator]: Cleaning up
[velocity_smoother-15] [INFO] [1791215825.096248791] [velocity_smoother]: Cleaning up
[velocity_smoother-15] [INFO] [1791215825.096285141] [velocity_smoother]: Destroying bond (velocity_smoother) to lifecycle manager.
[velocity_smoother-15] [INFO] [1791215825.096612479] [rclcpp]: signal_handler(SIGINT/SIGTERM)
[smoother_server-10] [INFO] [1791215825.096535376] [smoother_server]: Cleaning up
[waypoint_follower-14] [INFO] [1791215825.096561022] [waypoint_follower]: Cleaning up
[behavior_server-12] [INFO] [1791215825.101131011] [behavior_server]: Destroying bond (behavior_server) to lifecycle manager.
[behavior_server-12] [INFO] [1791215825.102058873] [rclcpp]: signal_handler(SIGINT/SIGTERM)
[lifecycle_manager-8] [INFO] [1791215825.102670500] [rclcpp]: signal_handler(SIGINT/SIGTERM)
[map_server-7] [INFO] [1791215825.103976023] [rclcpp]: signal_handler(SIGINT/SIGTERM)
[waypoint_follower-14] [INFO] [1791215825.104466164] [waypoint_follower]: Destroying bond (waypoint_follower) to lifecycle manager.
[waypoint_follower-14] [INFO] [1791215825.105556145] [rclcpp]: signal_handler(SIGINT/SIGTERM)
[coverage_monitor-6] Traceback (most recent call last):
[coverage_monitor-6]   File "/home/nermin/Documents/Thesis/code/Autonomous-Lawn-Mower-Navigation/install/mower_sim/lib/mower_sim/coverage_monitor", line 33, in <module>
[coverage_monitor-6]     sys.exit(load_entry_point('mower-sim==0.0.0', 'console_scripts', 'coverage_monitor')())
[coverage_monitor-6]   File "/home/nermin/Documents/Thesis/code/Autonomous-Lawn-Mower-Navigation/install/mower_sim/lib/python3.10/site-packages/mower_sim/coverage_monitor.py", line 153, in main
[coverage_monitor-6]     node.destroy_node()
[coverage_monitor-6]   File "/opt/ros/humble/local/lib/python3.10/dist-packages/rclpy/node.py", line 1691, in destroy_node
[coverage_monitor-6]     self.destroy_service(self._services[0])
[coverage_monitor-6]   File "/opt/ros/humble/local/lib/python3.10/dist-packages/rclpy/node.py", line 1615, in destroy_service
[coverage_monitor-6]     service.destroy()
[coverage_monitor-6]   File "/opt/ros/humble/local/lib/python3.10/dist-packages/rclpy/service.py", line 93, in destroy
[coverage_monitor-6]     self.__service.destroy_when_not_in_use()
[coverage_monitor-6] KeyboardInterrupt
[robot_state_publisher-2] [INFO] [1791215825.109267470] [rclcpp]: signal_handler(SIGINT/SIGTERM)
[smoother_server-10] [INFO] [1791215825.113878790] [smoother_server]: Destroying bond (smoother_server) to lifecycle manager.
[smoother_server-10] [INFO] [1791215825.114214405] [rclcpp]: signal_handler(SIGINT/SIGTERM)
[controller_server-9] [INFO] [1791215825.155592410] [controller_server]: Destroying bond (controller_server) to lifecycle manager.
[smoother_server-10] [INFO] [1791215825.210344656] [smoother_server]: Destroying
[bt_navigator-13] [INFO] [1791215825.242300920] [bt_navigator]: Completed Cleaning up
[bt_navigator-13] [INFO] [1791215825.242344914] [bt_navigator]: Destroying bond (bt_navigator) to lifecycle manager.
[bt_navigator-13] [INFO] [1791215825.243352300] [rclcpp]: signal_handler(SIGINT/SIGTERM)
[map_server-7] [INFO] [1791215825.245244304] [map_server]: Destroying
[lifecycle_manager-8] [INFO] [1791215825.246099214] [lifecycle_manager_map_server]: Destroying lifecycle_manager_map_server
[ground_truth_tf_publisher-4] Traceback (most recent call last):
[ground_truth_tf_publisher-4]   File "/home/nermin/Documents/Thesis/code/Autonomous-Lawn-Mower-Navigation/install/mower_sim/lib/mower_sim/ground_truth_tf_publisher", line 33, in <module>
[ground_truth_tf_publisher-4]     sys.exit(load_entry_point('mower-sim==0.0.0', 'console_scripts', 'ground_truth_tf_publisher')())
[ground_truth_tf_publisher-4]   File "/home/nermin/Documents/Thesis/code/Autonomous-Lawn-Mower-Navigation/install/mower_sim/lib/python3.10/site-packages/mower_sim/ground_truth_tf_publisher.py", line 169, in main
[ground_truth_tf_publisher-4]     node.destroy_node()
[ground_truth_tf_publisher-4]   File "/opt/ros/humble/local/lib/python3.10/dist-packages/rclpy/node.py", line 1685, in destroy_node
[ground_truth_tf_publisher-4]     self.destroy_publisher(self._publishers[0])
[ground_truth_tf_publisher-4]   File "/opt/ros/humble/local/lib/python3.10/dist-packages/rclpy/node.py", line 1565, in destroy_publisher
[ground_truth_tf_publisher-4]     publisher.destroy()
[ground_truth_tf_publisher-4]   File "/opt/ros/humble/local/lib/python3.10/dist-packages/rclpy/publisher.py", line 99, in destroy
[ground_truth_tf_publisher-4]     self.__publisher.destroy_when_not_in_use()
[ground_truth_tf_publisher-4] KeyboardInterrupt
[controller_server-9] [INFO] [1791215825.255807429] [controller_server]: Cleaning up
[controller_server-9] [INFO] [1791215825.255900096] [MPPIController]: Cleaned up MPPI Controller: MPPI
[controller_server-9] [INFO] [1791215825.255907477] [controller_server]: Cleaning up controller: RPP of type regulated_pure_pursuit_controller::RegulatedPurePursuitController
[controller_server-9] [INFO] [1791215825.256054529] [local_costmap.local_costmap]: Cleaning up
[behavior_server-12] [INFO] [1791215825.264888900] [behavior_server]: Destroying
[waypoint_follower-14] [INFO] [1791215825.279822516] [waypoint_follower]: Destroying
[bt_navigator-13] [INFO] [1791215825.280195530] [bt_navigator]: Destroying
[velocity_smoother-15] [INFO] [1791215825.282476364] [velocity_smoother]: Destroying
[controller_server-9] [INFO] [1791215825.288104445] [controller_server]: Destroying bond (controller_server) to lifecycle manager.
[controller_server-9] [INFO] [1791215825.290457802] [rclcpp]: signal_handler(SIGINT/SIGTERM)
[robot_trail_publisher-5] Traceback (most recent call last):
[robot_trail_publisher-5]   File "/home/nermin/Documents/Thesis/code/Autonomous-Lawn-Mower-Navigation/install/mower_sim/lib/mower_sim/robot_trail_publisher", line 33, in <module>
[robot_trail_publisher-5]     sys.exit(load_entry_point('mower-sim==0.0.0', 'console_scripts', 'robot_trail_publisher')())
[robot_trail_publisher-5]   File "/home/nermin/Documents/Thesis/code/Autonomous-Lawn-Mower-Navigation/install/mower_sim/lib/python3.10/site-packages/mower_sim/robot_trail_publisher.py", line 98, in main
[robot_trail_publisher-5]     node.destroy_node()
[robot_trail_publisher-5]   File "/opt/ros/humble/local/lib/python3.10/dist-packages/rclpy/node.py", line 1696, in destroy_node
[robot_trail_publisher-5]     self.__node.destroy_when_not_in_use()
[robot_trail_publisher-5] KeyboardInterrupt
[lifecycle_manager-16] [INFO] [1791215825.308269458] [rclcpp]: signal_handler(SIGINT/SIGTERM)
[ERROR] [coverage_monitor-6]: process has died [pid 8396, exit code -2, cmd '/home/nermin/Documents/Thesis/code/Autonomous-Lawn-Mower-Navigation/install/mower_sim/lib/mower_sim/coverage_monitor --ros-args --params-file /tmp/launch_params_ol7jymzt'].
[ERROR] [robot_trail_publisher-5]: process has died [pid 8394, exit code -2, cmd '/home/nermin/Documents/Thesis/code/Autonomous-Lawn-Mower-Navigation/install/mower_sim/lib/mower_sim/robot_trail_publisher --ros-args --params-file /tmp/launch_params_luejsuni'].
[controller_server-9] [INFO] [1791215825.357602221] [local_costmap.local_costmap]: Destroying
[controller_server-9] [INFO] [1791215825.378757038] [controller_server]: Destroying
[INFO] [robot_state_publisher-2]: process has finished cleanly [pid 8388]
[INFO] [lifecycle_manager-8]: process has finished cleanly [pid 8801]
[INFO] [map_server-7]: process has finished cleanly [pid 8799]
[INFO] [behavior_server-12]: process has finished cleanly [pid 8809]
[INFO] [smoother_server-10]: process has finished cleanly [pid 8805]
[ERROR] [ground_truth_tf_publisher-4]: process has died [pid 8392, exit code -2, cmd '/home/nermin/Documents/Thesis/code/Autonomous-Lawn-Mower-Navigation/install/mower_sim/lib/mower_sim/ground_truth_tf_publisher --ros-args --params-file /tmp/launch_params_tnfy6rwl'].
[lifecycle_manager-16] [INFO] [1791215825.452875814] [lifecycle_manager_navigation]: Destroying lifecycle_manager_navigation
[INFO] [velocity_smoother-15]: process has finished cleanly [pid 8815]
[INFO] [waypoint_follower-14]: process has finished cleanly [pid 8813]
[INFO] [bt_navigator-13]: process has finished cleanly [pid 8811]
[INFO] [gzserver-1]: process has finished cleanly [pid 8386]
[gzserver-1] [0m[1;32m[0m[1;32m[0m[1;36m[0m[1;32m[0m
[gzserver-1] [1;33m[0m[1;31m[0m
[INFO] [controller_server-9]: process has finished cleanly [pid 8803]
[INFO] [lifecycle_manager-16]: process has finished cleanly [pid 8817]
[planner_server-11] [INFO] [1791215825.610040199] [planner_server]: Deactivating plugin GridBased of type NavfnPlanner
[planner_server-11] [INFO] [1791215825.610090038] [planner_server]: Destroying bond (planner_server) to lifecycle manager.
[planner_server-11] [INFO] [1791215825.620264283] [planner_server]: Cleaning up
[planner_server-11] [INFO] [1791215825.621776391] [global_costmap.global_costmap]: Cleaning up
[planner_server-11] [INFO] [1791215825.622253973] [planner_server]: Cleaning up plugin GridBased of type NavfnPlanner
[planner_server-11] [INFO] [1791215825.622331016] [planner_server]: Destroying plugin GridBased of type NavfnPlanner
[planner_server-11] [INFO] [1791215825.623443726] [planner_server]: Destroying bond (planner_server) to lifecycle manager.
[planner_server-11] [INFO] [1791215825.623630305] [rclcpp]: signal_handler(SIGINT/SIGTERM)
[planner_server-11] [INFO] [1791215825.623792216] [global_costmap.global_costmap]: Destroying
[planner_server-11] [INFO] [1791215825.627403076] [planner_server]: Destroying
[INFO] [planner_server-11]: process has finished cleanly [pid 8807]
