[INFO] [launch]: All log files can be found below /home/nermin/.ros/log/2026-10-05-15-04-42-400778-Nermin-219651
[INFO] [launch]: Default logging verbosity is set to INFO

[mower_sim] Controller: SWITCHING
[mower_sim] Odometry: ground_truth
[mower_sim] Params: /home/nermin/Documents/Thesis/code/Autonomous-Lawn-Mower-Navigation/install/mower_sim/share/mower_sim/config/nav2_switching.yaml

[INFO] [gzserver-1]: process started with pid [219669]
[INFO] [robot_state_publisher-2]: process started with pid [219671]
[INFO] [spawn_entity.py-3]: process started with pid [219673]
[INFO] [ground_truth_tf_publisher-4]: process started with pid [219675]
[INFO] [robot_trail_publisher-5]: process started with pid [219677]
[INFO] [coverage_monitor-6]: process started with pid [219679]
[robot_state_publisher-2] [INFO] [1791205482.518499147] [robot_state_publisher]: got segment base_footprint
[robot_state_publisher-2] [INFO] [1791205482.518552249] [robot_state_publisher]: got segment base_link
[robot_state_publisher-2] [INFO] [1791205482.518558194] [robot_state_publisher]: got segment base_scan
[robot_state_publisher-2] [INFO] [1791205482.518561973] [robot_state_publisher]: got segment front_left_caster
[robot_state_publisher-2] [INFO] [1791205482.518565791] [robot_state_publisher]: got segment front_right_caster
[robot_state_publisher-2] [INFO] [1791205482.518569657] [robot_state_publisher]: got segment left_wheel
[robot_state_publisher-2] [INFO] [1791205482.518573349] [robot_state_publisher]: got segment right_wheel
[gzserver-1] Gazebo multi-robot simulator, version 11.10.2
[gzserver-1] Copyright (C) 2012 Open Source Robotics Foundation.
[gzserver-1] Released under the Apache 2 License.
[gzserver-1] http://gazebosim.org
[gzserver-1] 
[robot_trail_publisher-5] [INFO] [1791205482.912886302] [robot_trail_publisher]: Robot trail: /ground_truth/pose on /robot_trail
[spawn_entity.py-3] [INFO] [1791205482.930825603] [spawn_entity]: Spawn Entity started
[spawn_entity.py-3] [INFO] [1791205482.931086641] [spawn_entity]: Loading entity published on topic robot_description
[spawn_entity.py-3] [INFO] [1791205482.932067945] [spawn_entity]: Waiting for entity xml on robot_description
[spawn_entity.py-3] [INFO] [1791205482.933581622] [spawn_entity]: Waiting for service /spawn_entity, timeout = 120
[spawn_entity.py-3] [INFO] [1791205482.933869713] [spawn_entity]: Waiting for service /spawn_entity
[coverage_monitor-6] [INFO] [1791205482.939434334] [coverage_monitor]: Coverage monitor: field from /coverage_path
[ground_truth_tf_publisher-4] [INFO] [1791205482.961309830] [ground_truth_tf_publisher]: Ground truth TF publisher started for "mower": map -> odom (ground truth correction)
[gzserver-1] [1;33m[Wrn] [gazebo_ros_init.cpp:178] [0m[1;33m
[gzserver-1] #     # ####### ####### ###  #####  #######
[gzserver-1] ##    # #     #    #     #  #     # #
[gzserver-1] # #   # #     #    #     #  #       #
[gzserver-1] #  #  # #     #    #     #  #       #####
[gzserver-1] #   # # #     #    #     #  #       #
[gzserver-1] #    ## #     #    #     #  #     # #
[gzserver-1] #     # #######    #    ###  #####  #######
[gzserver-1] 
[gzserver-1] This version of Gazebo, now called Gazebo classic, reaches end-of-life
[gzserver-1] in January 2025. Users are highly encouraged to migrate to the new Gazebo
[gzserver-1] using our migration guides (https://gazebosim.org/docs/latest/gazebo_classic_migration?utm_source=gazebo_ros_pkgs&utm_medium=cli)
[gzserver-1] 
[gzserver-1] [0m[1;33m
[spawn_entity.py-3] [INFO] [1791205483.436668667] [spawn_entity]: Calling service /spawn_entity
[gzserver-1] [0m[1;33m[0m[1;33m[0m[INFO] [1791205483.442114981] [gazebo.gazebo_ros_state]: Publishing states of gazebo models at [/gazebo/model_states]
[gzserver-1] [INFO] [1791205483.442419002] [gazebo.gazebo_ros_state]: Publishing states of gazebo links at [/gazebo/link_states]
[spawn_entity.py-3] [INFO] [1791205483.727724550] [spawn_entity]: Spawn status: SpawnEntity: Successfully spawned entity [mower]
[gzserver-1] [INFO] [1791205483.837118920] [diff_drive]: Wheel pair 1 separation set to [0.700000m]
[gzserver-1] [INFO] [1791205483.837155167] [diff_drive]: Wheel pair 1 diameter set to [0.300000m]
[gzserver-1] [INFO] [1791205483.837530453] [diff_drive]: Subscribed to [/cmd_vel]
[gzserver-1] [INFO] [1791205483.838299584] [diff_drive]: Advertise odometry on [/odom]
[gzserver-1] [INFO] [1791205483.839105330] [diff_drive]: Publishing odom transforms between [odom] and [base_footprint]
[gzserver-1] [INFO] [1791205483.844041381] [joint_states]: Going to publish joint [left_wheel_joint]
[gzserver-1] [INFO] [1791205483.844059952] [joint_states]: Going to publish joint [right_wheel_joint]
[ground_truth_tf_publisher-4] [WARN] [1791205483.852458134] [ground_truth_tf_publisher]: Waiting for odom -> base_footprint: "odom" passed to lookupTransform argument target_frame does not exist. 
[INFO] [spawn_entity.py-3]: process has finished cleanly [pid 219673]
[gzserver-1] [1;32m[Msg] [0m[1;32mWaiting for master.[0m[1;32m
[gzserver-1] [0m[1;32m[0m[1;32m[0m[1;32m[Msg] [0m[1;32mConnected to gazebo master @ [0m[1;32mhttp://127.0.0.1:11345[0m[1;32m
[gzserver-1] [0m[1;32m[0m[1;32m[0m[1;32m[Msg] [0m[1;32mPublicized address: [0m[1;32m10.169.222.221[0m[1;32m
[gzserver-1] [0m[1;32m[0m[1;32m[0m[1;32m[Msg] [0m[1;32mLoading world file [[0m[1;32m/home/nermin/Documents/Thesis/code/Autonomous-Lawn-Mower-Navigation/install/mower_sim/share/mower_sim/worlds/empty_field.world[0m[1;32m][0m[1;32m
[INFO] [map_server-7]: process started with pid [220162]
[INFO] [lifecycle_manager-8]: process started with pid [220164]
[INFO] [controller_server-9]: process started with pid [220166]
[INFO] [smoother_server-10]: process started with pid [220168]
[INFO] [planner_server-11]: process started with pid [220170]
[INFO] [behavior_server-12]: process started with pid [220172]
[INFO] [bt_navigator-13]: process started with pid [220174]
[INFO] [waypoint_follower-14]: process started with pid [220176]
[INFO] [velocity_smoother-15]: process started with pid [220178]
[INFO] [lifecycle_manager-16]: process started with pid [220180]
[lifecycle_manager-8] [INFO] [1791205502.645935131] [lifecycle_manager_map_server]: Creating
[lifecycle_manager-8] [INFO] [1791205502.647585887] [lifecycle_manager_map_server]: [34m[1mCreating and initializing lifecycle service clients[0m[0m
[planner_server-11] [INFO] [1791205502.649927884] [planner_server]: 
[planner_server-11] 	planner_server lifecycle node launched. 
[planner_server-11] 	Waiting on external lifecycle transitions to activate
[planner_server-11] 	See https://design.ros2.org/articles/node_lifecycle.html for more information.
[planner_server-11] [INFO] [1791205502.653026301] [planner_server]: Creating
[controller_server-9] [INFO] [1791205502.653297986] [controller_server]: 
[controller_server-9] 	controller_server lifecycle node launched. 
[controller_server-9] 	Waiting on external lifecycle transitions to activate
[controller_server-9] 	See https://design.ros2.org/articles/node_lifecycle.html for more information.
[waypoint_follower-14] [INFO] [1791205502.653349114] [waypoint_follower]: 
[waypoint_follower-14] 	waypoint_follower lifecycle node launched. 
[waypoint_follower-14] 	Waiting on external lifecycle transitions to activate
[waypoint_follower-14] 	See https://design.ros2.org/articles/node_lifecycle.html for more information.
[waypoint_follower-14] [INFO] [1791205502.653641546] [waypoint_follower]: Creating
[smoother_server-10] [INFO] [1791205502.653869484] [smoother_server]: 
[smoother_server-10] 	smoother_server lifecycle node launched. 
[smoother_server-10] 	Waiting on external lifecycle transitions to activate
[smoother_server-10] 	See https://design.ros2.org/articles/node_lifecycle.html for more information.
[smoother_server-10] [INFO] [1791205502.655040224] [smoother_server]: Creating smoother server
[controller_server-9] [INFO] [1791205502.657281941] [controller_server]: Creating controller server
[planner_server-11] [INFO] [1791205502.659161470] [global_costmap.global_costmap]: 
[planner_server-11] 	global_costmap lifecycle node launched. 
[planner_server-11] 	Waiting on external lifecycle transitions to activate
[planner_server-11] 	See https://design.ros2.org/articles/node_lifecycle.html for more information.
[planner_server-11] [INFO] [1791205502.659534527] [global_costmap.global_costmap]: Creating Costmap
[velocity_smoother-15] [INFO] [1791205502.660038210] [velocity_smoother]: 
[velocity_smoother-15] 	velocity_smoother lifecycle node launched. 
[velocity_smoother-15] 	Waiting on external lifecycle transitions to activate
[velocity_smoother-15] 	See https://design.ros2.org/articles/node_lifecycle.html for more information.
[lifecycle_manager-16] [INFO] [1791205502.661988159] [lifecycle_manager_navigation]: Creating
[bt_navigator-13] [INFO] [1791205502.662843658] [bt_navigator]: 
[bt_navigator-13] 	bt_navigator lifecycle node launched. 
[bt_navigator-13] 	Waiting on external lifecycle transitions to activate
[bt_navigator-13] 	See https://design.ros2.org/articles/node_lifecycle.html for more information.
[bt_navigator-13] [INFO] [1791205502.662932513] [bt_navigator]: Creating
[lifecycle_manager-16] [INFO] [1791205502.663100559] [lifecycle_manager_navigation]: [34m[1mCreating and initializing lifecycle service clients[0m[0m
[controller_server-9] [INFO] [1791205502.667234092] [local_costmap.local_costmap]: 
[controller_server-9] 	local_costmap lifecycle node launched. 
[controller_server-9] 	Waiting on external lifecycle transitions to activate
[controller_server-9] 	See https://design.ros2.org/articles/node_lifecycle.html for more information.
[controller_server-9] [INFO] [1791205502.667648183] [local_costmap.local_costmap]: Creating Costmap
[behavior_server-12] [INFO] [1791205502.668655443] [behavior_server]: 
[behavior_server-12] 	behavior_server lifecycle node launched. 
[behavior_server-12] 	Waiting on external lifecycle transitions to activate
[behavior_server-12] 	See https://design.ros2.org/articles/node_lifecycle.html for more information.
[map_server-7] [INFO] [1791205502.671696033] [map_server]: 
[map_server-7] 	map_server lifecycle node launched. 
[map_server-7] 	Waiting on external lifecycle transitions to activate
[map_server-7] 	See https://design.ros2.org/articles/node_lifecycle.html for more information.
[map_server-7] [INFO] [1791205502.671786430] [map_server]: Creating
[lifecycle_manager-8] [INFO] [1791205502.675450785] [lifecycle_manager_map_server]: [34m[1mStarting managed nodes bringup...[0m[0m
[lifecycle_manager-8] [INFO] [1791205502.675510280] [lifecycle_manager_map_server]: [34m[1mConfiguring map_server[0m[0m
[lifecycle_manager-16] [INFO] [1791205502.682987554] [lifecycle_manager_navigation]: [34m[1mStarting managed nodes bringup...[0m[0m
[lifecycle_manager-16] [INFO] [1791205502.683039240] [lifecycle_manager_navigation]: [34m[1mConfiguring controller_server[0m[0m
[controller_server-9] [INFO] [1791205502.683189580] [controller_server]: Configuring controller interface
[controller_server-9] [INFO] [1791205502.683310091] [controller_server]: getting goal checker plugins..
[controller_server-9] [INFO] [1791205502.683333624] [controller_server]: Controller frequency set to 30.0000Hz
[controller_server-9] [INFO] [1791205502.683365364] [local_costmap.local_costmap]: Configuring
[controller_server-9] [INFO] [1791205502.685609331] [local_costmap.local_costmap]: Using plugin "static_layer"
[controller_server-9] [INFO] [1791205502.687934903] [local_costmap.local_costmap]: Subscribing to the map topic (/map) with transient local durability
[controller_server-9] [INFO] [1791205502.688272568] [local_costmap.local_costmap]: Initialized plugin "static_layer"
[controller_server-9] [INFO] [1791205502.688290071] [local_costmap.local_costmap]: Using plugin "voxel_layer"
[controller_server-9] [INFO] [1791205502.688661946] [local_costmap.local_costmap]: Subscribed to Topics: scan
[controller_server-9] [INFO] [1791205502.691123441] [local_costmap.local_costmap]: Initialized plugin "voxel_layer"
[controller_server-9] [INFO] [1791205502.691136651] [local_costmap.local_costmap]: Using plugin "inflation_layer"
[controller_server-9] [INFO] [1791205502.691616213] [local_costmap.local_costmap]: Initialized plugin "inflation_layer"
[map_server-7] [INFO] [1791205502.692210313] [map_server]: Configuring
[map_server-7] [INFO] [1791205502.692257727] [map_io]: Loading yaml file: /home/nermin/Documents/Thesis/code/Autonomous-Lawn-Mower-Navigation/install/mower_sim/share/mower_sim/maps/empty_map.yaml
[map_server-7] [INFO] [1791205502.692426190] [map_io]: resolution: 0.05
[map_server-7] [INFO] [1791205502.692432234] [map_io]: origin[0]: -50
[map_server-7] [INFO] [1791205502.692434920] [map_io]: origin[1]: -50
[map_server-7] [INFO] [1791205502.692437348] [map_io]: origin[2]: 0
[map_server-7] [INFO] [1791205502.692439913] [map_io]: free_thresh: 0.196
[map_server-7] [INFO] [1791205502.692442386] [map_io]: occupied_thresh: 0.65
[map_server-7] [INFO] [1791205502.692445042] [map_io]: mode: trinary
[map_server-7] [INFO] [1791205502.692448762] [map_io]: negate: 0
[map_server-7] [INFO] [1791205502.692584406] [map_io]: Loading image_file: /home/nermin/Documents/Thesis/code/Autonomous-Lawn-Mower-Navigation/install/mower_sim/share/mower_sim/maps/empty_map.pgm
[controller_server-9] [INFO] [1791205502.693789315] [controller_server]: Created progress_checker : progress_checker of type nav2_controller::SimpleProgressChecker
[controller_server-9] [INFO] [1791205502.694157982] [controller_server]: Created goal checker : general_goal_checker of type nav2_controller::SimpleGoalChecker
[controller_server-9] [INFO] [1791205502.694343519] [controller_server]: Controller Server has general_goal_checker  goal checkers available.
[controller_server-9] [INFO] [1791205502.694710683] [controller_server]: Created controller : RPP of type nav2_regulated_pure_pursuit_controller::RegulatedPurePursuitController
[controller_server-9] [INFO] [1791205502.697046296] [controller_server]: Created controller : MPPI of type nav2_mppi_controller::MPPIController
[controller_server-9] [WARN] [1791205502.697938666] [controller_server]: Controller period is less then model dt, consider setting it equal
[controller_server-9] [INFO] [1791205502.698829696] [controller_server]: ConstraintCritic instantiated with 1 power and 4.000000 weight.
[controller_server-9] [INFO] [1791205502.698856032] [controller_server]: Critic loaded : mppi::critics::ConstraintCritic
[controller_server-9] [INFO] [1791205502.699166148] [controller_server]: GoalCritic instantiated with 1 power and 2.000000 weight.
[controller_server-9] [INFO] [1791205502.699185032] [controller_server]: Critic loaded : mppi::critics::GoalCritic
[controller_server-9] [INFO] [1791205502.699484177] [controller_server]: GoalAngleCritic instantiated with 1 power, 1.000000 weight, and 0.300000 angular threshold.
[controller_server-9] [INFO] [1791205502.699503734] [controller_server]: Critic loaded : mppi::critics::GoalAngleCritic
[controller_server-9] [INFO] [1791205502.700029947] [controller_server]: ReferenceTrajectoryCritic instantiated with 1 power and 14.000000 weight
[controller_server-9] [INFO] [1791205502.700048688] [controller_server]: Critic loaded : mppi::critics::PathAlignCritic
[controller_server-9] [INFO] [1791205502.700385305] [controller_server]: Critic loaded : mppi::critics::PathFollowCritic
[controller_server-9] [INFO] [1791205502.700760412] [controller_server]: PathAngleCritic instantiated with 1 power and 2.000000 weight. Reversing allowed.
[controller_server-9] [INFO] [1791205502.700775060] [controller_server]: Critic loaded : mppi::critics::PathAngleCritic
[controller_server-9] [INFO] [1791205502.701290649] [controller_server]: ObstaclesCritic instantiated with 1 power and 20.000000 / 2.000000 weights. Critic will collision check based on footprint cost.
[controller_server-9] [INFO] [1791205502.701307349] [controller_server]: Critic loaded : mppi::critics::ObstaclesCritic
[controller_server-9] [INFO] [1791205502.701571051] [controller_server]: PreferForwardCritic instantiated with 1 power and 1.000000 weight.
[controller_server-9] [INFO] [1791205502.701609000] [controller_server]: Critic loaded : mppi::critics::PreferForwardCritic
[controller_server-9] [INFO] [1791205502.701904133] [controller_server]: VelocityDeadbandCritic instantiated with 1 power, 0.5 weight, deadband_velocity [0.02,0,0.02]
[controller_server-9] [INFO] [1791205502.701924064] [controller_server]: Critic loaded : mppi::critics::VelocityDeadbandCritic
[controller_server-9] [INFO] [1791205502.702124086] [controller_server]: TwirlingCritic instantiated with 1 power and 1.000000 weight.
[controller_server-9] [INFO] [1791205502.702139760] [controller_server]: Critic loaded : mppi::critics::TwirlingCritic
[controller_server-9] [INFO] [1791205502.703394741] [controller_server]: Optimizer reset
[controller_server-9] [INFO] [1791205502.704365741] [MPPIController]: Configured MPPI Controller: MPPI
[controller_server-9] [INFO] [1791205502.705212650] [controller_server]: Created controller : DWB of type dwb_core::DWBLocalPlanner
[controller_server-9] [INFO] [1791205502.705721309] [controller_server]: Setting transform_tolerance to 0.200000
[controller_server-9] [INFO] [1791205502.709056170] [controller_server]: Using critic "RotateToGoal" (dwb_critics::RotateToGoalCritic)
[controller_server-9] [INFO] [1791205502.709326866] [controller_server]: Critic plugin initialized
[controller_server-9] [INFO] [1791205502.709396285] [controller_server]: Using critic "BaseObstacle" (dwb_critics::BaseObstacleCritic)
[controller_server-9] [INFO] [1791205502.709505126] [controller_server]: Critic plugin initialized
[controller_server-9] [INFO] [1791205502.709568591] [controller_server]: Using critic "PathAlign" (dwb_critics::PathAlignCritic)
[controller_server-9] [INFO] [1791205502.709739634] [controller_server]: Critic plugin initialized
[controller_server-9] [INFO] [1791205502.709800787] [controller_server]: Using critic "PathDist" (dwb_critics::PathDistCritic)
[controller_server-9] [INFO] [1791205502.709917448] [controller_server]: Critic plugin initialized
[controller_server-9] [INFO] [1791205502.709980252] [controller_server]: Using critic "GoalDist" (dwb_critics::GoalDistCritic)
[controller_server-9] [INFO] [1791205502.710118959] [controller_server]: Critic plugin initialized
[controller_server-9] [INFO] [1791205502.710129859] [controller_server]: Controller Server has RPP MPPI DWB  controllers available.
[lifecycle_manager-16] [INFO] [1791205502.712050645] [lifecycle_manager_navigation]: [34m[1mConfiguring smoother_server[0m[0m
[smoother_server-10] [INFO] [1791205502.712155618] [smoother_server]: Configuring smoother server
[smoother_server-10] [INFO] [1791205502.714944049] [smoother_server]: Created smoother : simple_smoother of type nav2_smoother::SimpleSmoother
[smoother_server-10] [INFO] [1791205502.715240809] [smoother_server]: Smoother Server has simple_smoother  smoothers available.
[lifecycle_manager-16] [INFO] [1791205502.716921102] [lifecycle_manager_navigation]: [34m[1mConfiguring planner_server[0m[0m
[planner_server-11] [INFO] [1791205502.717026495] [planner_server]: Configuring
[planner_server-11] [INFO] [1791205502.717055717] [global_costmap.global_costmap]: Configuring
[planner_server-11] [INFO] [1791205502.718888092] [global_costmap.global_costmap]: Using plugin "static_layer"
[planner_server-11] [INFO] [1791205502.720848207] [global_costmap.global_costmap]: Subscribing to the map topic (/map) with transient local durability
[planner_server-11] [INFO] [1791205502.721171665] [global_costmap.global_costmap]: Initialized plugin "static_layer"
[planner_server-11] [INFO] [1791205502.721187756] [global_costmap.global_costmap]: Using plugin "obstacle_layer"
[planner_server-11] [INFO] [1791205502.721525827] [global_costmap.global_costmap]: Subscribed to Topics: scan
[planner_server-11] [INFO] [1791205502.722850389] [global_costmap.global_costmap]: Initialized plugin "obstacle_layer"
[planner_server-11] [INFO] [1791205502.722872273] [global_costmap.global_costmap]: Using plugin "inflation_layer"
[planner_server-11] [INFO] [1791205502.723318808] [global_costmap.global_costmap]: Initialized plugin "inflation_layer"
[planner_server-11] [INFO] [1791205502.726104733] [planner_server]: Created global planner plugin GridBased of type nav2_navfn_planner/NavfnPlanner
[planner_server-11] [INFO] [1791205502.726132625] [planner_server]: Configuring plugin GridBased of type NavfnPlanner
[planner_server-11] [INFO] [1791205502.726512707] [planner_server]: Planner Server has GridBased  planners available.
[lifecycle_manager-16] [INFO] [1791205502.729236366] [lifecycle_manager_navigation]: [34m[1mConfiguring behavior_server[0m[0m
[behavior_server-12] [INFO] [1791205502.729358720] [behavior_server]: Configuring
[behavior_server-12] [INFO] [1791205502.731910369] [behavior_server]: Creating behavior plugin spin of type nav2_behaviors/Spin
[behavior_server-12] [INFO] [1791205502.732306613] [behavior_server]: Configuring spin
[behavior_server-12] [INFO] [1791205502.733630199] [behavior_server]: Creating behavior plugin backup of type nav2_behaviors/BackUp
[behavior_server-12] [INFO] [1791205502.733998301] [behavior_server]: Configuring backup
[behavior_server-12] [INFO] [1791205502.735222896] [behavior_server]: Creating behavior plugin drive_on_heading of type nav2_behaviors/DriveOnHeading
[behavior_server-12] [INFO] [1791205502.735603571] [behavior_server]: Configuring drive_on_heading
[behavior_server-12] [INFO] [1791205502.736926943] [behavior_server]: Creating behavior plugin assisted_teleop of type nav2_behaviors/AssistedTeleop
[behavior_server-12] [INFO] [1791205502.737808083] [behavior_server]: Configuring assisted_teleop
[behavior_server-12] [INFO] [1791205502.739260122] [behavior_server]: Creating behavior plugin wait of type nav2_behaviors/Wait
[behavior_server-12] [INFO] [1791205502.739604962] [behavior_server]: Configuring wait
[lifecycle_manager-16] [INFO] [1791205502.740967491] [lifecycle_manager_navigation]: [34m[1mConfiguring bt_navigator[0m[0m
[bt_navigator-13] [INFO] [1791205502.741075885] [bt_navigator]: Configuring
[lifecycle_manager-16] [INFO] [1791205502.766774934] [lifecycle_manager_navigation]: [34m[1mConfiguring waypoint_follower[0m[0m
[waypoint_follower-14] [INFO] [1791205502.766915319] [waypoint_follower]: Configuring
[waypoint_follower-14] [INFO] [1791205502.770067526] [waypoint_follower]: Created waypoint_task_executor : wait_at_waypoint of type nav2_waypoint_follower::WaitAtWaypoint
[lifecycle_manager-16] [INFO] [1791205502.770406629] [lifecycle_manager_navigation]: [34m[1mConfiguring velocity_smoother[0m[0m
[velocity_smoother-15] [INFO] [1791205502.770507789] [velocity_smoother]: Configuring velocity smoother
[lifecycle_manager-16] [INFO] [1791205502.771940038] [lifecycle_manager_navigation]: [34m[1mActivating controller_server[0m[0m
[controller_server-9] [INFO] [1791205502.772021692] [controller_server]: Activating
[controller_server-9] [INFO] [1791205502.772054065] [local_costmap.local_costmap]: Activating
[controller_server-9] [INFO] [1791205502.772063492] [local_costmap.local_costmap]: Checking transform
[controller_server-9] [INFO] [1791205502.772144119] [local_costmap.local_costmap]: start
[map_server-7] [INFO] [1791205502.953699200] [map_io]: Read map /home/nermin/Documents/Thesis/code/Autonomous-Lawn-Mower-Navigation/install/mower_sim/share/mower_sim/maps/empty_map.pgm: 2000 X 2000 map @ 0.05 m/cell
[lifecycle_manager-8] [INFO] [1791205502.959535202] [lifecycle_manager_map_server]: [34m[1mActivating map_server[0m[0m
[map_server-7] [INFO] [1791205502.959616082] [map_server]: Activating
[map_server-7] [INFO] [1791205502.963868960] [map_server]: Creating bond (map_server) to lifecycle manager.
[planner_server-11] [INFO] [1791205502.968770828] [global_costmap.global_costmap]: StaticLayer: Resizing costmap to 2000 X 2000 at 0.050000 m/pix
[controller_server-9] [INFO] [1791205502.968828337] [local_costmap.local_costmap]: StaticLayer: Resizing static layer to 2000 X 2000 at 0.050000 m/pix
[controller_server-9] [WARN] [1791205503.022510258] [controller_server]: Parameter controller_server.verbose not found
[controller_server-9] [INFO] [1791205503.023158103] [controller_server]: Optimizer reset
[controller_server-9] [INFO] [1791205503.023261229] [MPPIController]: Activated MPPI Controller: MPPI
[controller_server-9] [INFO] [1791205503.023288884] [controller_server]: Activating controller: RPP of type regulated_pure_pursuit_controller::RegulatedPurePursuitController
[controller_server-9] [INFO] [1791205503.023314091] [controller_server]: Creating bond (controller_server) to lifecycle manager.
[lifecycle_manager-8] [INFO] [1791205503.065619784] [lifecycle_manager_map_server]: Server map_server connected with bond.
[lifecycle_manager-8] [INFO] [1791205503.065659873] [lifecycle_manager_map_server]: [34m[1mManaged nodes are active[0m[0m
[lifecycle_manager-8] [INFO] [1791205503.065668582] [lifecycle_manager_map_server]: [34m[1mCreating bond timer...[0m[0m
[lifecycle_manager-16] [INFO] [1791205503.125013704] [lifecycle_manager_navigation]: Server controller_server connected with bond.
[lifecycle_manager-16] [INFO] [1791205503.125045493] [lifecycle_manager_navigation]: [34m[1mActivating smoother_server[0m[0m
[smoother_server-10] [INFO] [1791205503.125205397] [smoother_server]: Activating
[smoother_server-10] [INFO] [1791205503.125240535] [smoother_server]: Creating bond (smoother_server) to lifecycle manager.
[lifecycle_manager-16] [INFO] [1791205503.226593285] [lifecycle_manager_navigation]: Server smoother_server connected with bond.
[lifecycle_manager-16] [INFO] [1791205503.226625342] [lifecycle_manager_navigation]: [34m[1mActivating planner_server[0m[0m
[planner_server-11] [INFO] [1791205503.226758042] [planner_server]: Activating
[planner_server-11] [INFO] [1791205503.226794471] [global_costmap.global_costmap]: Activating
[planner_server-11] [INFO] [1791205503.226803920] [global_costmap.global_costmap]: Checking transform
[planner_server-11] [INFO] [1791205503.226872532] [global_costmap.global_costmap]: start
[planner_server-11] [INFO] [1791205504.277211570] [planner_server]: Activating plugin GridBased of type NavfnPlanner
[planner_server-11] [INFO] [1791205504.277639803] [planner_server]: Creating bond (planner_server) to lifecycle manager.
[lifecycle_manager-16] [INFO] [1791205504.378980584] [lifecycle_manager_navigation]: Server planner_server connected with bond.
[lifecycle_manager-16] [INFO] [1791205504.379011371] [lifecycle_manager_navigation]: [34m[1mActivating behavior_server[0m[0m
[behavior_server-12] [INFO] [1791205504.379155459] [behavior_server]: Activating
[behavior_server-12] [INFO] [1791205504.379179013] [behavior_server]: Activating spin
[behavior_server-12] [INFO] [1791205504.379188531] [behavior_server]: Activating backup
[behavior_server-12] [INFO] [1791205504.379195970] [behavior_server]: Activating drive_on_heading
[behavior_server-12] [INFO] [1791205504.379202844] [behavior_server]: Activating assisted_teleop
[behavior_server-12] [INFO] [1791205504.379209526] [behavior_server]: Activating wait
[behavior_server-12] [INFO] [1791205504.379218530] [behavior_server]: Creating bond (behavior_server) to lifecycle manager.
[lifecycle_manager-16] [INFO] [1791205504.480451326] [lifecycle_manager_navigation]: Server behavior_server connected with bond.
[lifecycle_manager-16] [INFO] [1791205504.480492626] [lifecycle_manager_navigation]: [34m[1mActivating bt_navigator[0m[0m
[bt_navigator-13] [INFO] [1791205504.480669619] [bt_navigator]: Activating
[bt_navigator-13] [INFO] [1791205504.495071409] [bt_navigator]: Creating bond (bt_navigator) to lifecycle manager.
[lifecycle_manager-16] [INFO] [1791205504.596563837] [lifecycle_manager_navigation]: Server bt_navigator connected with bond.
[lifecycle_manager-16] [INFO] [1791205504.596607755] [lifecycle_manager_navigation]: [34m[1mActivating waypoint_follower[0m[0m
[waypoint_follower-14] [INFO] [1791205504.596793419] [waypoint_follower]: Activating
[waypoint_follower-14] [INFO] [1791205504.596837107] [waypoint_follower]: Creating bond (waypoint_follower) to lifecycle manager.
[lifecycle_manager-16] [INFO] [1791205504.698445668] [lifecycle_manager_navigation]: Server waypoint_follower connected with bond.
[lifecycle_manager-16] [INFO] [1791205504.698482134] [lifecycle_manager_navigation]: [34m[1mActivating velocity_smoother[0m[0m
[velocity_smoother-15] [INFO] [1791205504.698634613] [velocity_smoother]: Activating
[velocity_smoother-15] [INFO] [1791205504.698682787] [velocity_smoother]: Creating bond (velocity_smoother) to lifecycle manager.
[lifecycle_manager-16] [INFO] [1791205504.800100123] [lifecycle_manager_navigation]: Server velocity_smoother connected with bond.
[lifecycle_manager-16] [INFO] [1791205504.800136884] [lifecycle_manager_navigation]: [34m[1mManaged nodes are active[0m[0m
[lifecycle_manager-16] [INFO] [1791205504.800151262] [lifecycle_manager_navigation]: [34m[1mCreating bond timer...[0m[0m
[controller_server-9] [INFO] [1791205505.719649837] [controller_server]: Received a goal, begin computing control effort.
[robot_trail_publisher-5] [INFO] [1791205505.720115320] [robot_trail_publisher]: New run, trail cleared
[coverage_monitor-6] [INFO] [1791205505.888914854] [coverage_monitor]: New coverage path, field rebuilt
[controller_server-9] [INFO] [1791205510.786475210] [controller_server]: Passing new path to controller.
[controller_server-9] [INFO] [1791205510.787252544] [controller_server]: Optimizer reset
[controller_server-9] [INFO] [1791205516.786479442] [controller_server]: Passing new path to controller.
[controller_server-9] [INFO] [1791205520.786465940] [controller_server]: Passing new path to controller.
[controller_server-9] [INFO] [1791205520.787050420] [controller_server]: Optimizer reset
[controller_server-9] [INFO] [1791205528.319799211] [controller_server]: Passing new path to controller.
[controller_server-9] [INFO] [1791205532.619963832] [controller_server]: Reached the goal!
[WARNING] [launch]: user interrupted with ctrl-c (SIGINT)
[velocity_smoother-15] [INFO] [1791205533.014867471] [rclcpp]: signal_handler(SIGINT/SIGTERM)
[velocity_smoother-15] [INFO] [1791205533.015005307] [velocity_smoother]: Running Nav2 LifecycleNode rcl preshutdown (velocity_smoother)
[velocity_smoother-15] [INFO] [1791205533.015072852] [velocity_smoother]: Deactivating
[velocity_smoother-15] [INFO] [1791205533.015096405] [velocity_smoother]: Destroying bond (velocity_smoother) to lifecycle manager.
[robot_state_publisher-2] [INFO] [1791205533.014872243] [rclcpp]: signal_handler(SIGINT/SIGTERM)
[lifecycle_manager-8] [INFO] [1791205533.014934817] [rclcpp]: signal_handler(SIGINT/SIGTERM)
[lifecycle_manager-8] [INFO] [1791205533.015003041] [lifecycle_manager_map_server]: Running Nav2 LifecycleManager rcl preshutdown (lifecycle_manager_map_server)
[lifecycle_manager-8] [INFO] [1791205533.015047948] [lifecycle_manager_map_server]: [34m[1mTerminating bond timer...[0m[0m
[smoother_server-10] [INFO] [1791205533.014938753] [rclcpp]: signal_handler(SIGINT/SIGTERM)
[smoother_server-10] [INFO] [1791205533.015003802] [smoother_server]: Running Nav2 LifecycleNode rcl preshutdown (smoother_server)
[smoother_server-10] [INFO] [1791205533.015071230] [smoother_server]: Deactivating
[smoother_server-10] [INFO] [1791205533.015090599] [smoother_server]: Destroying bond (smoother_server) to lifecycle manager.
[map_server-7] [INFO] [1791205533.014937921] [rclcpp]: signal_handler(SIGINT/SIGTERM)
[map_server-7] [INFO] [1791205533.015017972] [map_server]: Running Nav2 LifecycleNode rcl preshutdown (map_server)
[map_server-7] [INFO] [1791205533.015079166] [map_server]: Deactivating
[map_server-7] [INFO] [1791205533.015094938] [map_server]: Destroying bond (map_server) to lifecycle manager.
[behavior_server-12] [INFO] [1791205533.014942672] [rclcpp]: signal_handler(SIGINT/SIGTERM)
[behavior_server-12] [INFO] [1791205533.014997336] [behavior_server]: Running Nav2 LifecycleNode rcl preshutdown (behavior_server)
[behavior_server-12] [INFO] [1791205533.015065864] [behavior_server]: Deactivating
[behavior_server-12] [INFO] [1791205533.015096328] [behavior_server]: Destroying bond (behavior_server) to lifecycle manager.
[lifecycle_manager-16] [INFO] [1791205533.014941549] [rclcpp]: signal_handler(SIGINT/SIGTERM)
[lifecycle_manager-16] [INFO] [1791205533.015009777] [lifecycle_manager_navigation]: Running Nav2 LifecycleManager rcl preshutdown (lifecycle_manager_navigation)
[lifecycle_manager-16] [INFO] [1791205533.015048148] [lifecycle_manager_navigation]: [34m[1mTerminating bond timer...[0m[0m
[controller_server-9] [INFO] [1791205533.014941251] [rclcpp]: signal_handler(SIGINT/SIGTERM)
[controller_server-9] [INFO] [1791205533.014996193] [controller_server]: Running Nav2 LifecycleNode rcl preshutdown (controller_server)
[controller_server-9] [INFO] [1791205533.015067517] [controller_server]: Deactivating
[controller_server-9] [INFO] [1791205533.015104053] [MPPIController]: Deactivated MPPI Controller: MPPI
[controller_server-9] [INFO] [1791205533.015110447] [controller_server]: Deactivating controller: RPP of type regulated_pure_pursuit_controller::RegulatedPurePursuitController
[controller_server-9] [INFO] [1791205533.015133664] [local_costmap.local_costmap]: Deactivating
[INFO] [lifecycle_manager-16]: sending signal 'SIGINT' to process[lifecycle_manager-16]
[INFO] [velocity_smoother-15]: sending signal 'SIGINT' to process[velocity_smoother-15]
[INFO] [waypoint_follower-14]: sending signal 'SIGINT' to process[waypoint_follower-14]
[INFO] [bt_navigator-13]: sending signal 'SIGINT' to process[bt_navigator-13]
[INFO] [behavior_server-12]: sending signal 'SIGINT' to process[behavior_server-12]
[INFO] [planner_server-11]: sending signal 'SIGINT' to process[planner_server-11]
[INFO] [smoother_server-10]: sending signal 'SIGINT' to process[smoother_server-10]
[INFO] [controller_server-9]: sending signal 'SIGINT' to process[controller_server-9]
[INFO] [lifecycle_manager-8]: sending signal 'SIGINT' to process[lifecycle_manager-8]
[INFO] [map_server-7]: sending signal 'SIGINT' to process[map_server-7]
[INFO] [coverage_monitor-6]: sending signal 'SIGINT' to process[coverage_monitor-6]
[INFO] [robot_trail_publisher-5]: sending signal 'SIGINT' to process[robot_trail_publisher-5]
[INFO] [ground_truth_tf_publisher-4]: sending signal 'SIGINT' to process[ground_truth_tf_publisher-4]
[INFO] [robot_state_publisher-2]: sending signal 'SIGINT' to process[robot_state_publisher-2]
[INFO] [gzserver-1]: sending signal 'SIGINT' to process[gzserver-1]
[bt_navigator-13] [INFO] [1791205533.015165285] [rclcpp]: signal_handler(SIGINT/SIGTERM)
[bt_navigator-13] [INFO] [1791205533.015217317] [bt_navigator]: Running Nav2 LifecycleNode rcl preshutdown (bt_navigator)
[bt_navigator-13] [INFO] [1791205533.015266996] [bt_navigator]: Deactivating
[bt_navigator-13] [INFO] [1791205533.015284431] [bt_navigator]: Destroying bond (bt_navigator) to lifecycle manager.
[planner_server-11] [INFO] [1791205533.015208627] [rclcpp]: signal_handler(SIGINT/SIGTERM)
[planner_server-11] [INFO] [1791205533.015264965] [planner_server]: Running Nav2 LifecycleNode rcl preshutdown (planner_server)
[planner_server-11] [INFO] [1791205533.015318893] [planner_server]: Deactivating
[planner_server-11] [INFO] [1791205533.015345679] [global_costmap.global_costmap]: Deactivating
[waypoint_follower-14] [INFO] [1791205533.015208613] [rclcpp]: signal_handler(SIGINT/SIGTERM)
[waypoint_follower-14] [INFO] [1791205533.015278891] [waypoint_follower]: Running Nav2 LifecycleNode rcl preshutdown (waypoint_follower)
[waypoint_follower-14] [INFO] [1791205533.015335878] [waypoint_follower]: Deactivating
[waypoint_follower-14] [INFO] [1791205533.015354773] [waypoint_follower]: Destroying bond (waypoint_follower) to lifecycle manager.
[velocity_smoother-15] [INFO] [1791205533.025289669] [velocity_smoother]: Cleaning up
[velocity_smoother-15] [INFO] [1791205533.025324436] [velocity_smoother]: Destroying bond (velocity_smoother) to lifecycle manager.
[velocity_smoother-15] [INFO] [1791205533.026039862] [rclcpp]: signal_handler(SIGINT/SIGTERM)
[map_server-7] [INFO] [1791205533.025293116] [map_server]: Cleaning up
[map_server-7] [INFO] [1791205533.025505827] [map_server]: Destroying bond (map_server) to lifecycle manager.
[behavior_server-12] [INFO] [1791205533.025293150] [behavior_server]: Cleaning up
[smoother_server-10] [INFO] [1791205533.025298412] [smoother_server]: Cleaning up
[bt_navigator-13] [INFO] [1791205533.025491693] [bt_navigator]: Cleaning up
[waypoint_follower-14] [INFO] [1791205533.025540193] [waypoint_follower]: Cleaning up
[behavior_server-12] [INFO] [1791205533.030199578] [behavior_server]: Destroying bond (behavior_server) to lifecycle manager.
[behavior_server-12] [INFO] [1791205533.031174127] [rclcpp]: signal_handler(SIGINT/SIGTERM)
[lifecycle_manager-8] [INFO] [1791205533.033440251] [rclcpp]: signal_handler(SIGINT/SIGTERM)
[waypoint_follower-14] [INFO] [1791205533.033824872] [waypoint_follower]: Destroying bond (waypoint_follower) to lifecycle manager.
[map_server-7] [INFO] [1791205533.034756104] [rclcpp]: signal_handler(SIGINT/SIGTERM)
[waypoint_follower-14] [INFO] [1791205533.034937364] [rclcpp]: signal_handler(SIGINT/SIGTERM)
[smoother_server-10] [INFO] [1791205533.038609216] [smoother_server]: Destroying bond (smoother_server) to lifecycle manager.
[smoother_server-10] [INFO] [1791205533.039132203] [rclcpp]: signal_handler(SIGINT/SIGTERM)
[robot_state_publisher-2] [INFO] [1791205533.040244762] [rclcpp]: signal_handler(SIGINT/SIGTERM)
[smoother_server-10] [INFO] [1791205533.041364333] [smoother_server]: Destroying
[bt_navigator-13] [INFO] [1791205533.156982187] [bt_navigator]: Completed Cleaning up
[bt_navigator-13] [INFO] [1791205533.157024508] [bt_navigator]: Destroying bond (bt_navigator) to lifecycle manager.
[bt_navigator-13] [INFO] [1791205533.157933976] [rclcpp]: signal_handler(SIGINT/SIGTERM)
[bt_navigator-13] [INFO] [1791205533.165744696] [bt_navigator]: Destroying
[ground_truth_tf_publisher-4] Traceback (most recent call last):
[ground_truth_tf_publisher-4]   File "/home/nermin/Documents/Thesis/code/Autonomous-Lawn-Mower-Navigation/install/mower_sim/lib/mower_sim/ground_truth_tf_publisher", line 33, in <module>
[ground_truth_tf_publisher-4]     sys.exit(load_entry_point('mower-sim==0.0.0', 'console_scripts', 'ground_truth_tf_publisher')())
[ground_truth_tf_publisher-4]   File "/home/nermin/Documents/Thesis/code/Autonomous-Lawn-Mower-Navigation/install/mower_sim/lib/python3.10/site-packages/mower_sim/ground_truth_tf_publisher.py", line 169, in main
[ground_truth_tf_publisher-4]     node.destroy_node()
[ground_truth_tf_publisher-4]   File "/opt/ros/humble/local/lib/python3.10/dist-packages/rclpy/node.py", line 1685, in destroy_node
[map_server-7] [INFO] [1791205533.165979646] [map_server]: Destroying
[ground_truth_tf_publisher-4]     self.destroy_publisher(self._publishers[0])
[ground_truth_tf_publisher-4]   File "/opt/ros/humble/local/lib/python3.10/dist-packages/rclpy/node.py", line 1565, in destroy_publisher
[ground_truth_tf_publisher-4]     publisher.destroy()
[ground_truth_tf_publisher-4]   File "/opt/ros/humble/local/lib/python3.10/dist-packages/rclpy/publisher.py", line 99, in destroy
[ground_truth_tf_publisher-4]     self.__publisher.destroy_when_not_in_use()
[ground_truth_tf_publisher-4] KeyboardInterrupt
[lifecycle_manager-8] [INFO] [1791205533.167073151] [lifecycle_manager_map_server]: Destroying lifecycle_manager_map_server
[controller_server-9] [INFO] [1791205533.172318972] [controller_server]: Destroying bond (controller_server) to lifecycle manager.
[behavior_server-12] [INFO] [1791205533.181167863] [behavior_server]: Destroying
[controller_server-9] [INFO] [1791205533.182563112] [controller_server]: Cleaning up
[controller_server-9] [INFO] [1791205533.182631095] [MPPIController]: Cleaned up MPPI Controller: MPPI
[controller_server-9] [INFO] [1791205533.182635550] [controller_server]: Cleaning up controller: RPP of type regulated_pure_pursuit_controller::RegulatedPurePursuitController
[controller_server-9] [INFO] [1791205533.182716956] [local_costmap.local_costmap]: Cleaning up
[waypoint_follower-14] [INFO] [1791205533.200036670] [waypoint_follower]: Destroying
[velocity_smoother-15] [INFO] [1791205533.201183045] [velocity_smoother]: Destroying
[controller_server-9] [INFO] [1791205533.213598686] [controller_server]: Destroying bond (controller_server) to lifecycle manager.
[controller_server-9] [INFO] [1791205533.215824740] [rclcpp]: signal_handler(SIGINT/SIGTERM)
[INFO] [robot_state_publisher-2]: process has finished cleanly [pid 219671]
[coverage_monitor-6] Traceback (most recent call last):
[coverage_monitor-6]   File "/home/nermin/Documents/Thesis/code/Autonomous-Lawn-Mower-Navigation/install/mower_sim/lib/mower_sim/coverage_monitor", line 33, in <module>
[coverage_monitor-6]     sys.exit(load_entry_point('mower-sim==0.0.0', 'console_scripts', 'coverage_monitor')())
[coverage_monitor-6]   File "/home/nermin/Documents/Thesis/code/Autonomous-Lawn-Mower-Navigation/install/mower_sim/lib/python3.10/site-packages/mower_sim/coverage_monitor.py", line 153, in main
[coverage_monitor-6]     node.destroy_node()
[coverage_monitor-6]   File "/opt/ros/humble/local/lib/python3.10/dist-packages/rclpy/node.py", line 1696, in destroy_node
[coverage_monitor-6]     self.__node.destroy_when_not_in_use()
[coverage_monitor-6] KeyboardInterrupt
[robot_trail_publisher-5] Traceback (most recent call last):
[robot_trail_publisher-5]   File "/home/nermin/Documents/Thesis/code/Autonomous-Lawn-Mower-Navigation/install/mower_sim/lib/mower_sim/robot_trail_publisher", line 33, in <module>
[robot_trail_publisher-5]     sys.exit(load_entry_point('mower-sim==0.0.0', 'console_scripts', 'robot_trail_publisher')())
[robot_trail_publisher-5]   File "/home/nermin/Documents/Thesis/code/Autonomous-Lawn-Mower-Navigation/install/mower_sim/lib/python3.10/site-packages/mower_sim/robot_trail_publisher.py", line 98, in main
[robot_trail_publisher-5]     node.destroy_node()
[robot_trail_publisher-5]   File "/opt/ros/humble/local/lib/python3.10/dist-packages/rclpy/node.py", line 1696, in destroy_node
[robot_trail_publisher-5]     self.__node.destroy_when_not_in_use()
[robot_trail_publisher-5] KeyboardInterrupt
[planner_server-11] [INFO] [1791205533.227022571] [planner_server]: Deactivating plugin GridBased of type NavfnPlanner
[planner_server-11] [INFO] [1791205533.227071217] [planner_server]: Destroying bond (planner_server) to lifecycle manager.
[lifecycle_manager-16] [INFO] [1791205533.228456386] [rclcpp]: signal_handler(SIGINT/SIGTERM)
[INFO] [smoother_server-10]: process has finished cleanly [pid 220168]
[planner_server-11] [INFO] [1791205533.237242501] [planner_server]: Cleaning up
[ERROR] [robot_trail_publisher-5]: process has died [pid 219677, exit code -2, cmd '/home/nermin/Documents/Thesis/code/Autonomous-Lawn-Mower-Navigation/install/mower_sim/lib/mower_sim/robot_trail_publisher --ros-args --params-file /tmp/launch_params_24przmaq'].
[ERROR] [coverage_monitor-6]: process has died [pid 219679, exit code -2, cmd '/home/nermin/Documents/Thesis/code/Autonomous-Lawn-Mower-Navigation/install/mower_sim/lib/mower_sim/coverage_monitor --ros-args --params-file /tmp/launch_params_kgru53a9'].
[planner_server-11] [INFO] [1791205533.253952495] [global_costmap.global_costmap]: Cleaning up
[planner_server-11] [INFO] [1791205533.257495445] [planner_server]: Cleaning up plugin GridBased of type NavfnPlanner
[planner_server-11] [INFO] [1791205533.257615538] [planner_server]: Destroying plugin GridBased of type NavfnPlanner
[planner_server-11] [INFO] [1791205533.269782416] [planner_server]: Destroying bond (planner_server) to lifecycle manager.
[planner_server-11] [INFO] [1791205533.272027230] [rclcpp]: signal_handler(SIGINT/SIGTERM)
[planner_server-11] [INFO] [1791205533.275358001] [global_costmap.global_costmap]: Destroying
[planner_server-11] [INFO] [1791205533.298579478] [planner_server]: Destroying
[INFO] [lifecycle_manager-8]: process has finished cleanly [pid 220164]
[controller_server-9] [INFO] [1791205533.325372863] [local_costmap.local_costmap]: Destroying
[lifecycle_manager-16] [INFO] [1791205533.330795102] [lifecycle_manager_navigation]: Destroying lifecycle_manager_navigation
[INFO] [behavior_server-12]: process has finished cleanly [pid 220172]
[INFO] [map_server-7]: process has finished cleanly [pid 220162]
[ERROR] [ground_truth_tf_publisher-4]: process has died [pid 219675, exit code -2, cmd '/home/nermin/Documents/Thesis/code/Autonomous-Lawn-Mower-Navigation/install/mower_sim/lib/mower_sim/ground_truth_tf_publisher --ros-args --params-file /tmp/launch_params_3yfsm01x'].
[INFO] [bt_navigator-13]: process has finished cleanly [pid 220174]
[controller_server-9] [INFO] [1791205533.350845077] [controller_server]: Destroying
[INFO] [velocity_smoother-15]: process has finished cleanly [pid 220178]
[INFO] [waypoint_follower-14]: process has finished cleanly [pid 220176]
[INFO] [planner_server-11]: process has finished cleanly [pid 220170]
[INFO] [gzserver-1]: process has finished cleanly [pid 219669]
[gzserver-1] [0m[1;32m[0m[1;32m[0m[1;36m[0m[1;32m[0m
[gzserver-1] [1;33m[0m[1;31m[0m
[INFO] [controller_server-9]: process has finished cleanly [pid 220166]
[INFO] [lifecycle_manager-16]: process has finished cleanly [pid 220180]
