[INFO] [launch]: All log files can be found below /home/nermin/.ros/log/2026-10-05-17-59-35-711966-Nermin-11917
[INFO] [launch]: Default logging verbosity is set to INFO

[mower_sim] Controller: SWITCHING
[mower_sim] Odometry: ground_truth
[mower_sim] Params: /home/nermin/Documents/Thesis/code/Autonomous-Lawn-Mower-Navigation/install/mower_sim/share/mower_sim/config/nav2_switching.yaml

[INFO] [gzserver-1]: process started with pid [11935]
[INFO] [robot_state_publisher-2]: process started with pid [11937]
[INFO] [spawn_entity.py-3]: process started with pid [11939]
[INFO] [ground_truth_tf_publisher-4]: process started with pid [11941]
[INFO] [robot_trail_publisher-5]: process started with pid [11943]
[INFO] [coverage_monitor-6]: process started with pid [11945]
[robot_state_publisher-2] [INFO] [1791215975.826432969] [robot_state_publisher]: got segment base_footprint
[robot_state_publisher-2] [INFO] [1791215975.826488138] [robot_state_publisher]: got segment base_link
[robot_state_publisher-2] [INFO] [1791215975.826494824] [robot_state_publisher]: got segment base_scan
[robot_state_publisher-2] [INFO] [1791215975.826498924] [robot_state_publisher]: got segment front_left_caster
[robot_state_publisher-2] [INFO] [1791215975.826502758] [robot_state_publisher]: got segment front_right_caster
[robot_state_publisher-2] [INFO] [1791215975.826506916] [robot_state_publisher]: got segment left_wheel
[robot_state_publisher-2] [INFO] [1791215975.826510819] [robot_state_publisher]: got segment right_wheel
[gzserver-1] Gazebo multi-robot simulator, version 11.10.2
[gzserver-1] Copyright (C) 2012 Open Source Robotics Foundation.
[gzserver-1] Released under the Apache 2 License.
[gzserver-1] http://gazebosim.org
[gzserver-1] 
[robot_trail_publisher-5] [INFO] [1791215976.218077228] [robot_trail_publisher]: Robot trail: /ground_truth/pose on /robot_trail
[coverage_monitor-6] [INFO] [1791215976.230880284] [coverage_monitor]: Coverage monitor: field from /coverage_path
[ground_truth_tf_publisher-4] [INFO] [1791215976.267952665] [ground_truth_tf_publisher]: Ground truth TF publisher started for "mower": map -> odom (ground truth correction)
[spawn_entity.py-3] [INFO] [1791215976.276864857] [spawn_entity]: Spawn Entity started
[spawn_entity.py-3] [INFO] [1791215976.277144370] [spawn_entity]: Loading entity published on topic robot_description
[spawn_entity.py-3] [INFO] [1791215976.278176539] [spawn_entity]: Waiting for entity xml on robot_description
[spawn_entity.py-3] [INFO] [1791215976.279743439] [spawn_entity]: Waiting for service /spawn_entity, timeout = 120
[spawn_entity.py-3] [INFO] [1791215976.279980712] [spawn_entity]: Waiting for service /spawn_entity
[gzserver-1] [1;33m[Wrn] [gazebo_ros_init.cpp:178] [0m[1;33m
[gzserver-1] #     # ####### ####### ###  #####  #######
[gzserver-1] ##    # #     #    #     #  #     # #
[gzserver-1] # #   # #     #    #     #  #       #
[gzserver-1] #  #  # #     #    #     #  #       #####
[gzserver-1] #   # # #     #    #     #  #       #
[gzserver-1] #    ## #     #    #     #  #     # #
[gzserver-1] #     # #######    #    ###  #####  #######
[gzserver-1] 
[gzserver-1] This version of Gazebo, now called Gazebo classic, reaches end-of-life
[gzserver-1] in January 2025. Users are highly encouraged to migrate to the new Gazebo
[gzserver-1] using our migration guides (https://gazebosim.org/docs/latest/gazebo_classic_migration?utm_source=gazebo_ros_pkgs&utm_medium=cli)
[gzserver-1] 
[gzserver-1] [0m[1;33m
[gzserver-1] [0m[1;33m[0m[1;33m[0m[INFO] [1791215976.760734321] [gazebo.gazebo_ros_state]: Publishing states of gazebo models at [/gazebo/model_states]
[gzserver-1] [INFO] [1791215976.761093347] [gazebo.gazebo_ros_state]: Publishing states of gazebo links at [/gazebo/link_states]
[spawn_entity.py-3] [INFO] [1791215976.782679816] [spawn_entity]: Calling service /spawn_entity
[spawn_entity.py-3] [INFO] [1791215977.046572978] [spawn_entity]: Spawn status: SpawnEntity: Successfully spawned entity [mower]
[gzserver-1] [INFO] [1791215977.155940802] [diff_drive]: Wheel pair 1 separation set to [0.700000m]
[gzserver-1] [INFO] [1791215977.155978250] [diff_drive]: Wheel pair 1 diameter set to [0.300000m]
[gzserver-1] [INFO] [1791215977.156372724] [diff_drive]: Subscribed to [/cmd_vel]
[gzserver-1] [INFO] [1791215977.157168258] [diff_drive]: Advertise odometry on [/odom]
[gzserver-1] [INFO] [1791215977.157930313] [diff_drive]: Publishing odom transforms between [odom] and [base_footprint]
[gzserver-1] [INFO] [1791215977.162859947] [joint_states]: Going to publish joint [left_wheel_joint]
[gzserver-1] [INFO] [1791215977.162877418] [joint_states]: Going to publish joint [right_wheel_joint]
[ground_truth_tf_publisher-4] [WARN] [1791215977.170909719] [ground_truth_tf_publisher]: Waiting for odom -> base_footprint: "odom" passed to lookupTransform argument target_frame does not exist. 
[INFO] [spawn_entity.py-3]: process has finished cleanly [pid 11939]
[gzserver-1] [1;32m[Msg] [0m[1;32mWaiting for master.[0m[1;32m
[gzserver-1] [0m[1;32m[0m[1;32m[0m[1;32m[Msg] [0m[1;32mConnected to gazebo master @ [0m[1;32mhttp://127.0.0.1:11345[0m[1;32m
[gzserver-1] [0m[1;32m[0m[1;32m[0m[1;32m[Msg] [0m[1;32mPublicized address: [0m[1;32m192.168.1.6[0m[1;32m
[gzserver-1] [0m[1;32m[0m[1;32m[0m[1;32m[Msg] [0m[1;32mLoading world file [[0m[1;32m/home/nermin/Documents/Thesis/code/Autonomous-Lawn-Mower-Navigation/install/mower_sim/share/mower_sim/worlds/empty_field.world[0m[1;32m][0m[1;32m
[INFO] [map_server-7]: process started with pid [12334]
[INFO] [lifecycle_manager-8]: process started with pid [12336]
[INFO] [controller_server-9]: process started with pid [12338]
[INFO] [smoother_server-10]: process started with pid [12340]
[INFO] [planner_server-11]: process started with pid [12342]
[INFO] [behavior_server-12]: process started with pid [12344]
[INFO] [bt_navigator-13]: process started with pid [12346]
[INFO] [waypoint_follower-14]: process started with pid [12348]
[INFO] [velocity_smoother-15]: process started with pid [12350]
[INFO] [lifecycle_manager-16]: process started with pid [12352]
[lifecycle_manager-8] [INFO] [1791215995.953404830] [lifecycle_manager_map_server]: Creating
[smoother_server-10] [INFO] [1791215995.959361883] [smoother_server]: 
[lifecycle_manager-8] [INFO] [1791215995.959594188] [lifecycle_manager_map_server]: [34m[1mCreating and initializing lifecycle service clients[0m[0m
[smoother_server-10] 	smoother_server lifecycle node launched. 
[smoother_server-10] 	Waiting on external lifecycle transitions to activate
[smoother_server-10] 	See https://design.ros2.org/articles/node_lifecycle.html for more information.
[controller_server-9] [INFO] [1791215995.960619699] [controller_server]: 
[controller_server-9] 	controller_server lifecycle node launched. 
[controller_server-9] 	Waiting on external lifecycle transitions to activate
[controller_server-9] 	See https://design.ros2.org/articles/node_lifecycle.html for more information.
[smoother_server-10] [INFO] [1791215995.961966731] [smoother_server]: Creating smoother server
[lifecycle_manager-16] [INFO] [1791215995.963103511] [lifecycle_manager_navigation]: Creating
[waypoint_follower-14] [INFO] [1791215995.963879413] [waypoint_follower]: 
[waypoint_follower-14] 	waypoint_follower lifecycle node launched. 
[waypoint_follower-14] 	Waiting on external lifecycle transitions to activate
[waypoint_follower-14] 	See https://design.ros2.org/articles/node_lifecycle.html for more information.
[waypoint_follower-14] [INFO] [1791215995.964195645] [waypoint_follower]: Creating
[lifecycle_manager-16] [INFO] [1791215995.964540018] [lifecycle_manager_navigation]: [34m[1mCreating and initializing lifecycle service clients[0m[0m
[controller_server-9] [INFO] [1791215995.964545784] [controller_server]: Creating controller server
[planner_server-11] [INFO] [1791215995.966461145] [planner_server]: 
[planner_server-11] 	planner_server lifecycle node launched. 
[planner_server-11] 	Waiting on external lifecycle transitions to activate
[planner_server-11] 	See https://design.ros2.org/articles/node_lifecycle.html for more information.
[behavior_server-12] [INFO] [1791215995.968590299] [behavior_server]: 
[behavior_server-12] 	behavior_server lifecycle node launched. 
[behavior_server-12] 	Waiting on external lifecycle transitions to activate
[behavior_server-12] 	See https://design.ros2.org/articles/node_lifecycle.html for more information.
[planner_server-11] [INFO] [1791215995.969647629] [planner_server]: Creating
[map_server-7] [INFO] [1791215995.972016054] [map_server]: 
[map_server-7] 	map_server lifecycle node launched. 
[map_server-7] 	Waiting on external lifecycle transitions to activate
[map_server-7] 	See https://design.ros2.org/articles/node_lifecycle.html for more information.
[map_server-7] [INFO] [1791215995.972095438] [map_server]: Creating
[bt_navigator-13] [INFO] [1791215995.972062013] [bt_navigator]: 
[bt_navigator-13] 	bt_navigator lifecycle node launched. 
[bt_navigator-13] 	Waiting on external lifecycle transitions to activate
[bt_navigator-13] 	See https://design.ros2.org/articles/node_lifecycle.html for more information.
[bt_navigator-13] [INFO] [1791215995.972133782] [bt_navigator]: Creating
[velocity_smoother-15] [INFO] [1791215995.973215380] [velocity_smoother]: 
[velocity_smoother-15] 	velocity_smoother lifecycle node launched. 
[velocity_smoother-15] 	Waiting on external lifecycle transitions to activate
[velocity_smoother-15] 	See https://design.ros2.org/articles/node_lifecycle.html for more information.
[planner_server-11] [INFO] [1791215995.977629332] [global_costmap.global_costmap]: 
[planner_server-11] 	global_costmap lifecycle node launched. 
[planner_server-11] 	Waiting on external lifecycle transitions to activate
[planner_server-11] 	See https://design.ros2.org/articles/node_lifecycle.html for more information.
[planner_server-11] [INFO] [1791215995.979351353] [global_costmap.global_costmap]: Creating Costmap
[lifecycle_manager-8] [INFO] [1791215995.979951962] [lifecycle_manager_map_server]: [34m[1mStarting managed nodes bringup...[0m[0m
[lifecycle_manager-8] [INFO] [1791215995.979997205] [lifecycle_manager_map_server]: [34m[1mConfiguring map_server[0m[0m
[controller_server-9] [INFO] [1791215995.980618194] [local_costmap.local_costmap]: 
[controller_server-9] 	local_costmap lifecycle node launched. 
[controller_server-9] 	Waiting on external lifecycle transitions to activate
[controller_server-9] 	See https://design.ros2.org/articles/node_lifecycle.html for more information.
[controller_server-9] [INFO] [1791215995.981262158] [local_costmap.local_costmap]: Creating Costmap
[lifecycle_manager-16] [INFO] [1791215995.989079534] [lifecycle_manager_navigation]: [34m[1mStarting managed nodes bringup...[0m[0m
[lifecycle_manager-16] [INFO] [1791215995.989122253] [lifecycle_manager_navigation]: [34m[1mConfiguring controller_server[0m[0m
[controller_server-9] [INFO] [1791215995.989267550] [controller_server]: Configuring controller interface
[controller_server-9] [INFO] [1791215995.989351405] [controller_server]: getting goal checker plugins..
[controller_server-9] [INFO] [1791215995.989368017] [controller_server]: Controller frequency set to 30.0000Hz
[controller_server-9] [INFO] [1791215995.989386713] [local_costmap.local_costmap]: Configuring
[controller_server-9] [INFO] [1791215995.992010406] [local_costmap.local_costmap]: Using plugin "static_layer"
[map_server-7] [INFO] [1791215995.994564484] [map_server]: Configuring
[map_server-7] [INFO] [1791215995.994629839] [map_io]: Loading yaml file: /home/nermin/Documents/Thesis/code/Autonomous-Lawn-Mower-Navigation/install/mower_sim/share/mower_sim/maps/empty_map.yaml
[controller_server-9] [INFO] [1791215995.994738411] [local_costmap.local_costmap]: Subscribing to the map topic (/map) with transient local durability
[map_server-7] [INFO] [1791215995.994857056] [map_io]: resolution: 0.05
[map_server-7] [INFO] [1791215995.994864886] [map_io]: origin[0]: -50
[map_server-7] [INFO] [1791215995.994867567] [map_io]: origin[1]: -50
[map_server-7] [INFO] [1791215995.994870104] [map_io]: origin[2]: 0
[map_server-7] [INFO] [1791215995.994872760] [map_io]: free_thresh: 0.196
[map_server-7] [INFO] [1791215995.994876790] [map_io]: occupied_thresh: 0.65
[map_server-7] [INFO] [1791215995.994885617] [map_io]: mode: trinary
[map_server-7] [INFO] [1791215995.994891365] [map_io]: negate: 0
[map_server-7] [INFO] [1791215995.995033402] [map_io]: Loading image_file: /home/nermin/Documents/Thesis/code/Autonomous-Lawn-Mower-Navigation/install/mower_sim/share/mower_sim/maps/empty_map.pgm
[controller_server-9] [INFO] [1791215995.995170842] [local_costmap.local_costmap]: Initialized plugin "static_layer"
[controller_server-9] [INFO] [1791215995.995185841] [local_costmap.local_costmap]: Using plugin "voxel_layer"
[controller_server-9] [INFO] [1791215995.995531906] [local_costmap.local_costmap]: Subscribed to Topics: scan
[controller_server-9] [INFO] [1791215995.998005711] [local_costmap.local_costmap]: Initialized plugin "voxel_layer"
[controller_server-9] [INFO] [1791215995.998025377] [local_costmap.local_costmap]: Using plugin "inflation_layer"
[controller_server-9] [INFO] [1791215995.998441600] [local_costmap.local_costmap]: Initialized plugin "inflation_layer"
[controller_server-9] [INFO] [1791215996.000828996] [controller_server]: Created progress_checker : progress_checker of type nav2_controller::SimpleProgressChecker
[controller_server-9] [INFO] [1791215996.001279783] [controller_server]: Created goal checker : general_goal_checker of type nav2_controller::SimpleGoalChecker
[controller_server-9] [INFO] [1791215996.001478181] [controller_server]: Controller Server has general_goal_checker  goal checkers available.
[controller_server-9] [INFO] [1791215996.001838601] [controller_server]: Created controller : RPP of type nav2_regulated_pure_pursuit_controller::RegulatedPurePursuitController
[controller_server-9] [INFO] [1791215996.004194774] [controller_server]: Created controller : MPPI of type nav2_mppi_controller::MPPIController
[controller_server-9] [WARN] [1791215996.005074973] [controller_server]: Controller period is less then model dt, consider setting it equal
[controller_server-9] [INFO] [1791215996.005863843] [controller_server]: ConstraintCritic instantiated with 1 power and 4.000000 weight.
[controller_server-9] [INFO] [1791215996.005892031] [controller_server]: Critic loaded : mppi::critics::ConstraintCritic
[controller_server-9] [INFO] [1791215996.006135208] [controller_server]: GoalCritic instantiated with 1 power and 2.000000 weight.
[controller_server-9] [INFO] [1791215996.006151695] [controller_server]: Critic loaded : mppi::critics::GoalCritic
[controller_server-9] [INFO] [1791215996.006350750] [controller_server]: GoalAngleCritic instantiated with 1 power, 1.000000 weight, and 0.300000 angular threshold.
[controller_server-9] [INFO] [1791215996.006360500] [controller_server]: Critic loaded : mppi::critics::GoalAngleCritic
[controller_server-9] [INFO] [1791215996.006923141] [controller_server]: ReferenceTrajectoryCritic instantiated with 1 power and 14.000000 weight
[controller_server-9] [INFO] [1791215996.006942983] [controller_server]: Critic loaded : mppi::critics::PathAlignCritic
[controller_server-9] [INFO] [1791215996.007287048] [controller_server]: Critic loaded : mppi::critics::PathFollowCritic
[controller_server-9] [INFO] [1791215996.007704321] [controller_server]: PathAngleCritic instantiated with 1 power and 2.000000 weight. Reversing allowed.
[controller_server-9] [INFO] [1791215996.007720324] [controller_server]: Critic loaded : mppi::critics::PathAngleCritic
[controller_server-9] [INFO] [1791215996.008304324] [controller_server]: ObstaclesCritic instantiated with 1 power and 20.000000 / 2.000000 weights. Critic will collision check based on footprint cost.
[controller_server-9] [INFO] [1791215996.008322387] [controller_server]: Critic loaded : mppi::critics::ObstaclesCritic
[controller_server-9] [INFO] [1791215996.008559257] [controller_server]: PreferForwardCritic instantiated with 1 power and 1.000000 weight.
[controller_server-9] [INFO] [1791215996.008592983] [controller_server]: Critic loaded : mppi::critics::PreferForwardCritic
[controller_server-9] [INFO] [1791215996.008851445] [controller_server]: VelocityDeadbandCritic instantiated with 1 power, 0.5 weight, deadband_velocity [0.02,0,0.02]
[controller_server-9] [INFO] [1791215996.008867659] [controller_server]: Critic loaded : mppi::critics::VelocityDeadbandCritic
[controller_server-9] [INFO] [1791215996.009042598] [controller_server]: TwirlingCritic instantiated with 1 power and 1.000000 weight.
[controller_server-9] [INFO] [1791215996.009053480] [controller_server]: Critic loaded : mppi::critics::TwirlingCritic
[controller_server-9] [INFO] [1791215996.010179063] [controller_server]: Optimizer reset
[controller_server-9] [INFO] [1791215996.011112845] [MPPIController]: Configured MPPI Controller: MPPI
[controller_server-9] [INFO] [1791215996.011973868] [controller_server]: Created controller : DWB of type dwb_core::DWBLocalPlanner
[controller_server-9] [INFO] [1791215996.012503517] [controller_server]: Setting transform_tolerance to 0.200000
[controller_server-9] [INFO] [1791215996.015907363] [controller_server]: Using critic "RotateToGoal" (dwb_critics::RotateToGoalCritic)
[controller_server-9] [INFO] [1791215996.016176790] [controller_server]: Critic plugin initialized
[controller_server-9] [INFO] [1791215996.016249582] [controller_server]: Using critic "BaseObstacle" (dwb_critics::BaseObstacleCritic)
[controller_server-9] [INFO] [1791215996.016354610] [controller_server]: Critic plugin initialized
[controller_server-9] [INFO] [1791215996.016418292] [controller_server]: Using critic "PathAlign" (dwb_critics::PathAlignCritic)
[controller_server-9] [INFO] [1791215996.016641424] [controller_server]: Critic plugin initialized
[controller_server-9] [INFO] [1791215996.016734709] [controller_server]: Using critic "PathDist" (dwb_critics::PathDistCritic)
[controller_server-9] [INFO] [1791215996.016915112] [controller_server]: Critic plugin initialized
[controller_server-9] [INFO] [1791215996.016994082] [controller_server]: Using critic "GoalDist" (dwb_critics::GoalDistCritic)
[controller_server-9] [INFO] [1791215996.017124836] [controller_server]: Critic plugin initialized
[controller_server-9] [INFO] [1791215996.017133769] [controller_server]: Controller Server has RPP MPPI DWB  controllers available.
[lifecycle_manager-16] [INFO] [1791215996.019023893] [lifecycle_manager_navigation]: [34m[1mConfiguring smoother_server[0m[0m
[smoother_server-10] [INFO] [1791215996.019148205] [smoother_server]: Configuring smoother server
[smoother_server-10] [INFO] [1791215996.022150968] [smoother_server]: Created smoother : simple_smoother of type nav2_smoother::SimpleSmoother
[smoother_server-10] [INFO] [1791215996.022452094] [smoother_server]: Smoother Server has simple_smoother  smoothers available.
[lifecycle_manager-16] [INFO] [1791215996.024091000] [lifecycle_manager_navigation]: [34m[1mConfiguring planner_server[0m[0m
[planner_server-11] [INFO] [1791215996.024211288] [planner_server]: Configuring
[planner_server-11] [INFO] [1791215996.024246196] [global_costmap.global_costmap]: Configuring
[planner_server-11] [INFO] [1791215996.026083204] [global_costmap.global_costmap]: Using plugin "static_layer"
[planner_server-11] [INFO] [1791215996.028079364] [global_costmap.global_costmap]: Subscribing to the map topic (/map) with transient local durability
[planner_server-11] [INFO] [1791215996.028408745] [global_costmap.global_costmap]: Initialized plugin "static_layer"
[planner_server-11] [INFO] [1791215996.028426357] [global_costmap.global_costmap]: Using plugin "obstacle_layer"
[planner_server-11] [INFO] [1791215996.028751644] [global_costmap.global_costmap]: Subscribed to Topics: scan
[planner_server-11] [INFO] [1791215996.030052238] [global_costmap.global_costmap]: Initialized plugin "obstacle_layer"
[planner_server-11] [INFO] [1791215996.030074761] [global_costmap.global_costmap]: Using plugin "inflation_layer"
[planner_server-11] [INFO] [1791215996.030572393] [global_costmap.global_costmap]: Initialized plugin "inflation_layer"
[planner_server-11] [INFO] [1791215996.033213383] [planner_server]: Created global planner plugin GridBased of type nav2_navfn_planner/NavfnPlanner
[planner_server-11] [INFO] [1791215996.033234083] [planner_server]: Configuring plugin GridBased of type NavfnPlanner
[planner_server-11] [INFO] [1791215996.033514667] [planner_server]: Planner Server has GridBased  planners available.
[lifecycle_manager-16] [INFO] [1791215996.036021907] [lifecycle_manager_navigation]: [34m[1mConfiguring behavior_server[0m[0m
[behavior_server-12] [INFO] [1791215996.036171256] [behavior_server]: Configuring
[behavior_server-12] [INFO] [1791215996.039598877] [behavior_server]: Creating behavior plugin spin of type nav2_behaviors/Spin
[behavior_server-12] [INFO] [1791215996.040139276] [behavior_server]: Configuring spin
[behavior_server-12] [INFO] [1791215996.041605706] [behavior_server]: Creating behavior plugin backup of type nav2_behaviors/BackUp
[behavior_server-12] [INFO] [1791215996.042023118] [behavior_server]: Configuring backup
[behavior_server-12] [INFO] [1791215996.043297492] [behavior_server]: Creating behavior plugin drive_on_heading of type nav2_behaviors/DriveOnHeading
[behavior_server-12] [INFO] [1791215996.043687425] [behavior_server]: Configuring drive_on_heading
[behavior_server-12] [INFO] [1791215996.044900121] [behavior_server]: Creating behavior plugin assisted_teleop of type nav2_behaviors/AssistedTeleop
[behavior_server-12] [INFO] [1791215996.045819304] [behavior_server]: Configuring assisted_teleop
[behavior_server-12] [INFO] [1791215996.047539575] [behavior_server]: Creating behavior plugin wait of type nav2_behaviors/Wait
[behavior_server-12] [INFO] [1791215996.047897327] [behavior_server]: Configuring wait
[lifecycle_manager-16] [INFO] [1791215996.049170467] [lifecycle_manager_navigation]: [34m[1mConfiguring bt_navigator[0m[0m
[bt_navigator-13] [INFO] [1791215996.049271786] [bt_navigator]: Configuring
[lifecycle_manager-16] [INFO] [1791215996.074676018] [lifecycle_manager_navigation]: [34m[1mConfiguring waypoint_follower[0m[0m
[waypoint_follower-14] [INFO] [1791215996.074820891] [waypoint_follower]: Configuring
[waypoint_follower-14] [INFO] [1791215996.078259339] [waypoint_follower]: Created waypoint_task_executor : wait_at_waypoint of type nav2_waypoint_follower::WaitAtWaypoint
[lifecycle_manager-16] [INFO] [1791215996.078635110] [lifecycle_manager_navigation]: [34m[1mConfiguring velocity_smoother[0m[0m
[velocity_smoother-15] [INFO] [1791215996.078747239] [velocity_smoother]: Configuring velocity smoother
[lifecycle_manager-16] [INFO] [1791215996.080329340] [lifecycle_manager_navigation]: [34m[1mActivating controller_server[0m[0m
[controller_server-9] [INFO] [1791215996.080412253] [controller_server]: Activating
[controller_server-9] [INFO] [1791215996.080442101] [local_costmap.local_costmap]: Activating
[controller_server-9] [INFO] [1791215996.080451684] [local_costmap.local_costmap]: Checking transform
[controller_server-9] [INFO] [1791215996.080534084] [local_costmap.local_costmap]: start
[map_server-7] [INFO] [1791215996.253236020] [map_io]: Read map /home/nermin/Documents/Thesis/code/Autonomous-Lawn-Mower-Navigation/install/mower_sim/share/mower_sim/maps/empty_map.pgm: 2000 X 2000 map @ 0.05 m/cell
[lifecycle_manager-8] [INFO] [1791215996.259385981] [lifecycle_manager_map_server]: [34m[1mActivating map_server[0m[0m
[map_server-7] [INFO] [1791215996.259470966] [map_server]: Activating
[map_server-7] [INFO] [1791215996.263619688] [map_server]: Creating bond (map_server) to lifecycle manager.
[planner_server-11] [INFO] [1791215996.267615783] [global_costmap.global_costmap]: StaticLayer: Resizing costmap to 2000 X 2000 at 0.050000 m/pix
[controller_server-9] [INFO] [1791215996.267687477] [local_costmap.local_costmap]: StaticLayer: Resizing static layer to 2000 X 2000 at 0.050000 m/pix
[controller_server-9] [WARN] [1791215996.330836722] [controller_server]: Parameter controller_server.verbose not found
[controller_server-9] [INFO] [1791215996.331472440] [controller_server]: Optimizer reset
[controller_server-9] [INFO] [1791215996.331593574] [MPPIController]: Activated MPPI Controller: MPPI
[controller_server-9] [INFO] [1791215996.331602425] [controller_server]: Activating controller: RPP of type regulated_pure_pursuit_controller::RegulatedPurePursuitController
[controller_server-9] [INFO] [1791215996.331625985] [controller_server]: Creating bond (controller_server) to lifecycle manager.
[lifecycle_manager-8] [INFO] [1791215996.365529380] [lifecycle_manager_map_server]: Server map_server connected with bond.
[lifecycle_manager-8] [INFO] [1791215996.365560095] [lifecycle_manager_map_server]: [34m[1mManaged nodes are active[0m[0m
[lifecycle_manager-8] [INFO] [1791215996.365568194] [lifecycle_manager_map_server]: [34m[1mCreating bond timer...[0m[0m
[lifecycle_manager-16] [INFO] [1791215996.433209383] [lifecycle_manager_navigation]: Server controller_server connected with bond.
[lifecycle_manager-16] [INFO] [1791215996.433281603] [lifecycle_manager_navigation]: [34m[1mActivating smoother_server[0m[0m
[smoother_server-10] [INFO] [1791215996.433472450] [smoother_server]: Activating
[smoother_server-10] [INFO] [1791215996.433499247] [smoother_server]: Creating bond (smoother_server) to lifecycle manager.
[lifecycle_manager-16] [INFO] [1791215996.534725317] [lifecycle_manager_navigation]: Server smoother_server connected with bond.
[lifecycle_manager-16] [INFO] [1791215996.534759110] [lifecycle_manager_navigation]: [34m[1mActivating planner_server[0m[0m
[planner_server-11] [INFO] [1791215996.534900955] [planner_server]: Activating
[planner_server-11] [INFO] [1791215996.534935285] [global_costmap.global_costmap]: Activating
[planner_server-11] [INFO] [1791215996.534944734] [global_costmap.global_costmap]: Checking transform
[planner_server-11] [INFO] [1791215996.535004604] [global_costmap.global_costmap]: start
[planner_server-11] [INFO] [1791215997.585343011] [planner_server]: Activating plugin GridBased of type NavfnPlanner
[planner_server-11] [INFO] [1791215997.586212489] [planner_server]: Creating bond (planner_server) to lifecycle manager.
[lifecycle_manager-16] [INFO] [1791215997.689390987] [lifecycle_manager_navigation]: Server planner_server connected with bond.
[lifecycle_manager-16] [INFO] [1791215997.689484572] [lifecycle_manager_navigation]: [34m[1mActivating behavior_server[0m[0m
[behavior_server-12] [INFO] [1791215997.689915134] [behavior_server]: Activating
[behavior_server-12] [INFO] [1791215997.689986747] [behavior_server]: Activating spin
[behavior_server-12] [INFO] [1791215997.690030634] [behavior_server]: Activating backup
[behavior_server-12] [INFO] [1791215997.690059953] [behavior_server]: Activating drive_on_heading
[behavior_server-12] [INFO] [1791215997.690090262] [behavior_server]: Activating assisted_teleop
[behavior_server-12] [INFO] [1791215997.690119615] [behavior_server]: Activating wait
[behavior_server-12] [INFO] [1791215997.690154795] [behavior_server]: Creating bond (behavior_server) to lifecycle manager.
[lifecycle_manager-16] [INFO] [1791215997.794183367] [lifecycle_manager_navigation]: Server behavior_server connected with bond.
[lifecycle_manager-16] [INFO] [1791215997.794217812] [lifecycle_manager_navigation]: [34m[1mActivating bt_navigator[0m[0m
[bt_navigator-13] [INFO] [1791215997.794364358] [bt_navigator]: Activating
[bt_navigator-13] [INFO] [1791215997.807017012] [bt_navigator]: Creating bond (bt_navigator) to lifecycle manager.
[lifecycle_manager-16] [INFO] [1791215997.908372997] [lifecycle_manager_navigation]: Server bt_navigator connected with bond.
[lifecycle_manager-16] [INFO] [1791215997.908406969] [lifecycle_manager_navigation]: [34m[1mActivating waypoint_follower[0m[0m
[waypoint_follower-14] [INFO] [1791215997.908555247] [waypoint_follower]: Activating
[waypoint_follower-14] [INFO] [1791215997.908586793] [waypoint_follower]: Creating bond (waypoint_follower) to lifecycle manager.
[lifecycle_manager-16] [INFO] [1791215998.009916713] [lifecycle_manager_navigation]: Server waypoint_follower connected with bond.
[lifecycle_manager-16] [INFO] [1791215998.009951444] [lifecycle_manager_navigation]: [34m[1mActivating velocity_smoother[0m[0m
[velocity_smoother-15] [INFO] [1791215998.010113650] [velocity_smoother]: Activating
[velocity_smoother-15] [INFO] [1791215998.010178720] [velocity_smoother]: Creating bond (velocity_smoother) to lifecycle manager.
[lifecycle_manager-16] [INFO] [1791215998.111689152] [lifecycle_manager_navigation]: Server velocity_smoother connected with bond.
[lifecycle_manager-16] [INFO] [1791215998.111721900] [lifecycle_manager_navigation]: [34m[1mManaged nodes are active[0m[0m
[lifecycle_manager-16] [INFO] [1791215998.111743860] [lifecycle_manager_navigation]: [34m[1mCreating bond timer...[0m[0m
[controller_server-9] [INFO] [1791215999.010642622] [controller_server]: Received a goal, begin computing control effort.
[robot_trail_publisher-5] [INFO] [1791215999.011128078] [robot_trail_publisher]: New run, trail cleared
[coverage_monitor-6] [INFO] [1791215999.173874132] [coverage_monitor]: New coverage path, field rebuilt
[controller_server-9] [INFO] [1791216004.710786649] [controller_server]: Passing new path to controller.
[controller_server-9] [INFO] [1791216004.711590351] [controller_server]: Optimizer reset
[controller_server-9] [INFO] [1791216008.844099323] [controller_server]: Passing new path to controller.
[controller_server-9] [INFO] [1791216014.010765824] [controller_server]: Passing new path to controller.
[controller_server-9] [INFO] [1791216014.011586838] [controller_server]: Optimizer reset
[controller_server-9] [INFO] [1791216019.344097274] [controller_server]: Passing new path to controller.
[controller_server-9] [INFO] [1791216024.310859965] [controller_server]: Reached the goal!
[WARNING] [launch]: user interrupted with ctrl-c (SIGINT)
[waypoint_follower-14] [INFO] [1791216024.721075765] [rclcpp]: signal_handler(SIGINT/SIGTERM)
[waypoint_follower-14] [INFO] [1791216024.721187254] [waypoint_follower]: Running Nav2 LifecycleNode rcl preshutdown (waypoint_follower)
[waypoint_follower-14] [INFO] [1791216024.721258287] [waypoint_follower]: Deactivating
[waypoint_follower-14] [INFO] [1791216024.721277625] [waypoint_follower]: Destroying bond (waypoint_follower) to lifecycle manager.
[lifecycle_manager-16] [INFO] [1791216024.721075614] [rclcpp]: signal_handler(SIGINT/SIGTERM)
[lifecycle_manager-16] [INFO] [1791216024.721165815] [lifecycle_manager_navigation]: Running Nav2 LifecycleManager rcl preshutdown (lifecycle_manager_navigation)
[lifecycle_manager-16] [INFO] [1791216024.721198881] [lifecycle_manager_navigation]: [34m[1mTerminating bond timer...[0m[0m
[smoother_server-10] [INFO] [1791216024.721072749] [rclcpp]: signal_handler(SIGINT/SIGTERM)
[smoother_server-10] [INFO] [1791216024.721173581] [smoother_server]: Running Nav2 LifecycleNode rcl preshutdown (smoother_server)
[smoother_server-10] [INFO] [1791216024.721243794] [smoother_server]: Deactivating
[smoother_server-10] [INFO] [1791216024.721267955] [smoother_server]: Destroying bond (smoother_server) to lifecycle manager.
[controller_server-9] [INFO] [1791216024.721080568] [rclcpp]: signal_handler(SIGINT/SIGTERM)
[controller_server-9] [INFO] [1791216024.721153955] [controller_server]: Running Nav2 LifecycleNode rcl preshutdown (controller_server)
[controller_server-9] [INFO] [1791216024.721232610] [controller_server]: Deactivating
[controller_server-9] [INFO] [1791216024.721275961] [MPPIController]: Deactivated MPPI Controller: MPPI
[controller_server-9] [INFO] [1791216024.721281256] [controller_server]: Deactivating controller: RPP of type regulated_pure_pursuit_controller::RegulatedPurePursuitController
[controller_server-9] [INFO] [1791216024.721307876] [local_costmap.local_costmap]: Deactivating
[INFO] [lifecycle_manager-16]: sending signal 'SIGINT' to process[lifecycle_manager-16]
[INFO] [velocity_smoother-15]: sending signal 'SIGINT' to process[velocity_smoother-15]
[INFO] [waypoint_follower-14]: sending signal 'SIGINT' to process[waypoint_follower-14]
[INFO] [bt_navigator-13]: sending signal 'SIGINT' to process[bt_navigator-13]
[INFO] [behavior_server-12]: sending signal 'SIGINT' to process[behavior_server-12]
[INFO] [planner_server-11]: sending signal 'SIGINT' to process[planner_server-11]
[INFO] [smoother_server-10]: sending signal 'SIGINT' to process[smoother_server-10]
[INFO] [controller_server-9]: sending signal 'SIGINT' to process[controller_server-9]
[INFO] [lifecycle_manager-8]: sending signal 'SIGINT' to process[lifecycle_manager-8]
[INFO] [map_server-7]: sending signal 'SIGINT' to process[map_server-7]
[INFO] [coverage_monitor-6]: sending signal 'SIGINT' to process[coverage_monitor-6]
[INFO] [robot_trail_publisher-5]: sending signal 'SIGINT' to process[robot_trail_publisher-5]
[INFO] [ground_truth_tf_publisher-4]: sending signal 'SIGINT' to process[ground_truth_tf_publisher-4]
[INFO] [robot_state_publisher-2]: sending signal 'SIGINT' to process[robot_state_publisher-2]
[INFO] [gzserver-1]: sending signal 'SIGINT' to process[gzserver-1]
[planner_server-11] [INFO] [1791216024.721074622] [rclcpp]: signal_handler(SIGINT/SIGTERM)
[planner_server-11] [INFO] [1791216024.721169697] [planner_server]: Running Nav2 LifecycleNode rcl preshutdown (planner_server)
[planner_server-11] [INFO] [1791216024.721234622] [planner_server]: Deactivating
[planner_server-11] [INFO] [1791216024.721269299] [global_costmap.global_costmap]: Deactivating
[robot_state_publisher-2] [INFO] [1791216024.721108336] [rclcpp]: signal_handler(SIGINT/SIGTERM)
[behavior_server-12] [INFO] [1791216024.721087035] [rclcpp]: signal_handler(SIGINT/SIGTERM)
[behavior_server-12] [INFO] [1791216024.721172023] [behavior_server]: Running Nav2 LifecycleNode rcl preshutdown (behavior_server)
[behavior_server-12] [INFO] [1791216024.721241326] [behavior_server]: Deactivating
[behavior_server-12] [INFO] [1791216024.721278284] [behavior_server]: Destroying bond (behavior_server) to lifecycle manager.
[lifecycle_manager-8] [INFO] [1791216024.721114783] [rclcpp]: signal_handler(SIGINT/SIGTERM)
[lifecycle_manager-8] [INFO] [1791216024.721167023] [lifecycle_manager_map_server]: Running Nav2 LifecycleManager rcl preshutdown (lifecycle_manager_map_server)
[lifecycle_manager-8] [INFO] [1791216024.721201821] [lifecycle_manager_map_server]: [34m[1mTerminating bond timer...[0m[0m
[bt_navigator-13] [INFO] [1791216024.721137988] [rclcpp]: signal_handler(SIGINT/SIGTERM)
[bt_navigator-13] [INFO] [1791216024.721191222] [bt_navigator]: Running Nav2 LifecycleNode rcl preshutdown (bt_navigator)
[bt_navigator-13] [INFO] [1791216024.721261037] [bt_navigator]: Deactivating
[bt_navigator-13] [INFO] [1791216024.721281157] [bt_navigator]: Destroying bond (bt_navigator) to lifecycle manager.
[map_server-7] [INFO] [1791216024.721137266] [rclcpp]: signal_handler(SIGINT/SIGTERM)
[map_server-7] [INFO] [1791216024.721204081] [map_server]: Running Nav2 LifecycleNode rcl preshutdown (map_server)
[map_server-7] [INFO] [1791216024.721274150] [map_server]: Deactivating
[map_server-7] [INFO] [1791216024.721293005] [map_server]: Destroying bond (map_server) to lifecycle manager.
[velocity_smoother-15] [INFO] [1791216024.721250916] [rclcpp]: signal_handler(SIGINT/SIGTERM)
[velocity_smoother-15] [INFO] [1791216024.721329339] [velocity_smoother]: Running Nav2 LifecycleNode rcl preshutdown (velocity_smoother)
[velocity_smoother-15] [INFO] [1791216024.721381684] [velocity_smoother]: Deactivating
[velocity_smoother-15] [INFO] [1791216024.721401567] [velocity_smoother]: Destroying bond (velocity_smoother) to lifecycle manager.
[bt_navigator-13] [INFO] [1791216024.731489972] [bt_navigator]: Cleaning up
[behavior_server-12] [INFO] [1791216024.731490751] [behavior_server]: Cleaning up
[map_server-7] [INFO] [1791216024.731506553] [map_server]: Cleaning up
[map_server-7] [INFO] [1791216024.731756382] [map_server]: Destroying bond (map_server) to lifecycle manager.
[waypoint_follower-14] [INFO] [1791216024.731514287] [waypoint_follower]: Cleaning up
[smoother_server-10] [INFO] [1791216024.731516596] [smoother_server]: Cleaning up
[velocity_smoother-15] [INFO] [1791216024.731609952] [velocity_smoother]: Cleaning up
[velocity_smoother-15] [INFO] [1791216024.731691213] [velocity_smoother]: Destroying bond (velocity_smoother) to lifecycle manager.
[velocity_smoother-15] [INFO] [1791216024.732897490] [rclcpp]: signal_handler(SIGINT/SIGTERM)
[behavior_server-12] [INFO] [1791216024.737760251] [behavior_server]: Destroying bond (behavior_server) to lifecycle manager.
[behavior_server-12] [INFO] [1791216024.738935458] [rclcpp]: signal_handler(SIGINT/SIGTERM)
[lifecycle_manager-8] [INFO] [1791216024.739473266] [rclcpp]: signal_handler(SIGINT/SIGTERM)
[waypoint_follower-14] [INFO] [1791216024.740503395] [waypoint_follower]: Destroying bond (waypoint_follower) to lifecycle manager.
[map_server-7] [INFO] [1791216024.741037216] [rclcpp]: signal_handler(SIGINT/SIGTERM)
[waypoint_follower-14] [INFO] [1791216024.741661060] [rclcpp]: signal_handler(SIGINT/SIGTERM)
[smoother_server-10] [INFO] [1791216024.744844229] [smoother_server]: Destroying bond (smoother_server) to lifecycle manager.
[smoother_server-10] [INFO] [1791216024.745342701] [rclcpp]: signal_handler(SIGINT/SIGTERM)
[robot_state_publisher-2] [INFO] [1791216024.746209851] [rclcpp]: signal_handler(SIGINT/SIGTERM)
[smoother_server-10] [INFO] [1791216024.747650332] [smoother_server]: Destroying
[map_server-7] [INFO] [1791216024.822761045] [map_server]: Destroying
[behavior_server-12] [INFO] [1791216024.822778673] [behavior_server]: Destroying
[lifecycle_manager-8] [INFO] [1791216024.867706275] [lifecycle_manager_map_server]: Destroying lifecycle_manager_map_server
[controller_server-9] [INFO] [1791216024.880675550] [controller_server]: Destroying bond (controller_server) to lifecycle manager.
[bt_navigator-13] [INFO] [1791216024.883774911] [bt_navigator]: Completed Cleaning up
[bt_navigator-13] [INFO] [1791216024.883813986] [bt_navigator]: Destroying bond (bt_navigator) to lifecycle manager.
[bt_navigator-13] [INFO] [1791216024.884874266] [rclcpp]: signal_handler(SIGINT/SIGTERM)
[controller_server-9] [INFO] [1791216024.890893788] [controller_server]: Cleaning up
[controller_server-9] [INFO] [1791216024.890955683] [MPPIController]: Cleaned up MPPI Controller: MPPI
[controller_server-9] [INFO] [1791216024.890959563] [controller_server]: Cleaning up controller: RPP of type regulated_pure_pursuit_controller::RegulatedPurePursuitController
[controller_server-9] [INFO] [1791216024.891037706] [local_costmap.local_costmap]: Cleaning up
[ground_truth_tf_publisher-4] Traceback (most recent call last):
[ground_truth_tf_publisher-4]   File "/home/nermin/Documents/Thesis/code/Autonomous-Lawn-Mower-Navigation/install/mower_sim/lib/mower_sim/ground_truth_tf_publisher", line 33, in <module>
[ground_truth_tf_publisher-4]     sys.exit(load_entry_point('mower-sim==0.0.0', 'console_scripts', 'ground_truth_tf_publisher')())
[ground_truth_tf_publisher-4]   File "/home/nermin/Documents/Thesis/code/Autonomous-Lawn-Mower-Navigation/install/mower_sim/lib/python3.10/site-packages/mower_sim/ground_truth_tf_publisher.py", line 169, in main
[ground_truth_tf_publisher-4]     node.destroy_node()
[ground_truth_tf_publisher-4]   File "/opt/ros/humble/local/lib/python3.10/dist-packages/rclpy/node.py", line 1685, in destroy_node
[ground_truth_tf_publisher-4]     self.destroy_publisher(self._publishers[0])
[ground_truth_tf_publisher-4]   File "/opt/ros/humble/local/lib/python3.10/dist-packages/rclpy/node.py", line 1565, in destroy_publisher
[ground_truth_tf_publisher-4]     publisher.destroy()
[ground_truth_tf_publisher-4]   File "/opt/ros/humble/local/lib/python3.10/dist-packages/rclpy/publisher.py", line 99, in destroy
[ground_truth_tf_publisher-4]     self.__publisher.destroy_when_not_in_use()
[ground_truth_tf_publisher-4] KeyboardInterrupt
[bt_navigator-13] [INFO] [1791216024.910935141] [bt_navigator]: Destroying
[waypoint_follower-14] [INFO] [1791216024.911519672] [waypoint_follower]: Destroying
[velocity_smoother-15] [INFO] [1791216024.914271740] [velocity_smoother]: Destroying
[controller_server-9] [INFO] [1791216024.919480239] [controller_server]: Destroying bond (controller_server) to lifecycle manager.
[controller_server-9] [INFO] [1791216024.921777461] [rclcpp]: signal_handler(SIGINT/SIGTERM)
[coverage_monitor-6] Traceback (most recent call last):
[coverage_monitor-6]   File "/home/nermin/Documents/Thesis/code/Autonomous-Lawn-Mower-Navigation/install/mower_sim/lib/mower_sim/coverage_monitor", line 33, in <module>
[coverage_monitor-6]     sys.exit(load_entry_point('mower-sim==0.0.0', 'console_scripts', 'coverage_monitor')())
[coverage_monitor-6]   File "/home/nermin/Documents/Thesis/code/Autonomous-Lawn-Mower-Navigation/install/mower_sim/lib/python3.10/site-packages/mower_sim/coverage_monitor.py", line 153, in main
[coverage_monitor-6]     node.destroy_node()
[coverage_monitor-6]   File "/opt/ros/humble/local/lib/python3.10/dist-packages/rclpy/node.py", line 1696, in destroy_node
[coverage_monitor-6]     self.__node.destroy_when_not_in_use()
[coverage_monitor-6] KeyboardInterrupt
[robot_trail_publisher-5] Traceback (most recent call last):
[robot_trail_publisher-5]   File "/home/nermin/Documents/Thesis/code/Autonomous-Lawn-Mower-Navigation/install/mower_sim/lib/mower_sim/robot_trail_publisher", line 33, in <module>
[robot_trail_publisher-5]     sys.exit(load_entry_point('mower-sim==0.0.0', 'console_scripts', 'robot_trail_publisher')())
[robot_trail_publisher-5]   File "/home/nermin/Documents/Thesis/code/Autonomous-Lawn-Mower-Navigation/install/mower_sim/lib/python3.10/site-packages/mower_sim/robot_trail_publisher.py", line 98, in main
[robot_trail_publisher-5]     node.destroy_node()
[robot_trail_publisher-5]   File "/opt/ros/humble/local/lib/python3.10/dist-packages/rclpy/node.py", line 1696, in destroy_node
[robot_trail_publisher-5]     self.__node.destroy_when_not_in_use()
[robot_trail_publisher-5] KeyboardInterrupt
[INFO] [smoother_server-10]: process has finished cleanly [pid 12340]
[lifecycle_manager-16] [INFO] [1791216024.943583327] [rclcpp]: signal_handler(SIGINT/SIGTERM)
[ERROR] [robot_trail_publisher-5]: process has died [pid 11943, exit code -2, cmd '/home/nermin/Documents/Thesis/code/Autonomous-Lawn-Mower-Navigation/install/mower_sim/lib/mower_sim/robot_trail_publisher --ros-args --params-file /tmp/launch_params_s2u39c9q'].
[ERROR] [coverage_monitor-6]: process has died [pid 11945, exit code -2, cmd '/home/nermin/Documents/Thesis/code/Autonomous-Lawn-Mower-Navigation/install/mower_sim/lib/mower_sim/coverage_monitor --ros-args --params-file /tmp/launch_params_i64__cp2'].
[INFO] [robot_state_publisher-2]: process has finished cleanly [pid 11937]
[INFO] [lifecycle_manager-8]: process has finished cleanly [pid 12336]
[controller_server-9] [INFO] [1791216025.034525819] [local_costmap.local_costmap]: Destroying
[INFO] [map_server-7]: process has finished cleanly [pid 12334]
[INFO] [behavior_server-12]: process has finished cleanly [pid 12344]
[controller_server-9] [INFO] [1791216025.056694665] [controller_server]: Destroying
[lifecycle_manager-16] [INFO] [1791216025.088365513] [lifecycle_manager_navigation]: Destroying lifecycle_manager_navigation
[INFO] [velocity_smoother-15]: process has finished cleanly [pid 12350]
[INFO] [waypoint_follower-14]: process has finished cleanly [pid 12348]
[INFO] [bt_navigator-13]: process has finished cleanly [pid 12346]
[ERROR] [ground_truth_tf_publisher-4]: process has died [pid 11941, exit code -2, cmd '/home/nermin/Documents/Thesis/code/Autonomous-Lawn-Mower-Navigation/install/mower_sim/lib/mower_sim/ground_truth_tf_publisher --ros-args --params-file /tmp/launch_params_vo8ypeby'].
[INFO] [gzserver-1]: process has finished cleanly [pid 11935]
[gzserver-1] [0m[1;32m[0m[1;32m[0m[1;36m[0m[1;32m[0m
[gzserver-1] [1;33m[0m[1;31m[0m
[INFO] [controller_server-9]: process has finished cleanly [pid 12338]
[INFO] [lifecycle_manager-16]: process has finished cleanly [pid 12352]
[planner_server-11] [INFO] [1791216025.535466660] [planner_server]: Deactivating plugin GridBased of type NavfnPlanner
[planner_server-11] [INFO] [1791216025.535566230] [planner_server]: Destroying bond (planner_server) to lifecycle manager.
[planner_server-11] [INFO] [1791216025.545976372] [planner_server]: Cleaning up
[planner_server-11] [INFO] [1791216025.550569709] [global_costmap.global_costmap]: Cleaning up
[planner_server-11] [INFO] [1791216025.551182698] [planner_server]: Cleaning up plugin GridBased of type NavfnPlanner
[planner_server-11] [INFO] [1791216025.551286331] [planner_server]: Destroying plugin GridBased of type NavfnPlanner
[planner_server-11] [INFO] [1791216025.552435958] [planner_server]: Destroying bond (planner_server) to lifecycle manager.
[planner_server-11] [INFO] [1791216025.552618650] [rclcpp]: signal_handler(SIGINT/SIGTERM)
[planner_server-11] [INFO] [1791216025.553490137] [global_costmap.global_costmap]: Destroying
[planner_server-11] [INFO] [1791216025.554013578] [planner_server]: Destroying
[INFO] [planner_server-11]: process has finished cleanly [pid 12342]
