[INFO] [1791205760.405365304] [mowing_path_client]: Controller schedule: RPP from 0.00 m, MPPI from 4.50 m, RPP from 6.68 m, MPPI from 10.68 m, RPP from 12.85 m
[INFO] [1791205760.410853945] [mowing_path_client]: Waiting for FollowPath action server...
[INFO] [1791205760.411331330] [mowing_path_client]: Sending coverage path: 349 poses
[INFO] [1791205760.415668697] [mowing_path_client]: Distance to goal: 17.35 m, speed: 1.00 m/s, controller: RPP
[INFO] [1791205761.448499349] [mowing_path_client]: Distance to goal: 16.90 m, speed: 1.00 m/s, controller: RPP
[INFO] [1791205762.448744008] [mowing_path_client]: Distance to goal: 15.90 m, speed: 1.00 m/s, controller: RPP
[INFO] [1791205763.482016739] [mowing_path_client]: Distance to goal: 14.85 m, speed: 1.00 m/s, controller: RPP
[INFO] [1791205764.482174511] [mowing_path_client]: Distance to goal: 13.85 m, speed: 1.00 m/s, controller: RPP
[INFO] [1791205765.517297827] [mowing_path_client]: Distance to goal: 12.80 m, speed: 0.04 m/s, controller: MPPI
[INFO] [1791205766.549748437] [mowing_path_client]: Distance to goal: 12.26 m, speed: 0.21 m/s, controller: MPPI
[INFO] [1791205767.582964835] [mowing_path_client]: Distance to goal: 12.06 m, speed: 0.22 m/s, controller: MPPI
[INFO] [1791205768.616210203] [mowing_path_client]: Distance to goal: 11.81 m, speed: 0.22 m/s, controller: MPPI
[INFO] [1791205769.649664664] [mowing_path_client]: Distance to goal: 11.57 m, speed: 0.31 m/s, controller: MPPI
[INFO] [1791205770.649722317] [mowing_path_client]: Distance to goal: 11.18 m, speed: 0.59 m/s, controller: MPPI
[INFO] [1791205771.681847997] [mowing_path_client]: Distance to goal: 10.43 m, speed: 1.00 m/s, controller: RPP
[INFO] [1791205772.715191110] [mowing_path_client]: Distance to goal: 9.38 m, speed: 1.00 m/s, controller: RPP
[INFO] [1791205773.715301524] [mowing_path_client]: Distance to goal: 8.38 m, speed: 1.00 m/s, controller: RPP
[INFO] [1791205774.715386952] [mowing_path_client]: Distance to goal: 7.38 m, speed: 1.00 m/s, controller: RPP
[INFO] [1791205775.716363508] [mowing_path_client]: Distance to goal: 6.43 m, speed: 0.10 m/s, controller: MPPI
[INFO] [1791205776.749919008] [mowing_path_client]: Distance to goal: 6.08 m, speed: 0.17 m/s, controller: MPPI
[INFO] [1791205777.782917740] [mowing_path_client]: Distance to goal: 5.88 m, speed: 0.21 m/s, controller: MPPI
[INFO] [1791205778.782969571] [mowing_path_client]: Distance to goal: 5.69 m, speed: 0.16 m/s, controller: MPPI
[INFO] [1791205779.816333187] [mowing_path_client]: Distance to goal: 5.54 m, speed: 0.19 m/s, controller: MPPI
[INFO] [1791205780.816498806] [mowing_path_client]: Distance to goal: 5.34 m, speed: 0.23 m/s, controller: MPPI
[INFO] [1791205781.849508759] [mowing_path_client]: Distance to goal: 5.10 m, speed: 0.38 m/s, controller: MPPI
[INFO] [1791205782.849560352] [mowing_path_client]: Distance to goal: 4.55 m, speed: 0.67 m/s, controller: MPPI
[INFO] [1791205783.881895745] [mowing_path_client]: Distance to goal: 3.65 m, speed: 1.00 m/s, controller: RPP
[INFO] [1791205784.881997878] [mowing_path_client]: Distance to goal: 2.65 m, speed: 1.00 m/s, controller: RPP
[INFO] [1791205785.915592832] [mowing_path_client]: Distance to goal: 1.60 m, speed: 1.00 m/s, controller: RPP
[INFO] [1791205786.948409770] [mowing_path_client]: Distance to goal: 0.60 m, speed: 0.94 m/s, controller: RPP
[INFO] [1791205787.282367118] [mowing_path_client]: Coverage path completed
